11-10 20:29:08.477     0     0 I init    : processing action (post-fs) from (/system/etc/init/atrace_userdebug.rc:7)
11-10 20:29:08.478     0     0 I init    : processing action (post-fs) from (/system/etc/init/gsid.rc:8)
11-10 20:29:08.479     0     0 I init    : processing action (post-fs) from (/system/etc/init/recovery-refresh.rc:1)
11-10 20:29:08.479     0     0 I init    : starting service 'exec 4 (/system/bin/recovery-refresh)'...
11-10 20:29:08.481     0     0 I init    : ... started service 'exec 4 (/system/bin/recovery-refresh)' has pid 346
11-10 20:29:08.481     0     0 I init    : processing action (late-fs) from (/system/etc/init/hw/init.rc:617)
11-10 20:29:08.482     0     0 I init    : starting service 'system_suspend'...
11-10 20:29:08.485     0     0 I init    : ... started service 'system_suspend' has pid 347
11-10 20:29:08.486     0     0 I init    : starting service 'keystore2'...
11-10 20:29:08.488     0     0 W libprocessgroup: SetCgroup::ExecuteForProcess: failed to open /dev/cpuset/foreground/cgroup.procs: No such file or directory
11-10 20:29:08.488     0     0 W libprocessgroup: Failed to apply ProcessCapacityHigh process profile
11-10 20:29:08.489     0     0 E init    : failed to set task profiles
11-10 20:29:08.489     0     0 I init    : ... started service 'keystore2' has pid 348
11-10 20:29:08.478   347   347 W HidlServiceManagement: hwservicemanager is not supported on the device.
11-10 20:29:08.478   347   347 I HidlServiceManagement: Trying to get transport of android.system.suspend@1.0::ISystemSuspend/default without hwservicemanager
11-10 20:29:08.490     0     0 I init    : starting service 'suspend_blocker'...
11-10 20:29:08.493     0     0 I servicemanager: Caller(pid=347,uid=1000,sid=u:r:system_suspend:s0) Found android.system.suspend.ISystemSuspend/default in framework VINTF manifest.
11-10 20:29:08.494     0     0 I init    : ... started service 'suspend_blocker' has pid 349
11-10 20:29:08.495     0     0 I init    : starting service 'vendor.boot-default'...
11-10 20:29:08.498     0     0 I init    : ... started service 'vendor.boot-default' has pid 352
11-10 20:29:08.499     0     0 I init    : starting service 'vendor.gatekeeper_nonsecure'...
11-10 20:29:08.505     0     0 I android.hardware.boot-service.default: [libfstab] Using Android DT directory /proc/device-tree/firmware/android/
11-10 20:29:08.505     0     0 I init    : ... started service 'vendor.gatekeeper_nonsecure' has pid 353
11-10 20:29:08.507     0     0 I init    : starting service 'vendor.keymint-default'...
11-10 20:29:08.511     0     0 I servicemanager: Caller(pid=352,uid=0,sid=u:r:hal_bootctl_default:s0) Found android.hardware.boot.IBootControl/default in device VINTF manifest.
11-10 20:29:08.512     0     0 I init    : ... started service 'vendor.keymint-default' has pid 354
11-10 20:29:08.512     0     0 I init    : Service 'exec 4 (/system/bin/recovery-refresh)' (pid 346) exited with status 254 oneshot service took 0.031000 seconds in background
11-10 20:29:08.513     0     0 I init    : Sending signal 9 to service 'exec 4 (/system/bin/recovery-refresh)' (pid 346) process group...
11-10 20:29:08.513     0     0 W android.hardware.boot-service.default: Thread Pool max thread count is 0. Cannot cache binder as linkToDeath cannot be implemented. serviceName: android.hardware.boot.IBootControl/default
11-10 20:29:08.514     0     0 I android.hardware.boot-service.default: IBootControl AIDL service running...
11-10 20:29:08.514     0     0 I servicemanager: Caller(pid=349,uid=0,sid=u:r:suspend_blocker:s0) Found android.system.suspend.ISystemSuspend/default in framework VINTF manifest.
11-10 20:29:08.515     0     0 I libprocessgroup: Removed cgroup /sys/fs/cgroup/system/uid_1000/pid_346
11-10 20:29:08.499   349   349 W suspend_blocker: Thread Pool max thread count is 0. Cannot cache binder as linkToDeath cannot be implemented. serviceName: android.system.suspend.ISystemSuspend/default
11-10 20:29:08.516     0     0 I init    : processing action (late-fs) from (/system/etc/init/hw/init.rc:631)
11-10 20:29:08.517     0     0 I init    : processing action (late-fs) from (/vendor/etc/init/init.cutf_cvm.rc:70)
11-10 20:29:08.517     0     0 I init    : Calling: /system/bin/vdc checkpoint needsCheckpoint
11-10 20:29:08.524     0     0 W vdc     : Thread Pool max thread count is 0. Cannot cache binder as linkToDeath cannot be implemented. serviceName: vold
11-10 20:29:08.525     0     0 D vdc     : Waited 0ms for vold
11-10 20:29:08.525     0     0 I servicemanager: Caller(pid=322,uid=0,sid=u:r:vold:s0) Found android.hardware.boot.IBootControl/default in device VINTF manifest.
11-10 20:29:08.510   322   322 I vold    : Using AIDL version of IBootControl
11-10 20:29:08.527     0     0 I vdc     : vdc terminated by exit(1)
11-10 20:29:08.527     0     0 I vdc     :  
11-10 20:29:08.527     0     0 I init    : [libfs_mgr] Running /system/bin/fsck.f2fs -a -c 10000 --debug-cache /dev/block/vda17
11-10 20:29:08.534     0     0 I fsck.f2fs: Info: Automatic fix mode enabled.
11-10 20:29:08.534     0     0 I fsck.f2fs: Info: not exist /proc/version!
11-10 20:29:08.535     0     0 I fsck.f2fs: Info: MKFS version
11-10 20:29:08.535     0     0 I fsck.f2fs: "5.15.0-1013-gcp"
11-10 20:29:08.535     0     0 I fsck.f2fs: Info: FSCK version
11-10 20:29:08.536     0     0 I fsck.f2fs: from "5.15.0-1013-gcp"
11-10 20:29:08.536     0     0 I fsck.f2fs: to "6.12.18-android16-1-g50eb8d5d443b-ab13257114"
11-10 20:29:08.536     0     0 I fsck.f2fs: Info: superblock features = 3499 :  encrypt extra_attr project_quota quota verity casefold compression
11-10 20:29:08.537     0     0 I fsck.f2fs: Info: superblock encrypt level = 0, salt = 00000000000000000000000000000000
11-10 20:29:08.538     0     0 I fsck.f2fs: Info: Segments per section = 1
11-10 20:29:08.538     0     0 I fsck.f2fs: Info: Sections per zone = 1
11-10 20:29:08.539     0     0 I fsck.f2fs: Info: total FS sectors = 16777216 (8192 MB)
11-10 20:29:08.539     0     0 I fsck.f2fs: Info: CKPT version = 5bf53d79
11-10 20:29:08.539     0     0 I fsck.f2fs: Info: version timestamp cur: 0, prev: 0
11-10 20:29:08.539     0     0 I fsck.f2fs: [update_superblock: 903] Info: Done to update superblock
11-10 20:29:08.540     0     0 I fsck.f2fs: Info: checkpoint state = 281 :  allow_nocrc nat_bits unmount
11-10 20:29:08.540     0     0 I fsck.f2fs: Info: No error was reported
11-10 20:29:08.540     0     0 I fsck.f2fs:  
11-10 20:29:08.540     0     0 I fsck.f2fs: c, u, RA, CH, CM, Repl=
11-10 20:29:08.541     0     0 I fsck.f2fs: 10000 10 10 0 10 0
11-10 20:29:08.542     0     0 I init    : Mount point /dev/block/by-name/userdata @ /data uses metadata encryption, which means we need to unmount it later and call encryptFstab/encrypt_inplace. To avoid file operations before encryption, we will mount it as read-only first
11-10 20:29:08.544     0     0 I F2FS-fs (vda17): Using encoding defined by superblock: utf8-12.1.0 with flags 0x0
11-10 20:29:08.546     0     0 I F2FS-fs (vda17): Found nat_bits in checkpoint
11-10 20:29:08.549     0     0 I servicemanager: Caller(pid=353,uid=1000,sid=u:r:hal_gatekeeper_default:s0) Found android.hardware.security.sharedsecret.ISharedSecret/gatekeeper in device VINTF manifest.
11-10 20:29:08.550     0     0 W android.hardware.gatekeeper-service.nonsecure: Thread Pool max thread count is 0. Cannot cache binder as linkToDeath cannot be implemented. serviceName: android.hardware.security.sharedsecret.ISharedSecret/gatekeeper
11-10 20:29:08.551     0     0 I servicemanager: Caller(pid=353,uid=1000,sid=u:r:hal_gatekeeper_default:s0) Found android.hardware.gatekeeper.IGatekeeper/default in device VINTF manifest.
11-10 20:29:08.553     0     0 W android.hardware.gatekeeper-service.nonsecure: Thread Pool max thread count is 0. Cannot cache binder as linkToDeath cannot be implemented. serviceName: android.hardware.gatekeeper.IGatekeeper/default
11-10 20:29:08.557     0     0 E F2FS-fs (vda17): checkpoint=disable on readonly fs
11-10 20:29:08.542   348   348 I keystore2: system/security/keystore2/src/keystore2_main.rs:61 - Keystore2 is starting.
11-10 20:29:08.543   348   348 I keystore2: system/security/keystore2/src/keystore2_main.rs:67 - Setting up sqlite logging for keystore2
11-10 20:29:08.549   348   358 I keystore2: system/security/keystore2/src/maintenance.rs:294 - start monitoring 'apexd.status' property
11-10 20:29:08.549   348   358 I keystore2: system/security/keystore2/src/maintenance.rs:299 - property 'apexd.status' is now 'Err(SystemPropertyAbsent)'
11-10 20:29:08.549   348   359 I keystore2: system/security/keystore2/src/globals.rs:474 - monitoring for sys.boot_completed=1
11-10 20:29:08.550   348   348 I keystore2: system/security/keystore2/src/keystore2_main.rs:105 - Starting thread pool now.
11-10 20:29:08.551   348   361 W HidlServiceManagement: hwservicemanager is not supported on the device.
11-10 20:29:08.551   348   358 I keystore2: system/security/keystore2/src/maintenance.rs:304 - await a change to 'apexd.status'...
11-10 20:29:08.552   348   348 I ServiceManagerCppClient: Waiting for service 'android.hardware.security.keymint.IKeyMintDevice/default' on '/dev/binder'...
11-10 20:29:08.553   348   361 I HidlServiceManagement: Cannot list manifest for android.hardware.keymaster@4.1::IKeymasterDevice without hwservicemanager
11-10 20:29:08.554   348   361 I HidlServiceManagement: Cannot list manifest for android.hardware.keymaster@4.0::IKeymasterDevice without hwservicemanager
11-10 20:29:08.554   348   361 I ServiceManagerCppClient: Waiting for service 'android.hardware.security.sharedsecret.ISharedSecret/default' on '/dev/binder'...
11-10 20:29:08.567   354   354 W keymint-hal-nonsecure: main: Insecure KeyMint HAL service is starting.
11-10 20:29:08.568   354   354 I keymint-hal-nonsecure: main: Starting thread pool now.
11-10 20:29:08.568   354   365 I keymint-hal-nonsecure: kmr_ta_nonsecure: Building NON-SECURE KeyMint Rust TA
11-10 20:29:08.570   354   354 I keymint-hal-nonsecure: kmr_hal: boot->TA: boot info is SetBootInfoRequest { verified_boot_key: [0, 0, 0, 0, 0, 0, 0, 0, 0, 0, 0, 0, 0, 0, 0, 0, 0, 0, 0, 0, 0, 0, 0, 0, 0, 0, 0, 0, 0, 0, 0, 0], device_boot_locked: false, verified_boot_state: 2, verified_boot_hash: [221, 60, 88, 236, 81, 36, 121, 72, 5, 242, 145, 130, 32, 233, 12, 87, 148, 74, 141, 23, 127, 232, 109, 25, 5, 108, 227, 158, 243, 213, 214, 223], boot_patchlevel: 20250605 }
11-10 20:29:08.572   354   365 I keymint-hal-nonsecure: kmr_ta: Setting boot_info to BootInfo { verified_boot_key: [0, 0, 0, 0, 0, 0, 0, 0, 0, 0, 0, 0, 0, 0, 0, 0, 0, 0, 0, 0, 0, 0, 0, 0, 0, 0, 0, 0, 0, 0, 0, 0], device_boot_locked: false, verified_boot_state: Unverified, verified_boot_hash: [221, 60, 88, 236, 81, 36, 121, 72, 5, 242, 145, 130, 32, 233, 12, 87, 148, 74, 141, 23, 127, 232, 109, 25, 5, 108, 227, 158, 243, 213, 214, 223], boot_patchlevel: 20250605 }
11-10 20:29:08.573   354   354 I keymint-hal-nonsecure: kmr_hal: HAL->TA: environment info is SetHalInfoRequest { os_version: 160000, os_patchlevel: 202506, vendor_patchlevel: 20250605 }
11-10 20:29:08.573   354   365 I keymint-hal-nonsecure: kmr_ta: Setting hal_info to HalInfo { os_version: 160000, os_patchlevel: 202506, vendor_patchlevel: 20250605 }
11-10 20:29:08.574   354   354 I keymint-hal-nonsecure: kmr_hal: HAL->TA: setting KeyMint HAL version to 400
11-10 20:29:08.574   354   354 I keymint-hal-nonsecure: kmr_hal: provision->attestation IDs are SetAttestationIdsRequest { ids: AttestationIdInfo { brand: [103, 101, 110, 101, 114, 105, 99], device: [118, 115, 111, 99, 95, 120, 56, 54, 95, 54, 52, 95, 111, 110, 108, 121], product: [97, 111, 115, 112, 95, 99, 102, 95, 120, 56, 54, 95, 54, 52, 95, 111, 110, 108, 121, 95, 112, 104, 111, 110, 101], serial: [67, 85, 84, 84, 76, 69, 70, 73, 83, 72, 67, 86, 68, 49, 57, 49, 57], imei: [56, 54, 55, 52, 48, 48, 48, 50, 50, 48, 52, 55, 49, 57, 57], imei2: [56, 54, 55, 52, 48, 48, 48, 50, 50, 48, 52, 55, 49, 57, 57], meid: [], manufacturer: [71, 111, 111, 103, 108, 101], model: [67, 117, 116, 116, 108, 101, 102, 105, 115, 104, 32, 120, 56, 54, 95, 54, 52, 32, 112, 104, 111, 110, 101, 32, 54, 52, 45, 98, 105, 116, 32, 111, 110, 108, 121] } }
11-10 20:29:08.575   354   365 W keymint-hal-nonsecure: kmr_ta: Setting attestation IDs directly
11-10 20:29:08.592     0     0 I servicemanager: Caller(pid=354,uid=9999,sid=u:r:hal_keymint_default:s0) Found android.hardware.security.sharedsecret.ISharedSecret/default in device VINTF manifest.
11-10 20:29:08.593     0     0 I servicemanager: Caller(pid=354,uid=9999,sid=u:r:hal_keymint_default:s0) Found android.hardware.security.keymint.IKeyMintDevice/default in device VINTF manifest.
11-10 20:29:08.579   354   354 I keymint-hal-nonsecure: main: Successfully registered KeyMint HAL services.
11-10 20:29:08.593     0     0 I servicemanager: Caller(pid=354,uid=9999,sid=u:r:hal_keymint_default:s0) Found android.hardware.security.keymint.IRemotelyProvisionedComponent/default in device VINTF manifest.
11-10 20:29:08.594     0     0 I servicemanager: Caller(pid=354,uid=9999,sid=u:r:hal_keymint_default:s0) Found android.hardware.security.secureclock.ISecureClock/default in device VINTF manifest.
11-10 20:29:08.601     0     0 I init    : [libfs_mgr] Kernel does not support ,checkpoint=disable:0%, trying without.: Invalid argument
11-10 20:29:08.602     0     0 I F2FS-fs (vda17): Using encoding defined by superblock: utf8-12.1.0 with flags 0x0
11-10 20:29:08.604     0     0 I F2FS-fs (vda17): Found nat_bits in checkpoint
11-10 20:29:08.612     0     0 E F2FS-fs (vda17): checkpoint=disable on readonly fs
11-10 20:29:08.641     0     0 I init    : [libfs_mgr] Kernel does not support ,checkpoint=disable, trying without.: Invalid argument
11-10 20:29:08.642     0     0 I F2FS-fs (vda17): Using encoding defined by superblock: utf8-12.1.0 with flags 0x0
11-10 20:29:08.644     0     0 I F2FS-fs (vda17): Found nat_bits in checkpoint
11-10 20:29:08.652     0     0 I F2FS-fs (vda17): Mounted with checkpoint version = 5bf53d79
11-10 20:29:08.652     0     0 I init    : [libfs_mgr] __mount(source=/dev/block/by-name/userdata,target=/data,type=f2fs)=0: Success
11-10 20:29:08.652     0     0 I init    : [libfs_mgr] mount_with_alternatives(): skipping fstab dup mountpoint=/data rec[6].fs_type=ext4 already mounted as f2fs
11-10 20:29:08.653   348   348 I ServiceManagerCppClient: Waiting for service 'android.hardware.security.keymint.IKeyMintDevice/default' on '/dev/binder' successful after waiting 100ms
11-10 20:29:08.653   348   348 I keystore2: system/security/keystore2/src/globals.rs:282 - KeyMint device is current version (Some(400)) for security level: r#TRUSTED_ENVIRONMENT
11-10 20:29:08.655   348   348 I HidlServiceManagement: Cannot list manifest for android.hardware.keymaster@4.0::IKeymasterDevice without hwservicemanager
11-10 20:29:08.655   348   361 I ServiceManagerCppClient: Waiting for service 'android.hardware.security.sharedsecret.ISharedSecret/default' on '/dev/binder' successful after waiting 100ms
11-10 20:29:08.656   348   348 I HidlServiceManagement: Cannot list manifest for android.hardware.keymaster@3.0::IKeymasterDevice without hwservicemanager
11-10 20:29:08.669     0     0 I init    : [libfs_mgr] umount_retry(): unmount(/data) succeeded
11-10 20:29:08.670     0     0 I init    : Calling: /system/bin/vdc cryptfs encryptFstab /dev/block/by-name/userdata /data false f2fs false 0
11-10 20:29:08.673     0     0 I servicemanager: Caller(pid=348,uid=1017,sid=u:r:keystore:s0) Found android.system.keystore2.IKeystoreService/default in framework VINTF manifest.
11-10 20:29:08.658   354   365 I keymint-hal-nonsecure: kmr_ta::secret: Setting HMAC key from 2 shared secret parameters
11-10 20:29:08.660   348   361 I keystore2: system/security/keystore2/src/shared_secret_negotiation.rs:48 - Shared secret negotiation concluded successfully.
11-10 20:29:08.661   348   348 I keystore2: system/security/keystore2/src/keystore2_main.rs:160 - Successfully registered Keystore 2.0 service.
11-10 20:29:08.674     0     0 I android.hardware.gatekeeper-service.nonsecure: Presented shared secret parameters with seed size 32 and nonce size 32
11-10 20:29:08.675     0     0 I android.hardware.gatekeeper-service.nonsecure: Computing shared secret
11-10 20:29:08.662   348   348 I keystore2: system/security/keystore2/src/keystore2_main.rs:162 - Joining thread pool now.
11-10 20:29:08.662   348   361 I HidlServiceManagement: Cannot list manifest for android.hardware.keymaster@4.0::IKeymasterDevice without hwservicemanager
11-10 20:29:08.662   348   361 I HidlServiceManagement: Cannot list manifest for android.hardware.keymaster@3.0::IKeymasterDevice without hwservicemanager
11-10 20:29:08.663   348   361 I keystore2: system/security/keystore2/src/shared_secret_negotiation.rs:290 - No StrongBox Keymint available, so no RoT transfer
11-10 20:29:08.663   322   322 D vold    : fscrypt_mount_metadata_encrypted: /data encrypt: 1 format: 0 with f2fs block device: /dev/block/by-name/userdata with zoned 0 length: 0
11-10 20:29:08.664   322   322 D vold    : metadata_key_dir/key: /metadata/vold/metadata_encryption/key
11-10 20:29:08.679     0     0 W vdc     : Thread Pool max thread count is 0. Cannot cache binder as linkToDeath cannot be implemented. serviceName: vold
11-10 20:29:08.679     0     0 D vdc     : Waited 0ms for vold
11-10 20:29:08.671   322   322 D vold    : Created directory /metadata/vold/metadata_encryption
11-10 20:29:08.671   322   322 I vold    : Metadata key does not exist, calling deleteAllKeys
11-10 20:29:08.671   348   348 W keystore2: system/security/keystore2/src/maintenance.rs:629 - deleteAllKeys() invoked, indicating initial setup or post-factory reset
11-10 20:29:08.672   348   348 I keystore2: system/security/keystore2/src/maintenance.rs:403 - In delete_all_keys.
11-10 20:29:08.672   348   348 I keystore2: system/security/keystore2/src/maintenance.rs:214 - Call to deleteAllKeys succeeded for security level TRUSTED_ENVIRONMENT.
11-10 20:29:08.673   348   348 I HidlServiceManagement: Cannot list manifest for android.hardware.keymaster@4.0::IKeymasterDevice without hwservicemanager
11-10 20:29:08.673   348   348 I HidlServiceManagement: Cannot list manifest for android.hardware.keymaster@3.0::IKeymasterDevice without hwservicemanager
11-10 20:29:08.674   348   348 I keystore2: system/security/keystore2/src/maintenance.rs:224 - Call to deleteAllKeys failed for StrongBox as it is not available
11-10 20:29:08.674   322   322 I vold    : Creating new key in /metadata/vold/metadata_encryption/key
11-10 20:29:08.674   322   322 D vold    : Generating standard storage key
11-10 20:29:08.687   322   322 D vold    : Generating "key storage" key
11-10 20:29:08.687   348   348 I SELinux : SELinux: Loaded keystore2 context from:
11-10 20:29:08.688   348   348 I auditd  : SELinux: Loaded keystore2 context from:
11-10 20:29:08.688   348   348 I SELinux : 		/system/etc/selinux/plat_keystore2_key_contexts
11-10 20:29:08.688   348   348 I auditd  : 		/system/etc/selinux/plat_keystore2_key_contexts
11-10 20:29:08.689   348   348 I SELinux : 		/system_ext/etc/selinux/system_ext_keystore2_key_contexts
11-10 20:29:08.689   348   348 I auditd  : 		/system_ext/etc/selinux/system_ext_keystore2_key_contexts
11-10 20:29:08.689   348   348 I SELinux : 		/product/etc/selinux/product_keystore2_key_contexts
11-10 20:29:08.690   348   348 I auditd  : 		/product/etc/selinux/product_keystore2_key_contexts
11-10 20:29:08.690   348   348 I SELinux : 		/vendor/etc/selinux/vendor_keystore2_key_contexts
11-10 20:29:08.690   348   348 I auditd  : 		/vendor/etc/selinux/vendor_keystore2_key_contexts
11-10 20:29:08.691   354   365 W keymint-hal-nonsecure: kmr_ta: failing DeviceGenerateKey request with error Hal(RollbackResistanceUnavailable, "system/keymint/common/src/keyblob.rs:369: no secure secret storage available")
11-10 20:29:08.691   354   354 W keymint-hal-nonsecure: kmr_hal: HAL: command DeviceGenerateKey failed: -67
11-10 20:29:08.692   348   348 I keystore2: system/security/keystore2/src/audit_log.rs:38 - Not logging audit event for key with domain r#BLOB
11-10 20:29:08.692   348   348 E keystore2: system/security/keystore2/src/error.rs:183 - system/security/keystore2/src/security_level.rs:680
11-10 20:29:08.692   348   348 E keystore2: 
11-10 20:29:08.692   348   348 E keystore2: Caused by:
11-10 20:29:08.692   348   348 E keystore2:     0: system/security/keystore2/src/security_level.rs:674: While generating without a provided attestation key and params: [KeyParameter { tag: r#ALGORITHM, value: Algorithm(r#AES) }, KeyParameter { tag: r#KEY_SIZE, value: Integer(256) }, KeyParameter { tag: r#PURPOSE, value: KeyPurpose(r#ENCRYPT) }, KeyParameter { tag: r#PURPOSE, value: KeyPurpose(r#DECRYPT) }, KeyParameter { tag: r#BLOCK_MODE, value: BlockMode(r#GCM) }, KeyParameter { tag: r#PADDING, value: PaddingMode(r#NONE) }, KeyParameter { tag: r#MIN_MAC_LENGTH, value: Integer(128) }, KeyParameter { tag: r#NO_AUTH_REQUIRED, value: BoolValue(true) }, KeyParameter { tag: r#ROLLBACK_RESISTANCE, value: BoolValue(true) }, KeyParameter { tag: r#CREATION_DATETIME, value: DateTime(1762806548691) }].
11-10 20:29:08.692   348   348 E keystore2:     1: Error::Km(r#ROLLBACK_RESISTANCE_UNAVAILABLE)
11-10 20:29:08.693   322   322 E vold    : keystore2 Keystore generateKey returned service specific error: -67
11-10 20:29:08.694   322   322 W vold    : Failed to generate rollback-resistant key.  This is expected if keystore doesn't support rollback resistance.  Falling back to non-rollback-resistant key.
11-10 20:29:08.696   348   348 I keystore2: system/security/keystore2/src/audit_log.rs:38 - Not logging audit event for key with domain r#BLOB
11-10 20:29:08.710     0     0 E vold    : keystore2 Keystore generateKey returned service specific error: -67
11-10 20:29:08.710     0     0 W vold    : Failed to generate rollback-resistant key.  This is expected if keystore doesn't support rollback resistance.  Falling back to non-rollback-resistant key.
11-10 20:29:08.708   322   322 D vold    : Stored key /metadata/vold/metadata_encryption/key
11-10 20:29:08.717   322   322 I vold    : Marked metadata encryption in progress (/metadata/vold/metadata_encryption/in_progress)
11-10 20:29:08.718   322   322 D vold    : encrypt_inplace(/dev/block/mapper/userdata, /dev/block/by-name/userdata, 16777216)
11-10 20:29:08.719   322   322 I vold    : Encrypting f2fs filesystem on /dev/block/by-name/userdata in-place via /dev/block/mapper/userdata
11-10 20:29:08.720   322   322 I vold    : 15884 blocks (65 MB) of 2097152 blocks are in-use
11-10 20:29:08.789   322   322 D vold    : Encrypted 10000 of 15884 blocks
11-10 20:29:08.954   322   322 D vold    : Encrypted 15884 of 15884 blocks
11-10 20:29:08.955   322   322 I vold    : Successfully encrypted f2fs filesystem on /dev/block/by-name/userdata
11-10 20:29:08.974   322   322 I vold    : Cleared metadata encryption in progress (/metadata/vold/metadata_encryption/in_progress)
11-10 20:29:08.974   322   322 D vold    : Mounting metadata-encrypted filesystem:/data
11-10 20:29:08.975   322   322 I vold    : [libfs_mgr] Running /system/bin/fsck.f2fs -a -c 10000 --debug-cache /dev/block/dm-104
11-10 20:29:08.996     0     0 I fsck.f2fs: Info: Automatic fix mode enabled.
11-10 20:29:08.996     0     0 I fsck.f2fs: Info: not exist /proc/version!
11-10 20:29:08.996     0     0 I fsck.f2fs: Info: MKFS version
11-10 20:29:08.996     0     0 I fsck.f2fs: "5.15.0-1013-gcp"
11-10 20:29:08.997     0     0 I fsck.f2fs: Info: FSCK version
11-10 20:29:08.997     0     0 I fsck.f2fs: from "6.12.18-android16-1-g50eb8d5d443b-ab13257114"
11-10 20:29:08.997     0     0 I fsck.f2fs: to "6.12.18-android16-1-g50eb8d5d443b-ab13257114"
11-10 20:29:08.998     0     0 I fsck.f2fs: Info: superblock features = 3499 :  encrypt extra_attr project_quota quota verity casefold compression
11-10 20:29:08.998     0     0 I fsck.f2fs: Info: superblock encrypt level = 0, salt = 00000000000000000000000000000000
11-10 20:29:08.998     0     0 I fsck.f2fs: [update_superblock: 903] Info: Done to update superblock
11-10 20:29:08.999     0     0 I fsck.f2fs: Info: Segments per section = 1
11-10 20:29:08.999     0     0 I fsck.f2fs: Info: Sections per zone = 1
11-10 20:29:08.999     0     0 I fsck.f2fs: Info: total FS sectors = 2097152 (8192 MB)
11-10 20:29:08.999     0     0 I fsck.f2fs: Info: CKPT version = 5bf53d79
11-10 20:29:09.000     0     0 I fsck.f2fs: Info: version timestamp cur: 0, prev: 0
11-10 20:29:09.000     0     0 I fsck.f2fs: [update_superblock: 903] Info: Done to update superblock
11-10 20:29:09.000     0     0 I fsck.f2fs: Info: checkpoint state = 281 :  allow_nocrc nat_bits unmount
11-10 20:29:09.000     0     0 I fsck.f2fs: Info: No error was reported
11-10 20:29:09.001     0     0 I fsck.f2fs:  
11-10 20:29:09.001     0     0 I fsck.f2fs: c, u, RA, CH, CM, Repl=
11-10 20:29:09.001     0     0 I fsck.f2fs: 10000 10 10 0 10 0
11-10 20:29:08.986   322   322 W libc    : Unable to set property "ro.boottime.init.fsck.data" to "10": PROP_ERROR_READ_ONLY_PROPERTY (0xb)
11-10 20:29:09.001     0     0 E init    : Unable to set property 'ro.boottime.init.fsck.data' from uid:0 gid:0 pid:322: Read-only property was already set
11-10 20:29:09.002     0     0 I F2FS-fs (dm-104): Using encoding defined by superblock: utf8-12.1.0 with flags 0x0
11-10 20:29:09.005     0     0 I F2FS-fs (dm-104): Found nat_bits in checkpoint
11-10 20:29:09.013     0     0 W F2FS-fs (dm-104): Start checkpoint disabled!
11-10 20:29:09.017     0     0 I F2FS-fs (dm-104): Mounted with checkpoint version = 5bf53d7a
11-10 20:29:09.002   322   322 I vold    : [libfs_mgr] __mount(source=/dev/block/mapper/userdata,target=/data,type=f2fs)=0: Success
11-10 20:29:09.002   322   322 W libc    : Unable to set property "ro.boottime.init.mount.data" to "15": PROP_ERROR_READ_ONLY_PROPERTY (0xb)
11-10 20:29:09.002   322   322 D vold    : Mounted /data
11-10 20:29:09.018     0     0 E init    : Unable to set property 'ro.boottime.init.mount.data' from uid:0 gid:0 pid:322: Read-only property was already set
11-10 20:29:09.020     0     0 I init    : Command 'mount_all --late' action=late-fs (/vendor/etc/init/init.cutf_cvm.rc:72) took 503ms and succeeded
11-10 20:29:09.023     0     0 W GUEST_BUILD_FINGERPRINT: generic/aosp_cf_x86_64_only_phone/vsoc_x86_64_only:16/BP2A.250605.031.A2.dd3c58ec/14085914:userdebug/test-keys
11-10 20:29:09.023     0     0 I init    : processing action (post-fs-data) from (/system/etc/init/hw/init.rc:645)
11-10 20:29:09.024     0     0 I init    : starting service 'exec 5 (/system/bin/vdc checkpoint prepareCheckpoint)'...
11-10 20:29:09.026     0     0 I init    : ... started service 'exec 5 (/system/bin/vdc checkpoint prepareCheckpoint)' has pid 380
11-10 20:29:09.026     0     0 I init    : SVC_EXEC service 'exec 5 (/system/bin/vdc checkpoint prepareCheckpoint)' pid 380 (uid 1000 gid 1000+0 context default) started; waiting...
11-10 20:29:09.016   322   322 I Checkpoint: cp_prepareCheckpoint called
11-10 20:29:09.031     0     0 W vdc     : Thread Pool max thread count is 0. Cannot cache binder as linkToDeath cannot be implemented. serviceName: vold
11-10 20:29:09.032     0     0 D vdc     : Waited 0ms for vold
11-10 20:29:09.033     0     0 I init    : Service 'exec 5 (/system/bin/vdc checkpoint prepareCheckpoint)' (pid 380) exited with status 0 waiting took 0.008000 seconds
11-10 20:29:09.034     0     0 I init    : Sending signal 9 to service 'exec 5 (/system/bin/vdc checkpoint prepareCheckpoint)' (pid 380) process group...
11-10 20:29:09.034     0     0 I libprocessgroup: Removed cgroup /sys/fs/cgroup/system/uid_1000/pid_380
11-10 20:29:09.035     0     0 I init    : starting service 'exec 6 (/system/bin/vdc --wait cryptfs enablefilecrypto)'...
11-10 20:29:09.037     0     0 I init    : ... started service 'exec 6 (/system/bin/vdc --wait cryptfs enablefilecrypto)' has pid 382
11-10 20:29:09.037     0     0 I init    : SVC_EXEC service 'exec 6 (/system/bin/vdc --wait cryptfs enablefilecrypto)' pid 382 (uid 0 gid 0+0 context default) started; waiting...
11-10 20:29:09.027   322   322 I vold    : fscrypt_initialize_systemwide_keys
11-10 20:29:09.027   322   322 I vold    : Creating new key in /data/unencrypted/key
11-10 20:29:09.028   322   322 D vold    : Generating standard storage key
11-10 20:29:09.029   322   322 D vold    : Generating "key storage" key
11-10 20:29:09.029   354   365 W keymint-hal-nonsecure: kmr_ta: failing DeviceGenerateKey request with error Hal(RollbackResistanceUnavailable, "system/keymint/common/src/keyblob.rs:369: no secure secret storage available")
11-10 20:29:09.043     0     0 W vdc     : Thread Pool max thread count is 0. Cannot cache binder as linkToDeath cannot be implemented. serviceName: vold
11-10 20:29:09.043     0     0 D vdc     : Waited 0ms for vold
11-10 20:29:09.030   354   354 W keymint-hal-nonsecure: kmr_hal: HAL: command DeviceGenerateKey failed: -67
11-10 20:29:09.030   348   348 I keystore2: system/security/keystore2/src/audit_log.rs:38 - Not logging audit event for key with domain r#BLOB
11-10 20:29:09.030   348   348 E keystore2: system/security/keystore2/src/error.rs:183 - system/security/keystore2/src/security_level.rs:680
11-10 20:29:09.030   348   348 E keystore2: 
11-10 20:29:09.030   348   348 E keystore2: Caused by:
11-10 20:29:09.030   348   348 E keystore2:     0: system/security/keystore2/src/security_level.rs:674: While generating without a provided attestation key and params: [KeyParameter { tag: r#ALGORITHM, value: Algorithm(r#AES) }, KeyParameter { tag: r#KEY_SIZE, value: Integer(256) }, KeyParameter { tag: r#PURPOSE, value: KeyPurpose(r#ENCRYPT) }, KeyParameter { tag: r#PURPOSE, value: KeyPurpose(r#DECRYPT) }, KeyParameter { tag: r#BLOCK_MODE, value: BlockMode(r#GCM) }, KeyParameter { tag: r#PADDING, value: PaddingMode(r#NONE) }, KeyParameter { tag: r#MIN_MAC_LENGTH, value: Integer(128) }, KeyParameter { tag: r#NO_AUTH_REQUIRED, value: BoolValue(true) }, KeyParameter { tag: r#ROLLBACK_RESISTANCE, value: BoolValue(true) }, KeyParameter { tag: r#CREATION_DATETIME, value: DateTime(1762806549029) }].
11-10 20:29:09.030   348   348 E keystore2:     1: Error::Km(r#ROLLBACK_RESISTANCE_UNAVAILABLE)
11-10 20:29:09.031   322   322 E vold    : keystore2 Keystore generateKey returned service specific error: -67
11-10 20:29:09.032   322   322 W vold    : Failed to generate rollback-resistant key.  This is expected if keystore doesn't support rollback resistance.  Falling back to non-rollback-resistant key.
11-10 20:29:09.048     0     0 E vold    : keystore2 Keystore generateKey returned service specific error: -67
11-10 20:29:09.048     0     0 W vold    : Failed to generate rollback-resistant key.  This is expected if keystore doesn't support rollback resistance.  Falling back to non-rollback-resistant key.
11-10 20:29:09.033   348   348 I keystore2: system/security/keystore2/src/audit_log.rs:38 - Not logging audit event for key with domain r#BLOB
11-10 20:29:09.035   322   322 D vold    : Stored key /data/unencrypted/key
11-10 20:29:09.035   322   322 D vold    : Installed fscrypt key with ref 8f8d4baaf85671d72ec22310d921e5dd to /data
11-10 20:29:09.035   322   322 I vold    : Wrote system DE key reference to:/data/unencrypted/ref
11-10 20:29:09.036   322   322 D vold    : Generating standard storage key
11-10 20:29:09.036   322   322 D vold    : Installed fscrypt key with ref cf3bedbc83cd3b8ec422a8dc2ddbd851 to /data
11-10 20:29:09.036   322   322 I vold    : Wrote per boot key reference to:/data/unencrypted/per_boot_ref
11-10 20:29:09.053     0     0 I init    : Service 'exec 6 (/system/bin/vdc --wait cryptfs enablefilecrypto)' (pid 382) exited with status 0 waiting took 0.016000 seconds
11-10 20:29:09.054     0     0 I init    : Sending signal 9 to service 'exec 6 (/system/bin/vdc --wait cryptfs enablefilecrypto)' (pid 382) process group...
11-10 20:29:09.054     0     0 I libprocessgroup: Removed cgroup /sys/fs/cgroup/system/uid_0/pid_382
11-10 20:29:09.055     0     0 I init    : Encryption policy of /data/bootchart set to 8f8d4baaf85671d72ec22310d921e5dd v2 modes 1/10 flags 0xa
11-10 20:29:09.055     0     0 I fscrypt : AES-256-HCTR2 using implementation "hctr2_base(xctr-aes-aesni,polyval-clmulni)"
11-10 20:29:09.056     0     0 I init    : Command 'copy /data/system/entropy.dat /dev/urandom' action=post-fs-data (/system/etc/init/hw/init.rc:665) took 0ms and failed: Could not read input file '/data/system/entropy.dat': open() failed: No such file or directory
11-10 20:29:09.057     0     0 I init    : Encryption policy of /data/vendor set to 8f8d4baaf85671d72ec22310d921e5dd v2 modes 1/10 flags 0xa
11-10 20:29:09.057     0     0 I init    : Encryption policy of /data/anr set to 8f8d4baaf85671d72ec22310d921e5dd v2 modes 1/10 flags 0xa
11-10 20:29:09.058     0     0 I init    : Encryption policy of /data/tombstones set to 8f8d4baaf85671d72ec22310d921e5dd v2 modes 1/10 flags 0xa
11-10 20:29:09.059     0     0 I init    : starting service 'tombstoned'...
11-10 20:29:09.059     0     0 I init    : Created socket '/dev/socket/tombstoned_crash', mode 666, user 1000, group 1000
11-10 20:29:09.059     0     0 I init    : Created socket '/dev/socket/tombstoned_intercept', mode 666, user 1000, group 1000
11-10 20:29:09.060     0     0 I init    : Created socket '/dev/socket/tombstoned_java_trace', mode 666, user 1000, group 1000
11-10 20:29:09.062     0     0 W libprocessgroup: SetCgroup::ExecuteForProcess: failed to open /dev/cpuset/system-background/cgroup.procs: No such file or directory
11-10 20:29:09.062     0     0 I init    : ... started service 'tombstoned' has pid 386
11-10 20:29:09.062     0     0 W libprocessgroup: Failed to apply ServiceCapacityLow process profile
11-10 20:29:09.063     0     0 I init    : Switched to default mount namespace
11-10 20:29:09.063     0     0 E init    : failed to set task profiles
11-10 20:29:09.063     0     0 I init    : Encryption policy of /data/misc set to 8f8d4baaf85671d72ec22310d921e5dd v2 modes 1/10 flags 0xa
11-10 20:29:09.065     0     0 I init    : starting service 'exec 7 (/system/bin/vdc keymaster earlyBootEnded)'...
11-10 20:29:09.052   386   386 I tombstoned: tombstoned successfully initialized
11-10 20:29:09.068     0     0 I init    : ... started service 'exec 7 (/system/bin/vdc keymaster earlyBootEnded)' has pid 387
11-10 20:29:09.069     0     0 I init    : SVC_EXEC service 'exec 7 (/system/bin/vdc keymaster earlyBootEnded)' pid 387 (uid 1000 gid 1000+0 context default) started; waiting...
11-10 20:29:09.056   322   322 I incfs   : Initial API level of the device: 36
11-10 20:29:09.057   322   322 I incfs   : ro.incremental.enable: 1
11-10 20:29:09.057   322   322 I incfs   : isFsAvailable: true
11-10 20:29:09.057   322   322 I incfs   : isFsAvailable: true
11-10 20:29:09.072     0     0 W vdc     : Thread Pool max thread count is 0. Cannot cache binder as linkToDeath cannot be implemented. serviceName: vold
11-10 20:29:09.072     0     0 D vdc     : Waited 0ms for vold
11-10 20:29:09.058   322   322 I incfs   : IncFs_Features: v2
11-10 20:29:09.058   348   363 I keystore2: system/security/keystore2/src/maintenance.rs:613 - earlyBootEnded()
11-10 20:29:09.058   348   363 I keystore2: system/security/keystore2/src/maintenance.rs:243 - In early_boot_ended.
11-10 20:29:09.065   348   363 I keystore2: system/security/keystore2/src/globals.rs:81 - Touching Keystore 2.0 database for this first time since boot.
11-10 20:29:09.079     0     0 I fscrypt : AES-256-XTS using blk-crypto-fallback
11-10 20:29:09.065   348   363 I keystore2: system/security/keystore2/src/globals.rs:82 - Calling cleanup leftovers.
11-10 20:29:09.066   348   363 I keystore2: system/security/keystore2/src/boot_level_keys.rs:57 - ro.keystore.boot_level_key.strategy not set, inferring from installed KM instances
11-10 20:29:09.066   348   363 I keystore2: system/security/keystore2/src/boot_level_keys.rs:115 - In get_level_zero_key: security_level=r#TRUSTED_ENVIRONMENT, deny_later_strategy=EarlyBootOnly
11-10 20:29:09.068   348   363 I keystore2: system/security/keystore2/src/super_key.rs:305 - Starting boot level watcher.
11-10 20:29:09.068   354   365 I keymint-hal-nonsecure: kmr_ta: early boot ended
11-10 20:29:09.068   348   389 I keystore2: system/security/keystore2/src/super_key.rs:337 - Read keystore.boot_level value 30
11-10 20:29:09.069   348   363 I keystore2: system/security/keystore2/src/maintenance.rs:214 - Call to earlyBootEnded succeeded for security level TRUSTED_ENVIRONMENT.
11-10 20:29:09.069   348   389 I keystore2: system/security/keystore2/src/super_key.rs:337 - Read keystore.boot_level value 30
11-10 20:29:09.070   348   363 I HidlServiceManagement: Cannot list manifest for android.hardware.keymaster@4.0::IKeymasterDevice without hwservicemanager
11-10 20:29:09.070   348   363 I HidlServiceManagement: Cannot list manifest for android.hardware.keymaster@3.0::IKeymasterDevice without hwservicemanager
11-10 20:29:09.070   348   363 I keystore2: system/security/keystore2/src/maintenance.rs:224 - Call to earlyBootEnded failed for StrongBox as it is not available
11-10 20:29:09.072   348   388 E keystore2: system/security/keystore2/src/keystore2_main.rs:69 - [SQLITE3] 17: statement aborts at 29: [CREATE TABLE IF NOT EXISTS persistent.version (
11-10 20:29:09.072   348   388 E keystore2:                 id INTEGER PRIMARY KEY,
11-10 20:29:09.072   348   388 E keystore2:                 version INTEGER);] database schema has changed
11-10 20:29:09.073   348   388 I keystore2: system/security/keystore2/src/gc.rs:147 - skip GC as boot not completed
11-10 20:29:09.087     0     0 I init    : Service 'exec 7 (/system/bin/vdc keymaster earlyBootEnded)' (pid 387) exited with status 0 waiting took 0.021000 seconds
11-10 20:29:09.088     0     0 I init    : Sending signal 9 to service 'exec 7 (/system/bin/vdc keymaster earlyBootEnded)' (pid 387) process group...
11-10 20:29:09.088     0     0 I libprocessgroup: Removed cgroup /sys/fs/cgroup/system/uid_1000/pid_387
11-10 20:29:09.073   354   365 I keymint-hal-nonsecure: kmr_ta: add 64 bytes of entropy
11-10 20:29:09.089     0     0 I init    : Encryption policy of /data/property set to 8f8d4baaf85671d72ec22310d921e5dd v2 modes 1/10 flags 0xa
11-10 20:29:09.090     0     0 E init    : Could not load single persistent property file, trying legacy directory: Unable to read persistent property file: open() failed: No such file or directory
11-10 20:29:09.091     0     0 I init    : start_waiting_for_property("ro.persistent_properties.ready", "true"): already set
11-10 20:29:09.091     0     0 I init    : service 'logd' requested start, but it is already running (flags: 4)
11-10 20:29:09.091     0     0 I init    : starting service 'logd-reinit'...
11-10 20:29:09.093     0     0 W libprocessgroup: SetCgroup::ExecuteForProcess: failed to open /dev/cpuset/system-background/cgroup.procs: No such file or directory
11-10 20:29:09.093     0     0 I init    : ... started service 'logd-reinit' has pid 391
11-10 20:29:09.093     0     0 W libprocessgroup: Failed to apply ServiceCapacityLow process profile
11-10 20:29:09.094     0     0 I init    : Not setting encryption policy on: /data/apex
11-10 20:29:09.094     0     0 E init    : failed to set task profiles
11-10 20:29:09.095     0     0 I init    : Encryption policy of /data/apex/decompressed set to 8f8d4baaf85671d72ec22310d921e5dd v2 modes 1/10 flags 0xa
11-10 20:29:09.095     0     0 I init    : Encryption policy of /data/app-staging set to 8f8d4baaf85671d72ec22310d921e5dd v2 modes 1/10 flags 0xa
11-10 20:29:09.096     0     0 I init    : Encryption policy of /data/apex/ota_reserved set to 8f8d4baaf85671d72ec22310d921e5dd v2 modes 1/10 flags 0xa
11-10 20:29:09.081   348   358 I keystore2: system/security/keystore2/src/maintenance.rs:306 - await a change to 'apexd.status'...notified
11-10 20:29:09.081   348   358 I keystore2: system/security/keystore2/src/maintenance.rs:299 - property 'apexd.status' is now 'Ok("")'
11-10 20:29:09.081   348   358 I keystore2: system/security/keystore2/src/maintenance.rs:304 - await a change to 'apexd.status'...
11-10 20:29:09.098     0     0 I init    : starting service 'apexd'...
11-10 20:29:09.101     0     0 I logd    : logd reinit
11-10 20:29:09.101     0     0 E logd    : Cannot read /data/misc/logd/event-log-tags
11-10 20:29:09.101     0     0 I init    : ... started service 'apexd' has pid 392
11-10 20:29:09.102     0     0 I init    : Command 'copy /data/misc/recovery/ro.build.fingerprint /data/misc/recovery/ro.build.fingerprint.1' action=post-fs-data (/system/etc/init/hw/init.rc:737) took 0ms and failed: Could not read input file '/data/misc/recovery/ro.build.fingerprint': open() failed: No such file or directory
11-10 20:29:09.102     0     0 E logd    : FrameworkListener: read() failed (Connection reset by peer)
11-10 20:29:09.103     0     0 I init    : Command 'copy /data/misc/recovery/proc/version /data/misc/recovery/proc/version.1' action=post-fs-data (/system/etc/init/hw/init.rc:744) took 0ms and failed: Could not read input file '/data/misc/recovery/proc/version': open() failed: No such file or directory
11-10 20:29:09.104     0     0 I init    : Service 'logd-reinit' (pid 391) exited with status 0 oneshot service took 0.012000 seconds in background
11-10 20:29:09.105     0     0 I init    : Sending signal 9 to service 'logd-reinit' (pid 391) process group...
11-10 20:29:09.106     0     0 I libprocessgroup: Removed cgroup /sys/fs/cgroup/system/uid_1036/pid_391
11-10 20:29:09.109     0     0 I init    : Encryption policy of /data/local set to 8f8d4baaf85671d72ec22310d921e5dd v2 modes 1/10 flags 0xa
11-10 20:29:09.110     0     0 I apexd   : Started. subcommand = (null)
11-10 20:29:09.110     0     0 W apexd   : Thread Pool max thread count is 0. Cannot cache binder as linkToDeath cannot be implemented. serviceName: vold
11-10 20:29:09.111     0     0 I apexd   : Scanning /odm/apex for pre-installed ApexFiles
11-10 20:29:09.111     0     0 W apexd   : /odm/apex does not exist. Skipping
11-10 20:29:09.111     0     0 I apexd   : Scanning /vendor/apex for pre-installed ApexFiles
11-10 20:29:09.111     0     0 I apexd   : Found pre-installed APEX /vendor/apex/com.android.hardware.audio.apex
11-10 20:29:09.112     0     0 I apexd   : Found pre-installed APEX /vendor/apex/com.android.hardware.authsecret.apex
11-10 20:29:09.112     0     0 I apexd   : Found pre-installed APEX /vendor/apex/com.android.hardware.boot.apex
11-10 20:29:09.112     0     0 I init    : starting service 'exec 8 (/bin/rm -rf /data/misc/virtualizationservice)'...
11-10 20:29:09.112     0     0 I apexd   : Found pre-installed APEX /vendor/apex/com.android.hardware.cas.apex
11-10 20:29:09.113     0     0 I apexd   : Found pre-installed APEX /vendor/apex/com.android.hardware.contexthub.apex
11-10 20:29:09.113     0     0 I apexd   : Found pre-installed APEX /vendor/apex/com.android.hardware.drm.clearkey.apex
11-10 20:29:09.114     0     0 I apexd   : Found pre-installed APEX /vendor/apex/com.android.hardware.dumpstate.apex
11-10 20:29:09.114     0     0 I apexd   : Found pre-installed APEX /vendor/apex/com.android.hardware.gatekeeper.cf_remote.apex
11-10 20:29:09.115     0     0 I apexd   : Found pre-installed APEX /vendor/apex/com.android.hardware.gatekeeper.nonsecure.apex
11-10 20:29:09.115     0     0 I init    : ... started service 'exec 8 (/bin/rm -rf /data/misc/virtualizationservice)' has pid 393
11-10 20:29:09.115     0     0 I apexd   : Found pre-installed APEX /vendor/apex/com.android.hardware.gnss.apex
11-10 20:29:09.116     0     0 I apexd   : Found pre-installed APEX /vendor/apex/com.android.hardware.graphics.composer.drm_hwcomposer.apex
11-10 20:29:09.116     0     0 I init    : SVC_EXEC service 'exec 8 (/bin/rm -rf /data/misc/virtualizationservice)' pid 393 (uid 1081 gid 1000+0 context default) started; waiting...
11-10 20:29:09.116     0     0 I apexd   : Found pre-installed APEX /vendor/apex/com.android.hardware.graphics.composer.ranchu.apex
11-10 20:29:09.117     0     0 I apexd   : Found pre-installed APEX /vendor/apex/com.android.hardware.input.processor.apex
11-10 20:29:09.117     0     0 I apexd   : Found pre-installed APEX /vendor/apex/com.android.hardware.keymint.rust_cf_guest_trusty_nonsecure.apex
11-10 20:29:09.118     0     0 I apexd   : Found pre-installed APEX /vendor/apex/com.android.hardware.keymint.rust_cf_remote.apex
11-10 20:29:09.118     0     0 I apexd   : Found pre-installed APEX /vendor/apex/com.android.hardware.keymint.rust_nonsecure.apex
11-10 20:29:09.118     0     0 I apexd   : Found pre-installed APEX /vendor/apex/com.android.hardware.memtrack.apex
11-10 20:29:09.119     0     0 I apexd   : Found pre-installed APEX /vendor/apex/com.android.hardware.net.nlinterceptor.apex
11-10 20:29:09.119     0     0 I apexd   : Found pre-installed APEX /vendor/apex/com.android.hardware.neuralnetworks.apex
11-10 20:29:09.120     0     0 I apexd   : Found pre-installed APEX /vendor/apex/com.android.hardware.power.apex
11-10 20:29:09.120     0     0 I apexd   : Found pre-installed APEX /vendor/apex/com.android.hardware.rebootescrow.apex
11-10 20:29:09.120     0     0 I apexd   : Found pre-installed APEX /vendor/apex/com.android.hardware.secure_element.apex
11-10 20:29:09.120     0     0 I apexd   : Found pre-installed APEX /vendor/apex/com.android.hardware.security.authgraph.apex
11-10 20:29:09.121     0     0 I apexd   : Found pre-installed APEX /vendor/apex/com.android.hardware.security.secretkeeper.apex
11-10 20:29:09.121     0     0 I apexd   : Found pre-installed APEX /vendor/apex/com.android.hardware.sensors.apex
11-10 20:29:09.122     0     0 I apexd   : Found pre-installed APEX /vendor/apex/com.android.hardware.tetheroffload.apex
11-10 20:29:09.122     0     0 I apexd   : Found pre-installed APEX /vendor/apex/com.android.hardware.thermal.apex
11-10 20:29:09.122     0     0 I apexd   : Found pre-installed APEX /vendor/apex/com.android.hardware.threadnetwork.apex
11-10 20:29:09.122     0     0 I init    : Service 'exec 8 (/bin/rm -rf /data/misc/virtualizationservice)' (pid 393) exited with status 0 waiting took 0.009000 seconds
11-10 20:29:09.123     0     0 I apexd   : Found pre-installed APEX /vendor/apex/com.android.hardware.usb.apex
11-10 20:29:09.123     0     0 I init    : Sending signal 9 to service 'exec 8 (/bin/rm -rf /data/misc/virtualizationservice)' (pid 393) process group...
11-10 20:29:09.123     0     0 I apexd   : Found pre-installed APEX /vendor/apex/com.android.hardware.uwb.apex
11-10 20:29:09.123     0     0 I libprocessgroup: Removed cgroup /sys/fs/cgroup/system/uid_1081/pid_393
11-10 20:29:09.123     0     0 I apexd   : Found pre-installed APEX /vendor/apex/com.android.hardware.vibrator.apex
11-10 20:29:09.124     0     0 I init    : Not setting encryption policy on: /data/preloads
11-10 20:29:09.124     0     0 I apexd   : Found pre-installed APEX /vendor/apex/com.android.hardware.wifi.apex
11-10 20:29:09.124     0     0 I init    : Encryption policy of /data/app-private set to 8f8d4baaf85671d72ec22310d921e5dd v2 modes 1/10 flags 0xa
11-10 20:29:09.124     0     0 I apexd   : Found pre-installed APEX /vendor/apex/com.google.cf.bt.apex
11-10 20:29:09.125     0     0 I init    : Encryption policy of /data/app-ephemeral set to 8f8d4baaf85671d72ec22310d921e5dd v2 modes 1/10 flags 0xa
11-10 20:29:09.125     0     0 I apexd   : Found pre-installed APEX /vendor/apex/com.google.cf.confirmationui.apex
11-10 20:29:09.125     0     0 I init    : Encryption policy of /data/app-asec set to 8f8d4baaf85671d72ec22310d921e5dd v2 modes 1/10 flags 0xa
11-10 20:29:09.125     0     0 I apexd   : Found pre-installed APEX /vendor/apex/com.google.cf.gralloc.apex
11-10 20:29:09.126     0     0 I init    : Encryption policy of /data/app-lib set to 8f8d4baaf85671d72ec22310d921e5dd v2 modes 1/10 flags 0xa
11-10 20:29:09.126     0     0 I apexd   : Found pre-installed APEX /vendor/apex/com.google.cf.health.apex
11-10 20:29:09.126     0     0 I init    : Encryption policy of /data/app set to 8f8d4baaf85671d72ec22310d921e5dd v2 modes 1/10 flags 0xa
11-10 20:29:09.126     0     0 I apexd   : Found pre-installed APEX /vendor/apex/com.google.cf.health.storage.apex
11-10 20:29:09.127     0     0 I init    : Encryption policy of /data/app-metadata set to 8f8d4baaf85671d72ec22310d921e5dd v2 modes 1/10 flags 0xa
11-10 20:29:09.127     0     0 I apexd   : Found pre-installed APEX /vendor/apex/com.google.cf.identity.apex
11-10 20:29:09.127     0     0 I init    : Encryption policy of /data/fonts set to 8f8d4baaf85671d72ec22310d921e5dd v2 modes 1/10 flags 0xa
11-10 20:29:09.127     0     0 I apexd   : Found pre-installed APEX /vendor/apex/com.google.cf.input.config.apex
11-10 20:29:09.128     0     0 I init    : Encryption policy of /data/dalvik-cache set to 8f8d4baaf85671d72ec22310d921e5dd v2 modes 1/10 flags 0xa
11-10 20:29:09.128     0     0 I apexd   : Found pre-installed APEX /vendor/apex/com.google.cf.ir.apex
11-10 20:29:09.129     0     0 I init    : Encryption policy of /data/ota set to 8f8d4baaf85671d72ec22310d921e5dd v2 modes 1/10 flags 0xa
11-10 20:29:09.129     0     0 I apexd   : Found pre-installed APEX /vendor/apex/com.google.cf.light.apex
11-10 20:29:09.129     0     0 I init    : Encryption policy of /data/ota_package set to 8f8d4baaf85671d72ec22310d921e5dd v2 modes 1/10 flags 0xa
11-10 20:29:09.129     0     0 I apexd   : Found pre-installed APEX /vendor/apex/com.google.cf.nfc.apex
11-10 20:29:09.130     0     0 I init    : Encryption policy of /data/resource-cache set to 8f8d4baaf85671d72ec22310d921e5dd v2 modes 1/10 flags 0xa
11-10 20:29:09.130     0     0 I apexd   : Found pre-installed APEX /vendor/apex/com.google.cf.oemlock.apex
