11-10 20:29:13.740   610   610 I odrefresh: system_server artifacts on /system OK
11-10 20:29:13.773   608   608 I odrefresh: odrefresh terminated by exit(80)
11-10 20:29:13.773   608   608 I odsign  : odrefresh compiled all artifacts, returned 80
11-10 20:29:13.774   608   608 I odsign  : Adding "/data/misc/apexdata/com.android.art/dalvik-cache/cache-info.xml" to fs-verity...
11-10 20:29:13.776   608   608 I odsign  : On-device signing done.
11-10 20:29:13.777   348   389 I keystore2: system/security/keystore2/src/super_key.rs:342 - keystore.boot_level 1000000000 hits maximum 1000000000, finishing.
11-10 20:29:13.790     0     0 I fs-verity: sha256 using implementation "sha256-ni" (multibuffer)
11-10 20:29:13.793     0     0 I init    : Wait for property 'odsign.key.done=1' took 131ms
11-10 20:29:13.793     0     0 I init    : starting service 'apexd-snapshotde'...
11-10 20:29:13.795     0     0 I init    : ... started service 'apexd-snapshotde' has pid 611
11-10 20:29:13.795     0     0 I init    : SVC_EXEC service 'apexd-snapshotde' pid 611 (uid 0 gid 1000+0 context default) started; waiting...
11-10 20:29:13.796     0     0 I init    : Sending signal 9 to service 'odsign' (pid 608) process group...
11-10 20:29:13.797     0     0 I libprocessgroup: Removed cgroup /sys/fs/cgroup/system/uid_0/pid_608
11-10 20:29:13.797     0     0 I init    : Control message: Processed ctl.stop for 'odsign' from pid: 608 (/system/bin/odsign)
11-10 20:29:13.798     0     0 I init    : Service 'odsign' (pid 608) received signal 9
11-10 20:29:13.798     0     0 I init    : Sending signal 9 to service 'odsign' (pid 608) process group...
11-10 20:29:13.798     0     0 E libprocessgroup: Failed to write 1 to /sys/fs/cgroup/system/uid_0/pid_608/cgroup.kill: No such file or directory
11-10 20:29:13.799     0     0 E libprocessgroup: Failed to open /sys/fs/cgroup/system/uid_0/pid_608/cgroup.procs: No such file or directory
11-10 20:29:13.805     0     0 I apexd   : Started. subcommand = --snapshotde
11-10 20:29:13.806     0     0 W apexd-snapshotde: Thread Pool max thread count is 0. Cannot cache binder as linkToDeath cannot be implemented. serviceName: vold
11-10 20:29:13.807     0     0 I apexd-snapshotde: Marking APEXd as ready
11-10 20:29:13.808     0     0 I init    : Service 'apexd-snapshotde' (pid 611) exited with status 0 waiting took 0.013000 seconds
11-10 20:29:13.809     0     0 I init    : Sending signal 9 to service 'apexd-snapshotde' (pid 611) process group...
11-10 20:29:13.809     0     0 I libprocessgroup: Removed cgroup /sys/fs/cgroup/system/uid_0/pid_611
11-10 20:29:13.815     0     0 I init    : processing action (post-fs-data) from (/system/etc/init/hw/init.usb.rc:6)
11-10 20:29:13.815     0     0 I init    : Encryption policy of /data/adb set to 8f8d4baaf85671d72ec22310d921e5dd v2 modes 1/10 flags 0xa
11-10 20:29:13.816     0     0 I init    : processing action (post-fs-data) from (/system/etc/init/bootstat.rc:9)
11-10 20:29:13.817     0     0 I init    : processing action (ro.boot.dynamic_partitions=true && ro.debuggable=1 && post-fs-data) from (/system/etc/init/clean_scratch_files.rc:1)
11-10 20:29:13.817     0     0 I init    : starting service 'exec 11 (/system/bin/clean_scratch_files)'...
11-10 20:29:13.819     0     0 I init    : ... started service 'exec 11 (/system/bin/clean_scratch_files)' has pid 612
11-10 20:29:13.820     0     0 I init    : processing action (post-fs-data) from (/system/etc/init/gsid.rc:17)
11-10 20:29:13.820     0     0 I init    : Not setting encryption policy on: /data/gsi
11-10 20:29:13.821     0     0 I init    : processing action (post-fs-data) from (/system/etc/init/incidentd.rc:21)
11-10 20:29:13.821     0     0 I init    : processing action (post-fs-data) from (/system/etc/init/logtagd.rc:4)
11-10 20:29:13.822     0     0 I init    : processing action (post-fs-data) from (/system/etc/init/otapreopt.rc:3)
11-10 20:29:13.823     0     0 I init    : starting service 'exec 12 (/system/bin/otapreopt_slot)'...
11-10 20:29:13.825     0     0 I init    : ... started service 'exec 12 (/system/bin/otapreopt_slot)' has pid 613
11-10 20:29:13.825     0     0 I init    : SVC_EXEC service 'exec 12 (/system/bin/otapreopt_slot)' pid 613 (uid 0 gid 0+0 context default) started; waiting...
11-10 20:29:13.833     0     0 I init    : Service 'exec 11 (/system/bin/clean_scratch_files)' (pid 612) exited with status 0 oneshot service took 0.015000 seconds in background
11-10 20:29:13.834     0     0 I init    : Sending signal 9 to service 'exec 11 (/system/bin/clean_scratch_files)' (pid 612) process group...
11-10 20:29:13.834     0     0 I libprocessgroup: Removed cgroup /sys/fs/cgroup/system/uid_0/pid_612
11-10 20:29:13.825   615   615 I otapreopt_slot: No A/B artifacts found for slot _a.
11-10 20:29:13.842     0     0 I init    : Service 'exec 12 (/system/bin/otapreopt_slot)' (pid 613) exited with status 0 waiting took 0.017000 seconds
11-10 20:29:13.842     0     0 I init    : Sending signal 9 to service 'exec 12 (/system/bin/otapreopt_slot)' (pid 613) process group...
11-10 20:29:13.843     0     0 I libprocessgroup: Removed cgroup /sys/fs/cgroup/system/uid_0/pid_613
11-10 20:29:13.843     0     0 E selinux : SELinux:  Could not stat /data/dalvik-cache/arm: No such file or directory.
11-10 20:29:13.843     0     0 E selinux : SELinux:  Could not stat /data/dalvik-cache/arm64: No such file or directory.
11-10 20:29:13.844     0     0 E selinux : SELinux:  Could not stat /data/dalvik-cache/riscv64: No such file or directory.
11-10 20:29:13.844     0     0 E selinux : SELinux:  Could not stat /data/dalvik-cache/x86: No such file or directory.
11-10 20:29:13.845     0     0 E selinux : SELinux:  Could not stat /data/dalvik-cache/x86_64: No such file or directory.
11-10 20:29:13.845     0     0 I init    : processing action (post-fs-data) from (/system/etc/init/perfetto.rc:103)
11-10 20:29:13.845     0     0 I init    : Command 'rm /data/misc/perfetto-traces/.guardraildata' action=post-fs-data (/system/etc/init/perfetto.rc:104) took 0ms and failed: unlink() failed: No such file or directory
11-10 20:29:13.846     0     0 I init    : processing action (post-fs-data) from (/system/etc/init/profcollectd.rc:9)
11-10 20:29:13.847     0     0 I init    : processing action (post-fs-data) from (/system/etc/init/recovery-persist.rc:1)
11-10 20:29:13.847     0     0 I init    : starting service 'exec 13 (/system/bin/recovery-persist)'...
11-10 20:29:13.849     0     0 I init    : ... started service 'exec 13 (/system/bin/recovery-persist)' has pid 616
11-10 20:29:13.849     0     0 I init    : processing action (post-fs-data) from (/system/etc/init/wifi.rc:18)
11-10 20:29:13.850     0     0 I selinux : SELinux: Skipping restorecon on directory(/data/misc/apexdata/com.android.wifi)
11-10 20:29:13.850     0     0 I init    : processing action (post-fs-data) from (/system_ext/etc/init/rpmb_dev.test.system.rc:37)
11-10 20:29:13.851     0     0 W init    : Top-level directory needs encryption action, eg mkdir /data/secure_storage_test_system <mode> <uid> <gid> encryption=Require
11-10 20:29:13.852     0     0 I init    : Encryption policy of /data/secure_storage_test_system set to 8f8d4baaf85671d72ec22310d921e5dd v2 modes 1/10 flags 0xa
11-10 20:29:13.852     0     0 I init    : starting service 'rpmb_mock_init_test_system'...
11-10 20:29:13.855     0     0 I init    : ... started service 'rpmb_mock_init_test_system' has pid 617
11-10 20:29:13.856     0     0 I init    : SVC_EXEC service 'rpmb_mock_init_test_system' pid 617 (uid 1000 gid 1000+0 context default) started; waiting...
11-10 20:29:13.856     0     0 I init    : Service 'exec 13 (/system/bin/recovery-persist)' (pid 616) exited with status 0 oneshot service took 0.007000 seconds in background
11-10 20:29:13.857     0     0 I init    : Sending signal 9 to service 'exec 13 (/system/bin/recovery-persist)' (pid 616) process group...
11-10 20:29:13.857     0     0 I libprocessgroup: Removed cgroup /sys/fs/cgroup/system/uid_1000/pid_616
11-10 20:29:13.868     0     0 I init    : Service 'rpmb_mock_init_test_system' (pid 617) exited with status 0 waiting took 0.014000 seconds
11-10 20:29:13.868     0     0 I init    : Sending signal 9 to service 'rpmb_mock_init_test_system' (pid 617) process group...
11-10 20:29:13.869     0     0 I libprocessgroup: Removed cgroup /sys/fs/cgroup/system/uid_1000/pid_617
11-10 20:29:13.869     0     0 I init    : starting service 'rpmb_mock_test_system'...
11-10 20:29:13.870     0     0 I init    : Created socket '/dev/socket/rpmb_mock_test_system', mode 660, user 1000, group 1000
11-10 20:29:13.871     0     0 I init    : ... started service 'rpmb_mock_test_system' has pid 618
11-10 20:29:13.872     0     0 I init    : processing action (ro.vendor.disable_rename_eth0= && post-fs-data) from (/vendor/etc/init/init.cutf_cvm.rc:57)
11-10 20:29:13.872     0     0 I init    : starting service 'rename_eth0'...
11-10 20:29:13.874     0     0 I init    : ... started service 'rename_eth0' has pid 619
11-10 20:29:13.875     0     0 I init    : processing action (post-fs-data) from (/vendor/etc/init/init.cutf_cvm.rc:66)
11-10 20:29:13.875     0     0 I init    : processing action (ro.vendor.wifi_impl=mac80211_hwsim_virtio && post-fs-data) from (/vendor/etc/init/init.cutf_cvm.rc:76)
11-10 20:29:13.876     0     0 I init    : starting service 'init_wifi_sh'...
11-10 20:29:13.878     0     0 I init    : ... started service 'init_wifi_sh' has pid 620
11-10 20:29:13.878     0     0 I init    : processing action (load-bpf-programs) from (/system/etc/init/hw/init.rc:1080)
11-10 20:29:13.880     0     0 I init    : starting service 'bpfloader'...
11-10 20:29:13.882     0     0 I init    : ... started service 'bpfloader' has pid 621
11-10 20:29:13.883     0     0 I init    : SVC_EXEC service 'bpfloader' pid 621 (uid 0 gid 0+7 context default) started; waiting...
11-10 20:29:13.891     0     0 I         : virtio_net virtio13 buried_eth0: renamed from eth0
11-10 20:29:13.875   619   619 E rename_netiface: Failed to get interface (buried_eth0) index, trying alternate.
11-10 20:29:13.877   619   619 I rename_netiface: Received netlink response (36 bytes)
11-10 20:29:13.895     0     0 I init    : Service 'rename_eth0' (pid 619) exited with status 0 oneshot service took 0.021000 seconds in background
11-10 20:29:13.895     0     0 I NetBpfLoad: NetBpfLoad v0.47 (/apex/com.android.tethering/bin/netbpfload) api:36/36 kver:60c0012 (64-on-x86-64) libbpf: v1.4 uid:0 rc:01
11-10 20:29:13.896     0     0 I NetBpfLoad: Tethering APEX version 360499999
11-10 20:29:13.897     0     0 I NetBpfLoad: detected 5 of 5: 2025Q2 api:36.0.0
11-10 20:29:13.897     0     0 I init    : Sending signal 9 to service 'rename_eth0' (pid 619) process group...
11-10 20:29:13.897     0     0 I libprocessgroup: Removed cgroup /sys/fs/cgroup/system/uid_0/pid_619
11-10 20:29:13.880   312   330 I auditd  : type=1334 audit(0.0:5): prog-id=1 op=LOAD
11-10 20:29:13.880   330   330 W auditd  : type=1334 audit(0.0:5): prog-id=1 op=LOAD
11-10 20:29:13.898     0     0 D NetBpfLoad: Loading ELF object /apex/com.android.tethering/etc/bpf/tethering/test.o with license Apache 2.0
11-10 20:29:13.898     0     0 D NetBpfLoad: Section bpfloader_min_ver value is 42 [0x2a]
11-10 20:29:13.898     0     0 D NetBpfLoad: Section bpfloader_max_ver value is 65536 [0x10000]
11-10 20:29:13.898     0     0 D NetBpfLoad: BpfLoader version 0x0002f processing ELF object /apex/com.android.tethering/etc/bpf/tethering/test.o with ver [0x0002a,0x10000)
11-10 20:29:13.880   621   621 I auditd  : type=1300 audit(0.0:5): arch=c000003e syscall=321 success=yes exit=5 a0=5 a1=7ffe58d6f548 a2=74 a3=0 items=0 ppid=1 auid=4294967295 uid=0 gid=0 euid=0 suid=0 fsuid=0 egid=0 sgid=0 fsgid=0 tty=(none) ses=4294967295 comm="netbpfload" exe="/apex/com.android.tethering/bin/netbpfload" subj=u:r:bpfloader:s0 key=(null)
11-10 20:29:13.880   621   621 W netbpfload: type=1300 audit(0.0:5): arch=c000003e syscall=321 success=yes exit=5 a0=5 a1=7ffe58d6f548 a2=74 a3=0 items=0 ppid=1 auid=4294967295 uid=0 gid=0 euid=0 suid=0 fsuid=0 egid=0 sgid=0 fsgid=0 tty=(none) ses=4294967295 exe="/apex/com.android.tethering/bin/netbpfload" subj=u:r:bpfloader:s0 key=(null)
11-10 20:29:13.880   312   330 I auditd  : type=1327 audit(0.0:5): proctitle="/apex/com.android.tethering/bin/netbpfload"
11-10 20:29:13.880   330   330 W auditd  : type=1327 audit(0.0:5): proctitle="/apex/com.android.tethering/bin/netbpfload"
11-10 20:29:13.880   312   330 I auditd  : type=1320 audit(0.0:5): 
11-10 20:29:13.880   330   330 W auditd  : type=1320 audit(0.0:5): 
11-10 20:29:13.884   312   330 I auditd  : type=1334 audit(0.0:6): prog-id=1 op=UNLOAD
11-10 20:29:13.884   330   330 W auditd  : type=1334 audit(0.0:6): prog-id=1 op=UNLOAD
11-10 20:29:13.884   621   621 I auditd  : type=1300 audit(0.0:6): arch=c000003e syscall=3 success=yes exit=0 a0=5 a1=5 a2=0 a3=0 items=0 ppid=1 auid=4294967295 uid=0 gid=0 euid=0 suid=0 fsuid=0 egid=0 sgid=0 fsgid=0 tty=(none) ses=4294967295 comm="netbpfload" exe="/apex/com.android.tethering/bin/netbpfload" subj=u:r:bpfloader:s0 key=(null)
11-10 20:29:13.884   621   621 W netbpfload: type=1300 audit(0.0:6): arch=c000003e syscall=3 success=yes exit=0 a0=5 a1=5 a2=0 a3=0 items=0 ppid=1 auid=4294967295 uid=0 gid=0 euid=0 suid=0 fsuid=0 egid=0 sgid=0 fsgid=0 tty=(none) ses=4294967295 exe="/apex/com.android.tethering/bin/netbpfload" subj=u:r:bpfloader:s0 key=(null)
11-10 20:29:13.884   312   330 I auditd  : type=1327 audit(0.0:6): proctitle="/apex/com.android.tethering/bin/netbpfload"
11-10 20:29:13.884   330   330 W auditd  : type=1327 audit(0.0:6): proctitle="/apex/com.android.tethering/bin/netbpfload"
11-10 20:29:13.884   312   330 I auditd  : type=1320 audit(0.0:6): 
11-10 20:29:13.884   330   330 W auditd  : type=1320 audit(0.0:6): 
11-10 20:29:13.903     0     0 D ieee80211 phy1: Selected rate control algorithm 'minstrel_ht'
11-10 20:29:13.905     0     0 D ieee80211 phy2: Selected rate control algorithm 'minstrel_ht'
11-10 20:29:13.905     0     0 D NetBpfLoad: bpf_create_map[tether_downstream6_map] btf:1 -> 6
11-10 20:29:13.905     0     0 I NetBpfLoad: map /sys/fs/bpf/tethering/map_test_tether_downstream6_map id 1
11-10 20:29:13.906     0     0 D NetBpfLoad: bpf_create_map[tether2_downstream6_map] btf:1 -> 7
11-10 20:29:13.906     0     0 I NetBpfLoad: map /sys/fs/bpf/tethering/map_test_tether2_downstream6_map id 2
11-10 20:29:13.906     0     0 D NetBpfLoad: bpf_create_map[tether3_downstream6_map] btf:1 -> 8
11-10 20:29:13.906     0     0 I NetBpfLoad: map /sys/fs/bpf/tethering/map_test_tether3_downstream6_map id 3
11-10 20:29:13.906     0     0 I init    : Service 'init_wifi_sh' (pid 620) exited with status 0 oneshot service took 0.029000 seconds in background
11-10 20:29:13.907     0     0 I init    : Sending signal 9 to service 'init_wifi_sh' (pid 620) process group...
11-10 20:29:13.907     0     0 I libprocessgroup: Removed cgroup /sys/fs/cgroup/system/uid_0/pid_620
11-10 20:29:13.908     0     0 D NetBpfLoad: bpf_create_map[bitmap] btf:1 -> 9
11-10 20:29:13.908     0     0 I NetBpfLoad: map /sys/fs/bpf/tethering/map_test_bitmap id 4
11-10 20:29:13.908     0     0 D NetBpfLoad: cs[0].name:skfilter_match min_kver:ffffffff .max_kver:ffffffff (kvers:60c0012)
11-10 20:29:13.908     0     0 D NetBpfLoad: Loaded object: /apex/com.android.tethering/etc/bpf/tethering/test.o
11-10 20:29:13.909     0     0 D NetBpfLoad: Loading ELF object /apex/com.android.tethering/etc/bpf/tethering/offload.o with license Apache 2.0
11-10 20:29:13.909     0     0 D NetBpfLoad: Section bpfloader_min_ver value is 42 [0x2a]
11-10 20:29:13.909     0     0 D NetBpfLoad: Section bpfloader_max_ver value is 65536 [0x10000]
11-10 20:29:13.909     0     0 D NetBpfLoad: BpfLoader version 0x0002f processing ELF object /apex/com.android.tethering/etc/bpf/tethering/offload.o with ver [0x0002a,0x10000)
11-10 20:29:13.949     0     0 D NetBpfLoad: bpf_create_map[tether_error_map] btf:1 -> 7
11-10 20:29:13.949     0     0 I NetBpfLoad: map /sys/fs/bpf/tethering/map_offload_tether_error_map id 5
11-10 20:29:13.950     0     0 D NetBpfLoad: bpf_create_map[tether_stats_map] btf:1 -> 8
11-10 20:29:13.950     0     0 I NetBpfLoad: map /sys/fs/bpf/tethering/map_offload_tether_stats_map id 6
11-10 20:29:13.950     0     0 D NetBpfLoad: bpf_create_map[tether_limit_map] btf:1 -> 9
11-10 20:29:13.950     0     0 I NetBpfLoad: map /sys/fs/bpf/tethering/map_offload_tether_limit_map id 7
11-10 20:29:13.951     0     0 D NetBpfLoad: bpf_create_map[tether_downstream6_map] btf:1 -> 10
11-10 20:29:13.951     0     0 I NetBpfLoad: map /sys/fs/bpf/tethering/map_offload_tether_downstream6_map id 8
11-10 20:29:13.951     0     0 D NetBpfLoad: bpf_create_map[tether_downstream64_map] btf:1 -> 11
11-10 20:29:13.951     0     0 I NetBpfLoad: map /sys/fs/bpf/tethering/map_offload_tether_downstream64_map id 9
11-10 20:29:13.951     0     0 D NetBpfLoad: bpf_create_map[tether_upstream6_map] btf:1 -> 12
11-10 20:29:13.951     0     0 I NetBpfLoad: map /sys/fs/bpf/tethering/map_offload_tether_upstream6_map id 10
11-10 20:29:13.952     0     0 D NetBpfLoad: bpf_create_map[tether_downstream4_map] btf:1 -> 13
11-10 20:29:13.952     0     0 I NetBpfLoad: map /sys/fs/bpf/tethering/map_offload_tether_downstream4_map id 11
11-10 20:29:13.952     0     0 D NetBpfLoad: bpf_create_map[tether_upstream4_map] btf:1 -> 14
11-10 20:29:13.952     0     0 I NetBpfLoad: map /sys/fs/bpf/tethering/map_offload_tether_upstream4_map id 12
11-10 20:29:13.952     0     0 D NetBpfLoad: bpf_create_map[tether_dev_map] btf:0 -> 15
11-10 20:29:13.952     0     0 I NetBpfLoad: map /sys/fs/bpf/tethering/map_offload_tether_dev_map id 13
11-10 20:29:13.969     0     0 D NetBpfLoad: cs[0].name:schedcls_tether_downstream6_ether min_kver:0 .max_kver:ffffffff (kvers:60c0012)
11-10 20:29:13.969     0     0 D NetBpfLoad: cs[0].name:schedcls_tether_downstream6_ether requires bpfloader version [0x0002a,0x10000)
11-10 20:29:13.952   312   330 I auditd  : type=1334 audit(0.0:7): prog-id=2 op=LOAD
11-10 20:29:13.952   330   330 W auditd  : type=1334 audit(0.0:7): prog-id=2 op=LOAD
11-10 20:29:13.952   621   621 I auditd  : type=1300 audit(0.0:7): arch=c000003e syscall=321 success=yes exit=16 a0=5 a1=7ffe58d6f7b0 a2=98 a3=21 items=0 ppid=1 auid=4294967295 uid=0 gid=0 euid=0 suid=0 fsuid=0 egid=0 sgid=0 fsgid=0 tty=(none) ses=4294967295 comm="netbpfload" exe="/apex/com.android.tethering/bin/netbpfload" subj=u:r:bpfloader:s0 key=(null)
11-10 20:29:13.952   621   621 W netbpfload: type=1300 audit(0.0:7): arch=c000003e syscall=321 success=yes exit=16 a0=5 a1=7ffe58d6f7b0 a2=98 a3=21 items=0 ppid=1 auid=4294967295 uid=0 gid=0 euid=0 suid=0 fsuid=0 egid=0 sgid=0 fsgid=0 tty=(none) ses=4294967295 exe="/apex/com.android.tethering/bin/netbpfload" subj=u:r:bpfloader:s0 key=(null)
11-10 20:29:13.952   312   330 I auditd  : type=1327 audit(0.0:7): proctitle="/apex/com.android.tethering/bin/netbpfload"
11-10 20:29:13.952   330   330 W auditd  : type=1327 audit(0.0:7): proctitle="/apex/com.android.tethering/bin/netbpfload"
11-10 20:29:13.952   312   330 I auditd  : type=1320 audit(0.0:7): 
11-10 20:29:13.952   330   330 W auditd  : type=1320 audit(0.0:7): 
11-10 20:29:13.973     0     0 D NetBpfLoad: BPF_PROG_LOAD call for /apex/com.android.tethering/etc/bpf/tethering/offload.o (schedcls_tether_downstream6_ether) returned 'processed 612 insns (limit 1000000) max_states_per_insn 1 total_states 32 peak_states 32 mark_read 5' fd: 16 (ok)
11-10 20:29:13.973     0     0 I NetBpfLoad: prog /sys/fs/bpf/tethering/prog_offload_schedcls_tether_downstream6_ether id 2 len jit:1667 xlat:2928
11-10 20:29:13.973     0     0 D NetBpfLoad: cs[1].name:schedcls_tether_upstream6_ether min_kver:0 .max_kver:ffffffff (kvers:60c0012)
11-10 20:29:13.974     0     0 D NetBpfLoad: cs[1].name:schedcls_tether_upstream6_ether requires bpfloader version [0x0002a,0x10000)
11-10 20:29:13.956   312   330 I auditd  : type=1334 audit(0.0:8): prog-id=3 op=LOAD
11-10 20:29:13.956   330   330 W auditd  : type=1334 audit(0.0:8): prog-id=3 op=LOAD
11-10 20:29:13.956   621   621 I auditd  : type=1300 audit(0.0:8): arch=c000003e syscall=321 success=yes exit=17 a0=5 a1=7ffe58d6f7b0 a2=98 a3=1f items=0 ppid=1 auid=4294967295 uid=0 gid=0 euid=0 suid=0 fsuid=0 egid=0 sgid=0 fsgid=0 tty=(none) ses=4294967295 comm="netbpfload" exe="/apex/com.android.tethering/bin/netbpfload" subj=u:r:bpfloader:s0 key=(null)
11-10 20:29:13.956   621   621 W netbpfload: type=1300 audit(0.0:8): arch=c000003e syscall=321 success=yes exit=17 a0=5 a1=7ffe58d6f7b0 a2=98 a3=1f items=0 ppid=1 auid=4294967295 uid=0 gid=0 euid=0 suid=0 fsuid=0 egid=0 sgid=0 fsgid=0 tty=(none) ses=4294967295 exe="/apex/com.android.tethering/bin/netbpfload" subj=u:r:bpfloader:s0 key=(null)
11-10 20:29:13.956   312   330 I auditd  : type=1327 audit(0.0:8): proctitle="/apex/com.android.tethering/bin/netbpfload"
11-10 20:29:13.956   330   330 W auditd  : type=1327 audit(0.0:8): proctitle="/apex/com.android.tethering/bin/netbpfload"
11-10 20:29:13.956   312   330 I auditd  : type=1320 audit(0.0:8): 
11-10 20:29:13.956   330   330 W auditd  : type=1320 audit(0.0:8): 
11-10 20:29:13.978     0     0 D NetBpfLoad: BPF_PROG_LOAD call for /apex/com.android.tethering/etc/bpf/tethering/offload.o (schedcls_tether_upstream6_ether) returned 'processed 598 insns (limit 1000000) max_states_per_insn 1 total_states 36 peak_states 36 mark_read 7' fd: 17 (ok)
11-10 20:29:13.978     0     0 I NetBpfLoad: prog /sys/fs/bpf/tethering/prog_offload_schedcls_tether_upstream6_ether id 3 len jit:1730 xlat:3040
11-10 20:29:13.978     0     0 D NetBpfLoad: cs[2].name:schedcls_tether_downstream6_rawip$4_14 min_kver:40e0000 .max_kver:ffffffff (kvers:60c0012)
11-10 20:29:13.979     0     0 D NetBpfLoad: cs[2].name:schedcls_tether_downstream6_rawip$4_14 requires bpfloader version [0x0002a,0x10000)
11-10 20:29:13.981     0     0 D NetBpfLoad: BPF_PROG_LOAD call for /apex/com.android.tethering/etc/bpf/tethering/offload.o (schedcls_tether_downstream6_rawip$4_14) returned 'processed 420 insns (limit 1000000) max_states_per_insn 1 total_states 30 peak_states 30 mark_read 4' fd: 18 (ok)
11-10 20:29:13.981     0     0 I NetBpfLoad: prog /sys/fs/bpf/tethering/prog_offload_schedcls_tether_downstream6_rawip id 4 len jit:1719 xlat:3056
11-10 20:29:13.960   312   330 I auditd  : type=1334 audit(0.0:9): prog-id=4 op=LOAD
11-10 20:29:13.960   330   330 W auditd  : type=1334 audit(0.0:9): prog-id=4 op=LOAD
11-10 20:29:13.960   621   621 I auditd  : type=1300 audit(0.0:9): arch=c000003e syscall=321 success=yes exit=18 a0=5 a1=7ffe58d6f7b0 a2=98 a3=26 items=0 ppid=1 auid=4294967295 uid=0 gid=0 euid=0 suid=0 fsuid=0 egid=0 sgid=0 fsgid=0 tty=(none) ses=4294967295 comm="netbpfload" exe="/apex/com.android.tethering/bin/netbpfload" subj=u:r:bpfloader:s0 key=(null)
11-10 20:29:13.960   621   621 W netbpfload: type=1300 audit(0.0:9): arch=c000003e syscall=321 success=yes exit=18 a0=5 a1=7ffe58d6f7b0 a2=98 a3=26 items=0 ppid=1 auid=4294967295 uid=0 gid=0 euid=0 suid=0 fsuid=0 egid=0 sgid=0 fsgid=0 tty=(none) ses=4294967295 exe="/apex/com.android.tethering/bin/netbpfload" subj=u:r:bpfloader:s0 key=(null)
11-10 20:29:13.960   312   330 I auditd  : type=1327 audit(0.0:9): proctitle="/apex/com.android.tethering/bin/netbpfload"
11-10 20:29:13.960   330   330 W auditd  : type=1327 audit(0.0:9): proctitle="/apex/com.android.tethering/bin/netbpfload"
11-10 20:29:13.960   312   330 I auditd  : type=1320 audit(0.0:9): 
11-10 20:29:13.960   330   330 W auditd  : type=1320 audit(0.0:9): 
11-10 20:29:13.964   312   330 I auditd  : type=1334 audit(0.0:10): prog-id=5 op=LOAD
11-10 20:29:13.964   330   330 W auditd  : type=1334 audit(0.0:10): prog-id=5 op=LOAD
11-10 20:29:13.981     0     0 D NetBpfLoad: cs[3].name:schedcls_tether_upstream6_rawip$4_14 min_kver:40e0000 .max_kver:ffffffff (kvers:60c0012)
11-10 20:29:13.982     0     0 D NetBpfLoad: cs[3].name:schedcls_tether_upstream6_rawip$4_14 requires bpfloader version [0x0002a,0x10000)
11-10 20:29:13.985     0     0 D NetBpfLoad: BPF_PROG_LOAD call for /apex/com.android.tethering/etc/bpf/tethering/offload.o (schedcls_tether_upstream6_rawip$4_14) returned 'processed 450 insns (limit 1000000) max_states_per_insn 1 total_states 33 peak_states 33 mark_read 5' fd: 19 (ok)
11-10 20:29:13.985     0     0 I NetBpfLoad: prog /sys/fs/bpf/tethering/prog_offload_schedcls_tether_upstream6_rawip id 5 len jit:1793 xlat:3192
11-10 20:29:13.985     0     0 D NetBpfLoad: cs[4].name:schedcls_tether_downstream6_rawip$stub min_kver:0 .max_kver:40e0000 (kvers:60c0012)
11-10 20:29:13.964   621   621 I auditd  : type=1300 audit(0.0:10): arch=c000003e syscall=321 success=yes exit=19 a0=5 a1=7ffe58d6f7b0 a2=98 a3=24 items=0 ppid=1 auid=4294967295 uid=0 gid=0 euid=0 suid=0 fsuid=0 egid=0 sgid=0 fsgid=0 tty=(none) ses=4294967295 comm="netbpfload" exe="/apex/com.android.tethering/bin/netbpfload" subj=u:r:bpfloader:s0 key=(null)
11-10 20:29:13.964   621   621 W netbpfload: type=1300 audit(0.0:10): arch=c000003e syscall=321 success=yes exit=19 a0=5 a1=7ffe58d6f7b0 a2=98 a3=24 items=0 ppid=1 auid=4294967295 uid=0 gid=0 euid=0 suid=0 fsuid=0 egid=0 sgid=0 fsgid=0 tty=(none) ses=4294967295 exe="/apex/com.android.tethering/bin/netbpfload" subj=u:r:bpfloader:s0 key=(null)
11-10 20:29:13.986     0     0 D NetBpfLoad: cs[5].name:schedcls_tether_upstream6_rawip$stub min_kver:0 .max_kver:40e0000 (kvers:60c0012)
11-10 20:29:13.964   312   330 I auditd  : type=1327 audit(0.0:10): proctitle="/apex/com.android.tethering/bin/netbpfload"
11-10 20:29:13.964   330   330 W auditd  : type=1327 audit(0.0:10): proctitle="/apex/com.android.tethering/bin/netbpfload"
11-10 20:29:13.986     0     0 D NetBpfLoad: cs[6].name:schedcls_tether_downstream4_rawip$5_8 min_kver:50a0000 .max_kver:ffffffff (kvers:60c0012)
11-10 20:29:13.964   312   330 I auditd  : type=1320 audit(0.0:10): 
11-10 20:29:13.964   330   330 W auditd  : type=1320 audit(0.0:10): 
11-10 20:29:13.987     0     0 D NetBpfLoad: cs[6].name:schedcls_tether_downstream4_rawip$5_8 requires bpfloader version [0x0002a,0x10000)
11-10 20:29:13.968   312   330 I auditd  : type=1334 audit(0.0:11): prog-id=6 op=LOAD
11-10 20:29:13.968   330   330 W auditd  : type=1334 audit(0.0:11): prog-id=6 op=LOAD
11-10 20:29:13.968   621   621 I auditd  : type=1300 audit(0.0:11): arch=c000003e syscall=321 success=yes exit=20 a0=5 a1=7ffe58d6f7b0 a2=98 a3=25 items=0 ppid=1 auid=4294967295 uid=0 gid=0 euid=0 suid=0 fsuid=0 egid=0 sgid=0 fsgid=0 tty=(none) ses=4294967295 comm="netbpfload" exe="/apex/com.android.tethering/bin/netbpfload" subj=u:r:bpfloader:s0 key=(null)
11-10 20:29:13.968   621   621 W netbpfload: type=1300 audit(0.0:11): arch=c000003e syscall=321 success=yes exit=20 a0=5 a1=7ffe58d6f7b0 a2=98 a3=25 items=0 ppid=1 auid=4294967295 uid=0 gid=0 euid=0 suid=0 fsuid=0 egid=0 sgid=0 fsgid=0 tty=(none) ses=4294967295 exe="/apex/com.android.tethering/bin/netbpfload" subj=u:r:bpfloader:s0 key=(null)
11-10 20:29:13.968   312   330 I auditd  : type=1327 audit(0.0:11): proctitle="/apex/com.android.tethering/bin/netbpfload"
11-10 20:29:13.968   330   330 W auditd  : type=1327 audit(0.0:11): proctitle="/apex/com.android.tethering/bin/netbpfload"
11-10 20:29:13.992     0     0 D NetBpfLoad: BPF_PROG_LOAD call for /apex/com.android.tethering/etc/bpf/tethering/offload.o (schedcls_tether_downstream4_rawip$5_8) returned 'processed 877 insns (limit 1000000) max_states_per_insn 0 total_states 62 peak_states 62 mark_read 9' fd: 20 (ok)
11-10 20:29:13.992     0     0 I NetBpfLoad: prog /sys/fs/bpf/tethering/prog_offload_schedcls_tether_downstream4_rawip id 6 len jit:3889 xlat:7000
11-10 20:29:13.992     0     0 D NetBpfLoad: cs[7].name:schedcls_tether_upstream4_rawip$5_8 min_kver:50a0000 .max_kver:ffffffff (kvers:60c0012)
11-10 20:29:13.993     0     0 D NetBpfLoad: cs[7].name:schedcls_tether_upstream4_rawip$5_8 requires bpfloader version [0x0002a,0x10000)
11-10 20:29:13.968   312   330 I auditd  : type=1320 audit(0.0:11): 
11-10 20:29:13.968   330   330 W auditd  : type=1320 audit(0.0:11): 
11-10 20:29:13.972   312   330 I auditd  : type=1334 audit(0.0:12): prog-id=7 op=LOAD
11-10 20:29:13.972   330   330 W auditd  : type=1334 audit(0.0:12): prog-id=7 op=LOAD
11-10 20:29:13.972   621   621 I auditd  : type=1300 audit(0.0:12): arch=c000003e syscall=321 success=yes exit=21 a0=5 a1=7ffe58d6f7b0 a2=98 a3=23 items=0 ppid=1 auid=4294967295 uid=0 gid=0 euid=0 suid=0 fsuid=0 egid=0 sgid=0 fsgid=0 tty=(none) ses=4294967295 comm="netbpfload" exe="/apex/com.android.tethering/bin/netbpfload" subj=u:r:bpfloader:s0 key=(null)
11-10 20:29:13.972   621   621 W netbpfload: type=1300 audit(0.0:12): arch=c000003e syscall=321 success=yes exit=21 a0=5 a1=7ffe58d6f7b0 a2=98 a3=23 items=0 ppid=1 auid=4294967295 uid=0 gid=0 euid=0 suid=0 fsuid=0 egid=0 sgid=0 fsgid=0 tty=(none) ses=4294967295 exe="/apex/com.android.tethering/bin/netbpfload" subj=u:r:bpfloader:s0 key=(null)
11-10 20:29:13.972   312   330 I auditd  : type=1327 audit(0.0:12): proctitle="/apex/com.android.tethering/bin/netbpfload"
11-10 20:29:13.972   330   330 W auditd  : type=1327 audit(0.0:12): proctitle="/apex/com.android.tethering/bin/netbpfload"
11-10 20:29:13.972   312   330 I auditd  : type=1320 audit(0.0:12): 
11-10 20:29:13.972   330   330 W auditd  : type=1320 audit(0.0:12): 
11-10 20:29:13.998     0     0 D NetBpfLoad: BPF_PROG_LOAD call for /apex/com.android.tethering/etc/bpf/tethering/offload.o (schedcls_tether_upstream4_rawip$5_8) returned 'processed 877 insns (limit 1000000) max_states_per_insn 0 total_states 62 peak_states 62 mark_read 9' fd: 21 (ok)
11-10 20:29:13.998     0     0 I NetBpfLoad: prog /sys/fs/bpf/tethering/prog_offload_schedcls_tether_upstream4_rawip id 7 len jit:3877 xlat:6984
11-10 20:29:13.998     0     0 D NetBpfLoad: cs[8].name:schedcls_tether_downstream4_ether$5_8 min_kver:50a0000 .max_kver:ffffffff (kvers:60c0012)
11-10 20:29:13.999     0     0 D NetBpfLoad: cs[8].name:schedcls_tether_downstream4_ether$5_8 requires bpfloader version [0x0002a,0x10000)
11-10 20:29:13.980   312   330 I auditd  : type=1334 audit(0.0:13): prog-id=8 op=LOAD
11-10 20:29:13.980   330   330 W auditd  : type=1334 audit(0.0:13): prog-id=8 op=LOAD
11-10 20:29:13.980   621   621 I auditd  : type=1300 audit(0.0:13): arch=c000003e syscall=321 success=yes exit=22 a0=5 a1=7ffe58d6f7b0 a2=98 a3=25 items=0 ppid=1 auid=4294967295 uid=0 gid=0 euid=0 suid=0 fsuid=0 egid=0 sgid=0 fsgid=0 tty=(none) ses=4294967295 comm="netbpfload" exe="/apex/com.android.tethering/bin/netbpfload" subj=u:r:bpfloader:s0 key=(null)
11-10 20:29:13.980   621   621 W netbpfload: type=1300 audit(0.0:13): arch=c000003e syscall=321 success=yes exit=22 a0=5 a1=7ffe58d6f7b0 a2=98 a3=25 items=0 ppid=1 auid=4294967295 uid=0 gid=0 euid=0 suid=0 fsuid=0 egid=0 sgid=0 fsgid=0 tty=(none) ses=4294967295 exe="/apex/com.android.tethering/bin/netbpfload" subj=u:r:bpfloader:s0 key=(null)
11-10 20:29:13.980   312   330 I auditd  : type=1327 audit(0.0:13): proctitle="/apex/com.android.tethering/bin/netbpfload"
11-10 20:29:13.980   330   330 W auditd  : type=1327 audit(0.0:13): proctitle="/apex/com.android.tethering/bin/netbpfload"
11-10 20:29:14.004     0     0 D NetBpfLoad: BPF_PROG_LOAD call for /apex/com.android.tethering/etc/bpf/tethering/offload.o (schedcls_tether_downstream4_ether$5_8) returned 'processed 879 insns (limit 1000000) max_states_per_insn 0 total_states 53 peak_states 53 mark_read 7' fd: 22 (ok)
11-10 20:29:14.004     0     0 I NetBpfLoad: prog /sys/fs/bpf/tethering/prog_offload_schedcls_tether_downstream4_ether id 8 len jit:3657 xlat:6568
11-10 20:29:14.004     0     0 D NetBpfLoad: cs[9].name:schedcls_tether_upstream4_ether$5_8 min_kver:50a0000 .max_kver:ffffffff (kvers:60c0012)
11-10 20:29:14.005     0     0 D NetBpfLoad: cs[9].name:schedcls_tether_upstream4_ether$5_8 requires bpfloader version [0x0002a,0x10000)
11-10 20:29:13.980   312   330 I auditd  : type=1320 audit(0.0:13): 
11-10 20:29:13.980   330   330 W auditd  : type=1320 audit(0.0:13): 
11-10 20:29:13.988   312   330 I auditd  : type=1334 audit(0.0:14): prog-id=9 op=LOAD
11-10 20:29:13.988   330   330 W auditd  : type=1334 audit(0.0:14): prog-id=9 op=LOAD
11-10 20:29:13.988   621   621 I auditd  : type=1300 audit(0.0:14): arch=c000003e syscall=321 success=yes exit=23 a0=5 a1=7ffe58d6f7b0 a2=98 a3=23 items=0 ppid=1 auid=4294967295 uid=0 gid=0 euid=0 suid=0 fsuid=0 egid=0 sgid=0 fsgid=0 tty=(none) ses=4294967295 comm="netbpfload" exe="/apex/com.android.tethering/bin/netbpfload" subj=u:r:bpfloader:s0 key=(null)
11-10 20:29:13.988   621   621 W netbpfload: type=1300 audit(0.0:14): arch=c000003e syscall=321 success=yes exit=23 a0=5 a1=7ffe58d6f7b0 a2=98 a3=23 items=0 ppid=1 auid=4294967295 uid=0 gid=0 euid=0 suid=0 fsuid=0 egid=0 sgid=0 fsgid=0 tty=(none) ses=4294967295 exe="/apex/com.android.tethering/bin/netbpfload" subj=u:r:bpfloader:s0 key=(null)
11-10 20:29:13.988   312   330 I auditd  : type=1327 audit(0.0:14): proctitle="/apex/com.android.tethering/bin/netbpfload"
11-10 20:29:13.988   330   330 W auditd  : type=1327 audit(0.0:14): proctitle="/apex/com.android.tethering/bin/netbpfload"
11-10 20:29:13.988   312   330 I auditd  : type=1320 audit(0.0:14): 
11-10 20:29:13.988   330   330 W auditd  : type=1320 audit(0.0:14): 
11-10 20:29:13.992   312   330 I auditd  : type=1334 audit(0.0:15): prog-id=10 op=LOAD
11-10 20:29:13.992   330   330 W auditd  : type=1334 audit(0.0:15): prog-id=10 op=LOAD
11-10 20:29:14.010     0     0 D NetBpfLoad: BPF_PROG_LOAD call for /apex/com.android.tethering/etc/bpf/tethering/offload.o (schedcls_tether_upstream4_ether$5_8) returned 'processed 879 insns (limit 1000000) max_states_per_insn 0 total_states 53 peak_states 53 mark_read 7' fd: 23 (ok)
11-10 20:29:14.010     0     0 I NetBpfLoad: prog /sys/fs/bpf/tethering/prog_offload_schedcls_tether_upstream4_ether id 9 len jit:3643 xlat:6552
11-10 20:29:14.011     0     0 D NetBpfLoad: cs[10].name:schedcls_tether_downstream4_rawip$opt min_kver:40e0000 .max_kver:50a0000 (kvers:60c0012)
11-10 20:29:14.011     0     0 D NetBpfLoad: cs[11].name:schedcls_tether_upstream4_rawip$opt min_kver:40e0000 .max_kver:50a0000 (kvers:60c0012)
11-10 20:29:14.012     0     0 D NetBpfLoad: cs[12].name:schedcls_tether_downstream4_ether$opt min_kver:40e0000 .max_kver:50a0000 (kvers:60c0012)
11-10 20:29:14.013     0     0 D NetBpfLoad: cs[13].name:schedcls_tether_upstream4_ether$opt min_kver:40e0000 .max_kver:50a0000 (kvers:60c0012)
11-10 20:29:14.013     0     0 D NetBpfLoad: cs[14].name:schedcls_tether_downstream4_rawip$5_4 min_kver:5040000 .max_kver:50a0000 (kvers:60c0012)
11-10 20:29:14.013     0     0 D NetBpfLoad: cs[15].name:schedcls_tether_upstream4_rawip$5_4 min_kver:5040000 .max_kver:50a0000 (kvers:60c0012)
11-10 20:29:14.013     0     0 D NetBpfLoad: cs[16].name:schedcls_tether_downstream4_rawip$4_14 min_kver:40e0000 .max_kver:5040000 (kvers:60c0012)
11-10 20:29:14.013     0     0 D NetBpfLoad: cs[17].name:schedcls_tether_upstream4_rawip$4_14 min_kver:40e0000 .max_kver:5040000 (kvers:60c0012)
11-10 20:29:14.013     0     0 D NetBpfLoad: cs[18].name:schedcls_tether_downstream4_ether$4_14 min_kver:40e0000 .max_kver:50a0000 (kvers:60c0012)
11-10 20:29:14.013     0     0 D NetBpfLoad: cs[19].name:schedcls_tether_upstream4_ether$4_14 min_kver:40e0000 .max_kver:50a0000 (kvers:60c0012)
11-10 20:29:14.013     0     0 D NetBpfLoad: cs[20].name:schedcls_tether_downstream4_rawip$stub min_kver:0 .max_kver:5040000 (kvers:60c0012)
11-10 20:29:14.013     0     0 D NetBpfLoad: cs[21].name:schedcls_tether_upstream4_rawip$stub min_kver:0 .max_kver:5040000 (kvers:60c0012)
11-10 20:29:14.013     0     0 D NetBpfLoad: cs[22].name:schedcls_tether_downstream4_ether$stub min_kver:0 .max_kver:40e0000 (kvers:60c0012)
11-10 20:29:14.013     0     0 D NetBpfLoad: cs[23].name:schedcls_tether_upstream4_ether$stub min_kver:0 .max_kver:40e0000 (kvers:60c0012)
11-10 20:29:14.013     0     0 D NetBpfLoad: cs[24].name:xdp_tether_downstream_ether min_kver:50a0000 .max_kver:ffffffff (kvers:60c0012)
11-10 20:29:14.013     0     0 D NetBpfLoad: cs[24].name:xdp_tether_downstream_ether requires bpfloader version [0x0002a,0x10000)
11-10 20:29:14.013     0     0 D NetBpfLoad: BPF_PROG_LOAD call for /apex/com.android.tethering/etc/bpf/tethering/offload.o (xdp_tether_downstream_ether) returned 'processed 2 insns (limit 1000000) max_states_per_insn 0 total_states 0 peak_states 0 mark_read 0' fd: 24 (ok)
11-10 20:29:14.013     0     0 I NetBpfLoad: prog /sys/fs/bpf/tethering/prog_offload_xdp_tether_downstream_ether id 10 len jit:31 xlat:16
11-10 20:29:14.013     0     0 D NetBpfLoad: cs[25].name:xdp_tether_downstream_rawip min_kver:50a0000 .max_kver:ffffffff (kvers:60c0012)
11-10 20:29:13.992   621   621 I auditd  : type=1300 audit(0.0:15): arch=c000003e syscall=321 success=yes exit=24 a0=5 a1=7ffe58d6f7b0 a2=98 a3=1b items=0 ppid=1 auid=4294967295 uid=0 gid=0 euid=0 suid=0 fsuid=0 egid=0 sgid=0 fsgid=0 tty=(none) ses=4294967295 comm="netbpfload" exe="/apex/com.android.tethering/bin/netbpfload" subj=u:r:bpfloader:s0 key=(null)
11-10 20:29:13.992   621   621 W netbpfload: type=1300 audit(0.0:15): arch=c000003e syscall=321 success=yes exit=24 a0=5 a1=7ffe58d6f7b0 a2=98 a3=1b items=0 ppid=1 auid=4294967295 uid=0 gid=0 euid=0 suid=0 fsuid=0 egid=0 sgid=0 fsgid=0 tty=(none) ses=4294967295 exe="/apex/com.android.tethering/bin/netbpfload" subj=u:r:bpfloader:s0 key=(null)
11-10 20:29:13.992   312   330 I auditd  : type=1327 audit(0.0:15): proctitle="/apex/com.android.tethering/bin/netbpfload"
11-10 20:29:13.992   330   330 W auditd  : type=1327 audit(0.0:15): proctitle="/apex/com.android.tethering/bin/netbpfload"
11-10 20:29:13.992   312   330 I auditd  : type=1320 audit(0.0:15): 
11-10 20:29:13.992   330   330 W auditd  : type=1320 audit(0.0:15): 
11-10 20:29:13.996   312   330 I auditd  : type=1334 audit(0.0:16): prog-id=11 op=LOAD
11-10 20:29:13.996   330   330 W auditd  : type=1334 audit(0.0:16): prog-id=11 op=LOAD
11-10 20:29:13.996   621   621 I auditd  : type=1300 audit(0.0:16): arch=c000003e syscall=321 success=yes exit=25 a0=5 a1=7ffe58d6f7b0 a2=98 a3=1b items=0 ppid=1 auid=4294967295 uid=0 gid=0 euid=0 suid=0 fsuid=0 egid=0 sgid=0 fsgid=0 tty=(none) ses=4294967295 comm="netbpfload" exe="/apex/com.android.tethering/bin/netbpfload" subj=u:r:bpfloader:s0 key=(null)
11-10 20:29:13.996   621   621 W netbpfload: type=1300 audit(0.0:16): arch=c000003e syscall=321 success=yes exit=25 a0=5 a1=7ffe58d6f7b0 a2=98 a3=1b items=0 ppid=1 auid=4294967295 uid=0 gid=0 euid=0 suid=0 fsuid=0 egid=0 sgid=0 fsgid=0 tty=(none) ses=4294967295 exe="/apex/com.android.tethering/bin/netbpfload" subj=u:r:bpfloader:s0 key=(null)
11-10 20:29:13.996   312   330 I auditd  : type=1327 audit(0.0:16): proctitle="/apex/com.android.tethering/bin/netbpfload"
11-10 20:29:13.996   330   330 W auditd  : type=1327 audit(0.0:16): proctitle="/apex/com.android.tethering/bin/netbpfload"
11-10 20:29:13.996   312   330 I auditd  : type=1320 audit(0.0:16): 
11-10 20:29:13.996   330   330 W auditd  : type=1320 audit(0.0:16): 
11-10 20:29:13.996   312   330 I auditd  : type=1334 audit(0.0:17): prog-id=12 op=LOAD
11-10 20:29:13.996   330   330 W auditd  : type=1334 audit(0.0:17): prog-id=12 op=LOAD
11-10 20:29:13.996   621   621 I auditd  : type=1300 audit(0.0:17): arch=c000003e syscall=321 success=yes exit=26 a0=5 a1=7ffe58d6f7b0 a2=98 a3=19 items=0 ppid=1 auid=4294967295 uid=0 gid=0 euid=0 suid=0 fsuid=0 egid=0 sgid=0 fsgid=0 tty=(none) ses=4294967295 comm="netbpfload" exe="/apex/com.android.tethering/bin/netbpfload" subj=u:r:bpfloader:s0 key=(null)
11-10 20:29:13.996   621   621 W netbpfload: type=1300 audit(0.0:17): arch=c000003e syscall=321 success=yes exit=26 a0=5 a1=7ffe58d6f7b0 a2=98 a3=19 items=0 ppid=1 auid=4294967295 uid=0 gid=0 euid=0 suid=0 fsuid=0 egid=0 sgid=0 fsgid=0 tty=(none) ses=4294967295 exe="/apex/com.android.tethering/bin/netbpfload" subj=u:r:bpfloader:s0 key=(null)
11-10 20:29:13.996   312   330 I auditd  : type=1327 audit(0.0:17): proctitle="/apex/com.android.tethering/bin/netbpfload"
11-10 20:29:13.996   330   330 W auditd  : type=1327 audit(0.0:17): proctitle="/apex/com.android.tethering/bin/netbpfload"
11-10 20:29:14.014     0     0 D NetBpfLoad: cs[25].name:xdp_tether_downstream_rawip requires bpfloader version [0x0002a,0x10000)
11-10 20:29:14.014     0     0 D NetBpfLoad: BPF_PROG_LOAD call for /apex/com.android.tethering/etc/bpf/tethering/offload.o (xdp_tether_downstream_rawip) returned 'processed 2 insns (limit 1000000) max_states_per_insn 0 total_states 0 peak_states 0 mark_read 0' fd: 25 (ok)
11-10 20:29:14.015     0     0 I NetBpfLoad: prog /sys/fs/bpf/tethering/prog_offload_xdp_tether_downstream_rawip id 11 len jit:31 xlat:16
11-10 20:29:14.015     0     0 D NetBpfLoad: cs[26].name:xdp_tether_upstream_ether min_kver:50a0000 .max_kver:ffffffff (kvers:60c0012)
11-10 20:29:14.016     0     0 D NetBpfLoad: cs[26].name:xdp_tether_upstream_ether requires bpfloader version [0x0002a,0x10000)
11-10 20:29:14.016     0     0 D NetBpfLoad: BPF_PROG_LOAD call for /apex/com.android.tethering/etc/bpf/tethering/offload.o (xdp_tether_upstream_ether) returned 'processed 2 insns (limit 1000000) max_states_per_insn 0 total_states 0 peak_states 0 mark_read 0' fd: 26 (ok)
11-10 20:29:14.016     0     0 I NetBpfLoad: prog /sys/fs/bpf/tethering/prog_offload_xdp_tether_upstream_ether id 12 len jit:31 xlat:16
11-10 20:29:14.016     0     0 D NetBpfLoad: cs[27].name:xdp_tether_upstream_rawip min_kver:50a0000 .max_kver:ffffffff (kvers:60c0012)
11-10 20:29:14.017     0     0 D NetBpfLoad: cs[27].name:xdp_tether_upstream_rawip requires bpfloader version [0x0002a,0x10000)
11-10 20:29:14.018     0     0 D NetBpfLoad: BPF_PROG_LOAD call for /apex/com.android.tethering/etc/bpf/tethering/offload.o (xdp_tether_upstream_rawip) returned 'processed 2 insns (limit 1000000) max_states_per_insn 0 total_states 0 peak_states 0 mark_read 0' fd: 28 (ok)
11-10 20:29:13.996   312   330 I auditd  : type=1320 audit(0.0:17): 
11-10 20:29:13.996   330   330 W auditd  : type=1320 audit(0.0:17): 
11-10 20:29:14.000   312   330 I auditd  : type=1334 audit(0.0:18): prog-id=13 op=LOAD
11-10 20:29:14.000   330   330 W auditd  : type=1334 audit(0.0:18): prog-id=13 op=LOAD
11-10 20:29:14.000   621   621 I auditd  : type=1300 audit(0.0:18): arch=c000003e syscall=321 success=yes exit=28 a0=5 a1=7ffe58d6f7b0 a2=98 a3=19 items=0 ppid=1 auid=4294967295 uid=0 gid=0 euid=0 suid=0 fsuid=0 egid=0 sgid=0 fsgid=0 tty=(none) ses=4294967295 comm="netbpfload" exe="/apex/com.android.tethering/bin/netbpfload" subj=u:r:bpfloader:s0 key=(null)
11-10 20:29:14.000   621   621 W netbpfload: type=1300 audit(0.0:18): arch=c000003e syscall=321 success=yes exit=28 a0=5 a1=7ffe58d6f7b0 a2=98 a3=19 items=0 ppid=1 auid=4294967295 uid=0 gid=0 euid=0 suid=0 fsuid=0 egid=0 sgid=0 fsgid=0 tty=(none) ses=4294967295 exe="/apex/com.android.tethering/bin/netbpfload" subj=u:r:bpfloader:s0 key=(null)
11-10 20:29:14.018     0     0 I NetBpfLoad: prog /sys/fs/bpf/tethering/prog_offload_xdp_tether_upstream_rawip id 13 len jit:31 xlat:16
11-10 20:29:14.018     0     0 D NetBpfLoad: Loaded object: /apex/com.android.tethering/etc/bpf/tethering/offload.o
11-10 20:29:14.000   312   330 I auditd  : type=1327 audit(0.0:18): proctitle="/apex/com.android.tethering/bin/netbpfload"
11-10 20:29:14.000   330   330 W auditd  : type=1327 audit(0.0:18): proctitle="/apex/com.android.tethering/bin/netbpfload"
11-10 20:29:14.000   312   330 I auditd  : type=1320 audit(0.0:18): 
11-10 20:29:14.000   330   330 W auditd  : type=1320 audit(0.0:18): 
11-10 20:29:14.022     0     0 D NetBpfLoad: Loading ELF object /apex/com.android.tethering/etc/bpf/netd_shared/netd.o with license Apache 2.0
11-10 20:29:14.022     0     0 D NetBpfLoad: Section bpfloader_min_ver value is 43 [0x2b]
11-10 20:29:14.022     0     0 D NetBpfLoad: Section bpfloader_max_ver value is 65536 [0x10000]
11-10 20:29:14.022     0     0 D NetBpfLoad: BpfLoader version 0x0002f processing ELF object /apex/com.android.tethering/etc/bpf/netd_shared/netd.o with ver [0x0002b,0x10000)
11-10 20:29:14.082     0     0 D NetBpfLoad: bpf_create_map[configuration_map] btf:1 -> 8
11-10 20:29:14.082     0     0 I NetBpfLoad: map /sys/fs/bpf/netd_shared/map_netd_configuration_map id 14
11-10 20:29:14.083     0     0 D NetBpfLoad: bpf_create_map[blocked_ports_map] btf:1 -> 9
11-10 20:29:14.083     0     0 I NetBpfLoad: map /sys/fs/bpf/netd_shared/map_netd_blocked_ports_map id 15
11-10 20:29:14.083     0     0 D NetBpfLoad: bpf_create_map[cookie_tag_map] btf:1 -> 10
11-10 20:29:14.083     0     0 I NetBpfLoad: map /sys/fs/bpf/netd_shared/map_netd_cookie_tag_map id 16
11-10 20:29:14.084     0     0 D NetBpfLoad: bpf_create_map[uid_counterset_map] btf:1 -> 11
11-10 20:29:14.084     0     0 I NetBpfLoad: map /sys/fs/bpf/netd_shared/map_netd_uid_counterset_map id 17
11-10 20:29:14.085     0     0 D NetBpfLoad: bpf_create_map[app_uid_stats_map] btf:1 -> 12
11-10 20:29:14.085     0     0 I NetBpfLoad: map /sys/fs/bpf/netd_shared/map_netd_app_uid_stats_map id 18
11-10 20:29:14.085     0     0 D NetBpfLoad: bpf_create_map[stats_map_A] btf:1 -> 13
11-10 20:29:14.085     0     0 I NetBpfLoad: map /sys/fs/bpf/netd_shared/map_netd_stats_map_A id 19
11-10 20:29:14.086     0     0 D NetBpfLoad: bpf_create_map[stats_map_B] btf:1 -> 14
11-10 20:29:14.086     0     0 I NetBpfLoad: map /sys/fs/bpf/netd_shared/map_netd_stats_map_B id 20
11-10 20:29:14.087     0     0 D NetBpfLoad: bpf_create_map[iface_stats_map] btf:1 -> 15
11-10 20:29:14.087     0     0 I NetBpfLoad: map /sys/fs/bpf/netd_shared/map_netd_iface_stats_map id 21
11-10 20:29:14.087     0     0 D NetBpfLoad: bpf_create_map[uid_owner_map] btf:1 -> 16
11-10 20:29:14.087     0     0 I NetBpfLoad: map /sys/fs/bpf/netd_shared/map_netd_uid_owner_map id 22
11-10 20:29:14.088     0     0 D NetBpfLoad: bpf_create_map[uid_permission_map] btf:1 -> 17
11-10 20:29:14.088     0     0 I NetBpfLoad: map /sys/fs/bpf/netd_shared/map_netd_uid_permission_map id 23
11-10 20:29:14.088     0     0 D NetBpfLoad: bpf_create_map[ingress_discard_map] btf:1 -> 18
11-10 20:29:14.088     0     0 I NetBpfLoad: map /sys/fs/bpf/netd_shared/map_netd_ingress_discard_map id 24
11-10 20:29:14.088     0     0 D NetBpfLoad: bpf_create_map[lock_array_test_map] btf:1 -> 19
11-10 20:29:14.088     0     0 I NetBpfLoad: map /sys/fs/bpf/netd_shared/map_netd_lock_array_test_map id 25
11-10 20:29:14.089     0     0 D NetBpfLoad: bpf_create_map[lock_hash_test_map] btf:1 -> 20
11-10 20:29:14.089     0     0 I NetBpfLoad: map /sys/fs/bpf/netd_shared/map_netd_lock_hash_test_map id 26
11-10 20:29:14.089     0     0 D NetBpfLoad: bpf_create_map[iface_index_name_map] btf:1 -> 21
11-10 20:29:14.089     0     0 I NetBpfLoad: map /sys/fs/bpf/netd_shared/map_netd_iface_index_name_map id 27
11-10 20:29:14.089     0     0 D NetBpfLoad: bpf_create_map[packet_trace_enabled_map] btf:1 -> 22
11-10 20:29:14.089     0     0 I NetBpfLoad: map /sys/fs/bpf/netd_shared/map_netd_packet_trace_enabled_map id 28
11-10 20:29:14.090     0     0 D NetBpfLoad: bpf_create_map[packet_trace_ringbuf] btf:0 -> 23
11-10 20:29:14.090     0     0 I NetBpfLoad: map /sys/fs/bpf/netd_shared/map_netd_packet_trace_ringbuf id 29
11-10 20:29:14.090     0     0 D NetBpfLoad: bpf_create_map[data_saver_enabled_map] btf:1 -> 24
11-10 20:29:14.090     0     0 I NetBpfLoad: map /sys/fs/bpf/netd_shared/map_netd_data_saver_enabled_map id 30
11-10 20:29:14.091     0     0 D NetBpfLoad: bpf_create_map[local_net_access_map] btf:1 -> 25
11-10 20:29:14.091     0     0 I NetBpfLoad: map /sys/fs/bpf/netd_shared/map_netd_local_net_access_map id 31
11-10 20:29:14.091     0     0 D NetBpfLoad: bpf_create_map[local_net_blocked_uid_map] btf:1 -> 26
11-10 20:29:14.091     0     0 I NetBpfLoad: map /sys/fs/bpf/netd_shared/map_netd_local_net_blocked_uid_map id 32
11-10 20:29:14.105     0     0 D NetBpfLoad: cs[0].name:cgroupskb_ingress_stats$5_10_25q2 min_kver:50a0000 .max_kver:ffffffff (kvers:60c0012)
11-10 20:29:14.105     0     0 D NetBpfLoad: cs[0].name:cgroupskb_ingress_stats$5_10_25q2 requires bpfloader version [0x0002f,0x10000)
11-10 20:29:14.084   312   330 I auditd  : type=1334 audit(0.0:19): prog-id=14 op=LOAD
11-10 20:29:14.084   330   330 W auditd  : type=1334 audit(0.0:19): prog-id=14 op=LOAD
11-10 20:29:14.084   621   621 I auditd  : type=1300 audit(0.0:19): arch=c000003e syscall=321 success=yes exit=28 a0=5 a1=7ffe58d6f7b0 a2=98 a3=21 items=0 ppid=1 auid=4294967295 uid=0 gid=0 euid=0 suid=0 fsuid=0 egid=0 sgid=0 fsgid=0 tty=(none) ses=4294967295 comm="netbpfload" exe="/apex/com.android.tethering/bin/netbpfload" subj=u:r:bpfloader:s0 key=(null)
11-10 20:29:14.084   621   621 W netbpfload: type=1300 audit(0.0:19): arch=c000003e syscall=321 success=yes exit=28 a0=5 a1=7ffe58d6f7b0 a2=98 a3=21 items=0 ppid=1 auid=4294967295 uid=0 gid=0 euid=0 suid=0 fsuid=0 egid=0 sgid=0 fsgid=0 tty=(none) ses=4294967295 exe="/apex/com.android.tethering/bin/netbpfload" subj=u:r:bpfloader:s0 key=(null)
11-10 20:29:14.084   312   330 I auditd  : type=1327 audit(0.0:19): proctitle="/apex/com.android.tethering/bin/netbpfload"
11-10 20:29:14.084   330   330 W auditd  : type=1327 audit(0.0:19): proctitle="/apex/com.android.tethering/bin/netbpfload"
11-10 20:29:14.084   312   330 I auditd  : type=1320 audit(0.0:19): 
11-10 20:29:14.084   330   330 W auditd  : type=1320 audit(0.0:19): 
11-10 20:29:14.117     0     0 D NetBpfLoad: BPF_PROG_LOAD call for /apex/com.android.tethering/etc/bpf/netd_shared/netd.o (cgroupskb_ingress_stats$5_10_25q2) returned 'processed 2273 insns (limit 1000000) max_states_per_insn 3 total_states 152 peak_states 152 mark_read 14' fd: 28 (ok)
11-10 20:29:14.117     0     0 I NetBpfLoad: prog /sys/fs/bpf/netd_shared/prog_netd_cgroupskb_ingress_stats id 14 len jit:3330 xlat:5720
