11-10 20:29:13.350   601   601 D aconfigd_mainline: aconfigd_rust::storage_files: apply staged server overrides for container com.android.healthfitness
11-10 20:29:13.350   601   601 D aconfigd_mainline: aconfigd_rust::storage_files: apply staged local overrides for container com.android.healthfitness
11-10 20:29:13.351   601   601 D aconfigd_mainline: aconfigd_rust::aconfigd: start initialize com.android.hardware.vibrator flags
11-10 20:29:13.351   601   601 D aconfigd_mainline: aconfigd_rust::aconfigd: start initialize com.android.hardware.gatekeeper flags
11-10 20:29:13.351   601   601 D aconfigd_mainline: aconfigd_rust::aconfigd: start initialize com.android.hardware.ir flags
11-10 20:29:13.352   601   601 D aconfigd_mainline: aconfigd_rust::aconfigd: start initialize com.google.cf.identity flags
11-10 20:29:13.352   601   601 D aconfigd_mainline: aconfigd_rust::aconfigd: start initialize com.android.virt flags
11-10 20:29:13.352   601   601 D aconfigd_mainline: aconfigd_rust::storage_files: create storage files object from container com.android.virt
11-10 20:29:13.354   601   601 D aconfigd_mainline: aconfigd_rust::storage_files: copy com.android.virt storage files to persist and boot directories
11-10 20:29:13.370   601   601 D aconfigd_mainline: aconfigd_rust::storage_files_manager: writing updated storage records /metadata/aconfig/mainline_storage_records.pb
11-10 20:29:13.371   601   601 D aconfigd_mainline: aconfigd_rust::storage_files: apply staged server overrides for container com.android.virt
11-10 20:29:13.371   601   601 D aconfigd_mainline: aconfigd_rust::storage_files: apply staged local overrides for container com.android.virt
11-10 20:29:13.372   601   601 D aconfigd_mainline: aconfigd_rust::aconfigd: start initialize com.google.cf.oemlock flags
11-10 20:29:13.372   601   601 D aconfigd_mainline: aconfigd_rust::aconfigd: start initialize com.android.i18n flags
11-10 20:29:13.372   601   601 D aconfigd_mainline: aconfigd_rust::storage_files: create storage files object from container com.android.i18n
11-10 20:29:13.373   601   601 D aconfigd_mainline: aconfigd_rust::storage_files: copy com.android.i18n storage files to persist and boot directories
11-10 20:29:13.386   601   601 D aconfigd_mainline: aconfigd_rust::storage_files_manager: writing updated storage records /metadata/aconfig/mainline_storage_records.pb
11-10 20:29:13.386   601   601 D aconfigd_mainline: aconfigd_rust::storage_files: apply staged server overrides for container com.android.i18n
11-10 20:29:13.386   601   601 D aconfigd_mainline: aconfigd_rust::storage_files: apply staged local overrides for container com.android.i18n
11-10 20:29:13.387   601   601 D aconfigd_mainline: aconfigd_rust::aconfigd: start initialize com.android.hardware.dumpstate flags
11-10 20:29:13.387   601   601 D aconfigd_mainline: aconfigd_rust::aconfigd: start initialize com.android.hardware.cas flags
11-10 20:29:13.388   601   601 D aconfigd_mainline: aconfigd_rust::aconfigd: start initialize com.android.vndk.v32 flags
11-10 20:29:13.388   601   601 D aconfigd_mainline: aconfigd_rust::aconfigd: start initialize com.android.hardware.thermal flags
11-10 20:29:13.388   601   601 D aconfigd_mainline: aconfigd_rust::aconfigd: start initialize com.android.hardware.gnss flags
11-10 20:29:13.389   601   601 D aconfigd_mainline: aconfigd_rust::aconfigd: start initialize com.android.hardware.input.processor flags
11-10 20:29:13.389   601   601 D aconfigd_mainline: aconfigd_rust::aconfigd: start initialize com.android.hardware.biometrics.fingerprint.virtual flags
11-10 20:29:13.389   601   601 D aconfigd_mainline: aconfigd_rust::aconfigd: start initialize com.android.hardware.contexthub flags
11-10 20:29:13.390   601   601 D aconfigd_mainline: aconfigd_rust::aconfigd: start initialize com.android.hardware.secure_element flags
11-10 20:29:13.390   601   601 D aconfigd_mainline: aconfigd_rust::aconfigd: start initialize com.android.rkpd flags
11-10 20:29:13.390   601   601 D aconfigd_mainline: aconfigd_rust::aconfigd: start initialize com.android.hardware.usb flags
11-10 20:29:13.391   601   601 D aconfigd_mainline: aconfigd_rust::aconfigd: start initialize com.android.hardware.audio flags
11-10 20:29:13.391   601   601 D aconfigd_mainline: aconfigd_rust::aconfigd: start initialize com.google.cf.health flags
11-10 20:29:13.391   601   601 D aconfigd_mainline: aconfigd_rust::aconfigd: start initialize com.android.hardware.security.authgraph flags
11-10 20:29:13.392   601   601 D aconfigd_mainline: aconfigd_rust::aconfigd: start initialize com.android.hardware.power flags
11-10 20:29:13.392   601   601 D aconfigd_mainline: aconfigd_rust::aconfigd: start initialize com.android.hardware.biometrics.face.virtual flags
11-10 20:29:13.392   601   601 D aconfigd_mainline: aconfigd_rust::aconfigd: start initialize com.android.bt flags
11-10 20:29:13.393   601   601 D aconfigd_mainline: aconfigd_rust::storage_files: create storage files object from container com.android.bt
11-10 20:29:13.394   601   601 D aconfigd_mainline: aconfigd_rust::storage_files: copy com.android.bt storage files to persist and boot directories
11-10 20:29:13.412   601   601 D aconfigd_mainline: aconfigd_rust::storage_files_manager: writing updated storage records /metadata/aconfig/mainline_storage_records.pb
11-10 20:29:13.413   601   601 D aconfigd_mainline: aconfigd_rust::storage_files: apply staged server overrides for container com.android.bt
11-10 20:29:13.413   601   601 D aconfigd_mainline: aconfigd_rust::storage_files: apply staged local overrides for container com.android.bt
11-10 20:29:13.413   601   601 D aconfigd_mainline: aconfigd_rust::aconfigd: start initialize com.google.cf.bt flags
11-10 20:29:13.414   601   601 D aconfigd_mainline: aconfigd_rust::aconfigd: start initialize com.android.hardware.drm.clearkey flags
11-10 20:29:13.414   601   601 D aconfigd_mainline: aconfigd_rust::aconfigd: start initialize com.android.hardware.neuralnetworks flags
11-10 20:29:13.414   601   601 D aconfigd_mainline: aconfigd_rust::aconfigd: start initialize com.android.hardware.net.nlinterceptor flags
11-10 20:29:13.415   601   601 D aconfigd_mainline: aconfigd_rust::aconfigd: start initialize com.android.hardware.rebootescrow flags
11-10 20:29:13.415   601   601 D aconfigd_mainline: aconfigd_rust::aconfigd: start initialize com.android.hardware.memtrack flags
11-10 20:29:13.415   601   601 D aconfigd_mainline: aconfigd_rust::aconfigd: start initialize com.google.cf.input.config flags
11-10 20:29:13.416   601   601 D aconfigd_mainline: aconfigd_rust::aconfigd: start initialize com.android.hardware.keymint flags
11-10 20:29:13.433     0     0 I init    : Service 'mainline_aconfigd_init' (pid 601) exited with status 0 waiting took 0.713000 seconds
11-10 20:29:13.433     0     0 I init    : Sending signal 9 to service 'mainline_aconfigd_init' (pid 601) process group...
11-10 20:29:13.434     0     0 I libprocessgroup: Removed cgroup /sys/fs/cgroup/system/uid_1000/pid_601
11-10 20:29:13.435     0     0 I init    : starting service 'mainline_aconfigd_socket_service'...
11-10 20:29:13.435     0     0 I init    : Created socket '/dev/socket/aconfigd_mainline', mode 666, user 1000, group 1000
11-10 20:29:13.437     0     0 I init    : ... started service 'mainline_aconfigd_socket_service' has pid 602
11-10 20:29:13.438     0     0 I init    : starting service 'derive_sdk'...
11-10 20:29:13.441     0     0 I init    : ... started service 'derive_sdk' has pid 603
11-10 20:29:13.442     0     0 I init    : SVC_EXEC service 'derive_sdk' pid 603 (uid 9999 gid 9999+0 context default) started; waiting...
11-10 20:29:13.432   603   603 I derive_sdk: Read version 17 from 7
11-10 20:29:13.432   603   603 I derive_sdk: Read version 17 from 5
11-10 20:29:13.433   603   603 I derive_sdk: Read version 17 from 13
11-10 20:29:13.433   602   602 I aconfigd_mainline: main: starting aconfigd_mainline commands.
11-10 20:29:13.433   603   603 I derive_sdk: Read version 17 from 16
11-10 20:29:13.434   603   603 I derive_sdk: Read version 17 from 3
11-10 20:29:13.434   603   603 I derive_sdk: Read version 17 from 2
11-10 20:29:13.435   603   603 I derive_sdk: Read version 17 from 1
11-10 20:29:13.435   603   603 I derive_sdk: Read version 17 from 4
11-10 20:29:13.435   603   603 I derive_sdk: Read version 17 from 8
11-10 20:29:13.436   603   603 I derive_sdk: Read version 17 from 14
11-10 20:29:13.436   603   603 I derive_sdk: Read version 17 from 9
11-10 20:29:13.436   603   603 I derive_sdk: Read version 17 from 10
11-10 20:29:13.437   603   603 I derive_sdk: Read version 17 from 12
11-10 20:29:13.437   603   603 I derive_sdk: Read version 17 from 15
11-10 20:29:13.450     0     0 I init    : Service 'mainline_aconfigd_socket_service' (pid 602) exited with status 0 oneshot service took 0.014000 seconds in background
11-10 20:29:13.451     0     0 I init    : Sending signal 9 to service 'mainline_aconfigd_socket_service' (pid 602) process group...
11-10 20:29:13.451     0     0 I libprocessgroup: Removed cgroup /sys/fs/cgroup/system/uid_1000/pid_602
11-10 20:29:13.438   603   603 I derive_sdk: Read version 17 from 6
11-10 20:29:13.438   603   603 I derive_sdk: Read version 17 from 17
11-10 20:29:13.438   603   603 I derive_sdk: Read version 17 from 11
11-10 20:29:13.439   603   603 I derive_sdk: extension r version is 17
11-10 20:29:13.439   603   603 I derive_sdk: extension s version is 17
11-10 20:29:13.439   603   603 I derive_sdk: extension t version is 17
11-10 20:29:13.440   603   603 I derive_sdk: extension u version is 17
11-10 20:29:13.440   603   603 I derive_sdk: extension v version is 17
11-10 20:29:13.440   603   603 I derive_sdk: extension b version is 17
11-10 20:29:13.441   603   603 I derive_sdk: extension ad_services version is 17
11-10 20:29:13.457     0     0 I init    : Service 'derive_sdk' (pid 603) exited with status 0 waiting took 0.018000 seconds
11-10 20:29:13.458     0     0 I init    : Sending signal 9 to service 'derive_sdk' (pid 603) process group...
11-10 20:29:13.458     0     0 I libprocessgroup: Removed cgroup /sys/fs/cgroup/system/uid_9999/pid_603
11-10 20:29:13.459     0     0 I init    : starting service 'exec 10 (/system/bin/vdc --wait cryptfs init_user0)'...
11-10 20:29:13.460     0     0 I init    : ... started service 'exec 10 (/system/bin/vdc --wait cryptfs init_user0)' has pid 604
11-10 20:29:13.461     0     0 I init    : SVC_EXEC service 'exec 10 (/system/bin/vdc --wait cryptfs init_user0)' pid 604 (uid 0 gid 0+0 context default) started; waiting...
11-10 20:29:13.452   322   342 D vold    : fscrypt_init_user0
11-10 20:29:13.453   322   342 D vold    : Preparing: /data/misc/vold/user_keys
11-10 20:29:13.468     0     0 W vdc     : Thread Pool max thread count is 0. Cannot cache binder as linkToDeath cannot be implemented. serviceName: vold
11-10 20:29:13.468     0     0 D vdc     : Waited 0ms for vold
11-10 20:29:13.453   322   342 D vold    : Preparing: /data/misc/vold/user_keys/ce
11-10 20:29:13.454   322   342 D vold    : Preparing: /data/misc/vold/user_keys/de
11-10 20:29:13.454   322   342 D vold    : Generating standard storage key
11-10 20:29:13.455   322   342 D vold    : Generating "key storage" key
11-10 20:29:13.455   354   365 W keymint-hal-nonsecure: kmr_ta: failing DeviceGenerateKey request with error Hal(RollbackResistanceUnavailable, "system/keymint/common/src/keyblob.rs:369: no secure secret storage available")
11-10 20:29:13.456   354   364 W keymint-hal-nonsecure: kmr_hal: HAL: command DeviceGenerateKey failed: -67
11-10 20:29:13.456   348   363 I keystore2: system/security/keystore2/src/audit_log.rs:38 - Not logging audit event for key with domain r#BLOB
11-10 20:29:13.457   348   363 E keystore2: system/security/keystore2/src/error.rs:183 - system/security/keystore2/src/security_level.rs:680
11-10 20:29:13.457   348   363 E keystore2: 
11-10 20:29:13.457   348   363 E keystore2: Caused by:
11-10 20:29:13.457   348   363 E keystore2:     0: system/security/keystore2/src/security_level.rs:674: While generating without a provided attestation key and params: [KeyParameter { tag: r#ALGORITHM, value: Algorithm(r#AES) }, KeyParameter { tag: r#KEY_SIZE, value: Integer(256) }, KeyParameter { tag: r#PURPOSE, value: KeyPurpose(r#ENCRYPT) }, KeyParameter { tag: r#PURPOSE, value: KeyPurpose(r#DECRYPT) }, KeyParameter { tag: r#BLOCK_MODE, value: BlockMode(r#GCM) }, KeyParameter { tag: r#PADDING, value: PaddingMode(r#NONE) }, KeyParameter { tag: r#MIN_MAC_LENGTH, value: Integer(128) }, KeyParameter { tag: r#NO_AUTH_REQUIRED, value: BoolValue(true) }, KeyParameter { tag: r#ROLLBACK_RESISTANCE, value: BoolValue(true) }, KeyParameter { tag: r#CREATION_DATETIME, value: DateTime(1762806553455) }].
11-10 20:29:13.457   348   363 E keystore2:     1: Error::Km(r#ROLLBACK_RESISTANCE_UNAVAILABLE)
11-10 20:29:13.458   322   342 E vold    : keystore2 Keystore generateKey returned service specific error: -67
11-10 20:29:13.458   322   342 W vold    : Failed to generate rollback-resistant key.  This is expected if keystore doesn't support rollback resistance.  Falling back to non-rollback-resistant key.
11-10 20:29:13.460   348   363 I keystore2: system/security/keystore2/src/audit_log.rs:38 - Not logging audit event for key with domain r#BLOB
11-10 20:29:13.461   322   342 D vold    : Stored key /data/misc/vold/user_keys/de/0
11-10 20:29:13.474     0     0 E vold    : keystore2 Keystore generateKey returned service specific error: -67
11-10 20:29:13.475     0     0 W vold    : Failed to generate rollback-resistant key.  This is expected if keystore doesn't support rollback resistance.  Falling back to non-rollback-resistant key.
11-10 20:29:13.461   322   342 D vold    : Installed fscrypt key with ref 8e72fd3b6c87fb3eff55fdb08809a770 to /data
11-10 20:29:13.462   322   342 I vold    : Created DE key for user 0
11-10 20:29:13.462   322   342 D vold    : Generating standard storage key
11-10 20:29:13.462   322   342 D vold    : Preparing: /data/misc/vold/user_keys/ce/0
11-10 20:29:13.463   322   342 D vold    : Installed fscrypt key with ref 1cfa6220655cb6688c980d4546336df6 to /data
11-10 20:29:13.463   322   342 I vold    : Created CE key for user 0
11-10 20:29:13.464   322   342 D vold    : Installed fscrypt key with ref 8e72fd3b6c87fb3eff55fdb08809a770 to /data
11-10 20:29:13.464   322   342 D vold    : Installed de key for user 0
11-10 20:29:13.464   322   342 D vold    : Preparing: /data/data.new
11-10 20:29:13.465   322   342 I vold    : Encryption policy of /data/data.new set to 1cfa6220655cb6688c980d4546336df6 v2 modes 1/10 flags 0xa
11-10 20:29:13.465   322   342 D vold    : Preparing: /data/user/0
11-10 20:29:13.466   322   342 D vold    : Preparing: /data/media/obb.new
11-10 20:29:13.466   322   342 I vold    : Encryption policy of /data/media/obb.new set to 8f8d4baaf85671d72ec22310d921e5dd v2 modes 1/10 flags 0xa
11-10 20:29:13.467   322   342 D vold    : fscrypt_prepare_user_storage for volume null, user 0, flags 1
11-10 20:29:13.467   322   342 D vold    : Preparing: /data/system/users/0
11-10 20:29:13.467   322   342 D vold    : Preparing: /data/misc/profiles/cur/0
11-10 20:29:13.468   322   342 D vold    : Preparing: /data/system_de/0.new
11-10 20:29:13.468   322   342 I vold    : Encryption policy of /data/system_de/0.new set to 8e72fd3b6c87fb3eff55fdb08809a770 v2 modes 1/10 flags 0xa
11-10 20:29:13.468   322   342 D vold    : Preparing: /data/vendor_de/0.new
11-10 20:29:13.469   322   342 I vold    : Encryption policy of /data/vendor_de/0.new set to 8e72fd3b6c87fb3eff55fdb08809a770 v2 modes 1/10 flags 0xa
11-10 20:29:13.469   322   342 D vold    : Preparing: /data/misc_de/0.new
11-10 20:29:13.470   322   342 I vold    : Encryption policy of /data/misc_de/0.new set to 8e72fd3b6c87fb3eff55fdb08809a770 v2 modes 1/10 flags 0xa
11-10 20:29:13.470   322   342 D vold    : Preparing: /data/user_de/0.new
11-10 20:29:13.471   322   342 I vold    : Encryption policy of /data/user_de/0.new set to 8e72fd3b6c87fb3eff55fdb08809a770 v2 modes 1/10 flags 0xa
11-10 20:29:13.471   322   342 D vold    : /system/bin/vold_prepare_subdirs
11-10 20:29:13.471   322   342 D vold    :     prepare
11-10 20:29:13.471   322   342 D vold    :     
11-10 20:29:13.472   322   342 D vold    :     0
11-10 20:29:13.472   322   342 D vold    :     1
11-10 20:29:13.480   605   605 D vold_prepare_subdirs: Setting up mode 771 uid 1000 gid 1000 context u:object_r:system_data_file:s0:c512,c768 on path: /data/user_de/0
11-10 20:29:13.481   605   605 I vold_prepare_subdirs: Relabelling from u:object_r:system_data_file:s0 to u:object_r:system_data_file:s0:c512,c768: /data/user_de/0
11-10 20:29:13.481   605   605 D vold_prepare_subdirs: Setting up mode 771 uid 1000 gid 1000 context u:object_r:sdk_sandbox_system_data_file:s0:c512,c768 on path: /data/misc_de/0/sdksandbox
11-10 20:29:13.482   605   605 D vold_prepare_subdirs: Setting up mode 700 uid 0 gid 0 context u:object_r:vold_data_file:s0 on path: /data/misc_de/0/vold
11-10 20:29:13.482   605   605 D vold_prepare_subdirs: Setting up mode 700 uid 0 gid 0 context u:object_r:storaged_data_file:s0 on path: /data/misc_de/0/storaged
11-10 20:29:13.483   605   605 D vold_prepare_subdirs: Setting up mode 700 uid 0 gid 0 context u:object_r:rollback_data_file:s0 on path: /data/misc_de/0/rollback
11-10 20:29:13.483   605   605 D vold_prepare_subdirs: Setting up mode 700 uid 0 gid 0 context u:object_r:apex_rollback_data_file:s0 on path: /data/misc_de/0/apexrollback
11-10 20:29:13.484   605   605 D vold_prepare_subdirs: Setting up mode 711 uid 0 gid 0 context u:object_r:apex_module_data_file:s0 on path: /data/misc_de/0/apexdata
11-10 20:29:13.484   605   605 D vold_prepare_subdirs: Setting up mode 771 uid 0 gid 1000 context u:object_r:apex_module_data_file:s0 on path: /data/misc_de/0/apexdata/com.android.adbd
11-10 20:29:13.485   605   605 D vold_prepare_subdirs: Setting up mode 771 uid 0 gid 1000 context u:object_r:apex_module_data_file:s0 on path: /data/misc_de/0/apexdata/com.android.adservices
11-10 20:29:13.485   605   605 D vold_prepare_subdirs: Setting up mode 771 uid 0 gid 1000 context u:object_r:apex_module_data_file:s0 on path: /data/misc_de/0/apexdata/com.android.apex.cts.shim
11-10 20:29:13.486   605   605 D vold_prepare_subdirs: Setting up mode 771 uid 0 gid 1000 context u:object_r:apex_module_data_file:s0 on path: /data/misc_de/0/apexdata/com.android.appsearch
11-10 20:29:13.486   605   605 D vold_prepare_subdirs: Setting up mode 771 uid 0 gid 1000 context u:object_r:apex_module_data_file:s0 on path: /data/misc_de/0/apexdata/com.android.art
11-10 20:29:13.487   605   605 D vold_prepare_subdirs: Setting up mode 771 uid 0 gid 1000 context u:object_r:apex_module_data_file:s0 on path: /data/misc_de/0/apexdata/com.android.bt
11-10 20:29:13.487   605   605 D vold_prepare_subdirs: Setting up mode 771 uid 0 gid 1000 context u:object_r:apex_module_data_file:s0 on path: /data/misc_de/0/apexdata/com.android.cellbroadcast
11-10 20:29:13.488   605   605 D vold_prepare_subdirs: Setting up mode 771 uid 0 gid 1000 context u:object_r:apex_module_data_file:s0 on path: /data/misc_de/0/apexdata/com.android.compos
11-10 20:29:13.488   605   605 D vold_prepare_subdirs: Setting up mode 771 uid 0 gid 1000 context u:object_r:apex_module_data_file:s0 on path: /data/misc_de/0/apexdata/com.android.configinfrastructure
11-10 20:29:13.489   605   605 D vold_prepare_subdirs: Setting up mode 771 uid 0 gid 1000 context u:object_r:apex_module_data_file:s0 on path: /data/misc_de/0/apexdata/com.android.conscrypt
11-10 20:29:13.489   605   605 D vold_prepare_subdirs: Setting up mode 771 uid 0 gid 1000 context u:object_r:apex_module_data_file:s0 on path: /data/misc_de/0/apexdata/com.android.crashrecovery
11-10 20:29:13.490   605   605 D vold_prepare_subdirs: Setting up mode 771 uid 0 gid 1000 context u:object_r:apex_module_data_file:s0 on path: /data/misc_de/0/apexdata/com.android.devicelock
11-10 20:29:13.490   605   605 D vold_prepare_subdirs: Setting up mode 771 uid 0 gid 1000 context u:object_r:apex_module_data_file:s0 on path: /data/misc_de/0/apexdata/com.android.extservices
11-10 20:29:13.491   605   605 D vold_prepare_subdirs: Setting up mode 771 uid 0 gid 1000 context u:object_r:apex_module_data_file:s0 on path: /data/misc_de/0/apexdata/com.android.hardware.audio
11-10 20:29:13.491   605   605 D vold_prepare_subdirs: Setting up mode 771 uid 0 gid 1000 context u:object_r:apex_module_data_file:s0 on path: /data/misc_de/0/apexdata/com.android.hardware.authsecret
11-10 20:29:13.492   605   605 D vold_prepare_subdirs: Setting up mode 771 uid 0 gid 1000 context u:object_r:apex_module_data_file:s0 on path: /data/misc_de/0/apexdata/com.android.hardware.biometrics.face.virtual
11-10 20:29:13.492   605   605 D vold_prepare_subdirs: Setting up mode 771 uid 0 gid 1000 context u:object_r:apex_module_data_file:s0 on path: /data/misc_de/0/apexdata/com.android.hardware.biometrics.fingerprint.virtual
11-10 20:29:13.493   605   605 D vold_prepare_subdirs: Setting up mode 771 uid 0 gid 1000 context u:object_r:apex_module_data_file:s0 on path: /data/misc_de/0/apexdata/com.android.hardware.boot
11-10 20:29:13.493   605   605 D vold_prepare_subdirs: Setting up mode 771 uid 0 gid 1000 context u:object_r:apex_module_data_file:s0 on path: /data/misc_de/0/apexdata/com.android.hardware.cas
11-10 20:29:13.494   605   605 D vold_prepare_subdirs: Setting up mode 771 uid 0 gid 1000 context u:object_r:apex_module_data_file:s0 on path: /data/misc_de/0/apexdata/com.android.hardware.contexthub
11-10 20:29:13.494   605   605 D vold_prepare_subdirs: Setting up mode 771 uid 0 gid 1000 context u:object_r:apex_module_data_file:s0 on path: /data/misc_de/0/apexdata/com.android.hardware.drm.clearkey
11-10 20:29:13.495   605   605 D vold_prepare_subdirs: Setting up mode 771 uid 0 gid 1000 context u:object_r:apex_module_data_file:s0 on path: /data/misc_de/0/apexdata/com.android.hardware.dumpstate
11-10 20:29:13.495   605   605 D vold_prepare_subdirs: Setting up mode 771 uid 0 gid 1000 context u:object_r:apex_module_data_file:s0 on path: /data/misc_de/0/apexdata/com.android.hardware.gatekeeper
11-10 20:29:13.496   605   605 D vold_prepare_subdirs: Setting up mode 771 uid 0 gid 1000 context u:object_r:apex_module_data_file:s0 on path: /data/misc_de/0/apexdata/com.android.hardware.gnss
11-10 20:29:13.496   605   605 D vold_prepare_subdirs: Setting up mode 771 uid 0 gid 1000 context u:object_r:apex_module_data_file:s0 on path: /data/misc_de/0/apexdata/com.android.hardware.graphics.composer
11-10 20:29:13.497   605   605 D vold_prepare_subdirs: Setting up mode 771 uid 0 gid 1000 context u:object_r:apex_module_data_file:s0 on path: /data/misc_de/0/apexdata/com.android.hardware.input.processor
11-10 20:29:13.497   605   605 D vold_prepare_subdirs: Setting up mode 771 uid 0 gid 1000 context u:object_r:apex_module_data_file:s0 on path: /data/misc_de/0/apexdata/com.android.hardware.ir
11-10 20:29:13.498   605   605 D vold_prepare_subdirs: Setting up mode 771 uid 0 gid 1000 context u:object_r:apex_module_data_file:s0 on path: /data/misc_de/0/apexdata/com.android.hardware.keymint
11-10 20:29:13.498   605   605 D vold_prepare_subdirs: Setting up mode 771 uid 0 gid 1000 context u:object_r:apex_module_data_file:s0 on path: /data/misc_de/0/apexdata/com.android.hardware.memtrack
11-10 20:29:13.499   605   605 D vold_prepare_subdirs: Setting up mode 771 uid 0 gid 1000 context u:object_r:apex_module_data_file:s0 on path: /data/misc_de/0/apexdata/com.android.hardware.net.nlinterceptor
11-10 20:29:13.499   605   605 D vold_prepare_subdirs: Setting up mode 771 uid 0 gid 1000 context u:object_r:apex_module_data_file:s0 on path: /data/misc_de/0/apexdata/com.android.hardware.neuralnetworks
11-10 20:29:13.500   605   605 D vold_prepare_subdirs: Setting up mode 771 uid 0 gid 1000 context u:object_r:apex_module_data_file:s0 on path: /data/misc_de/0/apexdata/com.android.hardware.power
11-10 20:29:13.500   605   605 D vold_prepare_subdirs: Setting up mode 771 uid 0 gid 1000 context u:object_r:apex_module_data_file:s0 on path: /data/misc_de/0/apexdata/com.android.hardware.rebootescrow
11-10 20:29:13.501   605   605 D vold_prepare_subdirs: Setting up mode 771 uid 0 gid 1000 context u:object_r:apex_module_data_file:s0 on path: /data/misc_de/0/apexdata/com.android.hardware.secure_element
11-10 20:29:13.501   605   605 D vold_prepare_subdirs: Setting up mode 771 uid 0 gid 1000 context u:object_r:apex_module_data_file:s0 on path: /data/misc_de/0/apexdata/com.android.hardware.security.authgraph
11-10 20:29:13.502   605   605 D vold_prepare_subdirs: Setting up mode 771 uid 0 gid 1000 context u:object_r:apex_module_data_file:s0 on path: /data/misc_de/0/apexdata/com.android.hardware.security.secretkeeper
11-10 20:29:13.502   605   605 D vold_prepare_subdirs: Setting up mode 771 uid 0 gid 1000 context u:object_r:apex_module_data_file:s0 on path: /data/misc_de/0/apexdata/com.android.hardware.sensors
11-10 20:29:13.503   605   605 D vold_prepare_subdirs: Setting up mode 771 uid 0 gid 1000 context u:object_r:apex_module_data_file:s0 on path: /data/misc_de/0/apexdata/com.android.hardware.tetheroffload
11-10 20:29:13.504   605   605 D vold_prepare_subdirs: Setting up mode 771 uid 0 gid 1000 context u:object_r:apex_module_data_file:s0 on path: /data/misc_de/0/apexdata/com.android.hardware.thermal
11-10 20:29:13.504   605   605 D vold_prepare_subdirs: Setting up mode 771 uid 0 gid 1000 context u:object_r:apex_module_data_file:s0 on path: /data/misc_de/0/apexdata/com.android.hardware.threadnetwork
11-10 20:29:13.505   605   605 D vold_prepare_subdirs: Setting up mode 771 uid 0 gid 1000 context u:object_r:apex_module_data_file:s0 on path: /data/misc_de/0/apexdata/com.android.hardware.usb
11-10 20:29:13.505   605   605 D vold_prepare_subdirs: Setting up mode 771 uid 0 gid 1000 context u:object_r:apex_module_data_file:s0 on path: /data/misc_de/0/apexdata/com.android.hardware.uwb
11-10 20:29:13.506   605   605 D vold_prepare_subdirs: Setting up mode 771 uid 0 gid 1000 context u:object_r:apex_module_data_file:s0 on path: /data/misc_de/0/apexdata/com.android.hardware.vibrator
11-10 20:29:13.506   605   605 D vold_prepare_subdirs: Setting up mode 771 uid 0 gid 1000 context u:object_r:apex_module_data_file:s0 on path: /data/misc_de/0/apexdata/com.android.hardware.wifi
11-10 20:29:13.507   605   605 D vold_prepare_subdirs: Setting up mode 771 uid 0 gid 1000 context u:object_r:apex_module_data_file:s0 on path: /data/misc_de/0/apexdata/com.android.healthfitness
11-10 20:29:13.507   605   605 D vold_prepare_subdirs: Setting up mode 771 uid 0 gid 1000 context u:object_r:apex_module_data_file:s0 on path: /data/misc_de/0/apexdata/com.android.i18n
11-10 20:29:13.508   605   605 D vold_prepare_subdirs: Setting up mode 771 uid 0 gid 1000 context u:object_r:apex_module_data_file:s0 on path: /data/misc_de/0/apexdata/com.android.ipsec
11-10 20:29:13.508   605   605 D vold_prepare_subdirs: Setting up mode 771 uid 0 gid 1000 context u:object_r:apex_module_data_file:s0 on path: /data/misc_de/0/apexdata/com.android.media
11-10 20:29:13.509   605   605 D vold_prepare_subdirs: Setting up mode 771 uid 0 gid 1000 context u:object_r:apex_module_data_file:s0 on path: /data/misc_de/0/apexdata/com.android.media.swcodec
11-10 20:29:13.509   605   605 D vold_prepare_subdirs: Setting up mode 771 uid 0 gid 1000 context u:object_r:apex_module_data_file:s0 on path: /data/misc_de/0/apexdata/com.android.mediaprovider
11-10 20:29:13.510   605   605 D vold_prepare_subdirs: Setting up mode 771 uid 0 gid 1000 context u:object_r:apex_module_data_file:s0 on path: /data/misc_de/0/apexdata/com.android.neuralnetworks
11-10 20:29:13.510   605   605 D vold_prepare_subdirs: Setting up mode 771 uid 0 gid 1000 context u:object_r:apex_module_data_file:s0 on path: /data/misc_de/0/apexdata/com.android.nfcservices
11-10 20:29:13.511   605   605 D vold_prepare_subdirs: Setting up mode 771 uid 0 gid 1000 context u:object_r:apex_module_data_file:s0 on path: /data/misc_de/0/apexdata/com.android.ondevicepersonalization
11-10 20:29:13.511   605   605 D vold_prepare_subdirs: Setting up mode 771 uid 0 gid 1000 context u:object_r:apex_module_data_file:s0 on path: /data/misc_de/0/apexdata/com.android.os.statsd
11-10 20:29:13.512   605   605 D vold_prepare_subdirs: Setting up mode 771 uid 0 gid 1000 context u:object_r:apex_system_server_data_file:s0 on path: /data/misc_de/0/apexdata/com.android.permission
11-10 20:29:13.512   605   605 D vold_prepare_subdirs: Setting up mode 771 uid 0 gid 1000 context u:object_r:apex_module_data_file:s0 on path: /data/misc_de/0/apexdata/com.android.profiling
11-10 20:29:13.513   605   605 D vold_prepare_subdirs: Setting up mode 771 uid 0 gid 1000 context u:object_r:apex_module_data_file:s0 on path: /data/misc_de/0/apexdata/com.android.resolv
11-10 20:29:13.513   605   605 D vold_prepare_subdirs: Setting up mode 771 uid 0 gid 1000 context u:object_r:apex_module_data_file:s0 on path: /data/misc_de/0/apexdata/com.android.rkpd
11-10 20:29:13.514   605   605 D vold_prepare_subdirs: Setting up mode 771 uid 0 gid 1000 context u:object_r:apex_module_data_file:s0 on path: /data/misc_de/0/apexdata/com.android.runtime
11-10 20:29:13.514   605   605 D vold_prepare_subdirs: Setting up mode 771 uid 0 gid 1000 context u:object_r:apex_module_data_file:s0 on path: /data/misc_de/0/apexdata/com.android.scheduling
11-10 20:29:13.515   605   605 D vold_prepare_subdirs: Setting up mode 771 uid 0 gid 1000 context u:object_r:apex_module_data_file:s0 on path: /data/misc_de/0/apexdata/com.android.sdkext
11-10 20:29:13.515   605   605 D vold_prepare_subdirs: Setting up mode 771 uid 0 gid 1000 context u:object_r:apex_module_data_file:s0 on path: /data/misc_de/0/apexdata/com.android.tethering
11-10 20:29:13.516   605   605 D vold_prepare_subdirs: Setting up mode 771 uid 0 gid 1000 context u:object_r:apex_module_data_file:s0 on path: /data/misc_de/0/apexdata/com.android.tzdata
11-10 20:29:13.516   605   605 D vold_prepare_subdirs: Setting up mode 771 uid 0 gid 1000 context u:object_r:apex_module_data_file:s0 on path: /data/misc_de/0/apexdata/com.android.uprobestats
11-10 20:29:13.517   605   605 D vold_prepare_subdirs: Setting up mode 771 uid 0 gid 1000 context u:object_r:apex_system_server_data_file:s0 on path: /data/misc_de/0/apexdata/com.android.uwb
11-10 20:29:13.517   605   605 D vold_prepare_subdirs: Setting up mode 771 uid 0 gid 1000 context u:object_r:apex_module_data_file:s0 on path: /data/misc_de/0/apexdata/com.android.virt
11-10 20:29:13.517   605   605 D vold_prepare_subdirs: Setting up mode 771 uid 0 gid 1000 context u:object_r:apex_module_data_file:s0 on path: /data/misc_de/0/apexdata/com.android.vndk.v30
11-10 20:29:13.518   605   605 D vold_prepare_subdirs: Setting up mode 771 uid 0 gid 1000 context u:object_r:apex_module_data_file:s0 on path: /data/misc_de/0/apexdata/com.android.vndk.v31
11-10 20:29:13.518   605   605 D vold_prepare_subdirs: Setting up mode 771 uid 0 gid 1000 context u:object_r:apex_module_data_file:s0 on path: /data/misc_de/0/apexdata/com.android.vndk.v32
11-10 20:29:13.519   605   605 D vold_prepare_subdirs: Setting up mode 771 uid 0 gid 1000 context u:object_r:apex_module_data_file:s0 on path: /data/misc_de/0/apexdata/com.android.vndk.v33
11-10 20:29:13.519   605   605 D vold_prepare_subdirs: Setting up mode 771 uid 0 gid 1000 context u:object_r:apex_module_data_file:s0 on path: /data/misc_de/0/apexdata/com.android.vndk.v34
11-10 20:29:13.520   605   605 D vold_prepare_subdirs: Setting up mode 771 uid 0 gid 1000 context u:object_r:apex_system_server_data_file:s0 on path: /data/misc_de/0/apexdata/com.android.wifi
11-10 20:29:13.520   605   605 D vold_prepare_subdirs: Setting up mode 771 uid 0 gid 1000 context u:object_r:apex_module_data_file:s0 on path: /data/misc_de/0/apexdata/com.google.cf.bt
11-10 20:29:13.521   605   605 D vold_prepare_subdirs: Setting up mode 771 uid 0 gid 1000 context u:object_r:apex_module_data_file:s0 on path: /data/misc_de/0/apexdata/com.google.cf.confirmationui
11-10 20:29:13.521   605   605 D vold_prepare_subdirs: Setting up mode 771 uid 0 gid 1000 context u:object_r:apex_module_data_file:s0 on path: /data/misc_de/0/apexdata/com.google.cf.gralloc
11-10 20:29:13.522   605   605 D vold_prepare_subdirs: Setting up mode 771 uid 0 gid 1000 context u:object_r:apex_module_data_file:s0 on path: /data/misc_de/0/apexdata/com.google.cf.health
11-10 20:29:13.523   605   605 D vold_prepare_subdirs: Setting up mode 771 uid 0 gid 1000 context u:object_r:apex_module_data_file:s0 on path: /data/misc_de/0/apexdata/com.google.cf.health.storage
11-10 20:29:13.523   605   605 D vold_prepare_subdirs: Setting up mode 771 uid 0 gid 1000 context u:object_r:apex_module_data_file:s0 on path: /data/misc_de/0/apexdata/com.google.cf.identity
11-10 20:29:13.524   605   605 D vold_prepare_subdirs: Setting up mode 771 uid 0 gid 1000 context u:object_r:apex_module_data_file:s0 on path: /data/misc_de/0/apexdata/com.google.cf.input.config
11-10 20:29:13.524   605   605 D vold_prepare_subdirs: Setting up mode 771 uid 0 gid 1000 context u:object_r:apex_module_data_file:s0 on path: /data/misc_de/0/apexdata/com.google.cf.light
11-10 20:29:13.524   605   605 D vold_prepare_subdirs: Setting up mode 771 uid 0 gid 1000 context u:object_r:apex_module_data_file:s0 on path: /data/misc_de/0/apexdata/com.google.cf.nfc
11-10 20:29:13.525   605   605 D vold_prepare_subdirs: Setting up mode 771 uid 0 gid 1000 context u:object_r:apex_module_data_file:s0 on path: /data/misc_de/0/apexdata/com.google.cf.oemlock
11-10 20:29:13.525   605   605 D vold_prepare_subdirs: Setting up mode 771 uid 0 gid 1000 context u:object_r:apex_module_data_file:s0 on path: /data/misc_de/0/apexdata/com.google.cf.rild
11-10 20:29:13.526   605   605 D vold_prepare_subdirs: Setting up mode 771 uid 0 gid 1000 context u:object_r:apex_module_data_file:s0 on path: /data/misc_de/0/apexdata/com.google.cf.vulkan
11-10 20:29:13.527   605   605 D vold_prepare_subdirs: Setting up mode 771 uid 0 gid 1000 context u:object_r:apex_module_data_file:s0 on path: /data/misc_de/0/apexdata/com.google.cf.wifi
11-10 20:29:13.527   605   605 D vold_prepare_subdirs: Setting up mode 771 uid 0 gid 1000 context u:object_r:apex_module_data_file:s0 on path: /data/misc_de/0/apexdata/com.google.cf.wpa_supplicant
11-10 20:29:13.528   605   605 D vold_prepare_subdirs: Setting up mode 771 uid 0 gid 1000 context u:object_r:apex_module_data_file:s0 on path: /data/misc_de/0/apexdata/com.google.emulated.camera.provider.hal
11-10 20:29:13.528   605   605 D vold_prepare_subdirs: Setting up mode 771 uid 1000 gid 1000 context u:object_r:user_profile_root_file:s0:c512,c768 on path: /data/misc/profiles/cur/0
11-10 20:29:13.528   605   605 I vold_prepare_subdirs: Relabelling from u:object_r:user_profile_root_file:s0 to u:object_r:user_profile_root_file:s0:c512,c768: /data/misc/profiles/cur/0
11-10 20:29:13.529   605   605 D vold_prepare_subdirs: Setting up mode 700 uid 1000 gid 1000 context u:object_r:fingerprint_vendor_data_file:s0 on path: /data/vendor_de/0/fpdata
11-10 20:29:13.529   605   605 D vold_prepare_subdirs: Setting up mode 700 uid 1000 gid 1000 context u:object_r:face_vendor_data_file:s0 on path: /data/vendor_de/0/facedata
11-10 20:29:13.547     0     0 I init    : Service 'exec 10 (/system/bin/vdc --wait cryptfs init_user0)' (pid 604) exited with status 0 waiting took 0.086000 seconds
11-10 20:29:13.547     0     0 I init    : Sending signal 9 to service 'exec 10 (/system/bin/vdc --wait cryptfs init_user0)' (pid 604) process group...
11-10 20:29:13.548     0     0 I libprocessgroup: Removed cgroup /sys/fs/cgroup/system/uid_0/pid_604
11-10 20:29:13.587     0     0 I selinux : SELinux: Skipping restorecon on directory(/data/system/shutdown-checkpoints)
11-10 20:29:13.609     0     0 I init    : Command 'restorecon --recursive --skip-ce /data' action=post-fs-data (/system/etc/init/hw/init.rc:1021) took 60ms and succeeded
11-10 20:29:13.609     0     0 I init    : starting service 'derive_classpath'...
11-10 20:29:13.611     0     0 I init    : ... started service 'derive_classpath' has pid 606
11-10 20:29:13.612     0     0 I init    : SVC_EXEC service 'derive_classpath' pid 606 (uid 1000 gid 1000+1 context default) started; waiting...
11-10 20:29:13.601   606   606 I derive_classpath: ParseFragments for bootclasspath
11-10 20:29:13.605   606   606 I derive_classpath: ReadClasspathFragment /apex/com.android.art/etc/classpaths/bootclasspath.pb
11-10 20:29:13.606   606   606 I derive_classpath: ReadClasspathFragment /system/etc/classpaths/bootclasspath.pb
11-10 20:29:13.606   606   606 I derive_classpath: ReadClasspathFragment /apex/com.android.adservices/etc/classpaths/bootclasspath.pb
11-10 20:29:13.606   606   606 I derive_classpath: ReadClasspathFragment /apex/com.android.appsearch/etc/classpaths/bootclasspath.pb
11-10 20:29:13.607   606   606 I derive_classpath: ReadClasspathFragment /apex/com.android.bt/etc/classpaths/bootclasspath.pb
11-10 20:29:13.607   606   606 I derive_classpath: ReadClasspathFragment /apex/com.android.configinfrastructure/etc/classpaths/bootclasspath.pb
11-10 20:29:13.608   606   606 I derive_classpath: ReadClasspathFragment /apex/com.android.conscrypt/etc/classpaths/bootclasspath.pb
11-10 20:29:13.608   606   606 I derive_classpath: ReadClasspathFragment /apex/com.android.crashrecovery/etc/classpaths/bootclasspath.pb
11-10 20:29:13.609   606   606 I derive_classpath: ReadClasspathFragment /apex/com.android.devicelock/etc/classpaths/bootclasspath.pb
11-10 20:29:13.609   606   606 I derive_classpath: ReadClasspathFragment /apex/com.android.healthfitness/etc/classpaths/bootclasspath.pb
11-10 20:29:13.610   606   606 I derive_classpath: ReadClasspathFragment /apex/com.android.ipsec/etc/classpaths/bootclasspath.pb
11-10 20:29:13.610   606   606 I derive_classpath: ReadClasspathFragment /apex/com.android.media/etc/classpaths/bootclasspath.pb
11-10 20:29:13.610   606   606 I derive_classpath: ReadClasspathFragment /apex/com.android.mediaprovider/etc/classpaths/bootclasspath.pb
11-10 20:29:13.611   606   606 I derive_classpath: ReadClasspathFragment /apex/com.android.nfcservices/etc/classpaths/bootclasspath.pb
11-10 20:29:13.611   606   606 I derive_classpath: ReadClasspathFragment /apex/com.android.ondevicepersonalization/etc/classpaths/bootclasspath.pb
11-10 20:29:13.612   606   606 I derive_classpath: ReadClasspathFragment /apex/com.android.os.statsd/etc/classpaths/bootclasspath.pb
11-10 20:29:13.612   606   606 I derive_classpath: ReadClasspathFragment /apex/com.android.permission/etc/classpaths/bootclasspath.pb
11-10 20:29:13.613   606   606 I derive_classpath: ReadClasspathFragment /apex/com.android.profiling/etc/classpaths/bootclasspath.pb
11-10 20:29:13.613   606   606 I derive_classpath: ReadClasspathFragment /apex/com.android.scheduling/etc/classpaths/bootclasspath.pb
11-10 20:29:13.613   606   606 I derive_classpath: ReadClasspathFragment /apex/com.android.sdkext/etc/classpaths/bootclasspath.pb
11-10 20:29:13.614   606   606 I derive_classpath: ReadClasspathFragment /apex/com.android.tethering/etc/classpaths/bootclasspath.pb
11-10 20:29:13.614   606   606 I derive_classpath: ReadClasspathFragment /apex/com.android.uwb/etc/classpaths/bootclasspath.pb
11-10 20:29:13.615   606   606 I derive_classpath: ReadClasspathFragment /apex/com.android.virt/etc/classpaths/bootclasspath.pb
11-10 20:29:13.615   606   606 I derive_classpath: ReadClasspathFragment /apex/com.android.wifi/etc/classpaths/bootclasspath.pb
11-10 20:29:13.616   606   606 I derive_classpath: ParseFragments for systemserverclasspath
11-10 20:29:13.617   606   606 I derive_classpath: ReadClasspathFragment /system/etc/classpaths/systemserverclasspath.pb
11-10 20:29:13.617   606   606 I derive_classpath: ReadClasspathFragment /apex/com.android.adservices/etc/classpaths/systemserverclasspath.pb
11-10 20:29:13.618   606   606 I derive_classpath: ReadClasspathFragment /apex/com.android.appsearch/etc/classpaths/systemserverclasspath.pb
11-10 20:29:13.618   606   606 I derive_classpath: ReadClasspathFragment /apex/com.android.art/etc/classpaths/systemserverclasspath.pb
11-10 20:29:13.618   606   606 I derive_classpath: ReadClasspathFragment /apex/com.android.bt/etc/classpaths/systemserverclasspath.pb
11-10 20:29:13.619   606   606 I derive_classpath: ReadClasspathFragment /apex/com.android.compos/etc/classpaths/systemserverclasspath.pb
11-10 20:29:13.620   606   606 I derive_classpath: ReadClasspathFragment /apex/com.android.configinfrastructure/etc/classpaths/systemserverclasspath.pb
11-10 20:29:13.620   606   606 I derive_classpath: ReadClasspathFragment /apex/com.android.crashrecovery/etc/classpaths/systemserverclasspath.pb
11-10 20:29:13.620   606   606 I derive_classpath: ReadClasspathFragment /apex/com.android.devicelock/etc/classpaths/systemserverclasspath.pb
11-10 20:29:13.621   606   606 I derive_classpath: ReadClasspathFragment /apex/com.android.healthfitness/etc/classpaths/systemserverclasspath.pb
11-10 20:29:13.621   606   606 I derive_classpath: ReadClasspathFragment /apex/com.android.media/etc/classpaths/systemserverclasspath.pb
11-10 20:29:13.622   606   606 I derive_classpath: ReadClasspathFragment /apex/com.android.ondevicepersonalization/etc/classpaths/systemserverclasspath.pb
11-10 20:29:13.622   606   606 I derive_classpath: ReadClasspathFragment /apex/com.android.os.statsd/etc/classpaths/systemserverclasspath.pb
11-10 20:29:13.623   606   606 I derive_classpath: ReadClasspathFragment /apex/com.android.permission/etc/classpaths/systemserverclasspath.pb
11-10 20:29:13.623   606   606 I derive_classpath: ReadClasspathFragment /apex/com.android.profiling/etc/classpaths/systemserverclasspath.pb
11-10 20:29:13.623   606   606 I derive_classpath: ReadClasspathFragment /apex/com.android.rkpd/etc/classpaths/systemserverclasspath.pb
11-10 20:29:13.624   606   606 I derive_classpath: ReadClasspathFragment /apex/com.android.scheduling/etc/classpaths/systemserverclasspath.pb
11-10 20:29:13.624   606   606 I derive_classpath: ReadClasspathFragment /apex/com.android.tethering/etc/classpaths/systemserverclasspath.pb
11-10 20:29:13.625   606   606 I derive_classpath: ReadClasspathFragment /apex/com.android.uwb/etc/classpaths/systemserverclasspath.pb
11-10 20:29:13.625   606   606 I derive_classpath: ReadClasspathFragment /apex/com.android.virt/etc/classpaths/systemserverclasspath.pb
11-10 20:29:13.626   606   606 I derive_classpath: ReadClasspathFragment /apex/com.android.wifi/etc/classpaths/systemserverclasspath.pb
11-10 20:29:13.626   606   606 I derive_classpath: WriteClasspathExports /data/system/environ/classpath
11-10 20:29:13.626   606   606 I derive_classpath: WriteClasspathExports content
11-10 20:29:13.626   606   606 I derive_classpath: export BOOTCLASSPATH /apex/com.android.art/javalib/core-oj.jar:/apex/com.android.art/javalib/core-libart.jar:/apex/com.android.art/javalib/okhttp.jar:/apex/com.android.art/javalib/bouncycastle.jar:/apex/com.android.art/javalib/apache-xml.jar:/system/framework/framework.jar:/system/framework/framework-graphics.jar:/system/framework/framework-location.jar:/system/framework/ext.jar:/system/framework/telephony-common.jar:/system/framework/voip-common.jar:/system/framework/ims-common.jar:/system/framework/framework-ondeviceintelligence-platform.jar:/apex/com.android.i18n/javalib/core-icu4j.jar:/apex/com.android.adservices/javalib/framework-adservices.jar:/apex/com.android.adservices/javalib/framework-sdksandbox.jar:/apex/com.android.appsearch/javalib/framework-appsearch.jar:/apex/com.android.bt/javalib/framework-bluetooth.jar:/apex/com.android.configinfrastructure/javalib/framework-configinfrastructure.jar:/apex/com.android.conscrypt/javalib/conscrypt.jar:/apex/com.android.crashrecovery/javalib/framework-crashrecovery.jar:/apex/com.android.devicelock/javalib/framework-devicelock.jar:/apex/com.android.healthfitness/javalib/framework-healthfitness.jar:/apex/com.android.ipsec/javalib/android.net.ipsec.ike.jar:/apex/com.android.media/javalib/updatable-media.jar:/apex/com.android.mediaprovider/javalib/framework-mediaprovider.jar:/apex/com.android.mediaprovider/javalib/framework-pdf.jar:/apex/com.android.mediaprovider/javalib/framework-pdf-v.jar:/apex/com.android.mediaprovider/javalib/framework-photopicker.jar:/apex/com.android.nfcservices/javalib/framework-nfc.jar:/apex/com.android.ondevicepersonalization/javalib/framework-ondevicepersonalization.jar:/apex/com.android.os.statsd/javalib/framework-statsd.jar:/apex/com.android.permission/javalib/framework-permission.jar:/apex/com.android.permission/javalib/framework-permission-s.jar:/apex/com.android.profiling/javalib/framework-profiling.jar:/apex/com.android.scheduling/javalib/framework-scheduling.jar:/apex/com.android.sdkext/javalib/framework-sdkextensions.jar:/apex/com.android.tethering/javalib/framework-connectivity.jar:/apex/com.android.tethering/javalib/framework-connectivity-b.jar:/apex/com.android.tethering/javalib/framework-connectivity-t.jar:/apex/com.android.tethering/javalib/framework-tethering.jar:/apex/com.android.uwb/javalib/framework-ranging.jar:/apex/com.android.uwb/javalib/framework-uwb.jar:/apex/com.android.virt/javalib/framework-virtualization.jar:/apex/com.android.wifi/javalib/framework-wifi.jar
11-10 20:29:13.626   606   606 I derive_classpath: export DEX2OATBOOTCLASSPATH /apex/com.android.art/javalib/core-oj.jar:/apex/com.android.art/javalib/core-libart.jar:/apex/com.android.art/javalib/okhttp.jar:/apex/com.android.art/javalib/bouncycastle.jar:/apex/com.android.art/javalib/apache-xml.jar:/system/framework/framework.jar:/system/framework/framework-graphics.jar:/system/framework/framework-location.jar:/system/framework/ext.jar:/system/framework/telephony-common.jar:/system/framework/voip-common.jar:/system/framework/ims-common.jar:/system/framework/framework-ondeviceintelligence-platform.jar:/apex/com.android.i18n/javalib/core-icu4j.jar
11-10 20:29:13.626   606   606 I derive_classpath: export SYSTEMSERVERCLASSPATH /system/framework/com.android.location.provider.jar:/system/framework/services.jar:/apex/com.android.adservices/javalib/service-adservices.jar:/apex/com.android.adservices/javalib/service-sdksandbox.jar:/apex/com.android.appsearch/javalib/service-appsearch.jar:/apex/com.android.art/javalib/service-art.jar:/apex/com.android.compos/javalib/service-compos.jar:/apex/com.android.configinfrastructure/javalib/service-configinfrastructure.jar:/apex/com.android.crashrecovery/javalib/service-crashrecovery.jar:/apex/com.android.healthfitness/javalib/service-healthfitness.jar:/apex/com.android.media/javalib/service-media-s.jar:/apex/com.android.ondevicepersonalization/javalib/service-ondevicepersonalization.jar:/apex/com.android.permission/javalib/service-permission.jar:/apex/com.android.rkpd/javalib/service-rkp.jar:/apex/com.android.virt/javalib/service-virtualization.jar
11-10 20:29:13.626   606   606 I derive_classpath: export STANDALO
11-10 20:29:13.647     0     0 I init    : Service 'derive_classpath' (pid 606) exited with status 0 waiting took 0.036000 seconds
11-10 20:29:13.647     0     0 I init    : Sending signal 9 to service 'derive_classpath' (pid 606) process group...
11-10 20:29:13.648     0     0 I libprocessgroup: Removed cgroup /sys/fs/cgroup/system/uid_1000/pid_606
11-10 20:29:13.648     0     0 I init    : starting service 'art_boot'...
11-10 20:29:13.650     0     0 I init    : ... started service 'art_boot' has pid 607
11-10 20:29:13.651     0     0 I init    : SVC_EXEC service 'art_boot' pid 607 (uid 0 gid 0+0 context default) started; waiting...
11-10 20:29:13.641   607   607 I art_boot: Property persist.device_config.runtime_native_boot.useartservice not set
11-10 20:29:13.657     0     0 I init    : Service 'art_boot' (pid 607) exited with status 0 waiting took 0.007000 seconds
11-10 20:29:13.658     0     0 I init    : Sending signal 9 to service 'art_boot' (pid 607) process group...
11-10 20:29:13.658     0     0 I libprocessgroup: Removed cgroup /sys/fs/cgroup/system/uid_0/pid_607
11-10 20:29:13.659     0     0 I init    : starting service 'odsign'...
11-10 20:29:13.661     0     0 I init    : ... started service 'odsign' has pid 608
11-10 20:29:13.658   608   608 W odsign  : Thread Pool max thread count is 0. Cannot cache binder as linkToDeath cannot be implemented. serviceName: android.system.keystore2.IKeystoreService/default
11-10 20:29:13.659   608   608 I odsign  : Trying to retrieve existing HMAC key...
11-10 20:29:13.659   608   608 I odsign  : Existing HMAC key not found or invalid, creating new key
11-10 20:29:13.661   608   608 I odsign  : Trying to retrieve existing keystore key...
11-10 20:29:13.661   608   608 I odsign  : Failed to find keystore key...
11-10 20:29:13.662   608   608 I odsign  : Existing keystore key not found or invalid, creating new key
11-10 20:29:13.686   608   608 I odsign  : Initialized Keystore key.
11-10 20:29:13.686   608   608 W odsign  : Key certificate not found: /data/misc/odsign/key.cert: No such file or directory
11-10 20:29:13.715   609   609 I odrefresh: ART APEX version 360499999
11-10 20:29:13.715   609   609 I odrefresh: No prior cache-info file: '/data/misc/apexdata/com.android.art/dalvik-cache/cache-info.xml'
11-10 20:29:13.717   609   609 I odrefresh: Boot images on /system OK (x86_64)
11-10 20:29:13.722   609   609 I odrefresh: system_server artifacts on /system OK
11-10 20:29:13.725   608   608 I odrefresh: odrefresh terminated by exit(79)
11-10 20:29:13.725   608   608 I odsign  : /data/misc/odsign/odsign.info not found.
11-10 20:29:13.739   610   610 I odrefresh: ART APEX version 360499999
11-10 20:29:13.739   610   610 I odrefresh: No prior cache-info file: '/data/misc/apexdata/com.android.art/dalvik-cache/cache-info.xml'
11-10 20:29:13.740   610   610 I odrefresh: Boot images on /system OK (x86_64)
