--------- beginning of main
11-10 20:29:07.005   313   313 I lowmemorykiller: Wakeup counter is reset from 0 to 0
11-10 20:29:07.006   313   313 I lowmemorykiller: Using psi monitors for memory pressure detection
11-10 20:29:07.007   314   314 W linker  : Warning: failed to find generated linker configuration from "/linkerconfig/ld.config.txt"
11-10 20:29:07.008   313   313 I lowmemorykiller: Process polling is supported
11-10 20:29:07.009   313   313 I lowmemorykiller: Process reaper initialized with 2 threads in the pool
11-10 20:29:07.011   313   317 W libprocessgroup: A JoinCgroup action in the SystemMemoryProcess profile is used for controller memory in the cgroup v2 hierarchy and will be ignored
11-10 20:29:07.011   315   315 W linker  : Warning: failed to find generated linker configuration from "/linkerconfig/ld.config.txt"
--------- beginning of events
11-10 20:29:07.249   314   314 I auditd  : SELinux: Loaded service context from:
11-10 20:29:07.253   315   315 I hwservicemanager: getFrameworkHalManifest: Reading VINTF information.
11-10 20:29:07.254   314   314 I auditd  : 		/system/etc/selinux/plat_service_contexts
11-10 20:29:07.254   314   314 I auditd  : 		/system_ext/etc/selinux/system_ext_service_contexts
11-10 20:29:07.255   314   314 I auditd  : 		/product/etc/selinux/product_service_contexts
11-10 20:29:07.256   314   314 I auditd  : 		/vendor/etc/selinux/vendor_service_contexts
11-10 20:29:07.256   314   314 I auditd  : 		/odm/etc/selinux/odm_service_contexts
--------- beginning of system
11-10 20:29:07.260   322   322 I vold    : Vold 3.0 (the awakening) firing up
11-10 20:29:07.260   322   322 D vold    : Detected support for: ext4 f2fs vfat
11-10 20:29:07.264   322   322 I vold    : [libfstab] Using Android DT directory /proc/device-tree/firmware/android/
11-10 20:29:07.266   322   322 I vold    : Not pre-creating userdata encryption device; device already exists
--------- beginning of kernel
11-10 20:29:04.629     0     0 I         : Linux version 6.12.18-android16-1-g50eb8d5d443b-ab13257114 (kleaf@build-host) (Android (12833971, +pgo, +bolt, +lto, +mlgo, based on r536225) clang version 19.0.1 (https://android.googlesource.com/toolchain/llvm-project b3a530ec6537146650e42be89f1089e9a3588460), LLD 19.0.1) #1 SMP PREEMPT Fri Mar 21 17:01:42 UTC 2025
11-10 20:29:04.629     0     0 I Command line: printk.devkmsg=on audit=1 panic=-1 8250.nr_uarts=1 cma=0 firmware_class.path=/vendor/etc/ loop.max_part=7 init=/init bootconfig  console=hvc0 earlycon=uart8250,io,0x3f8 pnpacpi=off ramoops.mem_address=0x150000000 ramoops.mem_size=0x200000 ramoops.console_size=0x80000 ramoops.record_size=0x80000 ramoops.dump_oops=1
11-10 20:29:04.629     0     0 I         : BIOS-provided physical RAM map:
11-10 20:29:04.629     0     0 I BIOS-e820: [mem 0x0000000000000000-0x000000000009ffff] usable
11-10 20:29:04.629     0     0 I BIOS-e820: [mem 0x00000000000a0000-0x00000000000fffff] reserved
11-10 20:29:04.629     0     0 I BIOS-e820: [mem 0x0000000000100000-0x00000000bed74fff] usable
11-10 20:29:04.629     0     0 I BIOS-e820: [mem 0x00000000bed75000-0x00000000bfffffff] reserved
11-10 20:29:04.629     0     0 I BIOS-e820: [mem 0x00000000e0000000-0x00000000efffffff] reserved
11-10 20:29:04.629     0     0 I BIOS-e820: [mem 0x0000000100000000-0x000000013fffffff] usable
11-10 20:29:04.629     0     0 I earlycon: uart8250 at I/O port 0x3f8 (options '')
11-10 20:29:04.629     0     0 I printk  : legacy bootconsole [uart8250] enabled
11-10 20:29:04.629     0     0 I         : NX (Execute Disable) protection: active
11-10 20:29:04.629     0     0 I APIC    : Static calls initialized
11-10 20:29:04.629     0     0 I         : DMI not present or invalid.
11-10 20:29:04.629     0     0 I Hypervisor detected: KVM
11-10 20:29:04.629     0     0 I kvm-clock: Using msrs 4b564d01 and 4b564d00
11-10 20:29:04.629     0     0 I kvm-clock: using sched offset of 3550564149 cycles
11-10 20:29:04.630     0     0 I clocksource: kvm-clock: mask: 0xffffffffffffffff max_cycles: 0x1cd42e4dffb, max_idle_ns: 881590591483 ns
11-10 20:29:04.633     0     0 I tsc     : Detected 3600.000 MHz processor
11-10 20:29:04.634     0     0 D e820    : update [mem 0x00000000-0x00000fff] usable ==> reserved
11-10 20:29:04.634     0     0 D e820    : remove [mem 0x000a0000-0x000fffff] usable
11-10 20:29:04.634     0     0 I         : last_pfn = 0x140000 max_arch_pfn = 0x400000000
11-10 20:29:04.635     0     0 I MTRR map: 3 entries (3 fixed + 0 variable; max 19), built from 8 variable MTRRs
11-10 20:29:04.637     0     0 I x86/PAT : Configuration [0-7]: WB  WC  UC- UC  WB  WP  UC- WT
11-10 20:29:04.638     0     0 I         : CPU MTRRs all blank - virtualized system.
11-10 20:29:04.639     0     0 I         : last_pfn = 0xbed75 max_arch_pfn = 0x400000000
11-10 20:29:04.640     0     0 I         : found SMP MP-table at [mem 0x000f0040-0x000f004f]
11-10 20:29:04.641     0     0 I         : Using GB pages for direct mapping
11-10 20:29:04.642     0     0 I RAMDISK : [mem 0x0e400000-0x0f955fff]
11-10 20:29:04.643     0     0 I ACPI    : Early table checksum verification disabled
11-10 20:29:04.644     0     0 I ACPI    : RSDP 0x00000000000F0130 000014 (v00 BOCHS )
11-10 20:29:04.645     0     0 I ACPI    : RSDT 0x00000000BED7D92C 000040 (v01 BOCHS  BXPC     00000001 BXPC 00000001)
11-10 20:29:04.647     0     0 I ACPI    : FACP 0x00000000BED7D053 000074 (v01 BOCHS  BXPC     00000001 BXPC 00000001)
11-10 20:29:04.648     0     0 I ACPI    : DSDT 0x00000000BED7B080 001FD3 (v01 BOCHS  BXPC     00000001 BXPC 00000001)
11-10 20:29:04.650     0     0 I ACPI    : FACS 0x00000000BED7B040 000040
11-10 20:29:04.651     0     0 I ACPI    : APIC 0x00000000BED7D0C7 000080 (v03 BOCHS  BXPC     00000001 BXPC 00000001)
11-10 20:29:04.652     0     0 I ACPI    : HPET 0x00000000BED7D147 000038 (v01 BOCHS  BXPC     00000001 BXPC 00000001)
11-10 20:29:04.654     0     0 I ACPI    : SRAT 0x00000000BED7D17F 000118 (v01 BOCHS  BXPC     00000001 BXPC 00000001)
11-10 20:29:04.655     0     0 I ACPI    : SSDT 0x00000000BED7D297 00058D (v01 BOCHS  NVDIMM   00000001 BXPC 00000001)
11-10 20:29:04.657     0     0 I ACPI    : NFIT 0x00000000BED7D824 0000E0 (v01 BOCHS  BXPC     00000001 BXPC 00000001)
11-10 20:29:04.658     0     0 I ACPI    : WAET 0x00000000BED7D904 000028 (v01 BOCHS  BXPC     00000001 BXPC 00000001)
11-10 20:29:04.660     0     0 I ACPI    : Reserving FACP table memory at [mem 0xbed7d053-0xbed7d0c6]
11-10 20:29:04.661     0     0 I ACPI    : Reserving DSDT table memory at [mem 0xbed7b080-0xbed7d052]
11-10 20:29:04.662     0     0 I ACPI    : Reserving FACS table memory at [mem 0xbed7b040-0xbed7b07f]
11-10 20:29:04.664     0     0 I ACPI    : Reserving APIC table memory at [mem 0xbed7d0c7-0xbed7d146]
11-10 20:29:04.665     0     0 I ACPI    : Reserving HPET table memory at [mem 0xbed7d147-0xbed7d17e]
11-10 20:29:04.666     0     0 I ACPI    : Reserving SRAT table memory at [mem 0xbed7d17f-0xbed7d296]
11-10 20:29:04.667     0     0 I ACPI    : Reserving SSDT table memory at [mem 0xbed7d297-0xbed7d823]
11-10 20:29:04.669     0     0 I ACPI    : Reserving NFIT table memory at [mem 0xbed7d824-0xbed7d903]
11-10 20:29:04.670     0     0 I ACPI    : Reserving WAET table memory at [mem 0xbed7d904-0xbed7d92b]
11-10 20:29:04.671     0     0 I Zone ranges:  
11-10 20:29:04.672     0     0 I         : DMA32    [mem 0x0000000000001000-0x00000000ffffffff]
11-10 20:29:04.673     0     0 I         : Normal   [mem 0x0000000100000000-0x000000013fffffff]
11-10 20:29:04.674     0     0 I         : Movable zone start for each node
11-10 20:29:04.675     0     0 I         : Early memory node ranges
11-10 20:29:04.675     0     0 I node   0: [mem 0x0000000000001000-0x000000000009ffff]
11-10 20:29:04.677     0     0 I node   0: [mem 0x0000000000100000-0x00000000bed74fff]
11-10 20:29:04.678     0     0 I node   0: [mem 0x0000000100000000-0x000000013fffffff]
11-10 20:29:04.679     0     0 I         : Initmem setup node 0 [mem 0x0000000000001000-0x000000013fffffff]
11-10 20:29:04.680     0     0 I         : On node 0, zone DMA32: 1 pages in unavailable ranges
11-10 20:29:04.702     0     0 I         : On node 0, zone DMA32: 96 pages in unavailable ranges
11-10 20:29:04.710     0     0 I         : On node 0, zone Normal: 4747 pages in unavailable ranges
11-10 20:29:04.712     0     0 I ACPI    : LAPIC_NMI (acpi_id[0xff] dfl dfl lint[0x1])
11-10 20:29:04.713     0     0 I IOAPIC[0]: apic_id 0, version 17, address 0xfec00000, GSI 0-23
11-10 20:29:04.714     0     0 I ACPI    : INT_SRC_OVR (bus 0 bus_irq 0 global_irq 2 dfl dfl)
11-10 20:29:04.716     0     0 I ACPI    : INT_SRC_OVR (bus 0 bus_irq 5 global_irq 5 high level)
11-10 20:29:04.717     0     0 I ACPI    : INT_SRC_OVR (bus 0 bus_irq 9 global_irq 9 high level)
11-10 20:29:04.718     0     0 I ACPI    : INT_SRC_OVR (bus 0 bus_irq 10 global_irq 10 high level)
11-10 20:29:04.719     0     0 I ACPI    : INT_SRC_OVR (bus 0 bus_irq 11 global_irq 11 high level)
11-10 20:29:04.720     0     0 I ACPI    : Using ACPI (MADT) for SMP configuration information
11-10 20:29:04.722     0     0 I ACPI    : HPET id: 0x8086a201 base: 0xfed00000
11-10 20:29:04.723     0     0 I         : TSC deadline timer available
11-10 20:29:04.723     0     0 I CPU topo: Max. logical packages:   1
11-10 20:29:04.724     0     0 I CPU topo: Max. logical dies:       1
11-10 20:29:04.725     0     0 I CPU topo: Max. dies per package:   1
11-10 20:29:04.726     0     0 I CPU topo: Max. threads per core:   1
11-10 20:29:04.727     0     0 I CPU topo: Num. cores per package:     2
11-10 20:29:04.728     0     0 I CPU topo: Num. threads per package:   2
11-10 20:29:04.728     0     0 I CPU topo: Allowing 2 present CPUs plus 0 hotplug CPUs
11-10 20:29:04.730     0     0 I kvm-guest: APIC: eoi() replaced with kvm_guest_apic_eoi_write()
11-10 20:29:04.731     0     0 I kvm-guest: KVM setup pv remote TLB flush
11-10 20:29:04.732     0     0 I kvm-guest: setup PV sched yield
11-10 20:29:04.732     0     0 I PM      : hibernation: Registered nosave memory: [mem 0x00000000-0x00000fff]
11-10 20:29:04.734     0     0 I PM      : hibernation: Registered nosave memory: [mem 0x000a0000-0x000fffff]
11-10 20:29:04.735     0     0 I PM      : hibernation: Registered nosave memory: [mem 0xbed75000-0xbfffffff]
11-10 20:29:04.737     0     0 I PM      : hibernation: Registered nosave memory: [mem 0xc0000000-0xdfffffff]
11-10 20:29:04.738     0     0 I PM      : hibernation: Registered nosave memory: [mem 0xe0000000-0xefffffff]
11-10 20:29:04.740     0     0 I PM      : hibernation: Registered nosave memory: [mem 0xf0000000-0xffffffff]
11-10 20:29:04.741     0     0 I         : [mem 0xc0000000-0xdfffffff] available for PCI devices
11-10 20:29:04.742     0     0 I         : Booting paravirtualized kernel on KVM
11-10 20:29:04.743     0     0 I clocksource: refined-jiffies: mask: 0xffffffff max_cycles: 0xffffffff, max_idle_ns: 7645519600211568 ns
11-10 20:29:04.745     0     0 I Load bootconfig: 2391 bytes 122 nodes
11-10 20:29:04.746     0     0 I setup_percpu: NR_CPUS:32 nr_cpumask_bits:2 nr_cpu_ids:2 nr_node_ids:1
11-10 20:29:04.748     0     0 I percpu  : Embedded 58 pages/cpu s199832 r8192 d29544 u1048576
11-10 20:29:04.749     0     0 D pcpu-alloc: s199832 r8192 d29544 u1048576 alloc=1*2097152
11-10 20:29:04.749     0     0 D pcpu-alloc: [0] 0 1
11-10 20:29:04.749     0     0 I         : Kernel command line: vmw_vsock_virtio_transport_common.virtio_transport_max_vsock_pkt_buf_size=16384 console=ttynull stack_depot_disable=on cgroup_disable=pressure bootconfig  printk.devkmsg=on audit=1 panic=-1 8250.nr_uarts=1 cma=0 firmware_class.path=/vendor/etc/ loop.max_part=7 init=/init bootconfig  console=hvc0 earlycon=uart8250,io,0x3f8 pnpacpi=off ramoops.mem_address=0x150000000 ramoops.mem_size=0x200000 ramoops.console_size=0x80000 ramoops.record_size=0x80000 ramoops.dump_oops=1
11-10 20:29:04.758     0     0 I cgroup  : Disabling pressure control group feature
11-10 20:29:04.759     0     0 I audit   : enabled (after initialization)
11-10 20:29:04.760     0     0 I random  : crng init done
11-10 20:29:04.762     0     0 I         : Dentry cache hash table entries: 524288 (order: 10, 4194304 bytes, linear)
11-10 20:29:04.765     0     0 I         : Inode-cache hash table entries: 262144 (order: 9, 2097152 bytes, linear)
11-10 20:29:04.766     0     0 I         : Built 1 zonelists, mobility grouping on.  Total pages: 1043732
11-10 20:29:04.768     0     0 I mem auto-init: stack:all(zero), heap alloc:on, heap free:off
11-10 20:29:04.769     0     0 I stackdepot: disabled
11-10 20:29:04.769     0     0 I         : software IO TLB: area num 2.
11-10 20:29:04.811     0     0 I SLUB    : HWalign=64, Order=0-3, MinObjects=0, CPUs=2, Nodes=1
11-10 20:29:04.812     0     0 I rcu     : Preemptible hierarchical RCU implementation.
11-10 20:29:04.813     0     0 I rcu     : RCU event tracing is enabled.
11-10 20:29:04.814     0     0 I rcu     : RCU restricting CPUs from NR_CPUS=32 to nr_cpu_ids=2.
11-10 20:29:04.815     0     0 I rcu     : RCU priority boosting: priority 1 delay 500 ms.
11-10 20:29:04.817     0     0 I         : Trampoline variant of Tasks RCU enabled.
11-10 20:29:04.817     0     0 I         : Tracing variant of Tasks RCU enabled.
11-10 20:29:04.818     0     0 I rcu     : RCU calculated value of scheduler-enlistment delay is 25 jiffies.
11-10 20:29:04.820     0     0 I rcu     : Adjusting geometry for rcu_fanout_leaf=16, nr_cpu_ids=2
11-10 20:29:04.821     0     0 I RCU Tasks: Setting shift to 1 and lim to 1 rcu_task_cb_adjust=1 rcu_task_cpu_ids=2.
11-10 20:29:04.823     0     0 I         : RCU Tasks Trace: Setting shift to 1 and lim to 1 rcu_task_cb_adjust=1 rcu_task_cpu_ids=2.
11-10 20:29:04.826     0     0 I NR_IRQS : 4352, nr_irqs: 440, preallocated irqs: 16
11-10 20:29:04.827     0     0 I rcu     : Offload RCU callbacks from CPUs: 0-1.
11-10 20:29:04.828     0     0 I rcu     : srcu_init: Setting srcu_struct sizes based on contention.
11-10 20:29:04.829     0     0 I kfence  : initialized - using 524288 bytes for 63 objects at 0x(____ptrval____)-0x(____ptrval____)
11-10 20:29:04.831     0     0 I ACPI    : Core revision 20240827
11-10 20:29:04.833     0     0 I clocksource: hpet: mask: 0xffffffff max_cycles: 0xffffffff, max_idle_ns: 19112604467 ns
11-10 20:29:04.835     0     0 I APIC    : Switch to symmetric I/O mode setup
11-10 20:29:04.836     0     0 I         : x2apic enabled
11-10 20:29:04.837     0     0 I APIC    : Switched APIC routing to: physical x2apic
11-10 20:29:04.838     0     0 I kvm-guest: APIC: send_IPI_mask() replaced with kvm_send_ipi_mask()
11-10 20:29:04.839     0     0 I kvm-guest: APIC: send_IPI_mask_allbutself() replaced with kvm_send_ipi_mask_allbutself()
11-10 20:29:04.841     0     0 I kvm-guest: setup PV IPIs
11-10 20:29:04.842     0     0 I ..TIMER : vector=0x30 apic1=0 pin1=2 apic2=-1 pin2=-1
11-10 20:29:04.843     0     0 I clocksource: tsc-early: mask: 0xffffffffffffffff max_cycles: 0x33e452fbb2f, max_idle_ns: 440795236593 ns
11-10 20:29:04.845     0     0 I         : Calibrating delay loop (skipped) preset value.. 7200.00 BogoMIPS (lpj=14400000)
11-10 20:29:04.847     0     0 I x86/cpu : User Mode Instruction Prevention (UMIP) activated
11-10 20:29:04.849     0     0 I         : Last level iTLB entries: 4KB 512, 2MB 255, 4MB 127
11-10 20:29:04.850     0     0 I         : Last level dTLB entries: 4KB 512, 2MB 255, 4MB 127, 1GB 0
11-10 20:29:04.852     0     0 I Spectre V1: Mitigation: usercopy/swapgs barriers and __user pointer sanitization
11-10 20:29:04.853     0     0 I Spectre V2: Mitigation: Retpolines
11-10 20:29:04.854     0     0 I Spectre V2: Spectre v2 / SpectreRSB mitigation: Filling RSB on context switch
11-10 20:29:04.856     0     0 I Spectre V2: Spectre v2 / SpectreRSB : Filling RSB on VMEXIT
11-10 20:29:04.857     0     0 I Spectre V2: Enabling Speculation Barrier for firmware calls
11-10 20:29:04.859     0     0 I RETBleed: Mitigation: untrained return thunk
11-10 20:29:04.859     0     0 I Spectre V2: mitigation: Enabling conditional Indirect Branch Prediction Barrier
11-10 20:29:04.861     0     0 I         : Speculative Store Bypass: Mitigation: Speculative Store Bypass disabled via prctl
11-10 20:29:04.863     0     0 W         : Speculative Return Stack Overflow: IBPB-extending microcode not applied!
11-10 20:29:04.864     0     0 W         : Speculative Return Stack Overflow: WARNING: See https://kernel.org/doc/html/latest/admin-guide/hw-vuln/srso.html for mitigation options.
11-10 20:29:04.864     0     0 I         : Speculative Return Stack Overflow: Vulnerable: Safe RET, no microcode
11-10 20:29:04.867     0     0 I x86/fpu : Supporting XSAVE feature 0x001: 'x87 floating point registers'
11-10 20:29:04.869     0     0 I x86/fpu : Supporting XSAVE feature 0x002: 'SSE registers'
11-10 20:29:04.870     0     0 I x86/fpu : Supporting XSAVE feature 0x004: 'AVX registers'
11-10 20:29:04.872     0     0 I x86/fpu : xstate_offset[2]:  576, xstate_sizes[2]:  256
11-10 20:29:04.873     0     0 I x86/fpu : Enabled xstate features 0x7, context size is 832 bytes, using 'compacted' format.
11-10 20:29:04.885     0     0 I SMP alternatives: Using kCFI
11-10 20:29:04.902     0     0 I         : Freeing SMP alternatives memory: 56K
11-10 20:29:04.903     0     0 I pid_max : default: 32768 minimum: 301
11-10 20:29:04.904     0     0 I LSM     : initializing lsm=capability,selinux,bpf
11-10 20:29:04.905     0     0 I SELinux : Initializing.
11-10 20:29:04.906     0     0 I         : LSM support for eBPF active
11-10 20:29:04.906     0     0 I         : Mount-cache hash table entries: 8192 (order: 4, 65536 bytes, linear)
11-10 20:29:04.908     0     0 I         : Mountpoint-cache hash table entries: 8192 (order: 4, 65536 bytes, linear)
11-10 20:29:04.910     0     0 I smpboot : CPU0: AMD Ryzen 7 3700X 8-Core Processor (family: 0x17, model: 0x71, stepping: 0x0)
11-10 20:29:04.912     0     0 I Performance Events: Fam17h+ core perfctr, AMD PMU driver.
11-10 20:29:04.913     0     0 I ... version: 0
11-10 20:29:04.913     0     0 I         : ... bit width:              48
11-10 20:29:04.914     0     0 I         : ... generic registers:      6
11-10 20:29:04.915     0     0 I         : ... value mask:             0000ffffffffffff
11-10 20:29:04.916     0     0 I         : ... max period:             00007fffffffffff
11-10 20:29:04.917     0     0 I         : ... fixed-purpose events:   0
11-10 20:29:04.917     0     0 I         : ... event mask:             000000000000003f
11-10 20:29:04.918     0     0 I signal  : max sigframe size: 1776
11-10 20:29:04.919     0     0 I rcu     : Hierarchical SRCU implementation.
11-10 20:29:04.920     0     0 I rcu     : Max phase no-delay instances is 1000.
11-10 20:29:04.921     0     0 I Timer migration: 1 hierarchy levels; 8 children per group; 1 crossnode level
11-10 20:29:04.924     0     0 I dyndbg  : Ignore empty _ddebug table in a CONFIG_DYNAMIC_DEBUG_CORE build
11-10 20:29:04.925     0     0 I smp     : Bringing up secondary CPUs ...
11-10 20:29:04.926     0     0 I smpboot : x86: Booting SMP configuration:
11-10 20:29:04.926     0     0 I         : .... node  #0, CPUs:      #1
11-10 20:29:04.927     0     0 I smp     : Brought up 1 node, 2 CPUs
11-10 20:29:04.927     0     0 I smpboot : Total of 2 processors activated (14400.00 BogoMIPS)
11-10 20:29:04.929     0     0 I Memory  : 3963404K/4174928K available (22528K kernel code, 2173K rwdata, 15496K rodata, 3096K init, 652K bss, 206716K reserved, 0K cma-reserved)
11-10 20:29:04.932     0     0 I x86/mm  : Memory block size: 128MB
11-10 20:29:04.934     0     0 I clocksource: jiffies: mask: 0xffffffff max_cycles: 0xffffffff, max_idle_ns: 7645041785100000 ns
11-10 20:29:04.935     0     0 I         : futex hash table entries: 512 (order: 3, 32768 bytes, linear)
11-10 20:29:04.938     0     0 I NET     : Registered PF_NETLINK/PF_ROUTE protocol family
11-10 20:29:04.940     0     0 I audit   : initializing netlink subsys (enabled)
11-10 20:29:06.158   312   312 I auditd  : type=2000 audit(0.0:1): state=initialized audit_enabled=1 res=1
11-10 20:29:06.158   312   312 W auditd  : type=2000 audit(0.0:1): state=initialized audit_enabled=1 res=1
11-10 20:29:04.941     0     0 I ramoops : using module parameters
11-10 20:29:04.944     0     0 I pstore  : Using crash dump compression: deflate
11-10 20:29:04.945     0     0 I printk  : legacy console [ramoops-1] enabled
11-10 20:29:04.976     0     0 I pstore  : Registered ramoops as persistent store backend
11-10 20:29:04.977     0     0 I ramoops : using 0x200000@0x150000000, ecc: 0
11-10 20:29:04.978     0     0 I thermal_sys: Registered thermal governor 'bang_bang'
11-10 20:29:04.978     0     0 I thermal_sys: Registered thermal governor 'step_wise'
11-10 20:29:04.979     0     0 I thermal_sys: Registered thermal governor 'user_space'
11-10 20:29:04.981     0     0 I cpuidle : using governor menu
11-10 20:29:04.986     0     0 I PCI     : Using configuration type 1 for base access
11-10 20:29:04.987     0     0 I PCI     : Using configuration type 1 for extended access
11-10 20:29:04.990     0     0 W mtrr    : your CPUs had inconsistent fixed MTRR settings
11-10 20:29:04.991     0     0 W mtrr    : your CPUs had inconsistent MTRRdefType settings
11-10 20:29:04.993     0     0 I mtrr    : probably your BIOS does not setup all CPUs.
11-10 20:29:04.993     0     0 I mtrr    : corrected configuration.
11-10 20:29:04.995     0     0 I kprobes : kprobe jump-optimization is enabled. All kprobes are optimized if possible.
11-10 20:29:04.998     0     0 I cryptd  : max_cpu_qlen set to 1000
11-10 20:29:05.005     0     0 I ACPI    : Added _OSI(Module Device)
11-10 20:29:05.006     0     0 I ACPI    : Added _OSI(Processor Device)
11-10 20:29:05.007     0     0 I ACPI    : Added _OSI(3.0 _SCP Extensions)
11-10 20:29:05.008     0     0 I ACPI    : Added _OSI(Processor Aggregator Device)
11-10 20:29:05.011     0     0 I ACPI    : 2 ACPI AML tables successfully acquired and loaded
11-10 20:29:05.014     0     0 I ACPI    : Interpreter enabled
11-10 20:29:05.015     0     0 I ACPI    : PM: (supports S0 S3 S4 S5)
11-10 20:29:05.015     0     0 I ACPI    : Using IOAPIC for interrupt routing
11-10 20:29:05.016     0     0 I PCI     : Using host bridge windows from ACPI; if necessary, use "pci=nocrs" and report a bug
11-10 20:29:05.018     0     0 I PCI     : Using E820 reservations for host bridge windows
11-10 20:29:05.019     0     0 I ACPI    : Enabled 4 GPEs in block 00 to 0F
11-10 20:29:05.025     0     0 I ACPI    : PCI Root Bridge [PCI0] (domain 0000 [bus 00-ff])
11-10 20:29:05.025     0     0 I acpi PNP0A03: 00: _OSC: OS supports [ExtendedConfig ASPM ClockPM Segments MSI HPX-Type3]
11-10 20:29:05.028     0     0 I         : PCI host bridge to bus 0000:00
11-10 20:29:05.029     0     0 I pci_bus 0000: 00: root bus resource [io  0x0000-0x0cf7 window]
11-10 20:29:05.029     0     0 I pci_bus 0000: 00: root bus resource [io  0x0d00-0xffff window]
11-10 20:29:05.031     0     0 I pci_bus 0000: 00: root bus resource [mem 0x000a0000-0x000bffff window]
11-10 20:29:05.032     0     0 I pci_bus 0000: 00: root bus resource [mem 0xc0000000-0xfebfffff window]
11-10 20:29:05.033     0     0 I pci_bus 0000: 00: root bus resource [mem 0x200000000-0x27fffffff window]
11-10 20:29:05.035     0     0 I pci_bus 0000: 00: root bus resource [bus 00-ff]
11-10 20:29:05.036  8086  8086 I pci 0000: 00:00.0: [8086:1237] type 00 class 0x060000 conventional PCI endpoint
11-10 20:29:05.042  8086  8086 I pci 0000: 00:01.0: [8086:7000] type 00 class 0x060100 conventional PCI endpoint
11-10 20:29:05.044  8086  8086 I pci 0000: 00:01.1: [8086:7010] type 00 class 0x010180 conventional PCI endpoint
11-10 20:29:05.049     0     0 I pci 0000: 00:01.1: BAR 4 [io  0x2000-0x200f]
11-10 20:29:05.051     0     0 I pci 0000: 00:01.1: BAR 0 [io  0x01f0-0x01f7]: legacy IDE quirk
11-10 20:29:05.052     0     0 I pci 0000: 00:01.1: BAR 1 [io  0x03f6]: legacy IDE quirk
11-10 20:29:05.053     0     0 I pci 0000: 00:01.1: BAR 2 [io  0x0170-0x0177]: legacy IDE quirk
11-10 20:29:05.055     0     0 I pci 0000: 00:01.1: BAR 3 [io  0x0376]: legacy IDE quirk
11-10 20:29:05.056  8086  8086 I pci 0000: 00:01.3: [8086:7113] type 00 class 0x068000 conventional PCI endpoint
11-10 20:29:05.058     0     0 I pci 0000: 00:01.3: quirk: [io  0xe400-0xe43f] claimed by PIIX4 ACPI
11-10 20:29:05.060     0     0 I pci 0000: 00:01.3: quirk: [io  0xb100-0xb10f] claimed by PIIX4 SMB
11-10 20:29:05.062     0     0 I pci 0000: 00:02.0: [1af4:1050] type 00 class 0x038000 conventional PCI endpoint
11-10 20:29:05.065     0     0 I pci 0000: 00:02.0: BAR 1 [mem 0xc0000000-0xc0000fff]
11-10 20:29:05.069     0     0 I pci 0000: 00:02.0: BAR 4 [mem 0xd0000000-0xd0003fff 64bit pref]
11-10 20:29:05.075     0     0 I pci 0000: 00:03.0: [1af4:1043] type 00 class 0x078000 conventional PCI endpoint
11-10 20:29:05.079     0     0 I pci 0000: 00:03.0: BAR 1 [mem 0xc0001000-0xc0001fff]
11-10 20:29:05.081     0     0 I pci 0000: 00:03.0: BAR 4 [mem 0xd0004000-0xd0007fff 64bit pref]
11-10 20:29:05.085     0     0 I pci 0000: 00:04.0: [1af4:1042] type 00 class 0x010000 conventional PCI endpoint
11-10 20:29:05.087     0     0 I pci 0000: 00:04.0: BAR 1 [mem 0xc0002000-0xc0002fff]
11-10 20:29:05.089     0     0 I pci 0000: 00:04.0: BAR 4 [mem 0xd0008000-0xd000bfff 64bit pref]
11-10 20:29:05.093     0     0 I pci 0000: 00:05.0: [1af4:1042] type 00 class 0x010000 conventional PCI endpoint
11-10 20:29:05.096     0     0 I pci 0000: 00:05.0: BAR 1 [mem 0xc0003000-0xc0003fff]
11-10 20:29:05.098     0     0 I pci 0000: 00:05.0: BAR 4 [mem 0xd000c000-0xd000ffff 64bit pref]
11-10 20:29:05.102     0     0 I pci 0000: 00:06.0: [1af4:1042] type 00 class 0x010000 conventional PCI endpoint
11-10 20:29:05.104     0     0 I pci 0000: 00:06.0: BAR 1 [mem 0xc0004000-0xc0004fff]
11-10 20:29:05.107     0     0 I pci 0000: 00:06.0: BAR 4 [mem 0xd0010000-0xd0013fff 64bit pref]
11-10 20:29:05.110     0     0 I pci 0000: 00:07.0: [1af4:105b] type 00 class 0x00ff00 conventional PCI endpoint
11-10 20:29:05.113     0     0 I pci 0000: 00:07.0: BAR 4 [mem 0xd0014000-0xd0017fff 64bit pref]
11-10 20:29:05.120     0     0 I pci 0000: 00:08.0: [1af4:105b] type 00 class 0x00ff00 conventional PCI endpoint
11-10 20:29:05.123     0     0 I pci 0000: 00:08.0: BAR 4 [mem 0xd0018000-0xd001bfff 64bit pref]
11-10 20:29:05.126     0     0 I pci 0000: 00:09.0: [1af4:1044] type 00 class 0x00ff00 conventional PCI endpoint
11-10 20:29:05.128     0     0 I pci 0000: 00:09.0: BAR 1 [mem 0xc0005000-0xc0005fff]
11-10 20:29:05.131     0     0 I pci 0000: 00:09.0: BAR 4 [mem 0xd001c000-0xd001ffff 64bit pref]
11-10 20:29:05.134     0     0 I pci 0000: 00:0a.0: [1af4:1052] type 00 class 0x090200 conventional PCI endpoint
11-10 20:29:05.137     0     0 I pci 0000: 00:0a.0: BAR 1 [mem 0xc0006000-0xc0006fff]
11-10 20:29:05.139     0     0 I pci 0000: 00:0a.0: BAR 4 [mem 0xd0020000-0xd0023fff 64bit pref]
11-10 20:29:05.143     0     0 I pci 0000: 00:0b.0: [1af4:1052] type 00 class 0x090000 conventional PCI endpoint
11-10 20:29:05.145     0     0 I pci 0000: 00:0b.0: BAR 1 [mem 0xc0007000-0xc0007fff]
11-10 20:29:05.148     0     0 I pci 0000: 00:0b.0: BAR 4 [mem 0xd0024000-0xd0027fff 64bit pref]
11-10 20:29:05.151     0     0 I pci 0000: 00:0c.0: [1af4:1052] type 00 class 0x098000 conventional PCI endpoint
11-10 20:29:05.154     0     0 I pci 0000: 00:0c.0: BAR 1 [mem 0xc0008000-0xc0008fff]
11-10 20:29:05.156     0     0 I pci 0000: 00:0c.0: BAR 4 [mem 0xd0028000-0xd002bfff 64bit pref]
11-10 20:29:05.160     0     0 I pci 0000: 00:0d.0: [1af4:1052] type 00 class 0x098000 conventional PCI endpoint
11-10 20:29:05.162     0     0 I pci 0000: 00:0d.0: BAR 1 [mem 0xc0009000-0xc0009fff]
11-10 20:29:05.165     0     0 I pci 0000: 00:0d.0: BAR 4 [mem 0xd002c000-0xd002ffff 64bit pref]
11-10 20:29:05.167     0     0 I pci 0000: 00:0e.0: [1af4:1045] type 00 class 0x00ff00 conventional PCI endpoint
11-10 20:29:05.171     0     0 I pci 0000: 00:0e.0: BAR 4 [mem 0xd0030000-0xd0033fff 64bit pref]
11-10 20:29:05.174     0     0 I pci 0000: 00:0f.0: [1af4:1041] type 00 class 0x020000 conventional PCI endpoint
11-10 20:29:05.176     0     0 I pci 0000: 00:0f.0: BAR 1 [mem 0xc000a000-0xc000afff]
11-10 20:29:05.179     0     0 I pci 0000: 00:0f.0: BAR 4 [mem 0xd0034000-0xd0037fff 64bit pref]
11-10 20:29:05.181     0     0 I pci 0000: 00:0f.0: ROM [mem 0xc0040000-0xc007ffff pref]
11-10 20:29:05.184     0     0 I pci 0000: 00:10.0: [1af4:1041] type 00 class 0x020000 conventional PCI endpoint
11-10 20:29:05.186     0     0 I pci 0000: 00:10.0: BAR 1 [mem 0xc0080000-0xc0080fff]
11-10 20:29:05.189     0     0 I pci 0000: 00:10.0: BAR 4 [mem 0xd0038000-0xd003bfff 64bit pref]
11-10 20:29:05.194     0     0 I pci 0000: 00:10.0: ROM [mem 0xc00c0000-0xc00fffff pref]
11-10 20:29:05.197     0     0 I pci 0000: 00:11.0: [1af4:1053] type 00 class 0x078000 conventional PCI endpoint
11-10 20:29:05.198     0     0 I pci 0000: 00:11.0: BAR 1 [mem 0xc0100000-0xc0100fff]
11-10 20:29:05.201     0     0 I pci 0000: 00:11.0: BAR 4 [mem 0xd003c000-0xd003ffff 64bit pref]
11-10 20:29:05.203  8086  8086 I pci 0000: 00:12.0: [8086:2415] type 00 class 0x040100 conventional PCI endpoint
11-10 20:29:05.205     0     0 I pci 0000: 00:12.0: BAR 0 [io  0x2400-0x27ff]
11-10 20:29:05.207     0     0 I pci 0000: 00:12.0: BAR 1 [io  0x2800-0x28ff]
11-10 20:29:05.211     0     0 I pci 0000: 00:13.0: [1b36:000d] type 00 class 0x0c0330 conventional PCI endpoint
11-10 20:29:05.213     0     0 I pci 0000: 00:13.0: BAR 0 [mem 0xc0104000-0xc0107fff 64bit]
11-10 20:29:05.217     0     0 D pci_bus 0000: 00: on NUMA node 0
11-10 20:29:05.217     0     0 I ACPI    : PCI: Interrupt link LNKA configured for IRQ 0
11-10 20:29:05.217     0     0 I ACPI    : PCI: Interrupt link LNKA disabled
11-10 20:29:05.219     0     0 I ACPI    : PCI: Interrupt link LNKB configured for IRQ 0
11-10 20:29:05.220     0     0 I ACPI    : PCI: Interrupt link LNKB disabled
11-10 20:29:05.221     0     0 I ACPI    : PCI: Interrupt link LNKC configured for IRQ 10
11-10 20:29:05.226     0     0 I ACPI    : PCI: Interrupt link LNKD configured for IRQ 6
11-10 20:29:05.227     0     0 I ACPI    : PCI: Interrupt link LNKS configured for IRQ 9
11-10 20:29:05.229     0     0 I iommu   : Default domain type: Translated
11-10 20:29:05.229     0     0 I iommu   : DMA domain TLB invalidation policy: lazy mode
11-10 20:29:05.231     0     0 I         : SCSI subsystem initialized
11-10 20:29:05.232     0     0 I ACPI    : bus type USB registered
11-10 20:29:05.233     0     0 I usbcore : registered new interface driver usbfs
11-10 20:29:05.233     0     0 I usbcore : registered new interface driver hub
11-10 20:29:05.235     0     0 I usbcore : registered new device driver usb
11-10 20:29:05.236     0     0 I mc      : Linux media interface: v0.10
11-10 20:29:05.237     0     0 I videodev: Linux video capture interface: v2.00
11-10 20:29:05.237     0     0 I EDAC MC : Ver: 3.0.0
11-10 20:29:05.239     0     0 I         : Advanced Linux Sound Architecture Driver Initialized.
11-10 20:29:05.239     0     0 I PCI     : Using ACPI for IRQ routing
11-10 20:29:05.241     0     0 D PCI     : pci_cache_line_size set to 64 bytes
11-10 20:29:05.242     0     0 D e820    : reserve RAM buffer [mem 0xbed75000-0xbfffffff]
11-10 20:29:05.242     0     0 I vgaarb  : loaded
11-10 20:29:05.242     0     0 I hpet0   : at MMIO 0xfed00000, IRQs 2, 8, 0
11-10 20:29:05.245     0     0 I hpet0   : 3 comparators, 64-bit 100.000000 MHz counter
11-10 20:29:05.249     0     0 I clocksource: Switched to clocksource kvm-clock
11-10 20:29:05.251     0     0 I VFS     : Disk quotas dquot_6.6.0
11-10 20:29:05.252     0     0 I VFS     : Dquot-cache hash table entries: 512 (order 0, 4096 bytes)
11-10 20:29:05.253     0     0 I pnp     : PnP ACPI: disabled
11-10 20:29:05.254     0     0 I NET     : Registered PF_INET protocol family
11-10 20:29:05.256     0     0 I         : IP idents hash table entries: 65536 (order: 7, 524288 bytes, linear)
11-10 20:29:05.274     0     0 I         : tcp_listen_portaddr_hash hash table entries: 2048 (order: 3, 32768 bytes, linear)
11-10 20:29:05.275     0     0 I         : Table-perturb hash table entries: 65536 (order: 6, 262144 bytes, linear)
11-10 20:29:05.277     0     0 I         : TCP established hash table entries: 32768 (order: 6, 262144 bytes, linear)
11-10 20:29:05.279     0     0 I         : TCP bind hash table entries: 32768 (order: 8, 1048576 bytes, linear)
11-10 20:29:05.281     0     0 I TCP     : Hash tables configured (established 32768 bind 32768)
11-10 20:29:05.282     0     0 I         : UDP hash table entries: 2048 (order: 4, 65536 bytes, linear)
11-10 20:29:05.283     0     0 I         : UDP-Lite hash table entries: 2048 (order: 4, 65536 bytes, linear)
11-10 20:29:05.285     0     0 I NET     : Registered PF_UNIX/PF_LOCAL protocol family
11-10 20:29:05.286     0     0 I NET     : Registered PF_XDP protocol family
11-10 20:29:05.287     0     0 I pci_bus 0000: 00: resource 4 [io  0x0000-0x0cf7 window]
11-10 20:29:05.288     0     0 I pci_bus 0000: 00: resource 5 [io  0x0d00-0xffff window]
11-10 20:29:05.290     0     0 I pci_bus 0000: 00: resource 6 [mem 0x000a0000-0x000bffff window]
11-10 20:29:05.291     0     0 I pci_bus 0000: 00: resource 7 [mem 0xc0000000-0xfebfffff window]
11-10 20:29:05.293     0     0 I pci_bus 0000: 00: resource 8 [mem 0x200000000-0x27fffffff window]
11-10 20:29:05.294     0     0 I pci 0000: 00:01.0: PIIX3: Enabling Passive Release
11-10 20:29:05.295     0     0 I pci 0000: 00:00.0: Limiting direct PCI/PCI transfers
11-10 20:29:05.327     0     0 I ACPI    : \_SB_.LNKC: Enabled at IRQ 10
11-10 20:29:05.358     0     0 I pci 0000: 00:13.0: quirk_usb_early_handoff+0x0/0x790 took 59624 usecs
11-10 20:29:05.359     0     0 I PCI     : CLS 32 bytes, default 64
11-10 20:29:05.360     0     0 I PCI-DMA : Using software bounce buffering for IO (SWIOTLB)
11-10 20:29:05.360     0     0 I         : Trying to unpack rootfs image as initramfs...
11-10 20:29:05.361     0     0 I         : software IO TLB: mapped [mem 0x00000000bad75000-0x00000000bed75000] (64MB)
11-10 20:29:05.365     0     0 E kvm_intel: VMX not supported by CPU 1
11-10 20:29:05.366     0     0 I kvm_amd : TSC scaling supported
11-10 20:29:05.366     0     0 I kvm_amd : Nested Virtualization enabled
11-10 20:29:05.367     0     0 I kvm_amd : Nested Paging enabled
11-10 20:29:05.368     0     0 I kvm_amd : LBR virtualization supported
11-10 20:29:05.369     0     0 I kvm_amd : Virtual VMLOAD VMSAVE supported
11-10 20:29:05.370     0     0 I kvm_amd : Virtual GIF supported
11-10 20:29:05.381     0     0 I clocksource: tsc: mask: 0xffffffffffffffff max_cycles: 0x33e452fbb2f, max_idle_ns: 440795236593 ns
11-10 20:29:05.384     0     0 I platform rtc_cmos: registered platform RTC device (no PNP device found)
11-10 20:29:05.386     0     0 I         : Initialise system trusted keyrings
11-10 20:29:05.387     0     0 I workingset: timestamp_bits=46 max_order=20 bucket_order=0
11-10 20:29:05.388     0     0 I fuse    : init (API version 7.41)
11-10 20:29:05.408     0     0 I         : Key type asymmetric registered
11-10 20:29:05.409     0     0 I         : Asymmetric key parser 'x509' registered
11-10 20:29:05.410     0     0 I         : Block layer SCSI generic (bsg) driver version 0.4 loaded (major 240)
11-10 20:29:05.412     0     0 I         : io scheduler mq-deadline registered
11-10 20:29:05.413     0     0 I         : io scheduler kyber registered
11-10 20:29:05.414     0     0 I         : io scheduler bfq registered
11-10 20:29:05.415     0     0 I input   : Power Button as /devices/LNXSYSTM:00/LNXPWRBN:00/input/input0
11-10 20:29:05.421     0     0 I ACPI    : button: Power Button [PWRF]
11-10 20:29:05.422     0     0 I Serial  : 8250/16550 driver, 1 ports, IRQ sharing disabled
11-10 20:29:05.424     0     0 I serial8250: ttyS0 at I/O 0x3f8 (irq = 4, base_baud = 115200) is a 16550A
11-10 20:29:05.426     0     0 I printk  : legacy console [ttynull0] enabled
11-10 20:29:05.427     0     0 I ACPI    : bus type drm_connector registered
11-10 20:29:05.431     0     0 I brd     : module loaded
11-10 20:29:05.434     0     0 I loop    : module loaded
11-10 20:29:05.437     0     0 I         : Freeing initrd memory: 21844K
11-10 20:29:05.439     0     0 I wireguard: WireGuard 1.0.0 loaded. See www.wireguard.com for information.
11-10 20:29:05.441     0     0 I wireguard: Copyright (C) 2015-2019 Jason A. Donenfeld <Jason@zx2c4.com>. All Rights Reserved.
11-10 20:29:05.443     0     0 I tun     : Universal TUN/TAP device driver, 1.6
11-10 20:29:05.474     0     0 I xhci_hcd 0000: 00:13.0: xHCI Host Controller
11-10 20:29:05.476     0     0 I xhci_hcd 0000: 00:13.0: new USB bus registered, assigned bus number 1
11-10 20:29:05.478     0     0 I xhci_hcd 0000: 00:13.0: hcc params 0x00087001 hci version 0x100 quirks 0x0000000000000010
11-10 20:29:05.480     0     0 I xhci_hcd 0000: 00:13.0: xHCI Host Controller
11-10 20:29:05.481     0     0 I xhci_hcd 0000: 00:13.0: new USB bus registered, assigned bus number 2
11-10 20:29:05.483     0     0 I xhci_hcd 0000: 00:13.0: Host supports USB 3.0 SuperSpeed
11-10 20:29:05.484     0     0 I usb1    : New USB device found, idVendor=1d6b, idProduct=0002, bcdDevice= 6.12
11-10 20:29:05.486     0     0 I usb1    : New USB device strings: Mfr=3, Product=2, SerialNumber=1
11-10 20:29:05.487     0     0 I usb1    : Product: xHCI Host Controller
11-10 20:29:05.488     0     0 I usb1    : Manufacturer: Linux 6.12.18-android16-1-g50eb8d5d443b-ab13257114 xhci-hcd
11-10 20:29:05.490     0     0 I usb1    : SerialNumber: 0000:00:13.0
11-10 20:29:05.491     0     0 I hub 1-0 : 1.0: USB hub found
11-10 20:29:05.492     0     0 I hub 1-0 : 1.0: 4 ports detected
11-10 20:29:05.493     0     0 I usb2    : We don't know the algorithms for LPM for this host, disabling LPM.
11-10 20:29:05.495     0     0 I usb2    : New USB device found, idVendor=1d6b, idProduct=0003, bcdDevice= 6.12
11-10 20:29:05.497     0     0 I usb2    : New USB device strings: Mfr=3, Product=2, SerialNumber=1
11-10 20:29:05.498     0     0 I usb2    : Product: xHCI Host Controller
11-10 20:29:05.499     0     0 I usb2    : Manufacturer: Linux 6.12.18-android16-1-g50eb8d5d443b-ab13257114 xhci-hcd
11-10 20:29:05.501     0     0 I usb2    : SerialNumber: 0000:00:13.0
11-10 20:29:05.502     0     0 I hub 2-0 : 1.0: USB hub found
11-10 20:29:05.503     0     0 I hub 2-0 : 1.0: 4 ports detected
11-10 20:29:05.504     0     0 I usbcore : registered new interface driver uas
11-10 20:29:05.505     0     0 I usbcore : registered new interface driver usb-storage
11-10 20:29:05.507     0     0 I i8042   : PNP: No PS/2 controller found.
11-10 20:29:05.508     0     0 I i8042   : Probing ports directly.
11-10 20:29:05.509     0     0 I serio   : i8042 KBD port at 0x60,0x64 irq 1
11-10 20:29:05.510     0     0 I serio   : i8042 AUX port at 0x60,0x64 irq 12
11-10 20:29:05.512     0     0 I usbcore : registered new interface driver xpad
11-10 20:29:05.513     0     0 I         : rtc_cmos rtc_cmos: RTC can wake from S4
11-10 20:29:05.514     0     0 I         : rtc_cmos rtc_cmos: registered as rtc0
11-10 20:29:05.515     0     0 I         : rtc_cmos rtc_cmos: setting system clock to 2025-11-10T20:29:05 UTC (1762806545)
11-10 20:29:05.517     0     0 I input   : AT Raw Set 2 keyboard as /devices/platform/i8042/serio0/input/input1
11-10 20:29:05.519     0     0 I         : rtc_cmos rtc_cmos: alarms up to one day, y3k, 114 bytes nvram, hpet irqs
11-10 20:29:05.521     0     0 I gspca_main: v2.14.0 registered
11-10 20:29:05.522     0     0 I usbcore : registered new interface driver uvcvideo
11-10 20:29:05.523     0     0 I device-mapper: uevent: version 1.0.3
11-10 20:29:05.524     0     0 I device-mapper: ioctl: 4.48.0-ioctl (2023-03-01) initialised: dm-devel@lists.linux.dev
11-10 20:29:05.526     0     0 W amd_pstate: the _CPC object is not present in SBIOS or ACPI disabled
11-10 20:29:05.528     0     0 I sdhci   : Secure Digital Host Controller Interface driver
11-10 20:29:05.529     0     0 I sdhci   : Copyright(c) Pierre Ossman
11-10 20:29:05.530     0     0 I sdhci-pltfm: SDHCI platform and OF driver helper
11-10 20:29:05.531     0     0 I hid     : raw HID events driver (C) Jiri Kosina
11-10 20:29:05.533     0     0 I usbcore : registered new interface driver usbhid
11-10 20:29:05.534     0     0 I usbhid  : USB HID core driver
11-10 20:29:05.535     0     0 I ashmem_rust: Using Rust implementation.
11-10 20:29:05.535     0     0 I usbcore : registered new interface driver snd-usb-audio
11-10 20:29:05.537     0     0 I         : GACT probability NOT on
11-10 20:29:05.538     0     0 I         : Mirror/redirect action on
11-10 20:29:05.539     0     0 I netem   : version 1.3
11-10 20:29:05.539     0     0 I         : u32 classifier
11-10 20:29:05.540     0     0 I         : input device check on
11-10 20:29:05.541     0     0 I         : Actions configured
11-10 20:29:05.542     0     0 I xt_time : kernel timezone is -0000
11-10 20:29:05.543     0     0 I ipip    : IPv4 and MPLS over IPv4 tunneling driver
11-10 20:29:05.544     0     0 I gre     : GRE over IPv4 demultiplexor driver
11-10 20:29:05.545     0     0 I ip_gre  : GRE over IPv4 tunneling driver
11-10 20:29:05.547     0     0 I         : IPv4 over IPsec tunneling driver
11-10 20:29:05.548     0     0 I         : Initializing XFRM netlink socket
11-10 20:29:05.549     0     0 I         : IPsec XFRM device driver
11-10 20:29:05.549     0     0 I NET     : Registered PF_INET6 protocol family
11-10 20:29:05.551     0     0 I         : Segment Routing with IPv6
11-10 20:29:05.552     0     0 I         : In-situ OAM (IOAM) with IPv6
11-10 20:29:05.553     0     0 I mip6    : Mobile IPv6
11-10 20:29:05.553     0     0 I sit     : IPv6, IPv4 and MPLS over IPv4 tunneling driver
11-10 20:29:05.555     0     0 I ip6_gre : GRE over IPv6 tunneling driver
11-10 20:29:05.556     0     0 I NET     : Registered PF_PACKET protocol family
11-10 20:29:05.557     0     0 I NET     : Registered PF_KEY protocol family
11-10 20:29:05.558     0     0 I NET     : Registered PF_VSOCK protocol family
11-10 20:29:05.560     0     0 I         : IPI shorthand broadcast: enabled
11-10 20:29:05.561     0     0 I         : AES CTR mode by8 optimization enabled
11-10 20:29:05.565     0     0 I sched_clock: Marking stable (920003000, 15914900)->(940583763, -4665863)
11-10 20:29:05.567     0     0 I         : registered taskstats version 1
11-10 20:29:05.568     0     0 I         : Loading compiled-in X.509 certificates
11-10 20:29:05.569     0     0 I         : Loaded X.509 cert 'Build time autogenerated kernel key: 4dcd184ac7973ac97ec937a2f603db90b193326d'
11-10 20:29:05.575     0     0 I         : page_owner is disabled
11-10 20:29:05.576     0     0 I         : Key type .fscrypt registered
11-10 20:29:05.577     0     0 I         : Key type fscrypt-provisioning registered
11-10 20:29:05.595     0     0 I         : ALSA device list:
11-10 20:29:05.596     0     0 I         : No soundcards found.
11-10 20:29:05.597     0     0 I         : Freeing unused kernel image (initmem) memory: 3096K
11-10 20:29:05.599     0     0 I         : Write protecting the kernel read-only data: 38912k
11-10 20:29:05.600     0     0 I         : Freeing unused kernel image (rodata/data gap) memory: 888K
11-10 20:29:05.602     0     0 I         : Run /init as init process
11-10 20:29:05.602     0     0 D with arguments:  
11-10 20:29:05.602     0     0 D         : /init
11-10 20:29:05.602     0     0 D with environment:  
11-10 20:29:05.602     0     0 D         : HOME=/
11-10 20:29:05.602     0     0 D         : TERM=linux
11-10 20:29:05.603     0     0 I init    : init first stage started!
11-10 20:29:05.604     0     0 I init    : Loading module /lib/modules/failover.ko with args ''
11-10 20:29:05.606     0     0 I init    : Loaded kernel module /lib/modules/failover.ko
11-10 20:29:05.607     0     0 I init    : Loading module /lib/modules/nd_virtio.ko with args ''
11-10 20:29:05.609     0     0 I init    : Loaded kernel module /lib/modules/nd_virtio.ko
11-10 20:29:05.610     0     0 I init    : Loading module /lib/modules/net_failover.ko with args ''
11-10 20:29:05.612     0     0 I init    : Loaded kernel module /lib/modules/net_failover.ko
11-10 20:29:05.613     0     0 I init    : Loading module /lib/modules/virtio_dma_buf.ko with args ''
11-10 20:29:05.615     0     0 I init    : Loaded kernel module /lib/modules/virtio_dma_buf.ko
11-10 20:29:05.616     0     0 I init    : Loading module /lib/modules/virtio-gpu.ko with args ''
11-10 20:29:05.619     0     0 I init    : Loaded kernel module /lib/modules/virtio-gpu.ko
11-10 20:29:05.621     0     0 I init    : Loading module /lib/modules/virtio_input.ko with args ''
11-10 20:29:05.622     0     0 I init    : Loaded kernel module /lib/modules/virtio_input.ko
11-10 20:29:05.624     0     0 I init    : Loading module /lib/modules/virtio_net.ko with args ''
11-10 20:29:05.626     0     0 I init    : Loaded kernel module /lib/modules/virtio_net.ko
11-10 20:29:05.627     0     0 I init    : Loading module /lib/modules/virtio-rng.ko with args ''
11-10 20:29:05.629     0     0 I init    : Loaded kernel module /lib/modules/virtio-rng.ko
11-10 20:29:05.630     0     0 I init    : Loading module /lib/modules/libarc4.ko with args ''
11-10 20:29:05.632     0     0 I init    : Loaded kernel module /lib/modules/libarc4.ko
11-10 20:29:05.634     0     0 I init    : Loading module /lib/modules/rfkill.ko with args ''
11-10 20:29:05.637     0     0 I init    : Loaded kernel module /lib/modules/rfkill.ko
11-10 20:29:05.639     0     0 I init    : Loading module /lib/modules/cfg80211.ko with args ''
11-10 20:29:05.651     0     0 I cfg80211: Loading compiled-in X.509 certificates for regulatory database
11-10 20:29:05.653     0     0 I         : Loaded X.509 cert 'sforshee: 00b28ddf47aef9cea7'
11-10 20:29:05.655     0     0 I         : Loaded X.509 cert 'wens: 61c038651aabdcf94bd0ac7ff06c7248db18c600'
11-10 20:29:05.656     0     0 W platform regulatory.0: Direct firmware load for regulatory.db failed with error -2
11-10 20:29:05.658     0     0 I cfg80211: failed to load regulatory.db
11-10 20:29:05.662     0     0 I init    : Loaded kernel module /lib/modules/cfg80211.ko
11-10 20:29:05.664     0     0 I init    : Loading module /lib/modules/mac80211.ko with args ''
11-10 20:29:05.673     0     0 I init    : Loaded kernel module /lib/modules/mac80211.ko
11-10 20:29:05.675     0     0 I init    : Loading module /lib/modules/mac80211_hwsim.ko with args 'radios=0'
11-10 20:29:05.677     0     0 I mac80211_hwsim: initializing netlink
11-10 20:29:05.679     0     0 I init    : Loaded kernel module /lib/modules/mac80211_hwsim.ko
11-10 20:29:05.680     0     0 I init    : Loading module /lib/modules/virtio_blk.ko with args ''
11-10 20:29:05.683     0     0 I init    : Loaded kernel module /lib/modules/virtio_blk.ko
11-10 20:29:05.684     0     0 I init    : Loading module /lib/modules/virtio_console.ko with args ''
11-10 20:29:05.686     0     0 I init    : Loaded kernel module /lib/modules/virtio_console.ko
11-10 20:29:05.688     0     0 I init    : Loading module /lib/modules/virtio_pci_modern_dev.ko with args ''
11-10 20:29:05.690     0     0 I init    : Loaded kernel module /lib/modules/virtio_pci_modern_dev.ko
11-10 20:29:05.692     0     0 I init    : Loading module /lib/modules/virtio_pci_legacy_dev.ko with args ''
11-10 20:29:05.694     0     0 I init    : Loaded kernel module /lib/modules/virtio_pci_legacy_dev.ko
11-10 20:29:05.696     0     0 I init    : Loading module /lib/modules/virtio_pci.ko with args ''
11-10 20:29:05.729     0     0 I ACPI    : \_SB_.LNKB: Enabled at IRQ 11
11-10 20:29:05.731     0     0 I [drm] pci: virtio-gpu-pci detected at 0000:00:02.0
11-10 20:29:05.732     0     0 I [drm] features: -virgl +edid -resource_blob -host_visible
11-10 20:29:05.732     0     0 I [drm] features: -context_init
11-10 20:29:05.736     0     0 I         : [drm] number of scanouts: 1
11-10 20:29:05.736     0     0 I         : [drm] number of cap sets: 0
11-10 20:29:05.738     0     0 I         : [drm] Initialized virtio_gpu 0.1.0 for 0000:00:02.0 on minor 0
11-10 20:29:05.792     0     0 I printk  : legacy console [hvc0] enabled
11-10 20:29:05.793     0     0 I printk  : legacy bootconsole [uart8250] disabled
11-10 20:29:05.816     0     0 I ACPI    : \_SB_.LNKD: Enabled at IRQ 11
11-10 20:29:05.818     0     0 I virtio_blk virtio2: 2/0/0 default/read/poll queues
11-10 20:29:05.819     0     0 I virtio_blk virtio2: [vda] 32148608 512-byte logical blocks (16.5 GB/15.3 GiB)
11-10 20:29:05.820     0     0 I vda     : vda1 vda2 vda3 vda4 vda5 vda6 vda7 vda8 vda9 vda10 vda11 vda12 vda13 vda14 vda15 vda16 vda17 vda18
11-10 20:29:05.852     0     0 I ACPI    : \_SB_.LNKA: Enabled at IRQ 10
11-10 20:29:05.853     0     0 I virtio_blk virtio3: 2/0/0 default/read/poll queues
11-10 20:29:05.854     0     0 I virtio_blk virtio3: [vdb] 2560 512-byte logical blocks (1.31 MB/1.25 MiB)
11-10 20:29:05.859     0     0 I vdb     : vdb1 vdb2 vdb3 vdb4
11-10 20:29:05.890     0     0 I virtio_blk virtio4: 2/0/0 default/read/poll queues
11-10 20:29:05.892     0     0 I virtio_blk virtio4: [vdc] 4194304 512-byte logical blocks (2.15 GB/2.00 GiB)
11-10 20:29:05.892     0     0 I vdc     : vdc1
11-10 20:29:06.019     0     0 I input   : QEMU Virtio Mouse as /devices/pci0000:00/0000:00:0a.0/virtio8/input/input3
11-10 20:29:06.052     0     0 I input   : QEMU Virtio Keyboard as /devices/pci0000:00/0000:00:0b.0/virtio9/input/input4
11-10 20:29:06.086     0     0 I input   : Cuttlefish Vhost User Switches 0 as /devices/pci0000:00/0000:00:0c.0/virtio10/input/input5
