11-11 01:55:48.099   609   609 I odsign  : On-device signing done.
11-11 01:55:48.101   346   389 I keystore2: system/security/keystore2/src/super_key.rs:342 - keystore.boot_level 1000000000 hits maximum 1000000000, finishing.
11-11 01:55:48.121     0     0 I init    : Wait for property 'odsign.key.done=1' took 196ms
11-11 01:55:48.123     0     0 I init    : starting service 'apexd-snapshotde'...
11-11 01:55:48.126     0     0 I init    : ... started service 'apexd-snapshotde' has pid 612
11-11 01:55:48.127     0     0 I init    : SVC_EXEC service 'apexd-snapshotde' pid 612 (uid 0 gid 1000+0 context default) started; waiting...
11-11 01:55:48.129     0     0 I init    : Sending signal 9 to service 'odsign' (pid 609) process group...
11-11 01:55:48.131     0     0 I libprocessgroup: Removed cgroup /sys/fs/cgroup/system/uid_0/pid_609
11-11 01:55:48.133     0     0 I init    : Control message: Processed ctl.stop for 'odsign' from pid: 609 (/system/bin/odsign)
11-11 01:55:48.134     0     0 I init    : Service 'odsign' (pid 609) received signal 9
11-11 01:55:48.135     0     0 I init    : Sending signal 9 to service 'odsign' (pid 609) process group...
11-11 01:55:48.137     0     0 E libprocessgroup: Failed to write 1 to /sys/fs/cgroup/system/uid_0/pid_609/cgroup.kill: No such file or directory
11-11 01:55:48.138     0     0 I apexd   : Started. subcommand = --snapshotde
11-11 01:55:48.138     0     0 E libprocessgroup: Failed to open /sys/fs/cgroup/system/uid_0/pid_609/cgroup.procs: No such file or directory
11-11 01:55:48.139     0     0 W apexd-snapshotde: Thread Pool max thread count is 0. Cannot cache binder as linkToDeath cannot be implemented. serviceName: vold
11-11 01:55:48.144     0     0 I apexd-snapshotde: Marking APEXd as ready
11-11 01:55:48.146     0     0 I init    : Service 'apexd-snapshotde' (pid 612) exited with status 0 waiting took 0.020000 seconds
11-11 01:55:48.148     0     0 I init    : Sending signal 9 to service 'apexd-snapshotde' (pid 612) process group...
11-11 01:55:48.149     0     0 I libprocessgroup: Removed cgroup /sys/fs/cgroup/system/uid_0/pid_612
11-11 01:55:48.156     0     0 I init    : processing action (post-fs-data) from (/system/etc/init/hw/init.usb.rc:6)
11-11 01:55:48.158     0     0 I init    : Encryption policy of /data/adb set to 2eb619182547948d383bf16a7a143c61 v2 modes 1/10 flags 0xa
11-11 01:55:48.159     0     0 I init    : processing action (post-fs-data) from (/system/etc/init/bootstat.rc:9)
11-11 01:55:48.161     0     0 I init    : processing action (ro.boot.dynamic_partitions=true && ro.debuggable=1 && post-fs-data) from (/system/etc/init/clean_scratch_files.rc:1)
11-11 01:55:48.164     0     0 I init    : starting service 'exec 11 (/system/bin/clean_scratch_files)'...
11-11 01:55:48.167     0     0 I init    : ... started service 'exec 11 (/system/bin/clean_scratch_files)' has pid 613
11-11 01:55:48.169     0     0 I init    : processing action (post-fs-data) from (/system/etc/init/gsid.rc:17)
11-11 01:55:48.170     0     0 I init    : Not setting encryption policy on: /data/gsi
11-11 01:55:48.172     0     0 I init    : processing action (post-fs-data) from (/system/etc/init/incidentd.rc:21)
11-11 01:55:48.174     0     0 I init    : processing action (post-fs-data) from (/system/etc/init/logtagd.rc:4)
11-11 01:55:48.176     0     0 I init    : processing action (post-fs-data) from (/system/etc/init/otapreopt.rc:3)
11-11 01:55:48.177     0     0 I init    : starting service 'exec 12 (/system/bin/otapreopt_slot)'...
11-11 01:55:48.180     0     0 I init    : ... started service 'exec 12 (/system/bin/otapreopt_slot)' has pid 614
11-11 01:55:48.183     0     0 I init    : SVC_EXEC service 'exec 12 (/system/bin/otapreopt_slot)' pid 614 (uid 0 gid 0+0 context default) started; waiting...
11-11 01:55:48.185     0     0 I init    : Service 'exec 11 (/system/bin/clean_scratch_files)' (pid 613) exited with status 0 oneshot service took 0.018000 seconds in background
11-11 01:55:48.187     0     0 I init    : Sending signal 9 to service 'exec 11 (/system/bin/clean_scratch_files)' (pid 613) process group...
11-11 01:55:48.189     0     0 I libprocessgroup: Removed cgroup /sys/fs/cgroup/system/uid_0/pid_613
11-11 01:55:48.176   616   616 I otapreopt_slot: No A/B artifacts found for slot _a.
11-11 01:55:48.199     0     0 I init    : Service 'exec 12 (/system/bin/otapreopt_slot)' (pid 614) exited with status 0 waiting took 0.019000 seconds
11-11 01:55:48.201     0     0 I init    : Sending signal 9 to service 'exec 12 (/system/bin/otapreopt_slot)' (pid 614) process group...
11-11 01:55:48.203     0     0 I libprocessgroup: Removed cgroup /sys/fs/cgroup/system/uid_0/pid_614
11-11 01:55:48.204     0     0 E selinux : SELinux:  Could not stat /data/dalvik-cache/arm: No such file or directory.
11-11 01:55:48.206     0     0 E selinux : SELinux:  Could not stat /data/dalvik-cache/arm64: No such file or directory.
11-11 01:55:48.208     0     0 E selinux : SELinux:  Could not stat /data/dalvik-cache/riscv64: No such file or directory.
11-11 01:55:48.210     0     0 E selinux : SELinux:  Could not stat /data/dalvik-cache/x86: No such file or directory.
11-11 01:55:48.211     0     0 E selinux : SELinux:  Could not stat /data/dalvik-cache/x86_64: No such file or directory.
11-11 01:55:48.213     0     0 I init    : processing action (post-fs-data) from (/system/etc/init/perfetto.rc:103)
11-11 01:55:48.214     0     0 I init    : Command 'rm /data/misc/perfetto-traces/.guardraildata' action=post-fs-data (/system/etc/init/perfetto.rc:104) took 0ms and failed: unlink() failed: No such file or directory
11-11 01:55:48.218     0     0 I init    : processing action (post-fs-data) from (/system/etc/init/profcollectd.rc:9)
11-11 01:55:48.220     0     0 I init    : processing action (post-fs-data) from (/system/etc/init/recovery-persist.rc:1)
11-11 01:55:48.221     0     0 I init    : starting service 'exec 13 (/system/bin/recovery-persist)'...
11-11 01:55:48.224     0     0 I init    : ... started service 'exec 13 (/system/bin/recovery-persist)' has pid 617
11-11 01:55:48.226     0     0 I init    : processing action (post-fs-data) from (/system/etc/init/wifi.rc:18)
11-11 01:55:48.227     0     0 I selinux : SELinux: Skipping restorecon on directory(/data/misc/apexdata/com.android.wifi)
11-11 01:55:48.229     0     0 I init    : processing action (post-fs-data) from (/system_ext/etc/init/rpmb_dev.test.system.rc:37)
11-11 01:55:48.230     0     0 I init    : Service 'exec 13 (/system/bin/recovery-persist)' (pid 617) exited with status 0 oneshot service took 0.007000 seconds in background
11-11 01:55:48.233     0     0 I init    : Sending signal 9 to service 'exec 13 (/system/bin/recovery-persist)' (pid 617) process group...
11-11 01:55:48.235     0     0 I libprocessgroup: Removed cgroup /sys/fs/cgroup/system/uid_1000/pid_617
11-11 01:55:48.237     0     0 W init    : Top-level directory needs encryption action, eg mkdir /data/secure_storage_test_system <mode> <uid> <gid> encryption=Require
11-11 01:55:48.239     0     0 I init    : Encryption policy of /data/secure_storage_test_system set to 2eb619182547948d383bf16a7a143c61 v2 modes 1/10 flags 0xa
11-11 01:55:48.242     0     0 I init    : starting service 'rpmb_mock_init_test_system'...
11-11 01:55:48.245     0     0 I init    : ... started service 'rpmb_mock_init_test_system' has pid 618
11-11 01:55:48.246     0     0 I init    : SVC_EXEC service 'rpmb_mock_init_test_system' pid 618 (uid 1000 gid 1000+0 context default) started; waiting...
11-11 01:55:48.258     0     0 I init    : Service 'rpmb_mock_init_test_system' (pid 618) exited with status 0 waiting took 0.014000 seconds
11-11 01:55:48.260     0     0 I init    : Sending signal 9 to service 'rpmb_mock_init_test_system' (pid 618) process group...
11-11 01:55:48.262     0     0 I libprocessgroup: Removed cgroup /sys/fs/cgroup/system/uid_1000/pid_618
11-11 01:55:48.263     0     0 I init    : starting service 'rpmb_mock_test_system'...
11-11 01:55:48.265     0     0 I init    : Created socket '/dev/socket/rpmb_mock_test_system', mode 660, user 1000, group 1000
11-11 01:55:48.268     0     0 I init    : ... started service 'rpmb_mock_test_system' has pid 619
11-11 01:55:48.269     0     0 I init    : processing action (ro.vendor.disable_rename_eth0= && post-fs-data) from (/vendor/etc/init/init.cutf_cvm.rc:57)
11-11 01:55:48.272     0     0 I init    : starting service 'rename_eth0'...
11-11 01:55:48.276     0     0 I init    : ... started service 'rename_eth0' has pid 620
11-11 01:55:48.277     0     0 I init    : processing action (post-fs-data) from (/vendor/etc/init/init.cutf_cvm.rc:66)
11-11 01:55:48.280     0     0 I init    : processing action (ro.vendor.wifi_impl=mac80211_hwsim_virtio && post-fs-data) from (/vendor/etc/init/init.cutf_cvm.rc:76)
11-11 01:55:48.283     0     0 I init    : starting service 'init_wifi_sh'...
11-11 01:55:48.286     0     0 I init    : ... started service 'init_wifi_sh' has pid 621
11-11 01:55:48.288     0     0 I init    : processing action (load-bpf-programs) from (/system/etc/init/hw/init.rc:1080)
11-11 01:55:48.269   620   620 E rename_netiface: Failed to get interface (buried_eth0) index, trying alternate.
11-11 01:55:48.290     0     0 I init    : starting service 'bpfloader'...
11-11 01:55:48.291     0     0 I         : virtio_net virtio13 buried_eth0: renamed from eth0
11-11 01:55:48.271   620   620 I rename_netiface: Received netlink response (36 bytes)
11-11 01:55:48.293     0     0 I init    : ... started service 'bpfloader' has pid 622
11-11 01:55:48.295     0     0 I init    : SVC_EXEC service 'bpfloader' pid 622 (uid 0 gid 0+7 context default) started; waiting...
11-11 01:55:48.298     0     0 I init    : Service 'rename_eth0' (pid 620) exited with status 0 oneshot service took 0.024000 seconds in background
11-11 01:55:48.301     0     0 I init    : Sending signal 9 to service 'rename_eth0' (pid 620) process group...
11-11 01:55:48.301     0     0 I NetBpfLoad: NetBpfLoad v0.47 (/apex/com.android.tethering/bin/netbpfload) api:36/36 kver:60c0012 (64-on-x86-64) libbpf: v1.4 uid:0 rc:01
11-11 01:55:48.303     0     0 I libprocessgroup: Removed cgroup /sys/fs/cgroup/system/uid_0/pid_620
11-11 01:55:48.305     0     0 I NetBpfLoad: Tethering APEX version 360499999
11-11 01:55:48.308     0     0 I NetBpfLoad: detected 5 of 5: 2025Q2 api:36.0.0
11-11 01:55:48.309     0     0 D NetBpfLoad: Loading ELF object /apex/com.android.tethering/etc/bpf/tethering/test.o with license Apache 2.0
11-11 01:55:48.309     0     0 D NetBpfLoad: Section bpfloader_min_ver value is 42 [0x2a]
11-11 01:55:48.309     0     0 D NetBpfLoad: Section bpfloader_max_ver value is 65536 [0x10000]
11-11 01:55:48.309     0     0 D NetBpfLoad: BpfLoader version 0x0002f processing ELF object /apex/com.android.tethering/etc/bpf/tethering/test.o with ver [0x0002a,0x10000)
11-11 01:55:48.284   312   327 I auditd  : type=1334 audit(0.0:5): prog-id=1 op=LOAD
11-11 01:55:48.284   327   327 W auditd  : type=1334 audit(0.0:5): prog-id=1 op=LOAD
11-11 01:55:48.314     0     0 D NetBpfLoad: bpf_create_map[tether_downstream6_map] btf:1 -> 6
11-11 01:55:48.284   622   622 I auditd  : type=1300 audit(0.0:5): arch=c000003e syscall=321 success=yes exit=5 a0=5 a1=7ffc579c60b8 a2=74 a3=0 items=0 ppid=1 auid=4294967295 uid=0 gid=0 euid=0 suid=0 fsuid=0 egid=0 sgid=0 fsgid=0 tty=(none) ses=4294967295 comm="netbpfload" exe="/apex/com.android.tethering/bin/netbpfload" subj=u:r:bpfloader:s0 key=(null)
11-11 01:55:48.284   622   622 W netbpfload: type=1300 audit(0.0:5): arch=c000003e syscall=321 success=yes exit=5 a0=5 a1=7ffc579c60b8 a2=74 a3=0 items=0 ppid=1 auid=4294967295 uid=0 gid=0 euid=0 suid=0 fsuid=0 egid=0 sgid=0 fsgid=0 tty=(none) ses=4294967295 exe="/apex/com.android.tethering/bin/netbpfload" subj=u:r:bpfloader:s0 key=(null)
11-11 01:55:48.284   312   327 I auditd  : type=1327 audit(0.0:5): proctitle="/apex/com.android.tethering/bin/netbpfload"
11-11 01:55:48.284   327   327 W auditd  : type=1327 audit(0.0:5): proctitle="/apex/com.android.tethering/bin/netbpfload"
11-11 01:55:48.319     0     0 I NetBpfLoad: map /sys/fs/bpf/tethering/map_test_tether_downstream6_map id 1
11-11 01:55:48.321     0     0 D NetBpfLoad: bpf_create_map[tether2_downstream6_map] btf:1 -> 7
11-11 01:55:48.284   312   327 I auditd  : type=1320 audit(0.0:5): 
11-11 01:55:48.284   327   327 W auditd  : type=1320 audit(0.0:5): 
11-11 01:55:48.288   312   327 I auditd  : type=1334 audit(0.0:6): prog-id=1 op=UNLOAD
11-11 01:55:48.288   327   327 W auditd  : type=1334 audit(0.0:6): prog-id=1 op=UNLOAD
11-11 01:55:48.323     0     0 I NetBpfLoad: map /sys/fs/bpf/tethering/map_test_tether2_downstream6_map id 2
11-11 01:55:48.325     0     0 D NetBpfLoad: bpf_create_map[tether3_downstream6_map] btf:1 -> 8
11-11 01:55:48.288   622   622 I auditd  : type=1300 audit(0.0:6): arch=c000003e syscall=3 success=yes exit=0 a0=5 a1=5 a2=0 a3=0 items=0 ppid=1 auid=4294967295 uid=0 gid=0 euid=0 suid=0 fsuid=0 egid=0 sgid=0 fsgid=0 tty=(none) ses=4294967295 comm="netbpfload" exe="/apex/com.android.tethering/bin/netbpfload" subj=u:r:bpfloader:s0 key=(null)
11-11 01:55:48.288   622   622 W netbpfload: type=1300 audit(0.0:6): arch=c000003e syscall=3 success=yes exit=0 a0=5 a1=5 a2=0 a3=0 items=0 ppid=1 auid=4294967295 uid=0 gid=0 euid=0 suid=0 fsuid=0 egid=0 sgid=0 fsgid=0 tty=(none) ses=4294967295 exe="/apex/com.android.tethering/bin/netbpfload" subj=u:r:bpfloader:s0 key=(null)
11-11 01:55:48.288   312   327 I auditd  : type=1327 audit(0.0:6): proctitle="/apex/com.android.tethering/bin/netbpfload"
11-11 01:55:48.288   327   327 W auditd  : type=1327 audit(0.0:6): proctitle="/apex/com.android.tethering/bin/netbpfload"
11-11 01:55:48.329     0     0 I NetBpfLoad: map /sys/fs/bpf/tethering/map_test_tether3_downstream6_map id 3
11-11 01:55:48.331     0     0 D NetBpfLoad: bpf_create_map[bitmap] btf:1 -> 9
11-11 01:55:48.288   312   327 I auditd  : type=1320 audit(0.0:6): 
11-11 01:55:48.288   327   327 W auditd  : type=1320 audit(0.0:6): 
11-11 01:55:48.335     0     0 I NetBpfLoad: map /sys/fs/bpf/tethering/map_test_bitmap id 4
11-11 01:55:48.336     0     0 D ieee80211 phy1: Selected rate control algorithm 'minstrel_ht'
11-11 01:55:48.337     0     0 D NetBpfLoad: cs[0].name:skfilter_match min_kver:ffffffff .max_kver:ffffffff (kvers:60c0012)
11-11 01:55:48.337     0     0 D NetBpfLoad: Loaded object: /apex/com.android.tethering/etc/bpf/tethering/test.o
11-11 01:55:48.337     0     0 D NetBpfLoad: Loading ELF object /apex/com.android.tethering/etc/bpf/tethering/offload.o with license Apache 2.0
11-11 01:55:48.337     0     0 D NetBpfLoad: Section bpfloader_min_ver value is 42 [0x2a]
11-11 01:55:48.337     0     0 D NetBpfLoad: Section bpfloader_max_ver value is 65536 [0x10000]
11-11 01:55:48.337     0     0 D NetBpfLoad: BpfLoader version 0x0002f processing ELF object /apex/com.android.tethering/etc/bpf/tethering/offload.o with ver [0x0002a,0x10000)
11-11 01:55:48.338     0     0 D ieee80211 phy2: Selected rate control algorithm 'minstrel_ht'
11-11 01:55:48.340     0     0 I init    : Service 'init_wifi_sh' (pid 621) exited with status 0 oneshot service took 0.055000 seconds in background
11-11 01:55:48.343     0     0 I init    : Sending signal 9 to service 'init_wifi_sh' (pid 621) process group...
11-11 01:55:48.344     0     0 I libprocessgroup: Removed cgroup /sys/fs/cgroup/system/uid_0/pid_621
11-11 01:55:48.380     0     0 D NetBpfLoad: bpf_create_map[tether_error_map] btf:1 -> 7
11-11 01:55:48.381     0     0 I NetBpfLoad: map /sys/fs/bpf/tethering/map_offload_tether_error_map id 5
11-11 01:55:48.382     0     0 D NetBpfLoad: bpf_create_map[tether_stats_map] btf:1 -> 8
11-11 01:55:48.382     0     0 I NetBpfLoad: map /sys/fs/bpf/tethering/map_offload_tether_stats_map id 6
11-11 01:55:48.383     0     0 D NetBpfLoad: bpf_create_map[tether_limit_map] btf:1 -> 9
11-11 01:55:48.384     0     0 I NetBpfLoad: map /sys/fs/bpf/tethering/map_offload_tether_limit_map id 7
11-11 01:55:48.385     0     0 D NetBpfLoad: bpf_create_map[tether_downstream6_map] btf:1 -> 10
11-11 01:55:48.385     0     0 I NetBpfLoad: map /sys/fs/bpf/tethering/map_offload_tether_downstream6_map id 8
11-11 01:55:48.387     0     0 D NetBpfLoad: bpf_create_map[tether_downstream64_map] btf:1 -> 11
11-11 01:55:48.387     0     0 I NetBpfLoad: map /sys/fs/bpf/tethering/map_offload_tether_downstream64_map id 9
11-11 01:55:48.388     0     0 D NetBpfLoad: bpf_create_map[tether_upstream6_map] btf:1 -> 12
11-11 01:55:48.388     0     0 I NetBpfLoad: map /sys/fs/bpf/tethering/map_offload_tether_upstream6_map id 10
11-11 01:55:48.390     0     0 D NetBpfLoad: bpf_create_map[tether_downstream4_map] btf:1 -> 13
11-11 01:55:48.390     0     0 I NetBpfLoad: map /sys/fs/bpf/tethering/map_offload_tether_downstream4_map id 11
11-11 01:55:48.392     0     0 D NetBpfLoad: bpf_create_map[tether_upstream4_map] btf:1 -> 14
11-11 01:55:48.392     0     0 I NetBpfLoad: map /sys/fs/bpf/tethering/map_offload_tether_upstream4_map id 12
11-11 01:55:48.393     0     0 D NetBpfLoad: bpf_create_map[tether_dev_map] btf:0 -> 15
11-11 01:55:48.393     0     0 I NetBpfLoad: map /sys/fs/bpf/tethering/map_offload_tether_dev_map id 13
11-11 01:55:48.412     0     0 D NetBpfLoad: cs[0].name:schedcls_tether_downstream6_ether min_kver:0 .max_kver:ffffffff (kvers:60c0012)
11-11 01:55:48.412     0     0 D NetBpfLoad: cs[0].name:schedcls_tether_downstream6_ether requires bpfloader version [0x0002a,0x10000)
11-11 01:55:48.384   312   327 I auditd  : type=1334 audit(0.0:7): prog-id=2 op=LOAD
11-11 01:55:48.384   327   327 W auditd  : type=1334 audit(0.0:7): prog-id=2 op=LOAD
11-11 01:55:48.416     0     0 D NetBpfLoad: BPF_PROG_LOAD call for /apex/com.android.tethering/etc/bpf/tethering/offload.o (schedcls_tether_downstream6_ether) returned 'processed 612 insns (limit 1000000) max_states_per_insn 1 total_states 32 peak_states 32 mark_read 5' fd: 16 (ok)
11-11 01:55:48.416     0     0 I NetBpfLoad: prog /sys/fs/bpf/tethering/prog_offload_schedcls_tether_downstream6_ether id 2 len jit:1667 xlat:2928
11-11 01:55:48.417     0     0 D NetBpfLoad: cs[1].name:schedcls_tether_upstream6_ether min_kver:0 .max_kver:ffffffff (kvers:60c0012)
11-11 01:55:48.419     0     0 D NetBpfLoad: cs[1].name:schedcls_tether_upstream6_ether requires bpfloader version [0x0002a,0x10000)
11-11 01:55:48.384   622   622 I auditd  : type=1300 audit(0.0:7): arch=c000003e syscall=321 success=yes exit=16 a0=5 a1=7ffc579c6320 a2=98 a3=21 items=0 ppid=1 auid=4294967295 uid=0 gid=0 euid=0 suid=0 fsuid=0 egid=0 sgid=0 fsgid=0 tty=(none) ses=4294967295 comm="netbpfload" exe="/apex/com.android.tethering/bin/netbpfload" subj=u:r:bpfloader:s0 key=(null)
11-11 01:55:48.384   622   622 W netbpfload: type=1300 audit(0.0:7): arch=c000003e syscall=321 success=yes exit=16 a0=5 a1=7ffc579c6320 a2=98 a3=21 items=0 ppid=1 auid=4294967295 uid=0 gid=0 euid=0 suid=0 fsuid=0 egid=0 sgid=0 fsgid=0 tty=(none) ses=4294967295 exe="/apex/com.android.tethering/bin/netbpfload" subj=u:r:bpfloader:s0 key=(null)
11-11 01:55:48.384   312   327 I auditd  : type=1327 audit(0.0:7): proctitle="/apex/com.android.tethering/bin/netbpfload"
11-11 01:55:48.384   327   327 W auditd  : type=1327 audit(0.0:7): proctitle="/apex/com.android.tethering/bin/netbpfload"
11-11 01:55:48.384   312   327 I auditd  : type=1320 audit(0.0:7): 
11-11 01:55:48.384   327   327 W auditd  : type=1320 audit(0.0:7): 
11-11 01:55:48.400   312   327 I auditd  : type=1334 audit(0.0:8): prog-id=3 op=LOAD
11-11 01:55:48.400   327   327 W auditd  : type=1334 audit(0.0:8): prog-id=3 op=LOAD
11-11 01:55:48.427     0     0 D NetBpfLoad: BPF_PROG_LOAD call for /apex/com.android.tethering/etc/bpf/tethering/offload.o (schedcls_tether_upstream6_ether) returned 'processed 598 insns (limit 1000000) max_states_per_insn 1 total_states 36 peak_states 36 mark_read 7' fd: 17 (ok)
11-11 01:55:48.427     0     0 I NetBpfLoad: prog /sys/fs/bpf/tethering/prog_offload_schedcls_tether_upstream6_ether id 3 len jit:1730 xlat:3040
11-11 01:55:48.430     0     0 D NetBpfLoad: cs[2].name:schedcls_tether_downstream6_rawip$4_14 min_kver:40e0000 .max_kver:ffffffff (kvers:60c0012)
11-11 01:55:48.400   622   622 I auditd  : type=1300 audit(0.0:8): arch=c000003e syscall=321 success=yes exit=17 a0=5 a1=7ffc579c6320 a2=98 a3=1f items=0 ppid=1 auid=4294967295 uid=0 gid=0 euid=0 suid=0 fsuid=0 egid=0 sgid=0 fsgid=0 tty=(none) ses=4294967295 comm="netbpfload" exe="/apex/com.android.tethering/bin/netbpfload" subj=u:r:bpfloader:s0 key=(null)
11-11 01:55:48.400   622   622 W netbpfload: type=1300 audit(0.0:8): arch=c000003e syscall=321 success=yes exit=17 a0=5 a1=7ffc579c6320 a2=98 a3=1f items=0 ppid=1 auid=4294967295 uid=0 gid=0 euid=0 suid=0 fsuid=0 egid=0 sgid=0 fsgid=0 tty=(none) ses=4294967295 exe="/apex/com.android.tethering/bin/netbpfload" subj=u:r:bpfloader:s0 key=(null)
11-11 01:55:48.400   312   327 I auditd  : type=1327 audit(0.0:8): proctitle="/apex/com.android.tethering/bin/netbpfload"
11-11 01:55:48.400   327   327 W auditd  : type=1327 audit(0.0:8): proctitle="/apex/com.android.tethering/bin/netbpfload"
11-11 01:55:48.434     0     0 D NetBpfLoad: cs[2].name:schedcls_tether_downstream6_rawip$4_14 requires bpfloader version [0x0002a,0x10000)
11-11 01:55:48.438     0     0 D NetBpfLoad: BPF_PROG_LOAD call for /apex/com.android.tethering/etc/bpf/tethering/offload.o (schedcls_tether_downstream6_rawip$4_14) returned 'processed 420 insns (limit 1000000) max_states_per_insn 1 total_states 30 peak_states 30 mark_read 4' fd: 18 (ok)
11-11 01:55:48.400   312   327 I auditd  : type=1320 audit(0.0:8): 
11-11 01:55:48.400   327   327 W auditd  : type=1320 audit(0.0:8): 
11-11 01:55:48.438     0     0 I NetBpfLoad: prog /sys/fs/bpf/tethering/prog_offload_schedcls_tether_downstream6_rawip id 4 len jit:1719 xlat:3056
11-11 01:55:48.412   312   327 I auditd  : type=1334 audit(0.0:9): prog-id=4 op=LOAD
11-11 01:55:48.412   327   327 W auditd  : type=1334 audit(0.0:9): prog-id=4 op=LOAD
11-11 01:55:48.441     0     0 D NetBpfLoad: cs[3].name:schedcls_tether_upstream6_rawip$4_14 min_kver:40e0000 .max_kver:ffffffff (kvers:60c0012)
11-11 01:55:48.412   622   622 I auditd  : type=1300 audit(0.0:9): arch=c000003e syscall=321 success=yes exit=18 a0=5 a1=7ffc579c6320 a2=98 a3=26 items=0 ppid=1 auid=4294967295 uid=0 gid=0 euid=0 suid=0 fsuid=0 egid=0 sgid=0 fsgid=0 tty=(none) ses=4294967295 comm="netbpfload" exe="/apex/com.android.tethering/bin/netbpfload" subj=u:r:bpfloader:s0 key=(null)
11-11 01:55:48.412   622   622 W netbpfload: type=1300 audit(0.0:9): arch=c000003e syscall=321 success=yes exit=18 a0=5 a1=7ffc579c6320 a2=98 a3=26 items=0 ppid=1 auid=4294967295 uid=0 gid=0 euid=0 suid=0 fsuid=0 egid=0 sgid=0 fsgid=0 tty=(none) ses=4294967295 exe="/apex/com.android.tethering/bin/netbpfload" subj=u:r:bpfloader:s0 key=(null)
11-11 01:55:48.412   312   327 I auditd  : type=1327 audit(0.0:9): proctitle="/apex/com.android.tethering/bin/netbpfload"
11-11 01:55:48.412   327   327 W auditd  : type=1327 audit(0.0:9): proctitle="/apex/com.android.tethering/bin/netbpfload"
11-11 01:55:48.445     0     0 D NetBpfLoad: cs[3].name:schedcls_tether_upstream6_rawip$4_14 requires bpfloader version [0x0002a,0x10000)
11-11 01:55:48.449     0     0 D NetBpfLoad: BPF_PROG_LOAD call for /apex/com.android.tethering/etc/bpf/tethering/offload.o (schedcls_tether_upstream6_rawip$4_14) returned 'processed 450 insns (limit 1000000) max_states_per_insn 1 total_states 33 peak_states 33 mark_read 5' fd: 19 (ok)
11-11 01:55:48.412   312   327 I auditd  : type=1320 audit(0.0:9): 
11-11 01:55:48.412   327   327 W auditd  : type=1320 audit(0.0:9): 
11-11 01:55:48.449     0     0 I NetBpfLoad: prog /sys/fs/bpf/tethering/prog_offload_schedcls_tether_upstream6_rawip id 5 len jit:1793 xlat:3192
11-11 01:55:48.420   312   327 I auditd  : type=1334 audit(0.0:10): prog-id=5 op=LOAD
11-11 01:55:48.420   327   327 W auditd  : type=1334 audit(0.0:10): prog-id=5 op=LOAD
11-11 01:55:48.451     0     0 D NetBpfLoad: cs[4].name:schedcls_tether_downstream6_rawip$stub min_kver:0 .max_kver:40e0000 (kvers:60c0012)
11-11 01:55:48.420   622   622 I auditd  : type=1300 audit(0.0:10): arch=c000003e syscall=321 success=yes exit=19 a0=5 a1=7ffc579c6320 a2=98 a3=24 items=0 ppid=1 auid=4294967295 uid=0 gid=0 euid=0 suid=0 fsuid=0 egid=0 sgid=0 fsgid=0 tty=(none) ses=4294967295 comm="netbpfload" exe="/apex/com.android.tethering/bin/netbpfload" subj=u:r:bpfloader:s0 key=(null)
11-11 01:55:48.420   622   622 W netbpfload: type=1300 audit(0.0:10): arch=c000003e syscall=321 success=yes exit=19 a0=5 a1=7ffc579c6320 a2=98 a3=24 items=0 ppid=1 auid=4294967295 uid=0 gid=0 euid=0 suid=0 fsuid=0 egid=0 sgid=0 fsgid=0 tty=(none) ses=4294967295 exe="/apex/com.android.tethering/bin/netbpfload" subj=u:r:bpfloader:s0 key=(null)
11-11 01:55:48.456     0     0 D NetBpfLoad: cs[5].name:schedcls_tether_upstream6_rawip$stub min_kver:0 .max_kver:40e0000 (kvers:60c0012)
11-11 01:55:48.420   312   327 I auditd  : type=1327 audit(0.0:10): proctitle="/apex/com.android.tethering/bin/netbpfload"
11-11 01:55:48.420   327   327 W auditd  : type=1327 audit(0.0:10): proctitle="/apex/com.android.tethering/bin/netbpfload"
11-11 01:55:48.420   312   327 I auditd  : type=1320 audit(0.0:10): 
11-11 01:55:48.420   327   327 W auditd  : type=1320 audit(0.0:10): 
11-11 01:55:48.457     0     0 D NetBpfLoad: cs[6].name:schedcls_tether_downstream4_rawip$5_8 min_kver:50a0000 .max_kver:ffffffff (kvers:60c0012)
11-11 01:55:48.460     0     0 D NetBpfLoad: cs[6].name:schedcls_tether_downstream4_rawip$5_8 requires bpfloader version [0x0002a,0x10000)
11-11 01:55:48.432   312   327 I auditd  : type=1334 audit(0.0:11): prog-id=6 op=LOAD
11-11 01:55:48.432   327   327 W auditd  : type=1334 audit(0.0:11): prog-id=6 op=LOAD
11-11 01:55:48.465     0     0 D NetBpfLoad: BPF_PROG_LOAD call for /apex/com.android.tethering/etc/bpf/tethering/offload.o (schedcls_tether_downstream4_rawip$5_8) returned 'processed 877 insns (limit 1000000) max_states_per_insn 0 total_states 62 peak_states 62 mark_read 9' fd: 20 (ok)
11-11 01:55:48.465     0     0 I NetBpfLoad: prog /sys/fs/bpf/tethering/prog_offload_schedcls_tether_downstream4_rawip id 6 len jit:3889 xlat:7000
11-11 01:55:48.467     0     0 D NetBpfLoad: cs[7].name:schedcls_tether_upstream4_rawip$5_8 min_kver:50a0000 .max_kver:ffffffff (kvers:60c0012)
11-11 01:55:48.432   622   622 I auditd  : type=1300 audit(0.0:11): arch=c000003e syscall=321 success=yes exit=20 a0=5 a1=7ffc579c6320 a2=98 a3=25 items=0 ppid=1 auid=4294967295 uid=0 gid=0 euid=0 suid=0 fsuid=0 egid=0 sgid=0 fsgid=0 tty=(none) ses=4294967295 comm="netbpfload" exe="/apex/com.android.tethering/bin/netbpfload" subj=u:r:bpfloader:s0 key=(null)
11-11 01:55:48.432   622   622 W netbpfload: type=1300 audit(0.0:11): arch=c000003e syscall=321 success=yes exit=20 a0=5 a1=7ffc579c6320 a2=98 a3=25 items=0 ppid=1 auid=4294967295 uid=0 gid=0 euid=0 suid=0 fsuid=0 egid=0 sgid=0 fsgid=0 tty=(none) ses=4294967295 exe="/apex/com.android.tethering/bin/netbpfload" subj=u:r:bpfloader:s0 key=(null)
11-11 01:55:48.471     0     0 D NetBpfLoad: cs[7].name:schedcls_tether_upstream4_rawip$5_8 requires bpfloader version [0x0002a,0x10000)
11-11 01:55:48.432   312   327 I auditd  : type=1327 audit(0.0:11): proctitle="/apex/com.android.tethering/bin/netbpfload"
11-11 01:55:48.432   327   327 W auditd  : type=1327 audit(0.0:11): proctitle="/apex/com.android.tethering/bin/netbpfload"
11-11 01:55:48.432   312   327 I auditd  : type=1320 audit(0.0:11): 
11-11 01:55:48.432   327   327 W auditd  : type=1320 audit(0.0:11): 
11-11 01:55:48.448   312   327 I auditd  : type=1334 audit(0.0:12): prog-id=7 op=LOAD
11-11 01:55:48.448   327   327 W auditd  : type=1334 audit(0.0:12): prog-id=7 op=LOAD
11-11 01:55:48.478     0     0 D NetBpfLoad: BPF_PROG_LOAD call for /apex/com.android.tethering/etc/bpf/tethering/offload.o (schedcls_tether_upstream4_rawip$5_8) returned 'processed 877 insns (limit 1000000) max_states_per_insn 0 total_states 62 peak_states 62 mark_read 9' fd: 21 (ok)
11-11 01:55:48.478     0     0 I NetBpfLoad: prog /sys/fs/bpf/tethering/prog_offload_schedcls_tether_upstream4_rawip id 7 len jit:3877 xlat:6984
11-11 01:55:48.479     0     0 D NetBpfLoad: cs[8].name:schedcls_tether_downstream4_ether$5_8 min_kver:50a0000 .max_kver:ffffffff (kvers:60c0012)
11-11 01:55:48.480     0     0 D NetBpfLoad: cs[8].name:schedcls_tether_downstream4_ether$5_8 requires bpfloader version [0x0002a,0x10000)
11-11 01:55:48.448   622   622 I auditd  : type=1300 audit(0.0:12): arch=c000003e syscall=321 success=yes exit=21 a0=5 a1=7ffc579c6320 a2=98 a3=23 items=0 ppid=1 auid=4294967295 uid=0 gid=0 euid=0 suid=0 fsuid=0 egid=0 sgid=0 fsgid=0 tty=(none) ses=4294967295 comm="netbpfload" exe="/apex/com.android.tethering/bin/netbpfload" subj=u:r:bpfloader:s0 key=(null)
11-11 01:55:48.448   622   622 W netbpfload: type=1300 audit(0.0:12): arch=c000003e syscall=321 success=yes exit=21 a0=5 a1=7ffc579c6320 a2=98 a3=23 items=0 ppid=1 auid=4294967295 uid=0 gid=0 euid=0 suid=0 fsuid=0 egid=0 sgid=0 fsgid=0 tty=(none) ses=4294967295 exe="/apex/com.android.tethering/bin/netbpfload" subj=u:r:bpfloader:s0 key=(null)
11-11 01:55:48.448   312   327 I auditd  : type=1327 audit(0.0:12): proctitle="/apex/com.android.tethering/bin/netbpfload"
11-11 01:55:48.448   327   327 W auditd  : type=1327 audit(0.0:12): proctitle="/apex/com.android.tethering/bin/netbpfload"
11-11 01:55:48.448   312   327 I auditd  : type=1320 audit(0.0:12): 
11-11 01:55:48.448   327   327 W auditd  : type=1320 audit(0.0:12): 
11-11 01:55:48.460   312   327 I auditd  : type=1334 audit(0.0:13): prog-id=8 op=LOAD
11-11 01:55:48.460   327   327 W auditd  : type=1334 audit(0.0:13): prog-id=8 op=LOAD
11-11 01:55:48.490     0     0 D NetBpfLoad: BPF_PROG_LOAD call for /apex/com.android.tethering/etc/bpf/tethering/offload.o (schedcls_tether_downstream4_ether$5_8) returned 'processed 879 insns (limit 1000000) max_states_per_insn 0 total_states 53 peak_states 53 mark_read 7' fd: 22 (ok)
11-11 01:55:48.490     0     0 I NetBpfLoad: prog /sys/fs/bpf/tethering/prog_offload_schedcls_tether_downstream4_ether id 8 len jit:3657 xlat:6568
11-11 01:55:48.492     0     0 D NetBpfLoad: cs[9].name:schedcls_tether_upstream4_ether$5_8 min_kver:50a0000 .max_kver:ffffffff (kvers:60c0012)
11-11 01:55:48.460   622   622 I auditd  : type=1300 audit(0.0:13): arch=c000003e syscall=321 success=yes exit=22 a0=5 a1=7ffc579c6320 a2=98 a3=25 items=0 ppid=1 auid=4294967295 uid=0 gid=0 euid=0 suid=0 fsuid=0 egid=0 sgid=0 fsgid=0 tty=(none) ses=4294967295 comm="netbpfload" exe="/apex/com.android.tethering/bin/netbpfload" subj=u:r:bpfloader:s0 key=(null)
11-11 01:55:48.460   622   622 W netbpfload: type=1300 audit(0.0:13): arch=c000003e syscall=321 success=yes exit=22 a0=5 a1=7ffc579c6320 a2=98 a3=25 items=0 ppid=1 auid=4294967295 uid=0 gid=0 euid=0 suid=0 fsuid=0 egid=0 sgid=0 fsgid=0 tty=(none) ses=4294967295 exe="/apex/com.android.tethering/bin/netbpfload" subj=u:r:bpfloader:s0 key=(null)
11-11 01:55:48.496     0     0 D NetBpfLoad: cs[9].name:schedcls_tether_upstream4_ether$5_8 requires bpfloader version [0x0002a,0x10000)
11-11 01:55:48.460   312   327 I auditd  : type=1327 audit(0.0:13): proctitle="/apex/com.android.tethering/bin/netbpfload"
11-11 01:55:48.460   327   327 W auditd  : type=1327 audit(0.0:13): proctitle="/apex/com.android.tethering/bin/netbpfload"
11-11 01:55:48.460   312   327 I auditd  : type=1320 audit(0.0:13): 
11-11 01:55:48.460   327   327 W auditd  : type=1320 audit(0.0:13): 
11-11 01:55:48.476   312   327 I auditd  : type=1334 audit(0.0:14): prog-id=9 op=LOAD
11-11 01:55:48.476   327   327 W auditd  : type=1334 audit(0.0:14): prog-id=9 op=LOAD
11-11 01:55:48.503     0     0 D NetBpfLoad: BPF_PROG_LOAD call for /apex/com.android.tethering/etc/bpf/tethering/offload.o (schedcls_tether_upstream4_ether$5_8) returned 'processed 879 insns (limit 1000000) max_states_per_insn 0 total_states 53 peak_states 53 mark_read 7' fd: 23 (ok)
11-11 01:55:48.503     0     0 I NetBpfLoad: prog /sys/fs/bpf/tethering/prog_offload_schedcls_tether_upstream4_ether id 9 len jit:3643 xlat:6552
11-11 01:55:48.505     0     0 D NetBpfLoad: cs[10].name:schedcls_tether_downstream4_rawip$opt min_kver:40e0000 .max_kver:50a0000 (kvers:60c0012)
11-11 01:55:48.476   622   622 I auditd  : type=1300 audit(0.0:14): arch=c000003e syscall=321 success=yes exit=23 a0=5 a1=7ffc579c6320 a2=98 a3=23 items=0 ppid=1 auid=4294967295 uid=0 gid=0 euid=0 suid=0 fsuid=0 egid=0 sgid=0 fsgid=0 tty=(none) ses=4294967295 comm="netbpfload" exe="/apex/com.android.tethering/bin/netbpfload" subj=u:r:bpfloader:s0 key=(null)
11-11 01:55:48.476   622   622 W netbpfload: type=1300 audit(0.0:14): arch=c000003e syscall=321 success=yes exit=23 a0=5 a1=7ffc579c6320 a2=98 a3=23 items=0 ppid=1 auid=4294967295 uid=0 gid=0 euid=0 suid=0 fsuid=0 egid=0 sgid=0 fsgid=0 tty=(none) ses=4294967295 exe="/apex/com.android.tethering/bin/netbpfload" subj=u:r:bpfloader:s0 key=(null)
11-11 01:55:48.476   312   327 I auditd  : type=1327 audit(0.0:14): proctitle="/apex/com.android.tethering/bin/netbpfload"
11-11 01:55:48.476   327   327 W auditd  : type=1327 audit(0.0:14): proctitle="/apex/com.android.tethering/bin/netbpfload"
11-11 01:55:48.476   312   327 I auditd  : type=1320 audit(0.0:14): 
11-11 01:55:48.476   327   327 W auditd  : type=1320 audit(0.0:14): 
11-11 01:55:48.510     0     0 D NetBpfLoad: cs[11].name:schedcls_tether_upstream4_rawip$opt min_kver:40e0000 .max_kver:50a0000 (kvers:60c0012)
11-11 01:55:48.511     0     0 D NetBpfLoad: cs[12].name:schedcls_tether_downstream4_ether$opt min_kver:40e0000 .max_kver:50a0000 (kvers:60c0012)
11-11 01:55:48.488   312   327 I auditd  : type=1334 audit(0.0:15): prog-id=10 op=LOAD
11-11 01:55:48.488   327   327 W auditd  : type=1334 audit(0.0:15): prog-id=10 op=LOAD
11-11 01:55:48.514     0     0 D NetBpfLoad: cs[13].name:schedcls_tether_upstream4_ether$opt min_kver:40e0000 .max_kver:50a0000 (kvers:60c0012)
11-11 01:55:48.514     0     0 D NetBpfLoad: cs[14].name:schedcls_tether_downstream4_rawip$5_4 min_kver:5040000 .max_kver:50a0000 (kvers:60c0012)
11-11 01:55:48.514     0     0 D NetBpfLoad: cs[15].name:schedcls_tether_upstream4_rawip$5_4 min_kver:5040000 .max_kver:50a0000 (kvers:60c0012)
11-11 01:55:48.514     0     0 D NetBpfLoad: cs[16].name:schedcls_tether_downstream4_rawip$4_14 min_kver:40e0000 .max_kver:5040000 (kvers:60c0012)
11-11 01:55:48.514     0     0 D NetBpfLoad: cs[17].name:schedcls_tether_upstream4_rawip$4_14 min_kver:40e0000 .max_kver:5040000 (kvers:60c0012)
11-11 01:55:48.514     0     0 D NetBpfLoad: cs[18].name:schedcls_tether_downstream4_ether$4_14 min_kver:40e0000 .max_kver:50a0000 (kvers:60c0012)
11-11 01:55:48.514     0     0 D NetBpfLoad: cs[19].name:schedcls_tether_upstream4_ether$4_14 min_kver:40e0000 .max_kver:50a0000 (kvers:60c0012)
11-11 01:55:48.514     0     0 D NetBpfLoad: cs[20].name:schedcls_tether_downstream4_rawip$stub min_kver:0 .max_kver:5040000 (kvers:60c0012)
11-11 01:55:48.514     0     0 D NetBpfLoad: cs[21].name:schedcls_tether_upstream4_rawip$stub min_kver:0 .max_kver:5040000 (kvers:60c0012)
11-11 01:55:48.514     0     0 D NetBpfLoad: cs[22].name:schedcls_tether_downstream4_ether$stub min_kver:0 .max_kver:40e0000 (kvers:60c0012)
11-11 01:55:48.514     0     0 D NetBpfLoad: cs[23].name:schedcls_tether_upstream4_ether$stub min_kver:0 .max_kver:40e0000 (kvers:60c0012)
11-11 01:55:48.514     0     0 D NetBpfLoad: cs[24].name:xdp_tether_downstream_ether min_kver:50a0000 .max_kver:ffffffff (kvers:60c0012)
11-11 01:55:48.514     0     0 D NetBpfLoad: cs[24].name:xdp_tether_downstream_ether requires bpfloader version [0x0002a,0x10000)
11-11 01:55:48.514     0     0 D NetBpfLoad: BPF_PROG_LOAD call for /apex/com.android.tethering/etc/bpf/tethering/offload.o (xdp_tether_downstream_ether) returned 'processed 2 insns (limit 1000000) max_states_per_insn 0 total_states 0 peak_states 0 mark_read 0' fd: 24 (ok)
11-11 01:55:48.514     0     0 I NetBpfLoad: prog /sys/fs/bpf/tethering/prog_offload_xdp_tether_downstream_ether id 10 len jit:31 xlat:16
11-11 01:55:48.517     0     0 D NetBpfLoad: cs[25].name:xdp_tether_downstream_rawip min_kver:50a0000 .max_kver:ffffffff (kvers:60c0012)
11-11 01:55:48.488   622   622 I auditd  : type=1300 audit(0.0:15): arch=c000003e syscall=321 success=yes exit=24 a0=5 a1=7ffc579c6320 a2=98 a3=1b items=0 ppid=1 auid=4294967295 uid=0 gid=0 euid=0 suid=0 fsuid=0 egid=0 sgid=0 fsgid=0 tty=(none) ses=4294967295 comm="netbpfload" exe="/apex/com.android.tethering/bin/netbpfload" subj=u:r:bpfloader:s0 key=(null)
11-11 01:55:48.488   622   622 W netbpfload: type=1300 audit(0.0:15): arch=c000003e syscall=321 success=yes exit=24 a0=5 a1=7ffc579c6320 a2=98 a3=1b items=0 ppid=1 auid=4294967295 uid=0 gid=0 euid=0 suid=0 fsuid=0 egid=0 sgid=0 fsgid=0 tty=(none) ses=4294967295 exe="/apex/com.android.tethering/bin/netbpfload" subj=u:r:bpfloader:s0 key=(null)
11-11 01:55:48.488   312   327 I auditd  : type=1327 audit(0.0:15): proctitle="/apex/com.android.tethering/bin/netbpfload"
11-11 01:55:48.488   327   327 W auditd  : type=1327 audit(0.0:15): proctitle="/apex/com.android.tethering/bin/netbpfload"
11-11 01:55:48.488   312   327 I auditd  : type=1320 audit(0.0:15): 
11-11 01:55:48.488   327   327 W auditd  : type=1320 audit(0.0:15): 
11-11 01:55:48.521     0     0 D NetBpfLoad: cs[25].name:xdp_tether_downstream_rawip requires bpfloader version [0x0002a,0x10000)
11-11 01:55:48.523     0     0 D NetBpfLoad: BPF_PROG_LOAD call for /apex/com.android.tethering/etc/bpf/tethering/offload.o (xdp_tether_downstream_rawip) returned 'processed 2 insns (limit 1000000) max_states_per_insn 0 total_states 0 peak_states 0 mark_read 0' fd: 25 (ok)
11-11 01:55:48.524     0     0 I NetBpfLoad: prog /sys/fs/bpf/tethering/prog_offload_xdp_tether_downstream_rawip id 11 len jit:31 xlat:16
11-11 01:55:48.496   312   327 I auditd  : type=1334 audit(0.0:16): prog-id=11 op=LOAD
11-11 01:55:48.496   327   327 W auditd  : type=1334 audit(0.0:16): prog-id=11 op=LOAD
11-11 01:55:48.526     0     0 D NetBpfLoad: cs[26].name:xdp_tether_upstream_ether min_kver:50a0000 .max_kver:ffffffff (kvers:60c0012)
11-11 01:55:48.496   622   622 I auditd  : type=1300 audit(0.0:16): arch=c000003e syscall=321 success=yes exit=25 a0=5 a1=7ffc579c6320 a2=98 a3=1b items=0 ppid=1 auid=4294967295 uid=0 gid=0 euid=0 suid=0 fsuid=0 egid=0 sgid=0 fsgid=0 tty=(none) ses=4294967295 comm="netbpfload" exe="/apex/com.android.tethering/bin/netbpfload" subj=u:r:bpfloader:s0 key=(null)
11-11 01:55:48.496   622   622 W netbpfload: type=1300 audit(0.0:16): arch=c000003e syscall=321 success=yes exit=25 a0=5 a1=7ffc579c6320 a2=98 a3=1b items=0 ppid=1 auid=4294967295 uid=0 gid=0 euid=0 suid=0 fsuid=0 egid=0 sgid=0 fsgid=0 tty=(none) ses=4294967295 exe="/apex/com.android.tethering/bin/netbpfload" subj=u:r:bpfloader:s0 key=(null)
11-11 01:55:48.496   312   327 I auditd  : type=1327 audit(0.0:16): proctitle="/apex/com.android.tethering/bin/netbpfload"
11-11 01:55:48.496   327   327 W auditd  : type=1327 audit(0.0:16): proctitle="/apex/com.android.tethering/bin/netbpfload"
11-11 01:55:48.531     0     0 D NetBpfLoad: cs[26].name:xdp_tether_upstream_ether requires bpfloader version [0x0002a,0x10000)
11-11 01:55:48.532     0     0 D NetBpfLoad: BPF_PROG_LOAD call for /apex/com.android.tethering/etc/bpf/tethering/offload.o (xdp_tether_upstream_ether) returned 'processed 2 insns (limit 1000000) max_states_per_insn 0 total_states 0 peak_states 0 mark_read 0' fd: 26 (ok)
11-11 01:55:48.496   312   327 I auditd  : type=1320 audit(0.0:16): 
11-11 01:55:48.496   327   327 W auditd  : type=1320 audit(0.0:16): 
11-11 01:55:48.508   312   327 I auditd  : type=1334 audit(0.0:17): prog-id=12 op=LOAD
11-11 01:55:48.508   327   327 W auditd  : type=1334 audit(0.0:17): prog-id=12 op=LOAD
11-11 01:55:48.533     0     0 I NetBpfLoad: prog /sys/fs/bpf/tethering/prog_offload_xdp_tether_upstream_ether id 12 len jit:31 xlat:16
11-11 01:55:48.535     0     0 D NetBpfLoad: cs[27].name:xdp_tether_upstream_rawip min_kver:50a0000 .max_kver:ffffffff (kvers:60c0012)
11-11 01:55:48.508   622   622 I auditd  : type=1300 audit(0.0:17): arch=c000003e syscall=321 success=yes exit=26 a0=5 a1=7ffc579c6320 a2=98 a3=19 items=0 ppid=1 auid=4294967295 uid=0 gid=0 euid=0 suid=0 fsuid=0 egid=0 sgid=0 fsgid=0 tty=(none) ses=4294967295 comm="netbpfload" exe="/apex/com.android.tethering/bin/netbpfload" subj=u:r:bpfloader:s0 key=(null)
11-11 01:55:48.508   622   622 W netbpfload: type=1300 audit(0.0:17): arch=c000003e syscall=321 success=yes exit=26 a0=5 a1=7ffc579c6320 a2=98 a3=19 items=0 ppid=1 auid=4294967295 uid=0 gid=0 euid=0 suid=0 fsuid=0 egid=0 sgid=0 fsgid=0 tty=(none) ses=4294967295 exe="/apex/com.android.tethering/bin/netbpfload" subj=u:r:bpfloader:s0 key=(null)
11-11 01:55:48.539     0     0 D NetBpfLoad: cs[27].name:xdp_tether_upstream_rawip requires bpfloader version [0x0002a,0x10000)
11-11 01:55:48.508   312   327 I auditd  : type=1327 audit(0.0:17): proctitle="/apex/com.android.tethering/bin/netbpfload"
11-11 01:55:48.508   327   327 W auditd  : type=1327 audit(0.0:17): proctitle="/apex/com.android.tethering/bin/netbpfload"
11-11 01:55:48.508   312   327 I auditd  : type=1320 audit(0.0:17): 
11-11 01:55:48.508   327   327 W auditd  : type=1320 audit(0.0:17): 
11-11 01:55:48.516   312   327 I auditd  : type=1334 audit(0.0:18): prog-id=13 op=LOAD
11-11 01:55:48.516   327   327 W auditd  : type=1334 audit(0.0:18): prog-id=13 op=LOAD
11-11 01:55:48.541     0     0 D NetBpfLoad: BPF_PROG_LOAD call for /apex/com.android.tethering/etc/bpf/tethering/offload.o (xdp_tether_upstream_rawip) returned 'processed 2 insns (limit 1000000) max_states_per_insn 0 total_states 0 peak_states 0 mark_read 0' fd: 28 (ok)
11-11 01:55:48.542     0     0 I NetBpfLoad: prog /sys/fs/bpf/tethering/prog_offload_xdp_tether_upstream_rawip id 13 len jit:31 xlat:16
11-11 01:55:48.544     0     0 D NetBpfLoad: Loaded object: /apex/com.android.tethering/etc/bpf/tethering/offload.o
11-11 01:55:48.516   622   622 I auditd  : type=1300 audit(0.0:18): arch=c000003e syscall=321 success=yes exit=28 a0=5 a1=7ffc579c6320 a2=98 a3=19 items=0 ppid=1 auid=4294967295 uid=0 gid=0 euid=0 suid=0 fsuid=0 egid=0 sgid=0 fsgid=0 tty=(none) ses=4294967295 comm="netbpfload" exe="/apex/com.android.tethering/bin/netbpfload" subj=u:r:bpfloader:s0 key=(null)
11-11 01:55:48.516   622   622 W netbpfload: type=1300 audit(0.0:18): arch=c000003e syscall=321 success=yes exit=28 a0=5 a1=7ffc579c6320 a2=98 a3=19 items=0 ppid=1 auid=4294967295 uid=0 gid=0 euid=0 suid=0 fsuid=0 egid=0 sgid=0 fsgid=0 tty=(none) ses=4294967295 exe="/apex/com.android.tethering/bin/netbpfload" subj=u:r:bpfloader:s0 key=(null)
11-11 01:55:48.549     0     0 D NetBpfLoad: Loading ELF object /apex/com.android.tethering/etc/bpf/netd_shared/netd.o with license Apache 2.0
11-11 01:55:48.516   312   327 I auditd  : type=1327 audit(0.0:18): proctitle="/apex/com.android.tethering/bin/netbpfload"
11-11 01:55:48.516   327   327 W auditd  : type=1327 audit(0.0:18): proctitle="/apex/com.android.tethering/bin/netbpfload"
11-11 01:55:48.516   312   327 I auditd  : type=1320 audit(0.0:18): 
11-11 01:55:48.516   327   327 W auditd  : type=1320 audit(0.0:18): 
11-11 01:55:48.550     0     0 D NetBpfLoad: Section bpfloader_min_ver value is 43 [0x2b]
11-11 01:55:48.557     0     0 D NetBpfLoad: Section bpfloader_max_ver value is 65536 [0x10000]
11-11 01:55:48.557     0     0 D NetBpfLoad: BpfLoader version 0x0002f processing ELF object /apex/com.android.tethering/etc/bpf/netd_shared/netd.o with ver [0x0002b,0x10000)
11-11 01:55:48.616     0     0 D NetBpfLoad: bpf_create_map[configuration_map] btf:1 -> 8
11-11 01:55:48.616     0     0 I NetBpfLoad: map /sys/fs/bpf/netd_shared/map_netd_configuration_map id 14
11-11 01:55:48.618     0     0 D NetBpfLoad: bpf_create_map[blocked_ports_map] btf:1 -> 9
11-11 01:55:48.618     0     0 I NetBpfLoad: map /sys/fs/bpf/netd_shared/map_netd_blocked_ports_map id 15
11-11 01:55:48.619     0     0 D NetBpfLoad: bpf_create_map[cookie_tag_map] btf:1 -> 10
11-11 01:55:48.619     0     0 I NetBpfLoad: map /sys/fs/bpf/netd_shared/map_netd_cookie_tag_map id 16
11-11 01:55:48.621     0     0 D NetBpfLoad: bpf_create_map[uid_counterset_map] btf:1 -> 11
11-11 01:55:48.621     0     0 I NetBpfLoad: map /sys/fs/bpf/netd_shared/map_netd_uid_counterset_map id 17
11-11 01:55:48.623     0     0 D NetBpfLoad: bpf_create_map[app_uid_stats_map] btf:1 -> 12
11-11 01:55:48.623     0     0 I NetBpfLoad: map /sys/fs/bpf/netd_shared/map_netd_app_uid_stats_map id 18
11-11 01:55:48.624     0     0 D NetBpfLoad: bpf_create_map[stats_map_A] btf:1 -> 13
11-11 01:55:48.624     0     0 I NetBpfLoad: map /sys/fs/bpf/netd_shared/map_netd_stats_map_A id 19
11-11 01:55:48.626     0     0 D NetBpfLoad: bpf_create_map[stats_map_B] btf:1 -> 14
11-11 01:55:48.626     0     0 I NetBpfLoad: map /sys/fs/bpf/netd_shared/map_netd_stats_map_B id 20
11-11 01:55:48.627     0     0 D NetBpfLoad: bpf_create_map[iface_stats_map] btf:1 -> 15
11-11 01:55:48.628     0     0 I NetBpfLoad: map /sys/fs/bpf/netd_shared/map_netd_iface_stats_map id 21
11-11 01:55:48.629     0     0 D NetBpfLoad: bpf_create_map[uid_owner_map] btf:1 -> 16
11-11 01:55:48.629     0     0 I NetBpfLoad: map /sys/fs/bpf/netd_shared/map_netd_uid_owner_map id 22
11-11 01:55:48.631     0     0 D NetBpfLoad: bpf_create_map[uid_permission_map] btf:1 -> 17
11-11 01:55:48.631     0     0 I NetBpfLoad: map /sys/fs/bpf/netd_shared/map_netd_uid_permission_map id 23
11-11 01:55:48.632     0     0 D NetBpfLoad: bpf_create_map[ingress_discard_map] btf:1 -> 18
11-11 01:55:48.632     0     0 I NetBpfLoad: map /sys/fs/bpf/netd_shared/map_netd_ingress_discard_map id 24
11-11 01:55:48.634     0     0 D NetBpfLoad: bpf_create_map[lock_array_test_map] btf:1 -> 19
11-11 01:55:48.634     0     0 I NetBpfLoad: map /sys/fs/bpf/netd_shared/map_netd_lock_array_test_map id 25
11-11 01:55:48.635     0     0 D NetBpfLoad: bpf_create_map[lock_hash_test_map] btf:1 -> 20
11-11 01:55:48.635     0     0 I NetBpfLoad: map /sys/fs/bpf/netd_shared/map_netd_lock_hash_test_map id 26
11-11 01:55:48.637     0     0 D NetBpfLoad: bpf_create_map[iface_index_name_map] btf:1 -> 21
11-11 01:55:48.637     0     0 I NetBpfLoad: map /sys/fs/bpf/netd_shared/map_netd_iface_index_name_map id 27
11-11 01:55:48.638     0     0 D NetBpfLoad: bpf_create_map[packet_trace_enabled_map] btf:1 -> 22
11-11 01:55:48.638     0     0 I NetBpfLoad: map /sys/fs/bpf/netd_shared/map_netd_packet_trace_enabled_map id 28
11-11 01:55:48.640     0     0 D NetBpfLoad: bpf_create_map[packet_trace_ringbuf] btf:0 -> 23
11-11 01:55:48.640     0     0 I NetBpfLoad: map /sys/fs/bpf/netd_shared/map_netd_packet_trace_ringbuf id 29
11-11 01:55:48.641     0     0 D NetBpfLoad: bpf_create_map[data_saver_enabled_map] btf:1 -> 24
11-11 01:55:48.641     0     0 I NetBpfLoad: map /sys/fs/bpf/netd_shared/map_netd_data_saver_enabled_map id 30
11-11 01:55:48.643     0     0 D NetBpfLoad: bpf_create_map[local_net_access_map] btf:1 -> 25
11-11 01:55:48.643     0     0 I NetBpfLoad: map /sys/fs/bpf/netd_shared/map_netd_local_net_access_map id 31
11-11 01:55:48.644     0     0 D NetBpfLoad: bpf_create_map[local_net_blocked_uid_map] btf:1 -> 26
11-11 01:55:48.644     0     0 I NetBpfLoad: map /sys/fs/bpf/netd_shared/map_netd_local_net_blocked_uid_map id 32
11-11 01:55:48.659     0     0 D NetBpfLoad: cs[0].name:cgroupskb_ingress_stats$5_10_25q2 min_kver:50a0000 .max_kver:ffffffff (kvers:60c0012)
11-11 01:55:48.659     0     0 D NetBpfLoad: cs[0].name:cgroupskb_ingress_stats$5_10_25q2 requires bpfloader version [0x0002f,0x10000)
11-11 01:55:48.672     0     0 D NetBpfLoad: BPF_PROG_LOAD call for /apex/com.android.tethering/etc/bpf/netd_shared/netd.o (cgroupskb_ingress_stats$5_10_25q2) returned 'processed 2273 insns (limit 1000000) max_states_per_insn 3 total_states 152 peak_states 152 mark_read 14' fd: 28 (ok)
11-11 01:55:48.672     0     0 I NetBpfLoad: prog /sys/fs/bpf/netd_shared/prog_netd_cgroupskb_ingress_stats id 14 len jit:3330 xlat:5720
11-11 01:55:48.632   312   327 I auditd  : type=1334 audit(0.0:19): prog-id=14 op=LOAD
11-11 01:55:48.632   327   327 W auditd  : type=1334 audit(0.0:19): prog-id=14 op=LOAD
11-11 01:55:48.674     0     0 D NetBpfLoad: cs[1].name:cgroupskb_ingress_stats$5_4_25q2 min_kver:5040000 .max_kver:50a0000 (kvers:60c0012)
11-11 01:55:48.632   622   622 I auditd  : type=1300 audit(0.0:19): arch=c000003e syscall=321 success=yes exit=28 a0=5 a1=7ffc579c6320 a2=98 a3=21 items=0 ppid=1 auid=4294967295 uid=0 gid=0 euid=0 suid=0 fsuid=0 egid=0 sgid=0 fsgid=0 tty=(none) ses=4294967295 comm="netbpfload" exe="/apex/com.android.tethering/bin/netbpfload" subj=u:r:bpfloader:s0 key=(null)
11-11 01:55:48.632   622   622 W netbpfload: type=1300 audit(0.0:19): arch=c000003e syscall=321 success=yes exit=28 a0=5 a1=7ffc579c6320 a2=98 a3=21 items=0 ppid=1 auid=4294967295 uid=0 gid=0 euid=0 suid=0 fsuid=0 egid=0 sgid=0 fsgid=0 tty=(none) ses=4294967295 exe="/apex/com.android.tethering/bin/netbpfload" subj=u:r:bpfloader:s0 key=(null)
11-11 01:55:48.632   312   327 I auditd  : type=1327 audit(0.0:19): proctitle="/apex/com.android.tethering/bin/netbpfload"
11-11 01:55:48.632   327   327 W auditd  : type=1327 audit(0.0:19): proctitle="/apex/com.android.tethering/bin/netbpfload"
11-11 01:55:48.679     0     0 D NetBpfLoad: cs[2].name:cgroupskb_ingress_stats$5_10_u min_kver:50a0000 .max_kver:ffffffff (kvers:60c0012)
11-11 01:55:48.680     0     0 D NetBpfLoad: cs[2].name:cgroupskb_ingress_stats$5_10_u requires bpfloader version [0x0002c,0x0002f)
11-11 01:55:48.632   312   327 I auditd  : type=1320 audit(0.0:19): 
11-11 01:55:48.632   327   327 W auditd  : type=1320 audit(0.0:19): 
11-11 01:55:48.683     0     0 D NetBpfLoad: cs[3].name:cgroupskb_ingress_stats$4_19 min_kver:4130000 .max_kver:ffffffff (kvers:60c0012)
