11-11 01:55:47.553   602   602 D aconfigd_mainline: aconfigd_rust::aconfigd: start initialize com.android.hardware.gatekeeper flags
11-11 01:55:47.553   602   602 D aconfigd_mainline: aconfigd_rust::aconfigd: start initialize com.android.hardware.boot flags
11-11 01:55:47.554   602   602 D aconfigd_mainline: aconfigd_rust::aconfigd: start initialize com.android.healthfitness flags
11-11 01:55:47.554   602   602 D aconfigd_mainline: aconfigd_rust::storage_files: create storage files object from container com.android.healthfitness
11-11 01:55:47.555   602   602 D aconfigd_mainline: aconfigd_rust::storage_files: copy com.android.healthfitness storage files to persist and boot directories
11-11 01:55:47.572   602   602 D aconfigd_mainline: aconfigd_rust::storage_files_manager: writing updated storage records /metadata/aconfig/mainline_storage_records.pb
11-11 01:55:47.572   602   602 D aconfigd_mainline: aconfigd_rust::storage_files: apply staged server overrides for container com.android.healthfitness
11-11 01:55:47.573   602   602 D aconfigd_mainline: aconfigd_rust::storage_files: apply staged local overrides for container com.android.healthfitness
11-11 01:55:47.573   602   602 D aconfigd_mainline: aconfigd_rust::aconfigd: start initialize com.android.hardware.security.secretkeeper flags
11-11 01:55:47.574   602   602 D aconfigd_mainline: aconfigd_rust::aconfigd: start initialize com.google.cf.oemlock flags
11-11 01:55:47.574   602   602 D aconfigd_mainline: aconfigd_rust::aconfigd: start initialize com.android.hardware.neuralnetworks flags
11-11 01:55:47.574   602   602 D aconfigd_mainline: aconfigd_rust::aconfigd: start initialize com.android.hardware.rebootescrow flags
11-11 01:55:47.575   602   602 D aconfigd_mainline: aconfigd_rust::aconfigd: start initialize com.android.hardware.secure_element flags
11-11 01:55:47.575   602   602 D aconfigd_mainline: aconfigd_rust::aconfigd: start initialize com.google.cf.health flags
11-11 01:55:47.575   602   602 D aconfigd_mainline: aconfigd_rust::aconfigd: start initialize com.android.hardware.security.authgraph flags
11-11 01:55:47.576   602   602 D aconfigd_mainline: aconfigd_rust::aconfigd: start initialize com.android.hardware.power flags
11-11 01:55:47.576   602   602 D aconfigd_mainline: aconfigd_rust::aconfigd: start initialize com.android.hardware.audio flags
11-11 01:55:47.576   602   602 D aconfigd_mainline: aconfigd_rust::aconfigd: start initialize com.android.vndk.v32 flags
11-11 01:55:47.577   602   602 D aconfigd_mainline: aconfigd_rust::aconfigd: start initialize com.android.hardware.biometrics.face.virtual flags
11-11 01:55:47.577   602   602 D aconfigd_mainline: aconfigd_rust::aconfigd: start initialize com.android.hardware.drm.clearkey flags
11-11 01:55:47.577   602   602 D aconfigd_mainline: aconfigd_rust::aconfigd: start initialize com.android.hardware.gnss flags
11-11 01:55:47.578   602   602 D aconfigd_mainline: aconfigd_rust::aconfigd: start initialize com.android.hardware.input.processor flags
11-11 01:55:47.578   602   602 D aconfigd_mainline: aconfigd_rust::aconfigd: start initialize com.android.hardware.cas flags
11-11 01:55:47.578   602   602 D aconfigd_mainline: aconfigd_rust::aconfigd: start initialize com.android.hardware.usb flags
11-11 01:55:47.579   602   602 D aconfigd_mainline: aconfigd_rust::aconfigd: start initialize com.google.cf.input.config flags
11-11 01:55:47.579   602   602 D aconfigd_mainline: aconfigd_rust::aconfigd: start initialize com.android.hardware.thermal flags
11-11 01:55:47.579   602   602 D aconfigd_mainline: aconfigd_rust::aconfigd: start initialize com.android.hardware.net.nlinterceptor flags
11-11 01:55:47.580   602   602 D aconfigd_mainline: aconfigd_rust::aconfigd: start initialize com.android.bt flags
11-11 01:55:47.580   602   602 D aconfigd_mainline: aconfigd_rust::storage_files: create storage files object from container com.android.bt
11-11 01:55:47.586   602   602 D aconfigd_mainline: aconfigd_rust::storage_files: copy com.android.bt storage files to persist and boot directories
11-11 01:55:47.609   602   602 D aconfigd_mainline: aconfigd_rust::storage_files_manager: writing updated storage records /metadata/aconfig/mainline_storage_records.pb
11-11 01:55:47.610   602   602 D aconfigd_mainline: aconfigd_rust::storage_files: apply staged server overrides for container com.android.bt
11-11 01:55:47.610   602   602 D aconfigd_mainline: aconfigd_rust::storage_files: apply staged local overrides for container com.android.bt
11-11 01:55:47.610   602   602 D aconfigd_mainline: aconfigd_rust::aconfigd: start initialize com.android.hardware.contexthub flags
11-11 01:55:47.611   602   602 D aconfigd_mainline: aconfigd_rust::aconfigd: start initialize com.android.hardware.memtrack flags
11-11 01:55:47.611   602   602 D aconfigd_mainline: aconfigd_rust::aconfigd: start initialize com.android.hardware.uwb flags
11-11 01:55:47.611   602   602 D aconfigd_mainline: aconfigd_rust::aconfigd: start initialize com.android.rkpd flags
11-11 01:55:47.612   602   602 D aconfigd_mainline: aconfigd_rust::aconfigd: start initialize com.android.hardware.biometrics.fingerprint.virtual flags
11-11 01:55:47.612   602   602 D aconfigd_mainline: aconfigd_rust::aconfigd: start initialize com.android.hardware.keymint flags
11-11 01:55:47.612   602   602 D aconfigd_mainline: aconfigd_rust::aconfigd: start initialize com.android.i18n flags
11-11 01:55:47.613   602   602 D aconfigd_mainline: aconfigd_rust::storage_files: create storage files object from container com.android.i18n
11-11 01:55:47.614   602   602 D aconfigd_mainline: aconfigd_rust::storage_files: copy com.android.i18n storage files to persist and boot directories
11-11 01:55:47.628   602   602 D aconfigd_mainline: aconfigd_rust::storage_files_manager: writing updated storage records /metadata/aconfig/mainline_storage_records.pb
11-11 01:55:47.629   602   602 D aconfigd_mainline: aconfigd_rust::storage_files: apply staged server overrides for container com.android.i18n
11-11 01:55:47.629   602   602 D aconfigd_mainline: aconfigd_rust::storage_files: apply staged local overrides for container com.android.i18n
11-11 01:55:47.652     0     0 I init    : Service 'mainline_aconfigd_init' (pid 602) exited with status 0 waiting took 0.741000 seconds
11-11 01:55:47.654     0     0 I init    : Sending signal 9 to service 'mainline_aconfigd_init' (pid 602) process group...
11-11 01:55:47.656     0     0 I libprocessgroup: Removed cgroup /sys/fs/cgroup/system/uid_1000/pid_602
11-11 01:55:47.658     0     0 I init    : starting service 'mainline_aconfigd_socket_service'...
11-11 01:55:47.659     0     0 I init    : Created socket '/dev/socket/aconfigd_mainline', mode 666, user 1000, group 1000
11-11 01:55:47.662     0     0 I init    : ... started service 'mainline_aconfigd_socket_service' has pid 603
11-11 01:55:47.664     0     0 I init    : starting service 'derive_sdk'...
11-11 01:55:47.667     0     0 I init    : ... started service 'derive_sdk' has pid 604
11-11 01:55:47.650   603   603 I aconfigd_mainline: main: starting aconfigd_mainline commands.
11-11 01:55:47.670     0     0 I init    : SVC_EXEC service 'derive_sdk' pid 604 (uid 9999 gid 9999+0 context default) started; waiting...
11-11 01:55:47.653   604   604 I derive_sdk: Read version 17 from 7
11-11 01:55:47.654   604   604 I derive_sdk: Read version 17 from 5
11-11 01:55:47.655   604   604 I derive_sdk: Read version 17 from 13
11-11 01:55:47.673     0     0 I init    : Service 'mainline_aconfigd_socket_service' (pid 603) exited with status 0 oneshot service took 0.011000 seconds in background
11-11 01:55:47.675     0     0 I init    : Sending signal 9 to service 'mainline_aconfigd_socket_service' (pid 603) process group...
11-11 01:55:47.656   604   604 I derive_sdk: Read version 17 from 16
11-11 01:55:47.656   604   604 I derive_sdk: Read version 17 from 3
11-11 01:55:47.657   604   604 I derive_sdk: Read version 17 from 2
11-11 01:55:47.658   604   604 I derive_sdk: Read version 17 from 1
11-11 01:55:47.658   604   604 I derive_sdk: Read version 17 from 4
11-11 01:55:47.659   604   604 I derive_sdk: Read version 17 from 8
11-11 01:55:47.678     0     0 I libprocessgroup: Removed cgroup /sys/fs/cgroup/system/uid_1000/pid_603
11-11 01:55:47.659   604   604 I derive_sdk: Read version 17 from 14
11-11 01:55:47.659   604   604 I derive_sdk: Read version 17 from 9
11-11 01:55:47.660   604   604 I derive_sdk: Read version 17 from 10
11-11 01:55:47.660   604   604 I derive_sdk: Read version 17 from 12
11-11 01:55:47.661   604   604 I derive_sdk: Read version 17 from 15
11-11 01:55:47.661   604   604 I derive_sdk: Read version 17 from 6
11-11 01:55:47.661   604   604 I derive_sdk: Read version 17 from 17
11-11 01:55:47.662   604   604 I derive_sdk: Read version 17 from 11
11-11 01:55:47.662   604   604 I derive_sdk: extension r version is 17
11-11 01:55:47.662   604   604 I derive_sdk: extension s version is 17
11-11 01:55:47.663   604   604 I derive_sdk: extension t version is 17
11-11 01:55:47.663   604   604 I derive_sdk: extension u version is 17
11-11 01:55:47.664   604   604 I derive_sdk: extension v version is 17
11-11 01:55:47.664   604   604 I derive_sdk: extension b version is 17
11-11 01:55:47.664   604   604 I derive_sdk: extension ad_services version is 17
11-11 01:55:47.687     0     0 I init    : Service 'derive_sdk' (pid 604) exited with status 0 waiting took 0.021000 seconds
11-11 01:55:47.688     0     0 I init    : Sending signal 9 to service 'derive_sdk' (pid 604) process group...
11-11 01:55:47.690     0     0 I libprocessgroup: Removed cgroup /sys/fs/cgroup/system/uid_9999/pid_604
11-11 01:55:47.691     0     0 I init    : starting service 'exec 10 (/system/bin/vdc --wait cryptfs init_user0)'...
11-11 01:55:47.695     0     0 I init    : ... started service 'exec 10 (/system/bin/vdc --wait cryptfs init_user0)' has pid 605
11-11 01:55:47.697     0     0 I init    : SVC_EXEC service 'exec 10 (/system/bin/vdc --wait cryptfs init_user0)' pid 605 (uid 0 gid 0+0 context default) started; waiting...
11-11 01:55:47.684   328   328 D vold    : fscrypt_init_user0
11-11 01:55:47.684   328   328 D vold    : Preparing: /data/misc/vold/user_keys
11-11 01:55:47.685   328   328 D vold    : Preparing: /data/misc/vold/user_keys/ce
11-11 01:55:47.685   328   328 D vold    : Preparing: /data/misc/vold/user_keys/de
11-11 01:55:47.685   328   328 D vold    : Generating standard storage key
11-11 01:55:47.686   328   328 D vold    : Generating "key storage" key
11-11 01:55:47.703     0     0 W vdc     : Thread Pool max thread count is 0. Cannot cache binder as linkToDeath cannot be implemented. serviceName: vold
11-11 01:55:47.705     0     0 D vdc     : Waited 0ms for vold
11-11 01:55:47.687   352   363 W keymint-hal-nonsecure: kmr_ta: failing DeviceGenerateKey request with error Hal(RollbackResistanceUnavailable, "system/keymint/common/src/keyblob.rs:369: no secure secret storage available")
11-11 01:55:47.687   352   352 W keymint-hal-nonsecure: kmr_hal: HAL: command DeviceGenerateKey failed: -67
11-11 01:55:47.688   346   346 I keystore2: system/security/keystore2/src/audit_log.rs:38 - Not logging audit event for key with domain r#BLOB
11-11 01:55:47.688   346   346 E keystore2: system/security/keystore2/src/error.rs:183 - system/security/keystore2/src/security_level.rs:680
11-11 01:55:47.688   346   346 E keystore2: 
11-11 01:55:47.688   346   346 E keystore2: Caused by:
11-11 01:55:47.688   346   346 E keystore2:     0: system/security/keystore2/src/security_level.rs:674: While generating without a provided attestation key and params: [KeyParameter { tag: r#ALGORITHM, value: Algorithm(r#AES) }, KeyParameter { tag: r#KEY_SIZE, value: Integer(256) }, KeyParameter { tag: r#PURPOSE, value: KeyPurpose(r#ENCRYPT) }, KeyParameter { tag: r#PURPOSE, value: KeyPurpose(r#DECRYPT) }, KeyParameter { tag: r#BLOCK_MODE, value: BlockMode(r#GCM) }, KeyParameter { tag: r#PADDING, value: PaddingMode(r#NONE) }, KeyParameter { tag: r#MIN_MAC_LENGTH, value: Integer(128) }, KeyParameter { tag: r#NO_AUTH_REQUIRED, value: BoolValue(true) }, KeyParameter { tag: r#ROLLBACK_RESISTANCE, value: BoolValue(true) }, KeyParameter { tag: r#CREATION_DATETIME, value: DateTime(1762826147687) }].
11-11 01:55:47.688   346   346 E keystore2:     1: Error::Km(r#ROLLBACK_RESISTANCE_UNAVAILABLE)
11-11 01:55:47.689   328   328 E vold    : keystore2 Keystore generateKey returned service specific error: -67
11-11 01:55:47.691   328   328 W vold    : Failed to generate rollback-resistant key.  This is expected if keystore doesn't support rollback resistance.  Falling back to non-rollback-resistant key.
11-11 01:55:47.695   346   346 I keystore2: system/security/keystore2/src/audit_log.rs:38 - Not logging audit event for key with domain r#BLOB
11-11 01:55:47.711     0     0 E vold    : keystore2 Keystore generateKey returned service specific error: -67
11-11 01:55:47.713     0     0 W vold    : Failed to generate rollback-resistant key.  This is expected if keystore doesn't support rollback resistance.  Falling back to non-rollback-resistant key.
11-11 01:55:47.696   328   328 D vold    : Stored key /data/misc/vold/user_keys/de/0
11-11 01:55:47.696   328   328 D vold    : Installed fscrypt key with ref e41ca605f7caf32db82e8f6dd8c20872 to /data
11-11 01:55:47.697   328   328 I vold    : Created DE key for user 0
11-11 01:55:47.697   328   328 D vold    : Generating standard storage key
11-11 01:55:47.697   328   328 D vold    : Preparing: /data/misc/vold/user_keys/ce/0
11-11 01:55:47.698   328   328 D vold    : Installed fscrypt key with ref 1f1b1543c10c22c993ec239cf6b7bfe2 to /data
11-11 01:55:47.698   328   328 I vold    : Created CE key for user 0
11-11 01:55:47.699   328   328 D vold    : Installed fscrypt key with ref e41ca605f7caf32db82e8f6dd8c20872 to /data
11-11 01:55:47.699   328   328 D vold    : Installed de key for user 0
11-11 01:55:47.700   328   328 D vold    : Preparing: /data/data.new
11-11 01:55:47.701   328   328 I vold    : Encryption policy of /data/data.new set to 1f1b1543c10c22c993ec239cf6b7bfe2 v2 modes 1/10 flags 0xa
11-11 01:55:47.701   328   328 D vold    : Preparing: /data/user/0
11-11 01:55:47.702   328   328 D vold    : Preparing: /data/media/obb.new
11-11 01:55:47.702   328   328 I vold    : Encryption policy of /data/media/obb.new set to 2eb619182547948d383bf16a7a143c61 v2 modes 1/10 flags 0xa
11-11 01:55:47.702   328   328 D vold    : fscrypt_prepare_user_storage for volume null, user 0, flags 1
11-11 01:55:47.703   328   328 D vold    : Preparing: /data/system/users/0
11-11 01:55:47.703   328   328 D vold    : Preparing: /data/misc/profiles/cur/0
11-11 01:55:47.703   328   328 D vold    : Preparing: /data/system_de/0.new
11-11 01:55:47.704   328   328 I vold    : Encryption policy of /data/system_de/0.new set to e41ca605f7caf32db82e8f6dd8c20872 v2 modes 1/10 flags 0xa
11-11 01:55:47.704   328   328 D vold    : Preparing: /data/vendor_de/0.new
11-11 01:55:47.705   328   328 I vold    : Encryption policy of /data/vendor_de/0.new set to e41ca605f7caf32db82e8f6dd8c20872 v2 modes 1/10 flags 0xa
11-11 01:55:47.705   328   328 D vold    : Preparing: /data/misc_de/0.new
11-11 01:55:47.706   328   328 I vold    : Encryption policy of /data/misc_de/0.new set to e41ca605f7caf32db82e8f6dd8c20872 v2 modes 1/10 flags 0xa
11-11 01:55:47.706   328   328 D vold    : Preparing: /data/user_de/0.new
11-11 01:55:47.706   328   328 I vold    : Encryption policy of /data/user_de/0.new set to e41ca605f7caf32db82e8f6dd8c20872 v2 modes 1/10 flags 0xa
11-11 01:55:47.707   328   328 D vold    : /system/bin/vold_prepare_subdirs
11-11 01:55:47.707   328   328 D vold    :     prepare
11-11 01:55:47.707   328   328 D vold    :     
11-11 01:55:47.708   328   328 D vold    :     0
11-11 01:55:47.708   328   328 D vold    :     1
11-11 01:55:47.718   606   606 D vold_prepare_subdirs: Setting up mode 771 uid 1000 gid 1000 context u:object_r:system_data_file:s0:c512,c768 on path: /data/user_de/0
11-11 01:55:47.718   606   606 I vold_prepare_subdirs: Relabelling from u:object_r:system_data_file:s0 to u:object_r:system_data_file:s0:c512,c768: /data/user_de/0
11-11 01:55:47.719   606   606 D vold_prepare_subdirs: Setting up mode 771 uid 1000 gid 1000 context u:object_r:sdk_sandbox_system_data_file:s0:c512,c768 on path: /data/misc_de/0/sdksandbox
11-11 01:55:47.719   606   606 D vold_prepare_subdirs: Setting up mode 700 uid 0 gid 0 context u:object_r:vold_data_file:s0 on path: /data/misc_de/0/vold
11-11 01:55:47.720   606   606 D vold_prepare_subdirs: Setting up mode 700 uid 0 gid 0 context u:object_r:storaged_data_file:s0 on path: /data/misc_de/0/storaged
11-11 01:55:47.720   606   606 D vold_prepare_subdirs: Setting up mode 700 uid 0 gid 0 context u:object_r:rollback_data_file:s0 on path: /data/misc_de/0/rollback
11-11 01:55:47.721   606   606 D vold_prepare_subdirs: Setting up mode 700 uid 0 gid 0 context u:object_r:apex_rollback_data_file:s0 on path: /data/misc_de/0/apexrollback
11-11 01:55:47.721   606   606 D vold_prepare_subdirs: Setting up mode 711 uid 0 gid 0 context u:object_r:apex_module_data_file:s0 on path: /data/misc_de/0/apexdata
11-11 01:55:47.722   606   606 D vold_prepare_subdirs: Setting up mode 771 uid 0 gid 1000 context u:object_r:apex_module_data_file:s0 on path: /data/misc_de/0/apexdata/com.android.adbd
11-11 01:55:47.722   606   606 D vold_prepare_subdirs: Setting up mode 771 uid 0 gid 1000 context u:object_r:apex_module_data_file:s0 on path: /data/misc_de/0/apexdata/com.android.adservices
11-11 01:55:47.723   606   606 D vold_prepare_subdirs: Setting up mode 771 uid 0 gid 1000 context u:object_r:apex_module_data_file:s0 on path: /data/misc_de/0/apexdata/com.android.apex.cts.shim
11-11 01:55:47.723   606   606 D vold_prepare_subdirs: Setting up mode 771 uid 0 gid 1000 context u:object_r:apex_module_data_file:s0 on path: /data/misc_de/0/apexdata/com.android.appsearch
11-11 01:55:47.724   606   606 D vold_prepare_subdirs: Setting up mode 771 uid 0 gid 1000 context u:object_r:apex_module_data_file:s0 on path: /data/misc_de/0/apexdata/com.android.art
11-11 01:55:47.724   606   606 D vold_prepare_subdirs: Setting up mode 771 uid 0 gid 1000 context u:object_r:apex_module_data_file:s0 on path: /data/misc_de/0/apexdata/com.android.bt
11-11 01:55:47.725   606   606 D vold_prepare_subdirs: Setting up mode 771 uid 0 gid 1000 context u:object_r:apex_module_data_file:s0 on path: /data/misc_de/0/apexdata/com.android.cellbroadcast
11-11 01:55:47.725   606   606 D vold_prepare_subdirs: Setting up mode 771 uid 0 gid 1000 context u:object_r:apex_module_data_file:s0 on path: /data/misc_de/0/apexdata/com.android.compos
11-11 01:55:47.726   606   606 D vold_prepare_subdirs: Setting up mode 771 uid 0 gid 1000 context u:object_r:apex_module_data_file:s0 on path: /data/misc_de/0/apexdata/com.android.configinfrastructure
11-11 01:55:47.726   606   606 D vold_prepare_subdirs: Setting up mode 771 uid 0 gid 1000 context u:object_r:apex_module_data_file:s0 on path: /data/misc_de/0/apexdata/com.android.conscrypt
11-11 01:55:47.727   606   606 D vold_prepare_subdirs: Setting up mode 771 uid 0 gid 1000 context u:object_r:apex_module_data_file:s0 on path: /data/misc_de/0/apexdata/com.android.crashrecovery
11-11 01:55:47.727   606   606 D vold_prepare_subdirs: Setting up mode 771 uid 0 gid 1000 context u:object_r:apex_module_data_file:s0 on path: /data/misc_de/0/apexdata/com.android.devicelock
11-11 01:55:47.728   606   606 D vold_prepare_subdirs: Setting up mode 771 uid 0 gid 1000 context u:object_r:apex_module_data_file:s0 on path: /data/misc_de/0/apexdata/com.android.extservices
11-11 01:55:47.728   606   606 D vold_prepare_subdirs: Setting up mode 771 uid 0 gid 1000 context u:object_r:apex_module_data_file:s0 on path: /data/misc_de/0/apexdata/com.android.hardware.audio
11-11 01:55:47.729   606   606 D vold_prepare_subdirs: Setting up mode 771 uid 0 gid 1000 context u:object_r:apex_module_data_file:s0 on path: /data/misc_de/0/apexdata/com.android.hardware.authsecret
11-11 01:55:47.729   606   606 D vold_prepare_subdirs: Setting up mode 771 uid 0 gid 1000 context u:object_r:apex_module_data_file:s0 on path: /data/misc_de/0/apexdata/com.android.hardware.biometrics.face.virtual
11-11 01:55:47.730   606   606 D vold_prepare_subdirs: Setting up mode 771 uid 0 gid 1000 context u:object_r:apex_module_data_file:s0 on path: /data/misc_de/0/apexdata/com.android.hardware.biometrics.fingerprint.virtual
11-11 01:55:47.730   606   606 D vold_prepare_subdirs: Setting up mode 771 uid 0 gid 1000 context u:object_r:apex_module_data_file:s0 on path: /data/misc_de/0/apexdata/com.android.hardware.boot
11-11 01:55:47.731   606   606 D vold_prepare_subdirs: Setting up mode 771 uid 0 gid 1000 context u:object_r:apex_module_data_file:s0 on path: /data/misc_de/0/apexdata/com.android.hardware.cas
11-11 01:55:47.731   606   606 D vold_prepare_subdirs: Setting up mode 771 uid 0 gid 1000 context u:object_r:apex_module_data_file:s0 on path: /data/misc_de/0/apexdata/com.android.hardware.contexthub
11-11 01:55:47.732   606   606 D vold_prepare_subdirs: Setting up mode 771 uid 0 gid 1000 context u:object_r:apex_module_data_file:s0 on path: /data/misc_de/0/apexdata/com.android.hardware.drm.clearkey
11-11 01:55:47.732   606   606 D vold_prepare_subdirs: Setting up mode 771 uid 0 gid 1000 context u:object_r:apex_module_data_file:s0 on path: /data/misc_de/0/apexdata/com.android.hardware.dumpstate
11-11 01:55:47.733   606   606 D vold_prepare_subdirs: Setting up mode 771 uid 0 gid 1000 context u:object_r:apex_module_data_file:s0 on path: /data/misc_de/0/apexdata/com.android.hardware.gatekeeper
11-11 01:55:47.733   606   606 D vold_prepare_subdirs: Setting up mode 771 uid 0 gid 1000 context u:object_r:apex_module_data_file:s0 on path: /data/misc_de/0/apexdata/com.android.hardware.gnss
11-11 01:55:47.734   606   606 D vold_prepare_subdirs: Setting up mode 771 uid 0 gid 1000 context u:object_r:apex_module_data_file:s0 on path: /data/misc_de/0/apexdata/com.android.hardware.graphics.composer
11-11 01:55:47.734   606   606 D vold_prepare_subdirs: Setting up mode 771 uid 0 gid 1000 context u:object_r:apex_module_data_file:s0 on path: /data/misc_de/0/apexdata/com.android.hardware.input.processor
11-11 01:55:47.735   606   606 D vold_prepare_subdirs: Setting up mode 771 uid 0 gid 1000 context u:object_r:apex_module_data_file:s0 on path: /data/misc_de/0/apexdata/com.android.hardware.ir
11-11 01:55:47.736   606   606 D vold_prepare_subdirs: Setting up mode 771 uid 0 gid 1000 context u:object_r:apex_module_data_file:s0 on path: /data/misc_de/0/apexdata/com.android.hardware.keymint
11-11 01:55:47.736   606   606 D vold_prepare_subdirs: Setting up mode 771 uid 0 gid 1000 context u:object_r:apex_module_data_file:s0 on path: /data/misc_de/0/apexdata/com.android.hardware.memtrack
11-11 01:55:47.737   606   606 D vold_prepare_subdirs: Setting up mode 771 uid 0 gid 1000 context u:object_r:apex_module_data_file:s0 on path: /data/misc_de/0/apexdata/com.android.hardware.net.nlinterceptor
11-11 01:55:47.737   606   606 D vold_prepare_subdirs: Setting up mode 771 uid 0 gid 1000 context u:object_r:apex_module_data_file:s0 on path: /data/misc_de/0/apexdata/com.android.hardware.neuralnetworks
11-11 01:55:47.738   606   606 D vold_prepare_subdirs: Setting up mode 771 uid 0 gid 1000 context u:object_r:apex_module_data_file:s0 on path: /data/misc_de/0/apexdata/com.android.hardware.power
11-11 01:55:47.738   606   606 D vold_prepare_subdirs: Setting up mode 771 uid 0 gid 1000 context u:object_r:apex_module_data_file:s0 on path: /data/misc_de/0/apexdata/com.android.hardware.rebootescrow
11-11 01:55:47.739   606   606 D vold_prepare_subdirs: Setting up mode 771 uid 0 gid 1000 context u:object_r:apex_module_data_file:s0 on path: /data/misc_de/0/apexdata/com.android.hardware.secure_element
11-11 01:55:47.739   606   606 D vold_prepare_subdirs: Setting up mode 771 uid 0 gid 1000 context u:object_r:apex_module_data_file:s0 on path: /data/misc_de/0/apexdata/com.android.hardware.security.authgraph
11-11 01:55:47.740   606   606 D vold_prepare_subdirs: Setting up mode 771 uid 0 gid 1000 context u:object_r:apex_module_data_file:s0 on path: /data/misc_de/0/apexdata/com.android.hardware.security.secretkeeper
11-11 01:55:47.740   606   606 D vold_prepare_subdirs: Setting up mode 771 uid 0 gid 1000 context u:object_r:apex_module_data_file:s0 on path: /data/misc_de/0/apexdata/com.android.hardware.sensors
11-11 01:55:47.741   606   606 D vold_prepare_subdirs: Setting up mode 771 uid 0 gid 1000 context u:object_r:apex_module_data_file:s0 on path: /data/misc_de/0/apexdata/com.android.hardware.tetheroffload
11-11 01:55:47.741   606   606 D vold_prepare_subdirs: Setting up mode 771 uid 0 gid 1000 context u:object_r:apex_module_data_file:s0 on path: /data/misc_de/0/apexdata/com.android.hardware.thermal
11-11 01:55:47.742   606   606 D vold_prepare_subdirs: Setting up mode 771 uid 0 gid 1000 context u:object_r:apex_module_data_file:s0 on path: /data/misc_de/0/apexdata/com.android.hardware.threadnetwork
11-11 01:55:47.742   606   606 D vold_prepare_subdirs: Setting up mode 771 uid 0 gid 1000 context u:object_r:apex_module_data_file:s0 on path: /data/misc_de/0/apexdata/com.android.hardware.usb
11-11 01:55:47.743   606   606 D vold_prepare_subdirs: Setting up mode 771 uid 0 gid 1000 context u:object_r:apex_module_data_file:s0 on path: /data/misc_de/0/apexdata/com.android.hardware.uwb
11-11 01:55:47.743   606   606 D vold_prepare_subdirs: Setting up mode 771 uid 0 gid 1000 context u:object_r:apex_module_data_file:s0 on path: /data/misc_de/0/apexdata/com.android.hardware.vibrator
11-11 01:55:47.744   606   606 D vold_prepare_subdirs: Setting up mode 771 uid 0 gid 1000 context u:object_r:apex_module_data_file:s0 on path: /data/misc_de/0/apexdata/com.android.hardware.wifi
11-11 01:55:47.744   606   606 D vold_prepare_subdirs: Setting up mode 771 uid 0 gid 1000 context u:object_r:apex_module_data_file:s0 on path: /data/misc_de/0/apexdata/com.android.healthfitness
11-11 01:55:47.745   606   606 D vold_prepare_subdirs: Setting up mode 771 uid 0 gid 1000 context u:object_r:apex_module_data_file:s0 on path: /data/misc_de/0/apexdata/com.android.i18n
11-11 01:55:47.745   606   606 D vold_prepare_subdirs: Setting up mode 771 uid 0 gid 1000 context u:object_r:apex_module_data_file:s0 on path: /data/misc_de/0/apexdata/com.android.ipsec
11-11 01:55:47.746   606   606 D vold_prepare_subdirs: Setting up mode 771 uid 0 gid 1000 context u:object_r:apex_module_data_file:s0 on path: /data/misc_de/0/apexdata/com.android.media
11-11 01:55:47.746   606   606 D vold_prepare_subdirs: Setting up mode 771 uid 0 gid 1000 context u:object_r:apex_module_data_file:s0 on path: /data/misc_de/0/apexdata/com.android.media.swcodec
11-11 01:55:47.747   606   606 D vold_prepare_subdirs: Setting up mode 771 uid 0 gid 1000 context u:object_r:apex_module_data_file:s0 on path: /data/misc_de/0/apexdata/com.android.mediaprovider
11-11 01:55:47.747   606   606 D vold_prepare_subdirs: Setting up mode 771 uid 0 gid 1000 context u:object_r:apex_module_data_file:s0 on path: /data/misc_de/0/apexdata/com.android.neuralnetworks
11-11 01:55:47.748   606   606 D vold_prepare_subdirs: Setting up mode 771 uid 0 gid 1000 context u:object_r:apex_module_data_file:s0 on path: /data/misc_de/0/apexdata/com.android.nfcservices
11-11 01:55:47.748   606   606 D vold_prepare_subdirs: Setting up mode 771 uid 0 gid 1000 context u:object_r:apex_module_data_file:s0 on path: /data/misc_de/0/apexdata/com.android.ondevicepersonalization
11-11 01:55:47.749   606   606 D vold_prepare_subdirs: Setting up mode 771 uid 0 gid 1000 context u:object_r:apex_module_data_file:s0 on path: /data/misc_de/0/apexdata/com.android.os.statsd
11-11 01:55:47.749   606   606 D vold_prepare_subdirs: Setting up mode 771 uid 0 gid 1000 context u:object_r:apex_system_server_data_file:s0 on path: /data/misc_de/0/apexdata/com.android.permission
11-11 01:55:47.750   606   606 D vold_prepare_subdirs: Setting up mode 771 uid 0 gid 1000 context u:object_r:apex_module_data_file:s0 on path: /data/misc_de/0/apexdata/com.android.profiling
11-11 01:55:47.750   606   606 D vold_prepare_subdirs: Setting up mode 771 uid 0 gid 1000 context u:object_r:apex_module_data_file:s0 on path: /data/misc_de/0/apexdata/com.android.resolv
11-11 01:55:47.751   606   606 D vold_prepare_subdirs: Setting up mode 771 uid 0 gid 1000 context u:object_r:apex_module_data_file:s0 on path: /data/misc_de/0/apexdata/com.android.rkpd
11-11 01:55:47.751   606   606 D vold_prepare_subdirs: Setting up mode 771 uid 0 gid 1000 context u:object_r:apex_module_data_file:s0 on path: /data/misc_de/0/apexdata/com.android.runtime
11-11 01:55:47.752   606   606 D vold_prepare_subdirs: Setting up mode 771 uid 0 gid 1000 context u:object_r:apex_module_data_file:s0 on path: /data/misc_de/0/apexdata/com.android.scheduling
11-11 01:55:47.752   606   606 D vold_prepare_subdirs: Setting up mode 771 uid 0 gid 1000 context u:object_r:apex_module_data_file:s0 on path: /data/misc_de/0/apexdata/com.android.sdkext
11-11 01:55:47.753   606   606 D vold_prepare_subdirs: Setting up mode 771 uid 0 gid 1000 context u:object_r:apex_module_data_file:s0 on path: /data/misc_de/0/apexdata/com.android.tethering
11-11 01:55:47.753   606   606 D vold_prepare_subdirs: Setting up mode 771 uid 0 gid 1000 context u:object_r:apex_module_data_file:s0 on path: /data/misc_de/0/apexdata/com.android.tzdata
11-11 01:55:47.754   606   606 D vold_prepare_subdirs: Setting up mode 771 uid 0 gid 1000 context u:object_r:apex_module_data_file:s0 on path: /data/misc_de/0/apexdata/com.android.uprobestats
11-11 01:55:47.754   606   606 D vold_prepare_subdirs: Setting up mode 771 uid 0 gid 1000 context u:object_r:apex_system_server_data_file:s0 on path: /data/misc_de/0/apexdata/com.android.uwb
11-11 01:55:47.755   606   606 D vold_prepare_subdirs: Setting up mode 771 uid 0 gid 1000 context u:object_r:apex_module_data_file:s0 on path: /data/misc_de/0/apexdata/com.android.virt
11-11 01:55:47.755   606   606 D vold_prepare_subdirs: Setting up mode 771 uid 0 gid 1000 context u:object_r:apex_module_data_file:s0 on path: /data/misc_de/0/apexdata/com.android.vndk.v30
11-11 01:55:47.756   606   606 D vold_prepare_subdirs: Setting up mode 771 uid 0 gid 1000 context u:object_r:apex_module_data_file:s0 on path: /data/misc_de/0/apexdata/com.android.vndk.v31
11-11 01:55:47.756   606   606 D vold_prepare_subdirs: Setting up mode 771 uid 0 gid 1000 context u:object_r:apex_module_data_file:s0 on path: /data/misc_de/0/apexdata/com.android.vndk.v32
11-11 01:55:47.757   606   606 D vold_prepare_subdirs: Setting up mode 771 uid 0 gid 1000 context u:object_r:apex_module_data_file:s0 on path: /data/misc_de/0/apexdata/com.android.vndk.v33
11-11 01:55:47.757   606   606 D vold_prepare_subdirs: Setting up mode 771 uid 0 gid 1000 context u:object_r:apex_module_data_file:s0 on path: /data/misc_de/0/apexdata/com.android.vndk.v34
11-11 01:55:47.758   606   606 D vold_prepare_subdirs: Setting up mode 771 uid 0 gid 1000 context u:object_r:apex_system_server_data_file:s0 on path: /data/misc_de/0/apexdata/com.android.wifi
11-11 01:55:47.759   606   606 D vold_prepare_subdirs: Setting up mode 771 uid 0 gid 1000 context u:object_r:apex_module_data_file:s0 on path: /data/misc_de/0/apexdata/com.google.cf.bt
11-11 01:55:47.760   606   606 D vold_prepare_subdirs: Setting up mode 771 uid 0 gid 1000 context u:object_r:apex_module_data_file:s0 on path: /data/misc_de/0/apexdata/com.google.cf.confirmationui
11-11 01:55:47.760   606   606 D vold_prepare_subdirs: Setting up mode 771 uid 0 gid 1000 context u:object_r:apex_module_data_file:s0 on path: /data/misc_de/0/apexdata/com.google.cf.gralloc
11-11 01:55:47.761   606   606 D vold_prepare_subdirs: Setting up mode 771 uid 0 gid 1000 context u:object_r:apex_module_data_file:s0 on path: /data/misc_de/0/apexdata/com.google.cf.health
11-11 01:55:47.761   606   606 D vold_prepare_subdirs: Setting up mode 771 uid 0 gid 1000 context u:object_r:apex_module_data_file:s0 on path: /data/misc_de/0/apexdata/com.google.cf.health.storage
11-11 01:55:47.762   606   606 D vold_prepare_subdirs: Setting up mode 771 uid 0 gid 1000 context u:object_r:apex_module_data_file:s0 on path: /data/misc_de/0/apexdata/com.google.cf.identity
11-11 01:55:47.762   606   606 D vold_prepare_subdirs: Setting up mode 771 uid 0 gid 1000 context u:object_r:apex_module_data_file:s0 on path: /data/misc_de/0/apexdata/com.google.cf.input.config
11-11 01:55:47.763   606   606 D vold_prepare_subdirs: Setting up mode 771 uid 0 gid 1000 context u:object_r:apex_module_data_file:s0 on path: /data/misc_de/0/apexdata/com.google.cf.light
11-11 01:55:47.763   606   606 D vold_prepare_subdirs: Setting up mode 771 uid 0 gid 1000 context u:object_r:apex_module_data_file:s0 on path: /data/misc_de/0/apexdata/com.google.cf.nfc
11-11 01:55:47.764   606   606 D vold_prepare_subdirs: Setting up mode 771 uid 0 gid 1000 context u:object_r:apex_module_data_file:s0 on path: /data/misc_de/0/apexdata/com.google.cf.oemlock
11-11 01:55:47.764   606   606 D vold_prepare_subdirs: Setting up mode 771 uid 0 gid 1000 context u:object_r:apex_module_data_file:s0 on path: /data/misc_de/0/apexdata/com.google.cf.rild
11-11 01:55:47.765   606   606 D vold_prepare_subdirs: Setting up mode 771 uid 0 gid 1000 context u:object_r:apex_module_data_file:s0 on path: /data/misc_de/0/apexdata/com.google.cf.vulkan
11-11 01:55:47.765   606   606 D vold_prepare_subdirs: Setting up mode 771 uid 0 gid 1000 context u:object_r:apex_module_data_file:s0 on path: /data/misc_de/0/apexdata/com.google.cf.wifi
11-11 01:55:47.766   606   606 D vold_prepare_subdirs: Setting up mode 771 uid 0 gid 1000 context u:object_r:apex_module_data_file:s0 on path: /data/misc_de/0/apexdata/com.google.cf.wpa_supplicant
11-11 01:55:47.766   606   606 D vold_prepare_subdirs: Setting up mode 771 uid 0 gid 1000 context u:object_r:apex_module_data_file:s0 on path: /data/misc_de/0/apexdata/com.google.emulated.camera.provider.hal
11-11 01:55:47.767   606   606 D vold_prepare_subdirs: Setting up mode 771 uid 1000 gid 1000 context u:object_r:user_profile_root_file:s0:c512,c768 on path: /data/misc/profiles/cur/0
11-11 01:55:47.767   606   606 I vold_prepare_subdirs: Relabelling from u:object_r:user_profile_root_file:s0 to u:object_r:user_profile_root_file:s0:c512,c768: /data/misc/profiles/cur/0
11-11 01:55:47.768   606   606 D vold_prepare_subdirs: Setting up mode 700 uid 1000 gid 1000 context u:object_r:fingerprint_vendor_data_file:s0 on path: /data/vendor_de/0/fpdata
11-11 01:55:47.768   606   606 D vold_prepare_subdirs: Setting up mode 700 uid 1000 gid 1000 context u:object_r:face_vendor_data_file:s0 on path: /data/vendor_de/0/facedata
11-11 01:55:47.791     0     0 I init    : Service 'exec 10 (/system/bin/vdc --wait cryptfs init_user0)' (pid 605) exited with status 0 waiting took 0.097000 seconds
11-11 01:55:47.794     0     0 I init    : Sending signal 9 to service 'exec 10 (/system/bin/vdc --wait cryptfs init_user0)' (pid 605) process group...
11-11 01:55:47.796     0     0 I libprocessgroup: Removed cgroup /sys/fs/cgroup/system/uid_0/pid_605
11-11 01:55:47.837     0     0 I selinux : SELinux: Skipping restorecon on directory(/data/system/shutdown-checkpoints)
11-11 01:55:47.860     0     0 I init    : Command 'restorecon --recursive --skip-ce /data' action=post-fs-data (/system/etc/init/hw/init.rc:1021) took 62ms and succeeded
11-11 01:55:47.862     0     0 I init    : starting service 'derive_classpath'...
11-11 01:55:47.865     0     0 I init    : ... started service 'derive_classpath' has pid 607
11-11 01:55:47.867     0     0 I init    : SVC_EXEC service 'derive_classpath' pid 607 (uid 1000 gid 1000+1 context default) started; waiting...
11-11 01:55:47.849   607   607 I derive_classpath: ParseFragments for bootclasspath
11-11 01:55:47.854   607   607 I derive_classpath: ReadClasspathFragment /apex/com.android.art/etc/classpaths/bootclasspath.pb
11-11 01:55:47.854   607   607 I derive_classpath: ReadClasspathFragment /system/etc/classpaths/bootclasspath.pb
11-11 01:55:47.854   607   607 I derive_classpath: ReadClasspathFragment /apex/com.android.adservices/etc/classpaths/bootclasspath.pb
11-11 01:55:47.855   607   607 I derive_classpath: ReadClasspathFragment /apex/com.android.appsearch/etc/classpaths/bootclasspath.pb
11-11 01:55:47.855   607   607 I derive_classpath: ReadClasspathFragment /apex/com.android.bt/etc/classpaths/bootclasspath.pb
11-11 01:55:47.856   607   607 I derive_classpath: ReadClasspathFragment /apex/com.android.configinfrastructure/etc/classpaths/bootclasspath.pb
11-11 01:55:47.856   607   607 I derive_classpath: ReadClasspathFragment /apex/com.android.conscrypt/etc/classpaths/bootclasspath.pb
11-11 01:55:47.856   607   607 I derive_classpath: ReadClasspathFragment /apex/com.android.crashrecovery/etc/classpaths/bootclasspath.pb
11-11 01:55:47.857   607   607 I derive_classpath: ReadClasspathFragment /apex/com.android.devicelock/etc/classpaths/bootclasspath.pb
11-11 01:55:47.857   607   607 I derive_classpath: ReadClasspathFragment /apex/com.android.healthfitness/etc/classpaths/bootclasspath.pb
11-11 01:55:47.858   607   607 I derive_classpath: ReadClasspathFragment /apex/com.android.ipsec/etc/classpaths/bootclasspath.pb
11-11 01:55:47.858   607   607 I derive_classpath: ReadClasspathFragment /apex/com.android.media/etc/classpaths/bootclasspath.pb
11-11 01:55:47.859   607   607 I derive_classpath: ReadClasspathFragment /apex/com.android.mediaprovider/etc/classpaths/bootclasspath.pb
11-11 01:55:47.859   607   607 I derive_classpath: ReadClasspathFragment /apex/com.android.nfcservices/etc/classpaths/bootclasspath.pb
11-11 01:55:47.859   607   607 I derive_classpath: ReadClasspathFragment /apex/com.android.ondevicepersonalization/etc/classpaths/bootclasspath.pb
11-11 01:55:47.860   607   607 I derive_classpath: ReadClasspathFragment /apex/com.android.os.statsd/etc/classpaths/bootclasspath.pb
11-11 01:55:47.860   607   607 I derive_classpath: ReadClasspathFragment /apex/com.android.permission/etc/classpaths/bootclasspath.pb
11-11 01:55:47.861   607   607 I derive_classpath: ReadClasspathFragment /apex/com.android.profiling/etc/classpaths/bootclasspath.pb
11-11 01:55:47.861   607   607 I derive_classpath: ReadClasspathFragment /apex/com.android.scheduling/etc/classpaths/bootclasspath.pb
11-11 01:55:47.862   607   607 I derive_classpath: ReadClasspathFragment /apex/com.android.sdkext/etc/classpaths/bootclasspath.pb
11-11 01:55:47.862   607   607 I derive_classpath: ReadClasspathFragment /apex/com.android.tethering/etc/classpaths/bootclasspath.pb
11-11 01:55:47.862   607   607 I derive_classpath: ReadClasspathFragment /apex/com.android.uwb/etc/classpaths/bootclasspath.pb
11-11 01:55:47.863   607   607 I derive_classpath: ReadClasspathFragment /apex/com.android.virt/etc/classpaths/bootclasspath.pb
11-11 01:55:47.863   607   607 I derive_classpath: ReadClasspathFragment /apex/com.android.wifi/etc/classpaths/bootclasspath.pb
11-11 01:55:47.864   607   607 I derive_classpath: ParseFragments for systemserverclasspath
11-11 01:55:47.865   607   607 I derive_classpath: ReadClasspathFragment /system/etc/classpaths/systemserverclasspath.pb
11-11 01:55:47.865   607   607 I derive_classpath: ReadClasspathFragment /apex/com.android.adservices/etc/classpaths/systemserverclasspath.pb
11-11 01:55:47.866   607   607 I derive_classpath: ReadClasspathFragment /apex/com.android.appsearch/etc/classpaths/systemserverclasspath.pb
11-11 01:55:47.866   607   607 I derive_classpath: ReadClasspathFragment /apex/com.android.art/etc/classpaths/systemserverclasspath.pb
11-11 01:55:47.866   607   607 I derive_classpath: ReadClasspathFragment /apex/com.android.bt/etc/classpaths/systemserverclasspath.pb
11-11 01:55:47.867   607   607 I derive_classpath: ReadClasspathFragment /apex/com.android.compos/etc/classpaths/systemserverclasspath.pb
11-11 01:55:47.868   607   607 I derive_classpath: ReadClasspathFragment /apex/com.android.configinfrastructure/etc/classpaths/systemserverclasspath.pb
11-11 01:55:47.868   607   607 I derive_classpath: ReadClasspathFragment /apex/com.android.crashrecovery/etc/classpaths/systemserverclasspath.pb
11-11 01:55:47.868   607   607 I derive_classpath: ReadClasspathFragment /apex/com.android.devicelock/etc/classpaths/systemserverclasspath.pb
11-11 01:55:47.869   607   607 I derive_classpath: ReadClasspathFragment /apex/com.android.healthfitness/etc/classpaths/systemserverclasspath.pb
11-11 01:55:47.869   607   607 I derive_classpath: ReadClasspathFragment /apex/com.android.media/etc/classpaths/systemserverclasspath.pb
11-11 01:55:47.870   607   607 I derive_classpath: ReadClasspathFragment /apex/com.android.ondevicepersonalization/etc/classpaths/systemserverclasspath.pb
11-11 01:55:47.870   607   607 I derive_classpath: ReadClasspathFragment /apex/com.android.os.statsd/etc/classpaths/systemserverclasspath.pb
11-11 01:55:47.871   607   607 I derive_classpath: ReadClasspathFragment /apex/com.android.permission/etc/classpaths/systemserverclasspath.pb
11-11 01:55:47.871   607   607 I derive_classpath: ReadClasspathFragment /apex/com.android.profiling/etc/classpaths/systemserverclasspath.pb
11-11 01:55:47.872   607   607 I derive_classpath: ReadClasspathFragment /apex/com.android.rkpd/etc/classpaths/systemserverclasspath.pb
11-11 01:55:47.872   607   607 I derive_classpath: ReadClasspathFragment /apex/com.android.scheduling/etc/classpaths/systemserverclasspath.pb
11-11 01:55:47.872   607   607 I derive_classpath: ReadClasspathFragment /apex/com.android.tethering/etc/classpaths/systemserverclasspath.pb
11-11 01:55:47.873   607   607 I derive_classpath: ReadClasspathFragment /apex/com.android.uwb/etc/classpaths/systemserverclasspath.pb
11-11 01:55:47.873   607   607 I derive_classpath: ReadClasspathFragment /apex/com.android.virt/etc/classpaths/systemserverclasspath.pb
11-11 01:55:47.874   607   607 I derive_classpath: ReadClasspathFragment /apex/com.android.wifi/etc/classpaths/systemserverclasspath.pb
11-11 01:55:47.874   607   607 I derive_classpath: WriteClasspathExports /data/system/environ/classpath
11-11 01:55:47.875   607   607 I derive_classpath: WriteClasspathExports content
11-11 01:55:47.875   607   607 I derive_classpath: export BOOTCLASSPATH /apex/com.android.art/javalib/core-oj.jar:/apex/com.android.art/javalib/core-libart.jar:/apex/com.android.art/javalib/okhttp.jar:/apex/com.android.art/javalib/bouncycastle.jar:/apex/com.android.art/javalib/apache-xml.jar:/system/framework/framework.jar:/system/framework/framework-graphics.jar:/system/framework/framework-location.jar:/system/framework/ext.jar:/system/framework/telephony-common.jar:/system/framework/voip-common.jar:/system/framework/ims-common.jar:/system/framework/framework-ondeviceintelligence-platform.jar:/apex/com.android.i18n/javalib/core-icu4j.jar:/apex/com.android.adservices/javalib/framework-adservices.jar:/apex/com.android.adservices/javalib/framework-sdksandbox.jar:/apex/com.android.appsearch/javalib/framework-appsearch.jar:/apex/com.android.bt/javalib/framework-bluetooth.jar:/apex/com.android.configinfrastructure/javalib/framework-configinfrastructure.jar:/apex/com.android.conscrypt/javalib/conscrypt.jar:/apex/com.android.crashrecovery/javalib/framework-crashrecovery.jar:/apex/com.android.devicelock/javalib/framework-devicelock.jar:/apex/com.android.healthfitness/javalib/framework-healthfitness.jar:/apex/com.android.ipsec/javalib/android.net.ipsec.ike.jar:/apex/com.android.media/javalib/updatable-media.jar:/apex/com.android.mediaprovider/javalib/framework-mediaprovider.jar:/apex/com.android.mediaprovider/javalib/framework-pdf.jar:/apex/com.android.mediaprovider/javalib/framework-pdf-v.jar:/apex/com.android.mediaprovider/javalib/framework-photopicker.jar:/apex/com.android.nfcservices/javalib/framework-nfc.jar:/apex/com.android.ondevicepersonalization/javalib/framework-ondevicepersonalization.jar:/apex/com.android.os.statsd/javalib/framework-statsd.jar:/apex/com.android.permission/javalib/framework-permission.jar:/apex/com.android.permission/javalib/framework-permission-s.jar:/apex/com.android.profiling/javalib/framework-profiling.jar:/apex/com.android.scheduling/javalib/framework-scheduling.jar:/apex/com.android.sdkext/javalib/framework-sdkextensions.jar:/apex/com.android.tethering/javalib/framework-connectivity.jar:/apex/com.android.tethering/javalib/framework-connectivity-b.jar:/apex/com.android.tethering/javalib/framework-connectivity-t.jar:/apex/com.android.tethering/javalib/framework-tethering.jar:/apex/com.android.uwb/javalib/framework-ranging.jar:/apex/com.android.uwb/javalib/framework-uwb.jar:/apex/com.android.virt/javalib/framework-virtualization.jar:/apex/com.android.wifi/javalib/framework-wifi.jar
11-11 01:55:47.875   607   607 I derive_classpath: export DEX2OATBOOTCLASSPATH /apex/com.android.art/javalib/core-oj.jar:/apex/com.android.art/javalib/core-libart.jar:/apex/com.android.art/javalib/okhttp.jar:/apex/com.android.art/javalib/bouncycastle.jar:/apex/com.android.art/javalib/apache-xml.jar:/system/framework/framework.jar:/system/framework/framework-graphics.jar:/system/framework/framework-location.jar:/system/framework/ext.jar:/system/framework/telephony-common.jar:/system/framework/voip-common.jar:/system/framework/ims-common.jar:/system/framework/framework-ondeviceintelligence-platform.jar:/apex/com.android.i18n/javalib/core-icu4j.jar
11-11 01:55:47.875   607   607 I derive_classpath: export SYSTEMSERVERCLASSPATH /system/framework/com.android.location.provider.jar:/system/framework/services.jar:/apex/com.android.adservices/javalib/service-adservices.jar:/apex/com.android.adservices/javalib/service-sdksandbox.jar:/apex/com.android.appsearch/javalib/service-appsearch.jar:/apex/com.android.art/javalib/service-art.jar:/apex/com.android.compos/javalib/service-compos.jar:/apex/com.android.configinfrastructure/javalib/service-configinfrastructure.jar:/apex/com.android.crashrecovery/javalib/service-crashrecovery.jar:/apex/com.android.healthfitness/javalib/service-healthfitness.jar:/apex/com.android.media/javalib/service-media-s.jar:/apex/com.android.ondevicepersonalization/javalib/service-ondevicepersonalization.jar:/apex/com.android.permission/javalib/service-permission.jar:/apex/com.android.rkpd/javalib/service-rkp.jar:/apex/com.android.virt/javalib/service-virtualization.jar
11-11 01:55:47.875   607   607 I derive_classpath: export STANDALO
11-11 01:55:47.901     0     0 I init    : Service 'derive_classpath' (pid 607) exited with status 0 waiting took 0.036000 seconds
11-11 01:55:47.903     0     0 I init    : Sending signal 9 to service 'derive_classpath' (pid 607) process group...
11-11 01:55:47.904     0     0 I libprocessgroup: Removed cgroup /sys/fs/cgroup/system/uid_1000/pid_607
11-11 01:55:47.906     0     0 I init    : starting service 'art_boot'...
11-11 01:55:47.908     0     0 I init    : ... started service 'art_boot' has pid 608
11-11 01:55:47.909     0     0 I init    : SVC_EXEC service 'art_boot' pid 608 (uid 0 gid 0+0 context default) started; waiting...
11-11 01:55:47.894   608   608 I art_boot: Property persist.device_config.runtime_native_boot.useartservice not set
11-11 01:55:47.916     0     0 I init    : Service 'art_boot' (pid 608) exited with status 0 waiting took 0.008000 seconds
11-11 01:55:47.918     0     0 I init    : Sending signal 9 to service 'art_boot' (pid 608) process group...
11-11 01:55:47.919     0     0 I libprocessgroup: Removed cgroup /sys/fs/cgroup/system/uid_0/pid_608
11-11 01:55:47.921     0     0 I init    : starting service 'odsign'...
11-11 01:55:47.924     0     0 I init    : ... started service 'odsign' has pid 609
11-11 01:55:47.916   609   609 W odsign  : Thread Pool max thread count is 0. Cannot cache binder as linkToDeath cannot be implemented. serviceName: android.system.keystore2.IKeystoreService/default
11-11 01:55:47.917   609   609 I odsign  : Trying to retrieve existing HMAC key...
11-11 01:55:47.918   609   609 I odsign  : Existing HMAC key not found or invalid, creating new key
11-11 01:55:47.920   609   609 I odsign  : Trying to retrieve existing keystore key...
11-11 01:55:47.920   609   609 I odsign  : Failed to find keystore key...
11-11 01:55:47.921   609   609 I odsign  : Existing keystore key not found or invalid, creating new key
11-11 01:55:47.998   609   609 I odsign  : Initialized Keystore key.
11-11 01:55:47.999   609   609 W odsign  : Key certificate not found: /data/misc/odsign/key.cert: No such file or directory
11-11 01:55:48.035   610   610 I odrefresh: ART APEX version 360499999
11-11 01:55:48.035   610   610 I odrefresh: No prior cache-info file: '/data/misc/apexdata/com.android.art/dalvik-cache/cache-info.xml'
11-11 01:55:48.037   610   610 I odrefresh: Boot images on /system OK (x86_64)
11-11 01:55:48.043   610   610 I odrefresh: system_server artifacts on /system OK
11-11 01:55:48.045   609   609 I odrefresh: odrefresh terminated by exit(79)
11-11 01:55:48.046   609   609 I odsign  : /data/misc/odsign/odsign.info not found.
11-11 01:55:48.060   611   611 I odrefresh: ART APEX version 360499999
11-11 01:55:48.060   611   611 I odrefresh: No prior cache-info file: '/data/misc/apexdata/com.android.art/dalvik-cache/cache-info.xml'
11-11 01:55:48.060   611   611 I odrefresh: Boot images on /system OK (x86_64)
11-11 01:55:48.061   611   611 I odrefresh: system_server artifacts on /system OK
11-11 01:55:48.094   609   609 I odrefresh: odrefresh terminated by exit(80)
11-11 01:55:48.095   609   609 I odsign  : odrefresh compiled all artifacts, returned 80
11-11 01:55:48.095   609   609 I odsign  : Adding "/data/misc/apexdata/com.android.art/dalvik-cache/cache-info.xml" to fs-verity...
11-11 01:55:48.117     0     0 I fs-verity: sha256 using implementation "sha256-ni" (multibuffer)
