--------- beginning of main
11-11 01:55:40.979   314   314 W linker  : Warning: failed to find generated linker configuration from "/linkerconfig/ld.config.txt"
11-11 01:55:40.988   313   313 I lowmemorykiller: Wakeup counter is reset from 0 to 0
11-11 01:55:40.988   313   313 I lowmemorykiller: Using psi monitors for memory pressure detection
11-11 01:55:40.989   313   313 I lowmemorykiller: Process polling is supported
11-11 01:55:40.989   313   313 I lowmemorykiller: Process reaper initialized with 2 threads in the pool
11-11 01:55:40.993   313   319 W libprocessgroup: A JoinCgroup action in the SystemMemoryProcess profile is used for controller memory in the cgroup v2 hierarchy and will be ignored
11-11 01:55:41.002   315   315 W linker  : Warning: failed to find generated linker configuration from "/linkerconfig/ld.config.txt"
--------- beginning of events
11-11 01:55:41.008   314   314 I auditd  : SELinux: Loaded service context from:
11-11 01:55:41.010   314   314 I auditd  : 		/system/etc/selinux/plat_service_contexts
11-11 01:55:41.013   315   315 I hwservicemanager: getFrameworkHalManifest: Reading VINTF information.
11-11 01:55:41.017   315   315 I hwservicemanager: Loaded APEX Infos from /bootstrap-apex/apex-info-list.xml
11-11 01:55:41.017   315   315 I hwservicemanager: getDeviceHalManifest: Reading VINTF information.
11-11 01:55:41.019   314   314 I auditd  : 		/system_ext/etc/selinux/system_ext_service_contexts
11-11 01:55:41.020   315   315 I hwservicemanager: Loaded APEX Infos from /bootstrap-apex/apex-info-list.xml
11-11 01:55:41.021   314   314 I auditd  : 		/product/etc/selinux/product_service_contexts
11-11 01:55:41.023   315   315 I hwservicemanager: Loaded APEX Infos from /bootstrap-apex/apex-info-list.xml
11-11 01:55:41.024   315   315 I hwservicemanager: getDeviceHalManifest: Successfully processed VINTF information
11-11 01:55:41.024   315   315 I hwservicemanager: getFrameworkHalManifest: Successfully processed VINTF information
11-11 01:55:41.024   315   315 I hwservicemanager: getTransport: Cannot find entry android.hidl.manager@1.2::IServiceManager/default in either framework or device VINTF manifest.
11-11 01:55:41.025   315   315 I hwservicemanager: HIDL is not supported on this device so hwservicemanager is not needed
11-11 01:55:41.026   314   314 I auditd  : 		/vendor/etc/selinux/vendor_service_contexts
11-11 01:55:41.028   314   314 I auditd  : 		/odm/etc/selinux/odm_service_contexts
11-11 01:55:41.031   315   315 W hwservicemanager: Waiting on init to shut this process down.
--------- beginning of kernel
11-11 01:55:37.595     0     0 I         : Linux version 6.12.18-android16-1-g50eb8d5d443b-ab13257114 (kleaf@build-host) (Android (12833971, +pgo, +bolt, +lto, +mlgo, based on r536225) clang version 19.0.1 (https://android.googlesource.com/toolchain/llvm-project b3a530ec6537146650e42be89f1089e9a3588460), LLD 19.0.1) #1 SMP PREEMPT Fri Mar 21 17:01:42 UTC 2025
11-11 01:55:37.595     0     0 I Command line: printk.devkmsg=on audit=1 panic=-1 8250.nr_uarts=1 cma=0 firmware_class.path=/vendor/etc/ loop.max_part=7 init=/init bootconfig  console=hvc0 earlycon=uart8250,io,0x3f8 pnpacpi=off ramoops.mem_address=0x150000000 ramoops.mem_size=0x200000 ramoops.console_size=0x80000 ramoops.record_size=0x80000 ramoops.dump_oops=1 console=ttyS0,115200
11-11 01:55:37.595     0     0 I         : BIOS-provided physical RAM map:
11-11 01:55:37.595     0     0 I BIOS-e820: [mem 0x0000000000000000-0x000000000009ffff] usable
11-11 01:55:37.595     0     0 I BIOS-e820: [mem 0x00000000000a0000-0x00000000000fffff] reserved
11-11 01:55:37.595     0     0 I BIOS-e820: [mem 0x0000000000100000-0x00000000bed74fff] usable
11-11 01:55:37.595     0     0 I BIOS-e820: [mem 0x00000000bed75000-0x00000000bfffffff] reserved
11-11 01:55:37.595     0     0 I BIOS-e820: [mem 0x00000000e0000000-0x00000000efffffff] reserved
11-11 01:55:37.595     0     0 I BIOS-e820: [mem 0x0000000100000000-0x000000013fffffff] usable
11-11 01:55:37.595     0     0 I earlycon: uart8250 at I/O port 0x3f8 (options '')
11-11 01:55:37.595     0     0 I printk  : legacy bootconsole [uart8250] enabled
11-11 01:55:37.595     0     0 I         : NX (Execute Disable) protection: active
11-11 01:55:37.595     0     0 I APIC    : Static calls initialized
11-11 01:55:37.595     0     0 I         : DMI not present or invalid.
11-11 01:55:37.595     0     0 I Hypervisor detected: KVM
11-11 01:55:37.595     0     0 I kvm-clock: Using msrs 4b564d01 and 4b564d00
11-11 01:55:37.595     0     0 I kvm-clock: using sched offset of 4410848499 cycles
11-11 01:55:37.596     0     0 I clocksource: kvm-clock: mask: 0xffffffffffffffff max_cycles: 0x1cd42e4dffb, max_idle_ns: 881590591483 ns
11-11 01:55:37.599     0     0 I tsc     : Detected 3600.000 MHz processor
11-11 01:55:37.600     0     0 D e820    : update [mem 0x00000000-0x00000fff] usable ==> reserved
11-11 01:55:37.600     0     0 D e820    : remove [mem 0x000a0000-0x000fffff] usable
11-11 01:55:37.600     0     0 I         : last_pfn = 0x140000 max_arch_pfn = 0x400000000
11-11 01:55:37.601     0     0 I MTRR map: 3 entries (3 fixed + 0 variable; max 19), built from 8 variable MTRRs
11-11 01:55:37.602     0     0 I x86/PAT : Configuration [0-7]: WB  WC  UC- UC  WB  WP  UC- WT
11-11 01:55:37.603     0     0 I         : CPU MTRRs all blank - virtualized system.
11-11 01:55:37.604     0     0 I         : last_pfn = 0xbed75 max_arch_pfn = 0x400000000
11-11 01:55:37.605     0     0 I         : found SMP MP-table at [mem 0x000f0040-0x000f004f]
11-11 01:55:37.606     0     0 I         : Using GB pages for direct mapping
11-11 01:55:37.607     0     0 I RAMDISK : [mem 0x0e400000-0x0f955fff]
11-11 01:55:37.608     0     0 I ACPI    : Early table checksum verification disabled
11-11 01:55:37.609     0     0 I ACPI    : RSDP 0x00000000000F0130 000014 (v00 BOCHS )
11-11 01:55:37.610     0     0 I ACPI    : RSDT 0x00000000BED7D92C 000040 (v01 BOCHS  BXPC     00000001 BXPC 00000001)
11-11 01:55:37.612     0     0 I ACPI    : FACP 0x00000000BED7D053 000074 (v01 BOCHS  BXPC     00000001 BXPC 00000001)
11-11 01:55:37.613     0     0 I ACPI    : DSDT 0x00000000BED7B080 001FD3 (v01 BOCHS  BXPC     00000001 BXPC 00000001)
11-11 01:55:37.615     0     0 I ACPI    : FACS 0x00000000BED7B040 000040
11-11 01:55:37.616     0     0 I ACPI    : APIC 0x00000000BED7D0C7 000080 (v03 BOCHS  BXPC     00000001 BXPC 00000001)
11-11 01:55:37.617     0     0 I ACPI    : HPET 0x00000000BED7D147 000038 (v01 BOCHS  BXPC     00000001 BXPC 00000001)
11-11 01:55:37.619     0     0 I ACPI    : SRAT 0x00000000BED7D17F 000118 (v01 BOCHS  BXPC     00000001 BXPC 00000001)
11-11 01:55:37.621     0     0 I ACPI    : SSDT 0x00000000BED7D297 00058D (v01 BOCHS  NVDIMM   00000001 BXPC 00000001)
11-11 01:55:37.622     0     0 I ACPI    : NFIT 0x00000000BED7D824 0000E0 (v01 BOCHS  BXPC     00000001 BXPC 00000001)
11-11 01:55:37.624     0     0 I ACPI    : WAET 0x00000000BED7D904 000028 (v01 BOCHS  BXPC     00000001 BXPC 00000001)
11-11 01:55:37.625     0     0 I ACPI    : Reserving FACP table memory at [mem 0xbed7d053-0xbed7d0c6]
11-11 01:55:37.627     0     0 I ACPI    : Reserving DSDT table memory at [mem 0xbed7b080-0xbed7d052]
11-11 01:55:37.628     0     0 I ACPI    : Reserving FACS table memory at [mem 0xbed7b040-0xbed7b07f]
11-11 01:55:37.629     0     0 I ACPI    : Reserving APIC table memory at [mem 0xbed7d0c7-0xbed7d146]
11-11 01:55:37.630     0     0 I ACPI    : Reserving HPET table memory at [mem 0xbed7d147-0xbed7d17e]
11-11 01:55:37.632     0     0 I ACPI    : Reserving SRAT table memory at [mem 0xbed7d17f-0xbed7d296]
11-11 01:55:37.633     0     0 I ACPI    : Reserving SSDT table memory at [mem 0xbed7d297-0xbed7d823]
11-11 01:55:37.634     0     0 I ACPI    : Reserving NFIT table memory at [mem 0xbed7d824-0xbed7d903]
11-11 01:55:37.636     0     0 I ACPI    : Reserving WAET table memory at [mem 0xbed7d904-0xbed7d92b]
11-11 01:55:37.637     0     0 I Zone ranges:  
11-11 01:55:37.637     0     0 I         : DMA32    [mem 0x0000000000001000-0x00000000ffffffff]
11-11 01:55:37.639     0     0 I         : Normal   [mem 0x0000000100000000-0x000000013fffffff]
11-11 01:55:37.640     0     0 I         : Movable zone start for each node
11-11 01:55:37.640     0     0 I         : Early memory node ranges
11-11 01:55:37.641     0     0 I node   0: [mem 0x0000000000001000-0x000000000009ffff]
11-11 01:55:37.642     0     0 I node   0: [mem 0x0000000000100000-0x00000000bed74fff]
11-11 01:55:37.643     0     0 I node   0: [mem 0x0000000100000000-0x000000013fffffff]
11-11 01:55:37.645     0     0 I         : Initmem setup node 0 [mem 0x0000000000001000-0x000000013fffffff]
11-11 01:55:37.646     0     0 I         : On node 0, zone DMA32: 1 pages in unavailable ranges
11-11 01:55:37.668     0     0 I         : On node 0, zone DMA32: 96 pages in unavailable ranges
11-11 01:55:37.676     0     0 I         : On node 0, zone Normal: 4747 pages in unavailable ranges
11-11 01:55:37.678     0     0 I ACPI    : LAPIC_NMI (acpi_id[0xff] dfl dfl lint[0x1])
11-11 01:55:37.680     0     0 I IOAPIC[0]: apic_id 0, version 17, address 0xfec00000, GSI 0-23
11-11 01:55:37.681     0     0 I ACPI    : INT_SRC_OVR (bus 0 bus_irq 0 global_irq 2 dfl dfl)
11-11 01:55:37.682     0     0 I ACPI    : INT_SRC_OVR (bus 0 bus_irq 5 global_irq 5 high level)
11-11 01:55:37.683     0     0 I ACPI    : INT_SRC_OVR (bus 0 bus_irq 9 global_irq 9 high level)
11-11 01:55:37.684     0     0 I ACPI    : INT_SRC_OVR (bus 0 bus_irq 10 global_irq 10 high level)
11-11 01:55:37.686     0     0 I ACPI    : INT_SRC_OVR (bus 0 bus_irq 11 global_irq 11 high level)
11-11 01:55:37.687     0     0 I ACPI    : Using ACPI (MADT) for SMP configuration information
11-11 01:55:37.688     0     0 I ACPI    : HPET id: 0x8086a201 base: 0xfed00000
11-11 01:55:37.689     0     0 I         : TSC deadline timer available
11-11 01:55:37.690     0     0 I CPU topo: Max. logical packages:   1
11-11 01:55:37.691     0     0 I CPU topo: Max. logical dies:       1
11-11 01:55:37.691     0     0 I CPU topo: Max. dies per package:   1
11-11 01:55:37.692     0     0 I CPU topo: Max. threads per core:   1
11-11 01:55:37.693     0     0 I CPU topo: Num. cores per package:     2
11-11 01:55:37.694     0     0 I CPU topo: Num. threads per package:   2
11-11 01:55:37.695     0     0 I CPU topo: Allowing 2 present CPUs plus 0 hotplug CPUs
11-11 01:55:37.696     0     0 I kvm-guest: APIC: eoi() replaced with kvm_guest_apic_eoi_write()
11-11 01:55:37.697     0     0 I kvm-guest: KVM setup pv remote TLB flush
11-11 01:55:37.698     0     0 I kvm-guest: setup PV sched yield
11-11 01:55:37.699     0     0 I PM      : hibernation: Registered nosave memory: [mem 0x00000000-0x00000fff]
11-11 01:55:37.700     0     0 I PM      : hibernation: Registered nosave memory: [mem 0x000a0000-0x000fffff]
11-11 01:55:37.702     0     0 I PM      : hibernation: Registered nosave memory: [mem 0xbed75000-0xbfffffff]
11-11 01:55:37.703     0     0 I PM      : hibernation: Registered nosave memory: [mem 0xc0000000-0xdfffffff]
11-11 01:55:37.704     0     0 I PM      : hibernation: Registered nosave memory: [mem 0xe0000000-0xefffffff]
11-11 01:55:37.706     0     0 I PM      : hibernation: Registered nosave memory: [mem 0xf0000000-0xffffffff]
11-11 01:55:37.707     0     0 I         : [mem 0xc0000000-0xdfffffff] available for PCI devices
11-11 01:55:37.708     0     0 I         : Booting paravirtualized kernel on KVM
11-11 01:55:37.709     0     0 I clocksource: refined-jiffies: mask: 0xffffffff max_cycles: 0xffffffff, max_idle_ns: 7645519600211568 ns
11-11 01:55:37.711     0     0 I Load bootconfig: 2391 bytes 122 nodes
11-11 01:55:37.712     0     0 I setup_percpu: NR_CPUS:32 nr_cpumask_bits:2 nr_cpu_ids:2 nr_node_ids:1
11-11 01:55:37.714     0     0 I percpu  : Embedded 58 pages/cpu s199832 r8192 d29544 u1048576
11-11 01:55:37.715     0     0 D pcpu-alloc: s199832 r8192 d29544 u1048576 alloc=1*2097152
11-11 01:55:37.715     0     0 D pcpu-alloc: [0] 0 1
11-11 01:55:37.715     0     0 I         : Kernel command line: vmw_vsock_virtio_transport_common.virtio_transport_max_vsock_pkt_buf_size=16384 console=ttynull stack_depot_disable=on cgroup_disable=pressure bootconfig  printk.devkmsg=on audit=1 panic=-1 8250.nr_uarts=1 cma=0 firmware_class.path=/vendor/etc/ loop.max_part=7 init=/init bootconfig  console=hvc0 earlycon=uart8250,io,0x3f8 pnpacpi=off ramoops.mem_address=0x150000000 ramoops.mem_size=0x200000 ramoops.console_size=0x80000 ramoops.record_size=0x80000 ramoops.dump_oops=1 console=ttyS0,115200
11-11 01:55:37.724     0     0 I cgroup  : Disabling pressure control group feature
11-11 01:55:37.725     0     0 I audit   : enabled (after initialization)
11-11 01:55:37.726     0     0 I random  : crng init done
11-11 01:55:37.728     0     0 I         : Dentry cache hash table entries: 524288 (order: 10, 4194304 bytes, linear)
11-11 01:55:37.731     0     0 I         : Inode-cache hash table entries: 262144 (order: 9, 2097152 bytes, linear)
11-11 01:55:37.732     0     0 I         : Built 1 zonelists, mobility grouping on.  Total pages: 1043732
11-11 01:55:37.734     0     0 I mem auto-init: stack:all(zero), heap alloc:on, heap free:off
11-11 01:55:37.735     0     0 I stackdepot: disabled
11-11 01:55:37.736     0     0 I         : software IO TLB: area num 2.
11-11 01:55:37.778     0     0 I SLUB    : HWalign=64, Order=0-3, MinObjects=0, CPUs=2, Nodes=1
11-11 01:55:37.780     0     0 I rcu     : Preemptible hierarchical RCU implementation.
11-11 01:55:37.781     0     0 I rcu     : RCU event tracing is enabled.
11-11 01:55:37.782     0     0 I rcu     : RCU restricting CPUs from NR_CPUS=32 to nr_cpu_ids=2.
11-11 01:55:37.783     0     0 I rcu     : RCU priority boosting: priority 1 delay 500 ms.
11-11 01:55:37.784     0     0 I         : Trampoline variant of Tasks RCU enabled.
11-11 01:55:37.785     0     0 I         : Tracing variant of Tasks RCU enabled.
11-11 01:55:37.786     0     0 I rcu     : RCU calculated value of scheduler-enlistment delay is 25 jiffies.
11-11 01:55:37.788     0     0 I rcu     : Adjusting geometry for rcu_fanout_leaf=16, nr_cpu_ids=2
11-11 01:55:37.789     0     0 I RCU Tasks: Setting shift to 1 and lim to 1 rcu_task_cb_adjust=1 rcu_task_cpu_ids=2.
11-11 01:55:37.791     0     0 I         : RCU Tasks Trace: Setting shift to 1 and lim to 1 rcu_task_cb_adjust=1 rcu_task_cpu_ids=2.
11-11 01:55:37.794     0     0 I NR_IRQS : 4352, nr_irqs: 440, preallocated irqs: 16
11-11 01:55:37.796     0     0 I rcu     : Offload RCU callbacks from CPUs: 0-1.
11-11 01:55:37.797     0     0 I rcu     : srcu_init: Setting srcu_struct sizes based on contention.
11-11 01:55:37.798     0     0 I kfence  : initialized - using 524288 bytes for 63 objects at 0x(____ptrval____)-0x(____ptrval____)
11-11 01:55:37.801     0     0 I printk  : legacy console [ttyS0] enabled
11-11 01:55:37.802     0     0 I printk  : legacy bootconsole [uart8250] disabled
11-11 01:55:37.805     0     0 I ACPI    : Core revision 20240827
11-11 01:55:37.807     0     0 I clocksource: hpet: mask: 0xffffffff max_cycles: 0xffffffff, max_idle_ns: 19112604467 ns
11-11 01:55:37.809     0     0 I APIC    : Switch to symmetric I/O mode setup
11-11 01:55:37.810     0     0 I         : x2apic enabled
11-11 01:55:37.811     0     0 I APIC    : Switched APIC routing to: physical x2apic
11-11 01:55:37.812     0     0 I kvm-guest: APIC: send_IPI_mask() replaced with kvm_send_ipi_mask()
11-11 01:55:37.813     0     0 I kvm-guest: APIC: send_IPI_mask_allbutself() replaced with kvm_send_ipi_mask_allbutself()
11-11 01:55:37.815     0     0 I kvm-guest: setup PV IPIs
11-11 01:55:37.817     0     0 I ..TIMER : vector=0x30 apic1=0 pin1=2 apic2=-1 pin2=-1
11-11 01:55:37.818     0     0 I clocksource: tsc-early: mask: 0xffffffffffffffff max_cycles: 0x33e452fbb2f, max_idle_ns: 440795236593 ns
11-11 01:55:37.820     0     0 I         : Calibrating delay loop (skipped) preset value.. 7200.00 BogoMIPS (lpj=14400000)
11-11 01:55:37.824     0     0 I x86/cpu : User Mode Instruction Prevention (UMIP) activated
11-11 01:55:37.825     0     0 I         : Last level iTLB entries: 4KB 512, 2MB 255, 4MB 127
11-11 01:55:37.826     0     0 I         : Last level dTLB entries: 4KB 512, 2MB 255, 4MB 127, 1GB 0
11-11 01:55:37.828     0     0 I Spectre V1: Mitigation: usercopy/swapgs barriers and __user pointer sanitization
11-11 01:55:37.830     0     0 I Spectre V2: Mitigation: Retpolines
11-11 01:55:37.831     0     0 I Spectre V2: Spectre v2 / SpectreRSB mitigation: Filling RSB on context switch
11-11 01:55:37.832     0     0 I Spectre V2: Spectre v2 / SpectreRSB : Filling RSB on VMEXIT
11-11 01:55:37.833     0     0 I Spectre V2: Enabling Speculation Barrier for firmware calls
11-11 01:55:37.835     0     0 I RETBleed: Mitigation: untrained return thunk
11-11 01:55:37.836     0     0 I Spectre V2: mitigation: Enabling conditional Indirect Branch Prediction Barrier
11-11 01:55:37.838     0     0 I         : Speculative Store Bypass: Mitigation: Speculative Store Bypass disabled via prctl
11-11 01:55:37.840     0     0 W         : Speculative Return Stack Overflow: IBPB-extending microcode not applied!
11-11 01:55:37.842     0     0 W         : Speculative Return Stack Overflow: WARNING: See https://kernel.org/doc/html/latest/admin-guide/hw-vuln/srso.html for mitigation options.
11-11 01:55:37.842     0     0 I         : Speculative Return Stack Overflow: Vulnerable: Safe RET, no microcode
11-11 01:55:37.846     0     0 I x86/fpu : Supporting XSAVE feature 0x001: 'x87 floating point registers'
11-11 01:55:37.848     0     0 I x86/fpu : Supporting XSAVE feature 0x002: 'SSE registers'
11-11 01:55:37.849     0     0 I x86/fpu : Supporting XSAVE feature 0x004: 'AVX registers'
11-11 01:55:37.851     0     0 I x86/fpu : xstate_offset[2]:  576, xstate_sizes[2]:  256
11-11 01:55:37.852     0     0 I x86/fpu : Enabled xstate features 0x7, context size is 832 bytes, using 'compacted' format.
11-11 01:55:37.865     0     0 I SMP alternatives: Using kCFI
11-11 01:55:37.882     0     0 I         : Freeing SMP alternatives memory: 56K
11-11 01:55:37.883     0     0 I pid_max : default: 32768 minimum: 301
11-11 01:55:37.884     0     0 I LSM     : initializing lsm=capability,selinux,bpf
11-11 01:55:37.885     0     0 I SELinux : Initializing.
11-11 01:55:37.886     0     0 I         : LSM support for eBPF active
11-11 01:55:37.887     0     0 I         : Mount-cache hash table entries: 8192 (order: 4, 65536 bytes, linear)
11-11 01:55:37.888     0     0 I         : Mountpoint-cache hash table entries: 8192 (order: 4, 65536 bytes, linear)
11-11 01:55:37.890     0     0 I smpboot : CPU0: AMD Ryzen 7 3700X 8-Core Processor (family: 0x17, model: 0x71, stepping: 0x0)
11-11 01:55:37.892     0     0 I Performance Events: Fam17h+ core perfctr, AMD PMU driver.
11-11 01:55:37.892     0     0 I ... version: 0
11-11 01:55:37.892     0     0 I         : ... bit width:              48
11-11 01:55:37.893     0     0 I         : ... generic registers:      6
11-11 01:55:37.894     0     0 I         : ... value mask:             0000ffffffffffff
11-11 01:55:37.895     0     0 I         : ... max period:             00007fffffffffff
11-11 01:55:37.896     0     0 I         : ... fixed-purpose events:   0
11-11 01:55:37.896     0     0 I         : ... event mask:             000000000000003f
11-11 01:55:37.897     0     0 I signal  : max sigframe size: 1776
11-11 01:55:37.898     0     0 I rcu     : Hierarchical SRCU implementation.
11-11 01:55:37.899     0     0 I rcu     : Max phase no-delay instances is 1000.
11-11 01:55:37.900     0     0 I Timer migration: 1 hierarchy levels; 8 children per group; 1 crossnode level
11-11 01:55:37.904     0     0 I dyndbg  : Ignore empty _ddebug table in a CONFIG_DYNAMIC_DEBUG_CORE build
11-11 01:55:37.906     0     0 I smp     : Bringing up secondary CPUs ...
11-11 01:55:37.907     0     0 I smpboot : x86: Booting SMP configuration:
11-11 01:55:37.908     0     0 I         : .... node  #0, CPUs:      #1
11-11 01:55:37.908     0     0 I smp     : Brought up 1 node, 2 CPUs
11-11 01:55:37.910     0     0 I smpboot : Total of 2 processors activated (14400.00 BogoMIPS)
11-11 01:55:37.912     0     0 I Memory  : 3963408K/4174928K available (22528K kernel code, 2173K rwdata, 15496K rodata, 3096K init, 652K bss, 206716K reserved, 0K cma-reserved)
11-11 01:55:37.912     0     0 I x86/mm  : Memory block size: 128MB
11-11 01:55:37.914     0     0 I clocksource: jiffies: mask: 0xffffffff max_cycles: 0xffffffff, max_idle_ns: 7645041785100000 ns
11-11 01:55:37.916     0     0 I         : futex hash table entries: 512 (order: 3, 32768 bytes, linear)
11-11 01:55:37.919     0     0 I NET     : Registered PF_NETLINK/PF_ROUTE protocol family
11-11 01:55:37.920     0     0 I audit   : initializing netlink subsys (enabled)
11-11 01:55:38.510   312   312 I auditd  : type=2000 audit(0.0:1): state=initialized audit_enabled=1 res=1
11-11 01:55:38.510   312   312 W auditd  : type=2000 audit(0.0:1): state=initialized audit_enabled=1 res=1
11-11 01:55:37.922     0     0 I ramoops : using module parameters
11-11 01:55:37.925     0     0 I pstore  : Using crash dump compression: deflate
11-11 01:55:37.926     0     0 I printk  : legacy console [ramoops-1] enabled
11-11 01:55:37.958     0     0 I pstore  : Registered ramoops as persistent store backend
11-11 01:55:37.960     0     0 I ramoops : using 0x200000@0x150000000, ecc: 0
11-11 01:55:37.960     0     0 I thermal_sys: Registered thermal governor 'bang_bang'
11-11 01:55:37.960     0     0 I thermal_sys: Registered thermal governor 'step_wise'
11-11 01:55:37.962     0     0 I thermal_sys: Registered thermal governor 'user_space'
11-11 01:55:37.964     0     0 I cpuidle : using governor menu
11-11 01:55:37.969     0     0 I PCI     : Using configuration type 1 for base access
11-11 01:55:37.970     0     0 I PCI     : Using configuration type 1 for extended access
11-11 01:55:37.971     0     0 W mtrr    : your CPUs had inconsistent fixed MTRR settings
11-11 01:55:37.971     0     0 W mtrr    : your CPUs had inconsistent MTRRdefType settings
11-11 01:55:37.971     0     0 I mtrr    : probably your BIOS does not setup all CPUs.
11-11 01:55:37.972     0     0 I mtrr    : corrected configuration.
11-11 01:55:37.976     0     0 I kprobes : kprobe jump-optimization is enabled. All kprobes are optimized if possible.
11-11 01:55:37.978     0     0 I cryptd  : max_cpu_qlen set to 1000
11-11 01:55:37.978     0     0 I ACPI    : Added _OSI(Module Device)
11-11 01:55:37.980     0     0 I ACPI    : Added _OSI(Processor Device)
11-11 01:55:37.981     0     0 I ACPI    : Added _OSI(3.0 _SCP Extensions)
11-11 01:55:37.983     0     0 I ACPI    : Added _OSI(Processor Aggregator Device)
11-11 01:55:37.985     0     0 I ACPI    : 2 ACPI AML tables successfully acquired and loaded
11-11 01:55:37.989     0     0 I ACPI    : Interpreter enabled
11-11 01:55:37.990     0     0 I ACPI    : PM: (supports S0 S3 S4 S5)
11-11 01:55:37.991     0     0 I ACPI    : Using IOAPIC for interrupt routing
11-11 01:55:37.992     0     0 I PCI     : Using host bridge windows from ACPI; if necessary, use "pci=nocrs" and report a bug
11-11 01:55:37.992     0     0 I PCI     : Using E820 reservations for host bridge windows
11-11 01:55:37.994     0     0 I ACPI    : Enabled 4 GPEs in block 00 to 0F
11-11 01:55:37.999     0     0 I ACPI    : PCI Root Bridge [PCI0] (domain 0000 [bus 00-ff])
11-11 01:55:38.000     0     0 I acpi PNP0A03: 00: _OSC: OS supports [ExtendedConfig ASPM ClockPM Segments MSI HPX-Type3]
11-11 01:55:38.003     0     0 I         : PCI host bridge to bus 0000:00
11-11 01:55:38.004     0     0 I pci_bus 0000: 00: root bus resource [io  0x0000-0x0cf7 window]
11-11 01:55:38.004     0     0 I pci_bus 0000: 00: root bus resource [io  0x0d00-0xffff window]
11-11 01:55:38.006     0     0 I pci_bus 0000: 00: root bus resource [mem 0x000a0000-0x000bffff window]
11-11 01:55:38.008     0     0 I pci_bus 0000: 00: root bus resource [mem 0xc0000000-0xfebfffff window]
11-11 01:55:38.008     0     0 I pci_bus 0000: 00: root bus resource [mem 0x200000000-0x27fffffff window]
11-11 01:55:38.010     0     0 I pci_bus 0000: 00: root bus resource [bus 00-ff]
11-11 01:55:38.012  8086  8086 I pci 0000: 00:00.0: [8086:1237] type 00 class 0x060000 conventional PCI endpoint
11-11 01:55:38.013  8086  8086 I pci 0000: 00:01.0: [8086:7000] type 00 class 0x060100 conventional PCI endpoint
11-11 01:55:38.015  8086  8086 I pci 0000: 00:01.1: [8086:7010] type 00 class 0x010180 conventional PCI endpoint
11-11 01:55:38.023     0     0 I pci 0000: 00:01.1: BAR 4 [io  0x2000-0x200f]
11-11 01:55:38.026     0     0 I pci 0000: 00:01.1: BAR 0 [io  0x01f0-0x01f7]: legacy IDE quirk
11-11 01:55:38.027     0     0 I pci 0000: 00:01.1: BAR 1 [io  0x03f6]: legacy IDE quirk
11-11 01:55:38.028     0     0 I pci 0000: 00:01.1: BAR 2 [io  0x0170-0x0177]: legacy IDE quirk
11-11 01:55:38.030     0     0 I pci 0000: 00:01.1: BAR 3 [io  0x0376]: legacy IDE quirk
11-11 01:55:38.031  8086  8086 I pci 0000: 00:01.3: [8086:7113] type 00 class 0x068000 conventional PCI endpoint
11-11 01:55:38.033     0     0 I pci 0000: 00:01.3: quirk: [io  0xe400-0xe43f] claimed by PIIX4 ACPI
11-11 01:55:38.034     0     0 I pci 0000: 00:01.3: quirk: [io  0xb100-0xb10f] claimed by PIIX4 SMB
11-11 01:55:38.036     0     0 I pci 0000: 00:02.0: [1af4:1050] type 00 class 0x038000 conventional PCI endpoint
11-11 01:55:38.039     0     0 I pci 0000: 00:02.0: BAR 1 [mem 0xc0000000-0xc0000fff]
11-11 01:55:38.043     0     0 I pci 0000: 00:02.0: BAR 4 [mem 0xd0000000-0xd0003fff 64bit pref]
11-11 01:55:38.046     0     0 I pci 0000: 00:03.0: [1af4:1043] type 00 class 0x078000 conventional PCI endpoint
11-11 01:55:38.052     0     0 I pci 0000: 00:03.0: BAR 1 [mem 0xc0001000-0xc0001fff]
11-11 01:55:38.056     0     0 I pci 0000: 00:03.0: BAR 4 [mem 0xd0004000-0xd0007fff 64bit pref]
11-11 01:55:38.059     0     0 I pci 0000: 00:04.0: [1af4:1042] type 00 class 0x010000 conventional PCI endpoint
11-11 01:55:38.061     0     0 I pci 0000: 00:04.0: BAR 1 [mem 0xc0002000-0xc0002fff]
11-11 01:55:38.064     0     0 I pci 0000: 00:04.0: BAR 4 [mem 0xd0008000-0xd000bfff 64bit pref]
11-11 01:55:38.067     0     0 I pci 0000: 00:05.0: [1af4:1042] type 00 class 0x010000 conventional PCI endpoint
11-11 01:55:38.069     0     0 I pci 0000: 00:05.0: BAR 1 [mem 0xc0003000-0xc0003fff]
11-11 01:55:38.072     0     0 I pci 0000: 00:05.0: BAR 4 [mem 0xd000c000-0xd000ffff 64bit pref]
11-11 01:55:38.078     0     0 I pci 0000: 00:06.0: [1af4:1042] type 00 class 0x010000 conventional PCI endpoint
11-11 01:55:38.081     0     0 I pci 0000: 00:06.0: BAR 1 [mem 0xc0004000-0xc0004fff]
11-11 01:55:38.084     0     0 I pci 0000: 00:06.0: BAR 4 [mem 0xd0010000-0xd0013fff 64bit pref]
11-11 01:55:38.086     0     0 I pci 0000: 00:07.0: [1af4:105b] type 00 class 0x00ff00 conventional PCI endpoint
11-11 01:55:38.090     0     0 I pci 0000: 00:07.0: BAR 4 [mem 0xd0014000-0xd0017fff 64bit pref]
11-11 01:55:38.093     0     0 I pci 0000: 00:08.0: [1af4:105b] type 00 class 0x00ff00 conventional PCI endpoint
11-11 01:55:38.096     0     0 I pci 0000: 00:08.0: BAR 4 [mem 0xd0018000-0xd001bfff 64bit pref]
11-11 01:55:38.100     0     0 I pci 0000: 00:09.0: [1af4:1044] type 00 class 0x00ff00 conventional PCI endpoint
11-11 01:55:38.105     0     0 I pci 0000: 00:09.0: BAR 1 [mem 0xc0005000-0xc0005fff]
11-11 01:55:38.108     0     0 I pci 0000: 00:09.0: BAR 4 [mem 0xd001c000-0xd001ffff 64bit pref]
11-11 01:55:38.111     0     0 I pci 0000: 00:0a.0: [1af4:1052] type 00 class 0x090200 conventional PCI endpoint
11-11 01:55:38.113     0     0 I pci 0000: 00:0a.0: BAR 1 [mem 0xc0006000-0xc0006fff]
11-11 01:55:38.116     0     0 I pci 0000: 00:0a.0: BAR 4 [mem 0xd0020000-0xd0023fff 64bit pref]
11-11 01:55:38.119     0     0 I pci 0000: 00:0b.0: [1af4:1052] type 00 class 0x090000 conventional PCI endpoint
11-11 01:55:38.125     0     0 I pci 0000: 00:0b.0: BAR 1 [mem 0xc0007000-0xc0007fff]
11-11 01:55:38.128     0     0 I pci 0000: 00:0b.0: BAR 4 [mem 0xd0024000-0xd0027fff 64bit pref]
11-11 01:55:38.131     0     0 I pci 0000: 00:0c.0: [1af4:1052] type 00 class 0x098000 conventional PCI endpoint
11-11 01:55:38.133     0     0 I pci 0000: 00:0c.0: BAR 1 [mem 0xc0008000-0xc0008fff]
11-11 01:55:38.136     0     0 I pci 0000: 00:0c.0: BAR 4 [mem 0xd0028000-0xd002bfff 64bit pref]
11-11 01:55:38.140     0     0 I pci 0000: 00:0d.0: [1af4:1052] type 00 class 0x098000 conventional PCI endpoint
11-11 01:55:38.141     0     0 I pci 0000: 00:0d.0: BAR 1 [mem 0xc0009000-0xc0009fff]
11-11 01:55:38.144     0     0 I pci 0000: 00:0d.0: BAR 4 [mem 0xd002c000-0xd002ffff 64bit pref]
11-11 01:55:38.150     0     0 I pci 0000: 00:0e.0: [1af4:1045] type 00 class 0x00ff00 conventional PCI endpoint
11-11 01:55:38.154     0     0 I pci 0000: 00:0e.0: BAR 4 [mem 0xd0030000-0xd0033fff 64bit pref]
11-11 01:55:38.157     0     0 I pci 0000: 00:0f.0: [1af4:1041] type 00 class 0x020000 conventional PCI endpoint
11-11 01:55:38.160     0     0 I pci 0000: 00:0f.0: BAR 1 [mem 0xc000a000-0xc000afff]
11-11 01:55:38.162     0     0 I pci 0000: 00:0f.0: BAR 4 [mem 0xd0034000-0xd0037fff 64bit pref]
11-11 01:55:38.164     0     0 I pci 0000: 00:0f.0: ROM [mem 0xc0040000-0xc007ffff pref]
11-11 01:55:38.167     0     0 I pci 0000: 00:10.0: [1af4:1041] type 00 class 0x020000 conventional PCI endpoint
11-11 01:55:38.169     0     0 I pci 0000: 00:10.0: BAR 1 [mem 0xc0080000-0xc0080fff]
11-11 01:55:38.172     0     0 I pci 0000: 00:10.0: BAR 4 [mem 0xd0038000-0xd003bfff 64bit pref]
11-11 01:55:38.174     0     0 I pci 0000: 00:10.0: ROM [mem 0xc00c0000-0xc00fffff pref]
11-11 01:55:38.177     0     0 I pci 0000: 00:11.0: [1af4:1053] type 00 class 0x078000 conventional PCI endpoint
11-11 01:55:38.180     0     0 I pci 0000: 00:11.0: BAR 1 [mem 0xc0100000-0xc0100fff]
11-11 01:55:38.186     0     0 I pci 0000: 00:11.0: BAR 4 [mem 0xd003c000-0xd003ffff 64bit pref]
11-11 01:55:38.190  8086  8086 I pci 0000: 00:12.0: [8086:2415] type 00 class 0x040100 conventional PCI endpoint
11-11 01:55:38.192     0     0 I pci 0000: 00:12.0: BAR 0 [io  0x2400-0x27ff]
11-11 01:55:38.193     0     0 I pci 0000: 00:12.0: BAR 1 [io  0x2800-0x28ff]
11-11 01:55:38.198     0     0 I pci 0000: 00:13.0: [1b36:000d] type 00 class 0x0c0330 conventional PCI endpoint
11-11 01:55:38.200     0     0 I pci 0000: 00:13.0: BAR 0 [mem 0xc0104000-0xc0107fff 64bit]
11-11 01:55:38.203     0     0 D pci_bus 0000: 00: on NUMA node 0
11-11 01:55:38.203     0     0 I ACPI    : PCI: Interrupt link LNKA configured for IRQ 0
11-11 01:55:38.204     0     0 I ACPI    : PCI: Interrupt link LNKA disabled
11-11 01:55:38.206     0     0 I ACPI    : PCI: Interrupt link LNKB configured for IRQ 0
11-11 01:55:38.207     0     0 I ACPI    : PCI: Interrupt link LNKB disabled
11-11 01:55:38.208     0     0 I ACPI    : PCI: Interrupt link LNKC configured for IRQ 10
11-11 01:55:38.212     0     0 I ACPI    : PCI: Interrupt link LNKD configured for IRQ 6
11-11 01:55:38.214     0     0 I ACPI    : PCI: Interrupt link LNKS configured for IRQ 9
11-11 01:55:38.216     0     0 I iommu   : Default domain type: Translated
11-11 01:55:38.216     0     0 I iommu   : DMA domain TLB invalidation policy: lazy mode
11-11 01:55:38.218     0     0 I         : SCSI subsystem initialized
11-11 01:55:38.219     0     0 I ACPI    : bus type USB registered
11-11 01:55:38.220     0     0 I usbcore : registered new interface driver usbfs
11-11 01:55:38.220     0     0 I usbcore : registered new interface driver hub
11-11 01:55:38.221     0     0 I usbcore : registered new device driver usb
11-11 01:55:38.223     0     0 I mc      : Linux media interface: v0.10
11-11 01:55:38.223     0     0 I videodev: Linux video capture interface: v2.00
11-11 01:55:38.224     0     0 I EDAC MC : Ver: 3.0.0
11-11 01:55:38.225     0     0 I         : Advanced Linux Sound Architecture Driver Initialized.
11-11 01:55:38.226     0     0 I PCI     : Using ACPI for IRQ routing
11-11 01:55:38.228     0     0 D PCI     : pci_cache_line_size set to 64 bytes
11-11 01:55:38.229     0     0 D e820    : reserve RAM buffer [mem 0xbed75000-0xbfffffff]
11-11 01:55:38.229     0     0 I vgaarb  : loaded
11-11 01:55:38.229     0     0 I hpet0   : at MMIO 0xfed00000, IRQs 2, 8, 0
11-11 01:55:38.232     0     0 I hpet0   : 3 comparators, 64-bit 100.000000 MHz counter
11-11 01:55:38.236     0     0 I clocksource: Switched to clocksource kvm-clock
11-11 01:55:38.238     0     0 I VFS     : Disk quotas dquot_6.6.0
11-11 01:55:38.239     0     0 I VFS     : Dquot-cache hash table entries: 512 (order 0, 4096 bytes)
11-11 01:55:38.241     0     0 I pnp     : PnP ACPI: disabled
11-11 01:55:38.242     0     0 I NET     : Registered PF_INET protocol family
11-11 01:55:38.243     0     0 I         : IP idents hash table entries: 65536 (order: 7, 524288 bytes, linear)
11-11 01:55:38.261     0     0 I         : tcp_listen_portaddr_hash hash table entries: 2048 (order: 3, 32768 bytes, linear)
11-11 01:55:38.263     0     0 I         : Table-perturb hash table entries: 65536 (order: 6, 262144 bytes, linear)
11-11 01:55:38.264     0     0 I         : TCP established hash table entries: 32768 (order: 6, 262144 bytes, linear)
11-11 01:55:38.267     0     0 I         : TCP bind hash table entries: 32768 (order: 8, 1048576 bytes, linear)
11-11 01:55:38.269     0     0 I TCP     : Hash tables configured (established 32768 bind 32768)
11-11 01:55:38.270     0     0 I         : UDP hash table entries: 2048 (order: 4, 65536 bytes, linear)
11-11 01:55:38.272     0     0 I         : UDP-Lite hash table entries: 2048 (order: 4, 65536 bytes, linear)
11-11 01:55:38.273     0     0 I NET     : Registered PF_UNIX/PF_LOCAL protocol family
11-11 01:55:38.275     0     0 I NET     : Registered PF_XDP protocol family
11-11 01:55:38.276     0     0 I pci_bus 0000: 00: resource 4 [io  0x0000-0x0cf7 window]
11-11 01:55:38.277     0     0 I pci_bus 0000: 00: resource 5 [io  0x0d00-0xffff window]
11-11 01:55:38.278     0     0 I pci_bus 0000: 00: resource 6 [mem 0x000a0000-0x000bffff window]
11-11 01:55:38.280     0     0 I pci_bus 0000: 00: resource 7 [mem 0xc0000000-0xfebfffff window]
11-11 01:55:38.281     0     0 I pci_bus 0000: 00: resource 8 [mem 0x200000000-0x27fffffff window]
11-11 01:55:38.283     0     0 I pci 0000: 00:01.0: PIIX3: Enabling Passive Release
11-11 01:55:38.284     0     0 I pci 0000: 00:00.0: Limiting direct PCI/PCI transfers
11-11 01:55:38.316     0     0 I ACPI    : \_SB_.LNKC: Enabled at IRQ 10
11-11 01:55:38.347     0     0 I pci 0000: 00:13.0: quirk_usb_early_handoff+0x0/0x790 took 60238 usecs
11-11 01:55:38.349     0     0 I PCI     : CLS 32 bytes, default 64
11-11 01:55:38.350     0     0 I PCI-DMA : Using software bounce buffering for IO (SWIOTLB)
11-11 01:55:38.350     0     0 I         : Trying to unpack rootfs image as initramfs...
11-11 01:55:38.351     0     0 I         : software IO TLB: mapped [mem 0x00000000bad75000-0x00000000bed75000] (64MB)
11-11 01:55:38.355     0     0 E kvm_intel: VMX not supported by CPU 1
11-11 01:55:38.356     0     0 I kvm_amd : TSC scaling supported
11-11 01:55:38.357     0     0 I kvm_amd : Nested Virtualization enabled
11-11 01:55:38.358     0     0 I kvm_amd : Nested Paging enabled
11-11 01:55:38.359     0     0 I kvm_amd : LBR virtualization supported
11-11 01:55:38.360     0     0 I kvm_amd : Virtual VMLOAD VMSAVE supported
11-11 01:55:38.361     0     0 I kvm_amd : Virtual GIF supported
11-11 01:55:38.373     0     0 I clocksource: tsc: mask: 0xffffffffffffffff max_cycles: 0x33e452fbb2f, max_idle_ns: 440795236593 ns
11-11 01:55:38.375     0     0 I platform rtc_cmos: registered platform RTC device (no PNP device found)
11-11 01:55:38.377     0     0 I         : Initialise system trusted keyrings
11-11 01:55:38.378     0     0 I workingset: timestamp_bits=46 max_order=20 bucket_order=0
11-11 01:55:38.380     0     0 I fuse    : init (API version 7.41)
11-11 01:55:38.400     0     0 I         : Key type asymmetric registered
11-11 01:55:38.401     0     0 I         : Asymmetric key parser 'x509' registered
11-11 01:55:38.402     0     0 I         : Block layer SCSI generic (bsg) driver version 0.4 loaded (major 240)
11-11 01:55:38.404     0     0 I         : io scheduler mq-deadline registered
11-11 01:55:38.405     0     0 I         : io scheduler kyber registered
11-11 01:55:38.406     0     0 I         : io scheduler bfq registered
11-11 01:55:38.407     0     0 I input   : Power Button as /devices/LNXSYSTM:00/LNXPWRBN:00/input/input0
11-11 01:55:38.413     0     0 I ACPI    : button: Power Button [PWRF]
11-11 01:55:38.414     0     0 I Serial  : 8250/16550 driver, 1 ports, IRQ sharing disabled
11-11 01:55:38.416     0     0 I serial8250: ttyS0 at I/O 0x3f8 (irq = 4, base_baud = 115200) is a 16550A
11-11 01:55:38.417     0     0 I printk  : legacy console [ttynull0] enabled
11-11 01:55:38.419     0     0 I ACPI    : bus type drm_connector registered
11-11 01:55:38.422     0     0 I brd     : module loaded
11-11 01:55:38.425     0     0 I         : Freeing initrd memory: 21844K
11-11 01:55:38.426     0     0 I loop    : module loaded
11-11 01:55:38.440     0     0 I wireguard: WireGuard 1.0.0 loaded. See www.wireguard.com for information.
11-11 01:55:38.441     0     0 I wireguard: Copyright (C) 2015-2019 Jason A. Donenfeld <Jason@zx2c4.com>. All Rights Reserved.
11-11 01:55:38.444     0     0 I tun     : Universal TUN/TAP device driver, 1.6
11-11 01:55:38.475     0     0 I xhci_hcd 0000: 00:13.0: xHCI Host Controller
11-11 01:55:38.476     0     0 I xhci_hcd 0000: 00:13.0: new USB bus registered, assigned bus number 1
11-11 01:55:38.478     0     0 I xhci_hcd 0000: 00:13.0: hcc params 0x00087001 hci version 0x100 quirks 0x0000000000000010
11-11 01:55:38.481     0     0 I xhci_hcd 0000: 00:13.0: xHCI Host Controller
11-11 01:55:38.482     0     0 I xhci_hcd 0000: 00:13.0: new USB bus registered, assigned bus number 2
11-11 01:55:38.484     0     0 I xhci_hcd 0000: 00:13.0: Host supports USB 3.0 SuperSpeed
11-11 01:55:38.485     0     0 I usb1    : New USB device found, idVendor=1d6b, idProduct=0002, bcdDevice= 6.12
11-11 01:55:38.487     0     0 I usb1    : New USB device strings: Mfr=3, Product=2, SerialNumber=1
11-11 01:55:38.488     0     0 I usb1    : Product: xHCI Host Controller
11-11 01:55:38.489     0     0 I usb1    : Manufacturer: Linux 6.12.18-android16-1-g50eb8d5d443b-ab13257114 xhci-hcd
11-11 01:55:38.491     0     0 I usb1    : SerialNumber: 0000:00:13.0
11-11 01:55:38.492     0     0 I hub 1-0 : 1.0: USB hub found
11-11 01:55:38.493     0     0 I hub 1-0 : 1.0: 4 ports detected
11-11 01:55:38.494     0     0 I usb2    : We don't know the algorithms for LPM for this host, disabling LPM.
11-11 01:55:38.496     0     0 I usb2    : New USB device found, idVendor=1d6b, idProduct=0003, bcdDevice= 6.12
11-11 01:55:38.498     0     0 I usb2    : New USB device strings: Mfr=3, Product=2, SerialNumber=1
11-11 01:55:38.499     0     0 I usb2    : Product: xHCI Host Controller
11-11 01:55:38.500     0     0 I usb2    : Manufacturer: Linux 6.12.18-android16-1-g50eb8d5d443b-ab13257114 xhci-hcd
11-11 01:55:38.502     0     0 I usb2    : SerialNumber: 0000:00:13.0
11-11 01:55:38.503     0     0 I hub 2-0 : 1.0: USB hub found
11-11 01:55:38.504     0     0 I hub 2-0 : 1.0: 4 ports detected
11-11 01:55:38.509     0     0 I usbcore : registered new interface driver uas
11-11 01:55:38.511     0     0 I usbcore : registered new interface driver usb-storage
11-11 01:55:38.512     0     0 I i8042   : PNP: No PS/2 controller found.
11-11 01:55:38.513     0     0 I i8042   : Probing ports directly.
11-11 01:55:38.515     0     0 I serio   : i8042 KBD port at 0x60,0x64 irq 1
11-11 01:55:38.516     0     0 I serio   : i8042 AUX port at 0x60,0x64 irq 12
11-11 01:55:38.517     0     0 I usbcore : registered new interface driver xpad
11-11 01:55:38.518     0     0 I         : rtc_cmos rtc_cmos: RTC can wake from S4
11-11 01:55:38.520     0     0 I         : rtc_cmos rtc_cmos: registered as rtc0
11-11 01:55:38.521     0     0 I         : rtc_cmos rtc_cmos: setting system clock to 2025-11-11T01:55:38 UTC (1762826138)
11-11 01:55:38.523     0     0 I         : rtc_cmos rtc_cmos: alarms up to one day, y3k, 114 bytes nvram, hpet irqs
11-11 01:55:38.525     0     0 I input   : AT Raw Set 2 keyboard as /devices/platform/i8042/serio0/input/input1
11-11 01:55:38.527     0     0 I gspca_main: v2.14.0 registered
11-11 01:55:38.528     0     0 I usbcore : registered new interface driver uvcvideo
11-11 01:55:38.530     0     0 I device-mapper: uevent: version 1.0.3
11-11 01:55:38.531     0     0 I device-mapper: ioctl: 4.48.0-ioctl (2023-03-01) initialised: dm-devel@lists.linux.dev
11-11 01:55:38.533     0     0 W amd_pstate: the _CPC object is not present in SBIOS or ACPI disabled
11-11 01:55:38.535     0     0 I sdhci   : Secure Digital Host Controller Interface driver
11-11 01:55:38.536     0     0 I sdhci   : Copyright(c) Pierre Ossman
11-11 01:55:38.537     0     0 I sdhci-pltfm: SDHCI platform and OF driver helper
11-11 01:55:38.538     0     0 I hid     : raw HID events driver (C) Jiri Kosina
11-11 01:55:38.539     0     0 I usbcore : registered new interface driver usbhid
11-11 01:55:38.541     0     0 I usbhid  : USB HID core driver
11-11 01:55:38.542     0     0 I ashmem_rust: Using Rust implementation.
11-11 01:55:38.542     0     0 I usbcore : registered new interface driver snd-usb-audio
11-11 01:55:38.544     0     0 I         : GACT probability NOT on
11-11 01:55:38.545     0     0 I         : Mirror/redirect action on
11-11 01:55:38.546     0     0 I netem   : version 1.3
11-11 01:55:38.546     0     0 I         : u32 classifier
11-11 01:55:38.547     0     0 I         : input device check on
11-11 01:55:38.548     0     0 I         : Actions configured
11-11 01:55:38.549     0     0 I xt_time : kernel timezone is -0000
11-11 01:55:38.550     0     0 I ipip    : IPv4 and MPLS over IPv4 tunneling driver
11-11 01:55:38.552     0     0 I gre     : GRE over IPv4 demultiplexor driver
11-11 01:55:38.553     0     0 I ip_gre  : GRE over IPv4 tunneling driver
11-11 01:55:38.554     0     0 I         : IPv4 over IPsec tunneling driver
11-11 01:55:38.555     0     0 I         : Initializing XFRM netlink socket
11-11 01:55:38.556     0     0 I         : IPsec XFRM device driver
11-11 01:55:38.557     0     0 I NET     : Registered PF_INET6 protocol family
11-11 01:55:38.559     0     0 I         : Segment Routing with IPv6
11-11 01:55:38.560     0     0 I         : In-situ OAM (IOAM) with IPv6
11-11 01:55:38.561     0     0 I mip6    : Mobile IPv6
11-11 01:55:38.561     0     0 I sit     : IPv6, IPv4 and MPLS over IPv4 tunneling driver
11-11 01:55:38.563     0     0 I ip6_gre : GRE over IPv6 tunneling driver
11-11 01:55:38.564     0     0 I NET     : Registered PF_PACKET protocol family
11-11 01:55:38.566     0     0 I NET     : Registered PF_KEY protocol family
11-11 01:55:38.567     0     0 I NET     : Registered PF_VSOCK protocol family
11-11 01:55:38.568     0     0 I         : IPI shorthand broadcast: enabled
11-11 01:55:38.569     0     0 I         : AES CTR mode by8 optimization enabled
11-11 01:55:38.574     0     0 I sched_clock: Marking stable (956003350, 21714870)->(986394996, -8676776)
11-11 01:55:38.577     0     0 I         : registered taskstats version 1
11-11 01:55:38.578     0     0 I         : Loading compiled-in X.509 certificates
11-11 01:55:38.579     0     0 I         : Loaded X.509 cert 'Build time autogenerated kernel key: 4dcd184ac7973ac97ec937a2f603db90b193326d'
11-11 01:55:38.585     0     0 I         : page_owner is disabled
11-11 01:55:38.586     0     0 I         : Key type .fscrypt registered
11-11 01:55:38.587     0     0 I         : Key type fscrypt-provisioning registered
11-11 01:55:38.605     0     0 I         : ALSA device list:
11-11 01:55:38.606     0     0 I         : No soundcards found.
11-11 01:55:38.607     0     0 I         : Freeing unused kernel image (initmem) memory: 3096K
11-11 01:55:38.821     0     0 I         : Write protecting the kernel read-only data: 38912k
11-11 01:55:38.822     0     0 I         : Freeing unused kernel image (rodata/data gap) memory: 888K
11-11 01:55:38.824     0     0 I         : Run /init as init process
11-11 01:55:38.824     0     0 D with arguments:  
11-11 01:55:38.824     0     0 D         : /init
11-11 01:55:38.824     0     0 D with environment:  
11-11 01:55:38.824     0     0 D         : HOME=/
11-11 01:55:38.824     0     0 D         : TERM=linux
11-11 01:55:38.825     0     0 I init    : init first stage started!
11-11 01:55:38.826     0     0 I init    : Loading module /lib/modules/failover.ko with args ''
11-11 01:55:38.828     0     0 I init    : Loaded kernel module /lib/modules/failover.ko
11-11 01:55:38.829     0     0 I init    : Loading module /lib/modules/nd_virtio.ko with args ''
11-11 01:55:38.830     0     0 I init    : Loaded kernel module /lib/modules/nd_virtio.ko
11-11 01:55:38.831     0     0 I init    : Loading module /lib/modules/net_failover.ko with args ''
11-11 01:55:38.832     0     0 I init    : Loaded kernel module /lib/modules/net_failover.ko
11-11 01:55:38.833     0     0 I init    : Loading module /lib/modules/virtio_dma_buf.ko with args ''
11-11 01:55:38.835     0     0 I init    : Loaded kernel module /lib/modules/virtio_dma_buf.ko
11-11 01:55:38.836     0     0 I init    : Loading module /lib/modules/virtio-gpu.ko with args ''
11-11 01:55:38.839     0     0 I init    : Loaded kernel module /lib/modules/virtio-gpu.ko
11-11 01:55:38.840     0     0 I init    : Loading module /lib/modules/virtio_input.ko with args ''
11-11 01:55:38.841     0     0 I init    : Loaded kernel module /lib/modules/virtio_input.ko
11-11 01:55:38.843     0     0 I init    : Loading module /lib/modules/virtio_net.ko with args ''
11-11 01:55:38.845     0     0 I init    : Loaded kernel module /lib/modules/virtio_net.ko
11-11 01:55:38.846     0     0 I init    : Loading module /lib/modules/virtio-rng.ko with args ''
11-11 01:55:38.847     0     0 I init    : Loaded kernel module /lib/modules/virtio-rng.ko
11-11 01:55:38.848     0     0 I init    : Loading module /lib/modules/libarc4.ko with args ''
11-11 01:55:38.851     0     0 I init    : Loaded kernel module /lib/modules/libarc4.ko
11-11 01:55:38.852     0     0 I init    : Loading module /lib/modules/rfkill.ko with args ''
11-11 01:55:38.853     0     0 I init    : Loaded kernel module /lib/modules/rfkill.ko
11-11 01:55:38.855     0     0 I init    : Loading module /lib/modules/cfg80211.ko with args ''
11-11 01:55:38.866     0     0 I cfg80211: Loading compiled-in X.509 certificates for regulatory database
11-11 01:55:38.868     0     0 I         : Loaded X.509 cert 'sforshee: 00b28ddf47aef9cea7'
11-11 01:55:38.869     0     0 I         : Loaded X.509 cert 'wens: 61c038651aabdcf94bd0ac7ff06c7248db18c600'
11-11 01:55:38.870     0     0 W platform regulatory.0: Direct firmware load for regulatory.db failed with error -2
11-11 01:55:38.872     0     0 I cfg80211: failed to load regulatory.db
11-11 01:55:38.873     0     0 I init    : Loaded kernel module /lib/modules/cfg80211.ko
11-11 01:55:38.874     0     0 I init    : Loading module /lib/modules/mac80211.ko with args ''
11-11 01:55:38.886     0     0 I init    : Loaded kernel module /lib/modules/mac80211.ko
11-11 01:55:38.887     0     0 I init    : Loading module /lib/modules/mac80211_hwsim.ko with args 'radios=0'
11-11 01:55:38.890     0     0 I mac80211_hwsim: initializing netlink
11-11 01:55:38.891     0     0 I init    : Loaded kernel module /lib/modules/mac80211_hwsim.ko
11-11 01:55:38.892     0     0 I init    : Loading module /lib/modules/virtio_blk.ko with args ''
11-11 01:55:38.894     0     0 I init    : Loaded kernel module /lib/modules/virtio_blk.ko
11-11 01:55:38.895     0     0 I init    : Loading module /lib/modules/virtio_console.ko with args ''
11-11 01:55:38.897     0     0 I init    : Loaded kernel module /lib/modules/virtio_console.ko
11-11 01:55:38.898     0     0 I init    : Loading module /lib/modules/virtio_pci_modern_dev.ko with args ''
11-11 01:55:38.900     0     0 I init    : Loaded kernel module /lib/modules/virtio_pci_modern_dev.ko
11-11 01:55:38.901     0     0 I init    : Loading module /lib/modules/virtio_pci_legacy_dev.ko with args ''
11-11 01:55:38.903     0     0 I init    : Loaded kernel module /lib/modules/virtio_pci_legacy_dev.ko
11-11 01:55:38.904     0     0 I init    : Loading module /lib/modules/virtio_pci.ko with args ''
11-11 01:55:38.937     0     0 I ACPI    : \_SB_.LNKB: Enabled at IRQ 11
11-11 01:55:38.939     0     0 I [drm] pci: virtio-gpu-pci detected at 0000:00:02.0
11-11 01:55:38.941     0     0 I [drm] features: -virgl +edid -resource_blob -host_visible
11-11 01:55:38.941     0     0 I [drm] features: -context_init
11-11 01:55:38.943     0     0 I         : [drm] number of scanouts: 1
11-11 01:55:38.944     0     0 I         : [drm] number of cap sets: 0
11-11 01:55:38.945     0     0 I         : [drm] Initialized virtio_gpu 0.1.0 for 0000:00:02.0 on minor 0
11-11 01:55:38.999     0     0 I printk  : legacy console [hvc0] enabled
11-11 01:55:39.025     0     0 I ACPI    : \_SB_.LNKD: Enabled at IRQ 11
11-11 01:55:39.027     0     0 I virtio_blk virtio2: 2/0/0 default/read/poll queues
11-11 01:55:39.029     0     0 I virtio_blk virtio2: [vda] 32148608 512-byte logical blocks (16.5 GB/15.3 GiB)
11-11 01:55:39.031     0     0 I vda     : vda1 vda2 vda3 vda4 vda5 vda6 vda7 vda8 vda9 vda10 vda11 vda12 vda13 vda14 vda15 vda16 vda17 vda18
11-11 01:55:39.063     0     0 I ACPI    : \_SB_.LNKA: Enabled at IRQ 10
11-11 01:55:39.065     0     0 I virtio_blk virtio3: 2/0/0 default/read/poll queues
