11-11 01:55:48.683     0     0 D NetBpfLoad: cs[3].name:cgroupskb_ingress_stats$4_19 requires bpfloader version [0x0002b,0x10000)
11-11 01:55:48.683     0     0 D NetBpfLoad: New bpf prog load reusing prog /sys/fs/bpf/netd_shared/prog_netd_cgroupskb_ingress_stats, ret: 29 (ok)
11-11 01:55:48.683     0     0 I NetBpfLoad: prog /sys/fs/bpf/netd_shared/prog_netd_cgroupskb_ingress_stats id 14 len jit:3330 xlat:5720
11-11 01:55:48.685     0     0 D NetBpfLoad: cs[4].name:cgroupskb_ingress_stats$4_9 min_kver:0 .max_kver:4130000 (kvers:60c0012)
11-11 01:55:48.685     0     0 D NetBpfLoad: cs[5].name:cgroupskb_egress_stats$5_10_25q2 min_kver:50a0000 .max_kver:ffffffff (kvers:60c0012)
11-11 01:55:48.685     0     0 D NetBpfLoad: cs[5].name:cgroupskb_egress_stats$5_10_25q2 requires bpfloader version [0x0002f,0x10000)
11-11 01:55:48.660   312   327 I auditd  : type=1334 audit(0.0:20): prog-id=15 op=LOAD
11-11 01:55:48.660   327   327 W auditd  : type=1334 audit(0.0:20): prog-id=15 op=LOAD
11-11 01:55:48.692     0     0 D NetBpfLoad: BPF_PROG_LOAD call for /apex/com.android.tethering/etc/bpf/netd_shared/netd.o (cgroupskb_egress_stats$5_10_25q2) returned 'processed 1407 insns (limit 1000000) max_states_per_insn 3 total_states 93 peak_states 93 mark_read 11' fd: 30 (ok)
11-11 01:55:48.692     0     0 I NetBpfLoad: prog /sys/fs/bpf/netd_shared/prog_netd_cgroupskb_egress_stats id 15 len jit:2912 xlat:4960
11-11 01:55:48.694     0     0 D NetBpfLoad: cs[6].name:cgroupskb_egress_stats$5_4_25q2 min_kver:5040000 .max_kver:50a0000 (kvers:60c0012)
11-11 01:55:48.660   622   622 I auditd  : type=1300 audit(0.0:20): arch=c000003e syscall=321 success=yes exit=30 a0=5 a1=7ffc579c6320 a2=98 a3=20 items=0 ppid=1 auid=4294967295 uid=0 gid=0 euid=0 suid=0 fsuid=0 egid=0 sgid=0 fsgid=0 tty=(none) ses=4294967295 comm="netbpfload" exe="/apex/com.android.tethering/bin/netbpfload" subj=u:r:bpfloader:s0 key=(null)
11-11 01:55:48.660   622   622 W netbpfload: type=1300 audit(0.0:20): arch=c000003e syscall=321 success=yes exit=30 a0=5 a1=7ffc579c6320 a2=98 a3=20 items=0 ppid=1 auid=4294967295 uid=0 gid=0 euid=0 suid=0 fsuid=0 egid=0 sgid=0 fsgid=0 tty=(none) ses=4294967295 exe="/apex/com.android.tethering/bin/netbpfload" subj=u:r:bpfloader:s0 key=(null)
11-11 01:55:48.660   312   327 I auditd  : type=1327 audit(0.0:20): proctitle="/apex/com.android.tethering/bin/netbpfload"
11-11 01:55:48.660   327   327 W auditd  : type=1327 audit(0.0:20): proctitle="/apex/com.android.tethering/bin/netbpfload"
11-11 01:55:48.660   312   327 I auditd  : type=1320 audit(0.0:20): 
11-11 01:55:48.660   327   327 W auditd  : type=1320 audit(0.0:20): 
11-11 01:55:48.698     0     0 D NetBpfLoad: cs[7].name:cgroupskb_egress_stats$5_10_u min_kver:50a0000 .max_kver:ffffffff (kvers:60c0012)
11-11 01:55:48.700     0     0 D NetBpfLoad: cs[7].name:cgroupskb_egress_stats$5_10_u requires bpfloader version [0x0002c,0x0002f)
11-11 01:55:48.703     0     0 D NetBpfLoad: cs[8].name:cgroupskb_egress_stats$4_19 min_kver:4130000 .max_kver:ffffffff (kvers:60c0012)
11-11 01:55:48.703     0     0 D NetBpfLoad: cs[8].name:cgroupskb_egress_stats$4_19 requires bpfloader version [0x0002b,0x10000)
11-11 01:55:48.703     0     0 D NetBpfLoad: New bpf prog load reusing prog /sys/fs/bpf/netd_shared/prog_netd_cgroupskb_egress_stats, ret: 31 (ok)
11-11 01:55:48.703     0     0 I NetBpfLoad: prog /sys/fs/bpf/netd_shared/prog_netd_cgroupskb_egress_stats id 15 len jit:2912 xlat:4960
11-11 01:55:48.704     0     0 D NetBpfLoad: cs[9].name:cgroupskb_egress_stats$4_9 min_kver:0 .max_kver:4130000 (kvers:60c0012)
11-11 01:55:48.704     0     0 D NetBpfLoad: cs[10].name:skfilter_egress_xtbpf min_kver:0 .max_kver:ffffffff (kvers:60c0012)
11-11 01:55:48.704     0     0 D NetBpfLoad: cs[10].name:skfilter_egress_xtbpf requires bpfloader version [0x0002b,0x10000)
11-11 01:55:48.676   312   327 I auditd  : type=1334 audit(0.0:21): prog-id=16 op=LOAD
11-11 01:55:48.676   327   327 W auditd  : type=1334 audit(0.0:21): prog-id=16 op=LOAD
11-11 01:55:48.705     0     0 D NetBpfLoad: BPF_PROG_LOAD call for /apex/com.android.tethering/etc/bpf/netd_shared/netd.o (skfilter_egress_xtbpf) returned 'processed 101 insns (limit 1000000) max_states_per_insn 0 total_states 7 peak_states 7 mark_read 2' fd: 32 (ok)
11-11 01:55:48.705     0     0 I NetBpfLoad: prog /sys/fs/bpf/netd_shared/prog_netd_skfilter_egress_xtbpf id 16 len jit:409 xlat:640
11-11 01:55:48.707     0     0 D NetBpfLoad: cs[11].name:skfilter_ingress_xtbpf min_kver:0 .max_kver:ffffffff (kvers:60c0012)
11-11 01:55:48.676   622   622 I auditd  : type=1300 audit(0.0:21): arch=c000003e syscall=321 success=yes exit=32 a0=5 a1=7ffc579c6320 a2=98 a3=15 items=0 ppid=1 auid=4294967295 uid=0 gid=0 euid=0 suid=0 fsuid=0 egid=0 sgid=0 fsgid=0 tty=(none) ses=4294967295 comm="netbpfload" exe="/apex/com.android.tethering/bin/netbpfload" subj=u:r:bpfloader:s0 key=(null)
11-11 01:55:48.676   622   622 W netbpfload: type=1300 audit(0.0:21): arch=c000003e syscall=321 success=yes exit=32 a0=5 a1=7ffc579c6320 a2=98 a3=15 items=0 ppid=1 auid=4294967295 uid=0 gid=0 euid=0 suid=0 fsuid=0 egid=0 sgid=0 fsgid=0 tty=(none) ses=4294967295 exe="/apex/com.android.tethering/bin/netbpfload" subj=u:r:bpfloader:s0 key=(null)
11-11 01:55:48.711     0     0 D NetBpfLoad: cs[11].name:skfilter_ingress_xtbpf requires bpfloader version [0x0002b,0x10000)
11-11 01:55:48.676   312   327 I auditd  : type=1327 audit(0.0:21): proctitle="/apex/com.android.tethering/bin/netbpfload"
11-11 01:55:48.676   327   327 W auditd  : type=1327 audit(0.0:21): proctitle="/apex/com.android.tethering/bin/netbpfload"
11-11 01:55:48.676   312   327 I auditd  : type=1320 audit(0.0:21): 
11-11 01:55:48.676   327   327 W auditd  : type=1320 audit(0.0:21): 
11-11 01:55:48.688   312   327 I auditd  : type=1334 audit(0.0:22): prog-id=17 op=LOAD
11-11 01:55:48.688   327   327 W auditd  : type=1334 audit(0.0:22): prog-id=17 op=LOAD
11-11 01:55:48.713     0     0 D NetBpfLoad: BPF_PROG_LOAD call for /apex/com.android.tethering/etc/bpf/netd_shared/netd.o (skfilter_ingress_xtbpf) returned 'processed 82 insns (limit 1000000) max_states_per_insn 0 total_states 4 peak_states 4 mark_read 2' fd: 33 (ok)
11-11 01:55:48.714     0     0 I NetBpfLoad: prog /sys/fs/bpf/netd_shared/prog_netd_skfilter_ingress_xtbpf id 17 len jit:319 xlat:488
11-11 01:55:48.716     0     0 D NetBpfLoad: cs[12].name:schedact_ingress_account min_kver:0 .max_kver:ffffffff (kvers:60c0012)
11-11 01:55:48.688   622   622 I auditd  : type=1300 audit(0.0:22): arch=c000003e syscall=321 success=yes exit=33 a0=5 a1=7ffc579c6320 a2=98 a3=16 items=0 ppid=1 auid=4294967295 uid=0 gid=0 euid=0 suid=0 fsuid=0 egid=0 sgid=0 fsgid=0 tty=(none) ses=4294967295 comm="netbpfload" exe="/apex/com.android.tethering/bin/netbpfload" subj=u:r:bpfloader:s0 key=(null)
11-11 01:55:48.688   622   622 W netbpfload: type=1300 audit(0.0:22): arch=c000003e syscall=321 success=yes exit=33 a0=5 a1=7ffc579c6320 a2=98 a3=16 items=0 ppid=1 auid=4294967295 uid=0 gid=0 euid=0 suid=0 fsuid=0 egid=0 sgid=0 fsgid=0 tty=(none) ses=4294967295 exe="/apex/com.android.tethering/bin/netbpfload" subj=u:r:bpfloader:s0 key=(null)
11-11 01:55:48.720     0     0 D NetBpfLoad: cs[12].name:schedact_ingress_account requires bpfloader version [0x0002b,0x10000)
11-11 01:55:48.688   312   327 I auditd  : type=1327 audit(0.0:22): proctitle="/apex/com.android.tethering/bin/netbpfload"
11-11 01:55:48.688   327   327 W auditd  : type=1327 audit(0.0:22): proctitle="/apex/com.android.tethering/bin/netbpfload"
11-11 01:55:48.688   312   327 I auditd  : type=1320 audit(0.0:22): 
11-11 01:55:48.688   327   327 W auditd  : type=1320 audit(0.0:22): 
11-11 01:55:48.700   312   327 I auditd  : type=1334 audit(0.0:23): prog-id=18 op=LOAD
11-11 01:55:48.700   327   327 W auditd  : type=1334 audit(0.0:23): prog-id=18 op=LOAD
11-11 01:55:48.722     0     0 D NetBpfLoad: BPF_PROG_LOAD call for /apex/com.android.tethering/etc/bpf/netd_shared/netd.o (schedact_ingress_account) returned 'processed 86 insns (limit 1000000) max_states_per_insn 0 total_states 6 peak_states 6 mark_read 2' fd: 34 (ok)
11-11 01:55:48.722     0     0 I NetBpfLoad: prog /sys/fs/bpf/netd_shared/prog_netd_schedact_ingress_account id 18 len jit:335 xlat:512
11-11 01:55:48.725     0     0 D NetBpfLoad: cs[13].name:skfilter_allowlist_xtbpf min_kver:0 .max_kver:ffffffff (kvers:60c0012)
11-11 01:55:48.700   622   622 I auditd  : type=1300 audit(0.0:23): arch=c000003e syscall=321 success=yes exit=34 a0=5 a1=7ffc579c6320 a2=98 a3=18 items=0 ppid=1 auid=4294967295 uid=0 gid=0 euid=0 suid=0 fsuid=0 egid=0 sgid=0 fsgid=0 tty=(none) ses=4294967295 comm="netbpfload" exe="/apex/com.android.tethering/bin/netbpfload" subj=u:r:bpfloader:s0 key=(null)
11-11 01:55:48.700   622   622 W netbpfload: type=1300 audit(0.0:23): arch=c000003e syscall=321 success=yes exit=34 a0=5 a1=7ffc579c6320 a2=98 a3=18 items=0 ppid=1 auid=4294967295 uid=0 gid=0 euid=0 suid=0 fsuid=0 egid=0 sgid=0 fsgid=0 tty=(none) ses=4294967295 exe="/apex/com.android.tethering/bin/netbpfload" subj=u:r:bpfloader:s0 key=(null)
11-11 01:55:48.700   312   327 I auditd  : type=1327 audit(0.0:23): proctitle="/apex/com.android.tethering/bin/netbpfload"
11-11 01:55:48.700   327   327 W auditd  : type=1327 audit(0.0:23): proctitle="/apex/com.android.tethering/bin/netbpfload"
11-11 01:55:48.700   312   327 I auditd  : type=1320 audit(0.0:23): 
11-11 01:55:48.700   327   327 W auditd  : type=1320 audit(0.0:23): 
11-11 01:55:48.704   312   327 I auditd  : type=1334 audit(0.0:24): prog-id=19 op=LOAD
11-11 01:55:48.704   327   327 W auditd  : type=1334 audit(0.0:24): prog-id=19 op=LOAD
11-11 01:55:48.729     0     0 D NetBpfLoad: cs[13].name:skfilter_allowlist_xtbpf requires bpfloader version [0x0002b,0x10000)
11-11 01:55:48.731     0     0 D NetBpfLoad: BPF_PROG_LOAD call for /apex/com.android.tethering/etc/bpf/netd_shared/netd.o (skfilter_allowlist_xtbpf) returned 'processed 23 insns (limit 1000000) max_states_per_insn 0 total_states 2 peak_states 2 mark_read 2' fd: 35 (ok)
11-11 01:55:48.731     0     0 I NetBpfLoad: prog /sys/fs/bpf/netd_shared/prog_netd_skfilter_allowlist_xtbpf id 19 len jit:146 xlat:184
11-11 01:55:48.733     0     0 D NetBpfLoad: cs[14].name:skfilter_denylist_xtbpf min_kver:0 .max_kver:ffffffff (kvers:60c0012)
11-11 01:55:48.704   622   622 I auditd  : type=1300 audit(0.0:24): arch=c000003e syscall=321 success=yes exit=35 a0=5 a1=7ffc579c6320 a2=98 a3=18 items=0 ppid=1 auid=4294967295 uid=0 gid=0 euid=0 suid=0 fsuid=0 egid=0 sgid=0 fsgid=0 tty=(none) ses=4294967295 comm="netbpfload" exe="/apex/com.android.tethering/bin/netbpfload" subj=u:r:bpfloader:s0 key=(null)
11-11 01:55:48.704   622   622 W netbpfload: type=1300 audit(0.0:24): arch=c000003e syscall=321 success=yes exit=35 a0=5 a1=7ffc579c6320 a2=98 a3=18 items=0 ppid=1 auid=4294967295 uid=0 gid=0 euid=0 suid=0 fsuid=0 egid=0 sgid=0 fsgid=0 tty=(none) ses=4294967295 exe="/apex/com.android.tethering/bin/netbpfload" subj=u:r:bpfloader:s0 key=(null)
11-11 01:55:48.738     0     0 D NetBpfLoad: cs[14].name:skfilter_denylist_xtbpf requires bpfloader version [0x0002b,0x10000)
11-11 01:55:48.704   312   327 I auditd  : type=1327 audit(0.0:24): proctitle="/apex/com.android.tethering/bin/netbpfload"
11-11 01:55:48.704   327   327 W auditd  : type=1327 audit(0.0:24): proctitle="/apex/com.android.tethering/bin/netbpfload"
11-11 01:55:48.704   312   327 I auditd  : type=1320 audit(0.0:24): 
11-11 01:55:48.704   327   327 W auditd  : type=1320 audit(0.0:24): 
11-11 01:55:48.739     0     0 D NetBpfLoad: BPF_PROG_LOAD call for /apex/com.android.tethering/etc/bpf/netd_shared/netd.o (skfilter_denylist_xtbpf) returned 'processed 17 insns (limit 1000000) max_states_per_insn 0 total_states 2 peak_states 2 mark_read 2' fd: 36 (ok)
11-11 01:55:48.740     0     0 I NetBpfLoad: prog /sys/fs/bpf/netd_shared/prog_netd_skfilter_denylist_xtbpf id 20 len jit:104 xlat:144
11-11 01:55:48.716   312   327 I auditd  : type=1334 audit(0.0:25): prog-id=20 op=LOAD
11-11 01:55:48.716   327   327 W auditd  : type=1334 audit(0.0:25): prog-id=20 op=LOAD
11-11 01:55:48.742     0     0 D NetBpfLoad: cs[15].name:cgroupsock_inet_create min_kver:40e0000 .max_kver:ffffffff (kvers:60c0012)
11-11 01:55:48.716   622   622 I auditd  : type=1300 audit(0.0:25): arch=c000003e syscall=321 success=yes exit=36 a0=5 a1=7ffc579c6320 a2=98 a3=17 items=0 ppid=1 auid=4294967295 uid=0 gid=0 euid=0 suid=0 fsuid=0 egid=0 sgid=0 fsgid=0 tty=(none) ses=4294967295 comm="netbpfload" exe="/apex/com.android.tethering/bin/netbpfload" subj=u:r:bpfloader:s0 key=(null)
11-11 01:55:48.716   622   622 W netbpfload: type=1300 audit(0.0:25): arch=c000003e syscall=321 success=yes exit=36 a0=5 a1=7ffc579c6320 a2=98 a3=17 items=0 ppid=1 auid=4294967295 uid=0 gid=0 euid=0 suid=0 fsuid=0 egid=0 sgid=0 fsgid=0 tty=(none) ses=4294967295 exe="/apex/com.android.tethering/bin/netbpfload" subj=u:r:bpfloader:s0 key=(null)
11-11 01:55:48.716   312   327 I auditd  : type=1327 audit(0.0:25): proctitle="/apex/com.android.tethering/bin/netbpfload"
11-11 01:55:48.716   327   327 W auditd  : type=1327 audit(0.0:25): proctitle="/apex/com.android.tethering/bin/netbpfload"
11-11 01:55:48.716   312   327 I auditd  : type=1320 audit(0.0:25): 
11-11 01:55:48.716   327   327 W auditd  : type=1320 audit(0.0:25): 
11-11 01:55:48.746     0     0 D NetBpfLoad: cs[15].name:cgroupsock_inet_create requires bpfloader version [0x0002b,0x10000)
11-11 01:55:48.748     0     0 D NetBpfLoad: BPF_PROG_LOAD call for /apex/com.android.tethering/etc/bpf/netd_shared/netd.o (cgroupsock_inet_create) returned 'processed 17 insns (limit 1000000) max_states_per_insn 0 total_states 1 peak_states 1 mark_read 1' fd: 37 (ok)
11-11 01:55:48.748     0     0 I NetBpfLoad: prog /sys/fs/bpf/netd_shared/prog_netd_cgroupsock_inet_create id 21 len jit:123 xlat:152
11-11 01:55:48.724   312   327 I auditd  : type=1334 audit(0.0:26): prog-id=21 op=LOAD
11-11 01:55:48.724   327   327 W auditd  : type=1334 audit(0.0:26): prog-id=21 op=LOAD
11-11 01:55:48.751     0     0 D NetBpfLoad: cs[16].name:cgroupsockrelease_inet_release min_kver:50a0000 .max_kver:ffffffff (kvers:60c0012)
11-11 01:55:48.724   622   622 I auditd  : type=1300 audit(0.0:26): arch=c000003e syscall=321 success=yes exit=37 a0=5 a1=7ffc579c6320 a2=98 a3=16 items=0 ppid=1 auid=4294967295 uid=0 gid=0 euid=0 suid=0 fsuid=0 egid=0 sgid=0 fsgid=0 tty=(none) ses=4294967295 comm="netbpfload" exe="/apex/com.android.tethering/bin/netbpfload" subj=u:r:bpfloader:s0 key=(null)
11-11 01:55:48.724   622   622 W netbpfload: type=1300 audit(0.0:26): arch=c000003e syscall=321 success=yes exit=37 a0=5 a1=7ffc579c6320 a2=98 a3=16 items=0 ppid=1 auid=4294967295 uid=0 gid=0 euid=0 suid=0 fsuid=0 egid=0 sgid=0 fsgid=0 tty=(none) ses=4294967295 exe="/apex/com.android.tethering/bin/netbpfload" subj=u:r:bpfloader:s0 key=(null)
11-11 01:55:48.724   312   327 I auditd  : type=1327 audit(0.0:26): proctitle="/apex/com.android.tethering/bin/netbpfload"
11-11 01:55:48.724   327   327 W auditd  : type=1327 audit(0.0:26): proctitle="/apex/com.android.tethering/bin/netbpfload"
11-11 01:55:48.755     0     0 D NetBpfLoad: cs[16].name:cgroupsockrelease_inet_release requires bpfloader version [0x0002b,0x10000)
11-11 01:55:48.757     0     0 D NetBpfLoad: BPF_PROG_LOAD call for /apex/com.android.tethering/etc/bpf/netd_shared/netd.o (cgroupsockrelease_inet_release) returned 'processed 10 insns (limit 1000000) max_states_per_insn 0 total_states 1 peak_states 1 mark_read 0' fd: 38 (ok)
11-11 01:55:48.724   312   327 I auditd  : type=1320 audit(0.0:26): 
11-11 01:55:48.724   327   327 W auditd  : type=1320 audit(0.0:26): 
11-11 01:55:48.732   312   327 I auditd  : type=1334 audit(0.0:27): prog-id=22 op=LOAD
11-11 01:55:48.732   327   327 W auditd  : type=1334 audit(0.0:27): prog-id=22 op=LOAD
11-11 01:55:48.758     0     0 I NetBpfLoad: prog /sys/fs/bpf/netd_shared/prog_netd_cgroupsockrelease_inet_release id 22 len jit:74 xlat:80
11-11 01:55:48.760     0     0 D NetBpfLoad: cs[17].name:bind4_inet4_bind min_kver:4130000 .max_kver:ffffffff (kvers:60c0012)
11-11 01:55:48.732   622   622 I auditd  : type=1300 audit(0.0:27): arch=c000003e syscall=321 success=yes exit=38 a0=5 a1=7ffc579c6320 a2=98 a3=1e items=0 ppid=1 auid=4294967295 uid=0 gid=0 euid=0 suid=0 fsuid=0 egid=0 sgid=0 fsgid=0 tty=(none) ses=4294967295 comm="netbpfload" exe="/apex/com.android.tethering/bin/netbpfload" subj=u:r:bpfloader:s0 key=(null)
11-11 01:55:48.732   622   622 W netbpfload: type=1300 audit(0.0:27): arch=c000003e syscall=321 success=yes exit=38 a0=5 a1=7ffc579c6320 a2=98 a3=1e items=0 ppid=1 auid=4294967295 uid=0 gid=0 euid=0 suid=0 fsuid=0 egid=0 sgid=0 fsgid=0 tty=(none) ses=4294967295 exe="/apex/com.android.tethering/bin/netbpfload" subj=u:r:bpfloader:s0 key=(null)
11-11 01:55:48.764     0     0 D NetBpfLoad: cs[17].name:bind4_inet4_bind requires bpfloader version [0x0002b,0x10000)
11-11 01:55:48.732   312   327 I auditd  : type=1327 audit(0.0:27): proctitle="/apex/com.android.tethering/bin/netbpfload"
11-11 01:55:48.732   327   327 W auditd  : type=1327 audit(0.0:27): proctitle="/apex/com.android.tethering/bin/netbpfload"
11-11 01:55:48.732   312   327 I auditd  : type=1320 audit(0.0:27): 
11-11 01:55:48.732   327   327 W auditd  : type=1320 audit(0.0:27): 
11-11 01:55:48.744   312   327 I auditd  : type=1334 audit(0.0:28): prog-id=23 op=LOAD
11-11 01:55:48.744   327   327 W auditd  : type=1334 audit(0.0:28): prog-id=23 op=LOAD
11-11 01:55:48.766     0     0 D NetBpfLoad: BPF_PROG_LOAD call for /apex/com.android.tethering/etc/bpf/netd_shared/netd.o (bind4_inet4_bind) returned 'processed 53 insns (limit 1000000) max_states_per_insn 0 total_states 4 peak_states 4 mark_read 1' fd: 39 (ok)
11-11 01:55:48.766     0     0 I NetBpfLoad: prog /sys/fs/bpf/netd_shared/prog_netd_bind4_inet4_bind id 23 len jit:237 xlat:328
11-11 01:55:48.768     0     0 D NetBpfLoad: cs[18].name:bind6_inet6_bind min_kver:4130000 .max_kver:ffffffff (kvers:60c0012)
11-11 01:55:48.744   622   622 I auditd  : type=1300 audit(0.0:28): arch=c000003e syscall=321 success=yes exit=39 a0=5 a1=7ffc579c6320 a2=98 a3=10 items=0 ppid=1 auid=4294967295 uid=0 gid=0 euid=0 suid=0 fsuid=0 egid=0 sgid=0 fsgid=0 tty=(none) ses=4294967295 comm="netbpfload" exe="/apex/com.android.tethering/bin/netbpfload" subj=u:r:bpfloader:s0 key=(null)
11-11 01:55:48.744   622   622 W netbpfload: type=1300 audit(0.0:28): arch=c000003e syscall=321 success=yes exit=39 a0=5 a1=7ffc579c6320 a2=98 a3=10 items=0 ppid=1 auid=4294967295 uid=0 gid=0 euid=0 suid=0 fsuid=0 egid=0 sgid=0 fsgid=0 tty=(none) ses=4294967295 exe="/apex/com.android.tethering/bin/netbpfload" subj=u:r:bpfloader:s0 key=(null)
11-11 01:55:48.744   312   327 I auditd  : type=1327 audit(0.0:28): proctitle="/apex/com.android.tethering/bin/netbpfload"
11-11 01:55:48.744   327   327 W auditd  : type=1327 audit(0.0:28): proctitle="/apex/com.android.tethering/bin/netbpfload"
11-11 01:55:48.744   312   327 I auditd  : type=1320 audit(0.0:28): 
11-11 01:55:48.744   327   327 W auditd  : type=1320 audit(0.0:28): 
11-11 01:55:48.748   312   327 I auditd  : type=1334 audit(0.0:29): prog-id=24 op=LOAD
11-11 01:55:48.748   327   327 W auditd  : type=1334 audit(0.0:29): prog-id=24 op=LOAD
11-11 01:55:48.773     0     0 D NetBpfLoad: cs[18].name:bind6_inet6_bind requires bpfloader version [0x0002b,0x10000)
11-11 01:55:48.774     0     0 D NetBpfLoad: BPF_PROG_LOAD call for /apex/com.android.tethering/etc/bpf/netd_shared/netd.o (bind6_inet6_bind) returned 'processed 53 insns (limit 1000000) max_states_per_insn 0 total_states 4 peak_states 4 mark_read 1' fd: 40 (ok)
11-11 01:55:48.775     0     0 I NetBpfLoad: prog /sys/fs/bpf/netd_shared/prog_netd_bind6_inet6_bind id 24 len jit:237 xlat:328
11-11 01:55:48.777     0     0 D NetBpfLoad: cs[19].name:connect4_inet4_connect min_kver:4130000 .max_kver:ffffffff (kvers:60c0012)
11-11 01:55:48.748   622   622 I auditd  : type=1300 audit(0.0:29): arch=c000003e syscall=321 success=yes exit=40 a0=5 a1=7ffc579c6320 a2=98 a3=10 items=0 ppid=1 auid=4294967295 uid=0 gid=0 euid=0 suid=0 fsuid=0 egid=0 sgid=0 fsgid=0 tty=(none) ses=4294967295 comm="netbpfload" exe="/apex/com.android.tethering/bin/netbpfload" subj=u:r:bpfloader:s0 key=(null)
11-11 01:55:48.748   622   622 W netbpfload: type=1300 audit(0.0:29): arch=c000003e syscall=321 success=yes exit=40 a0=5 a1=7ffc579c6320 a2=98 a3=10 items=0 ppid=1 auid=4294967295 uid=0 gid=0 euid=0 suid=0 fsuid=0 egid=0 sgid=0 fsgid=0 tty=(none) ses=4294967295 exe="/apex/com.android.tethering/bin/netbpfload" subj=u:r:bpfloader:s0 key=(null)
11-11 01:55:48.748   312   327 I auditd  : type=1327 audit(0.0:29): proctitle="/apex/com.android.tethering/bin/netbpfload"
11-11 01:55:48.748   327   327 W auditd  : type=1327 audit(0.0:29): proctitle="/apex/com.android.tethering/bin/netbpfload"
11-11 01:55:48.748   312   327 I auditd  : type=1320 audit(0.0:29): 
11-11 01:55:48.748   327   327 W auditd  : type=1320 audit(0.0:29): 
11-11 01:55:48.782     0     0 D NetBpfLoad: cs[19].name:connect4_inet4_connect requires bpfloader version [0x0002e,0x10000)
11-11 01:55:48.783     0     0 D NetBpfLoad: BPF_PROG_LOAD call for /apex/com.android.tethering/etc/bpf/netd_shared/netd.o (connect4_inet4_connect) returned 'processed 2 insns (limit 1000000) max_states_per_insn 0 total_states 0 peak_states 0 mark_read 0' fd: 41 (ok)
11-11 01:55:48.784     0     0 I NetBpfLoad: prog /sys/fs/bpf/netd_shared/prog_netd_connect4_inet4_connect id 25 len jit:31 xlat:16
11-11 01:55:48.760   312   327 I auditd  : type=1334 audit(0.0:30): prog-id=25 op=LOAD
11-11 01:55:48.760   327   327 W auditd  : type=1334 audit(0.0:30): prog-id=25 op=LOAD
11-11 01:55:48.787     0     0 D NetBpfLoad: cs[20].name:connect6_inet6_connect min_kver:4130000 .max_kver:ffffffff (kvers:60c0012)
11-11 01:55:48.760   622   622 I auditd  : type=1300 audit(0.0:30): arch=c000003e syscall=321 success=yes exit=41 a0=5 a1=7ffc579c6320 a2=98 a3=16 items=0 ppid=1 auid=4294967295 uid=0 gid=0 euid=0 suid=0 fsuid=0 egid=0 sgid=0 fsgid=0 tty=(none) ses=4294967295 comm="netbpfload" exe="/apex/com.android.tethering/bin/netbpfload" subj=u:r:bpfloader:s0 key=(null)
11-11 01:55:48.760   622   622 W netbpfload: type=1300 audit(0.0:30): arch=c000003e syscall=321 success=yes exit=41 a0=5 a1=7ffc579c6320 a2=98 a3=16 items=0 ppid=1 auid=4294967295 uid=0 gid=0 euid=0 suid=0 fsuid=0 egid=0 sgid=0 fsgid=0 tty=(none) ses=4294967295 exe="/apex/com.android.tethering/bin/netbpfload" subj=u:r:bpfloader:s0 key=(null)
11-11 01:55:48.760   312   327 I auditd  : type=1327 audit(0.0:30): proctitle="/apex/com.android.tethering/bin/netbpfload"
11-11 01:55:48.760   327   327 W auditd  : type=1327 audit(0.0:30): proctitle="/apex/com.android.tethering/bin/netbpfload"
11-11 01:55:48.791     0     0 D NetBpfLoad: cs[20].name:connect6_inet6_connect requires bpfloader version [0x0002e,0x10000)
11-11 01:55:48.792     0     0 D NetBpfLoad: BPF_PROG_LOAD call for /apex/com.android.tethering/etc/bpf/netd_shared/netd.o (connect6_inet6_connect) returned 'processed 2 insns (limit 1000000) max_states_per_insn 0 total_states 0 peak_states 0 mark_read 0' fd: 42 (ok)
11-11 01:55:48.760   312   327 I auditd  : type=1320 audit(0.0:30): 
11-11 01:55:48.760   327   327 W auditd  : type=1320 audit(0.0:30): 
11-11 01:55:48.768   312   327 I auditd  : type=1334 audit(0.0:31): prog-id=26 op=LOAD
11-11 01:55:48.768   327   327 W auditd  : type=1334 audit(0.0:31): prog-id=26 op=LOAD
11-11 01:55:48.793     0     0 I NetBpfLoad: prog /sys/fs/bpf/netd_shared/prog_netd_connect6_inet6_connect id 26 len jit:31 xlat:16
11-11 01:55:48.795     0     0 D NetBpfLoad: cs[21].name:recvmsg4_udp4_recvmsg min_kver:4130000 .max_kver:ffffffff (kvers:60c0012)
11-11 01:55:48.768   622   622 I auditd  : type=1300 audit(0.0:31): arch=c000003e syscall=321 success=yes exit=42 a0=5 a1=7ffc579c6320 a2=98 a3=16 items=0 ppid=1 auid=4294967295 uid=0 gid=0 euid=0 suid=0 fsuid=0 egid=0 sgid=0 fsgid=0 tty=(none) ses=4294967295 comm="netbpfload" exe="/apex/com.android.tethering/bin/netbpfload" subj=u:r:bpfloader:s0 key=(null)
11-11 01:55:48.768   622   622 W netbpfload: type=1300 audit(0.0:31): arch=c000003e syscall=321 success=yes exit=42 a0=5 a1=7ffc579c6320 a2=98 a3=16 items=0 ppid=1 auid=4294967295 uid=0 gid=0 euid=0 suid=0 fsuid=0 egid=0 sgid=0 fsgid=0 tty=(none) ses=4294967295 exe="/apex/com.android.tethering/bin/netbpfload" subj=u:r:bpfloader:s0 key=(null)
11-11 01:55:48.800     0     0 D NetBpfLoad: cs[21].name:recvmsg4_udp4_recvmsg requires bpfloader version [0x0002e,0x10000)
11-11 01:55:48.768   312   327 I auditd  : type=1327 audit(0.0:31): proctitle="/apex/com.android.tethering/bin/netbpfload"
11-11 01:55:48.768   327   327 W auditd  : type=1327 audit(0.0:31): proctitle="/apex/com.android.tethering/bin/netbpfload"
11-11 01:55:48.801     0     0 D NetBpfLoad: BPF_PROG_LOAD call for /apex/com.android.tethering/etc/bpf/netd_shared/netd.o (recvmsg4_udp4_recvmsg) returned 'processed 2 insns (limit 1000000) max_states_per_insn 0 total_states 0 peak_states 0 mark_read 0' fd: 43 (ok)
11-11 01:55:48.768   312   327 I auditd  : type=1320 audit(0.0:31): 
11-11 01:55:48.768   327   327 W auditd  : type=1320 audit(0.0:31): 
11-11 01:55:48.776   312   327 I auditd  : type=1334 audit(0.0:32): prog-id=27 op=LOAD
11-11 01:55:48.776   327   327 W auditd  : type=1334 audit(0.0:32): prog-id=27 op=LOAD
11-11 01:55:48.802     0     0 I NetBpfLoad: prog /sys/fs/bpf/netd_shared/prog_netd_recvmsg4_udp4_recvmsg id 27 len jit:31 xlat:16
11-11 01:55:48.804     0     0 D NetBpfLoad: cs[22].name:recvmsg6_udp6_recvmsg min_kver:4130000 .max_kver:ffffffff (kvers:60c0012)
11-11 01:55:48.776   622   622 I auditd  : type=1300 audit(0.0:32): arch=c000003e syscall=321 success=yes exit=43 a0=5 a1=7ffc579c6320 a2=98 a3=15 items=0 ppid=1 auid=4294967295 uid=0 gid=0 euid=0 suid=0 fsuid=0 egid=0 sgid=0 fsgid=0 tty=(none) ses=4294967295 comm="netbpfload" exe="/apex/com.android.tethering/bin/netbpfload" subj=u:r:bpfloader:s0 key=(null)
11-11 01:55:48.776   622   622 W netbpfload: type=1300 audit(0.0:32): arch=c000003e syscall=321 success=yes exit=43 a0=5 a1=7ffc579c6320 a2=98 a3=15 items=0 ppid=1 auid=4294967295 uid=0 gid=0 euid=0 suid=0 fsuid=0 egid=0 sgid=0 fsgid=0 tty=(none) ses=4294967295 exe="/apex/com.android.tethering/bin/netbpfload" subj=u:r:bpfloader:s0 key=(null)
11-11 01:55:48.808     0     0 D NetBpfLoad: cs[22].name:recvmsg6_udp6_recvmsg requires bpfloader version [0x0002e,0x10000)
11-11 01:55:48.776   312   327 I auditd  : type=1327 audit(0.0:32): proctitle="/apex/com.android.tethering/bin/netbpfload"
11-11 01:55:48.776   327   327 W auditd  : type=1327 audit(0.0:32): proctitle="/apex/com.android.tethering/bin/netbpfload"
11-11 01:55:48.776   312   327 I auditd  : type=1320 audit(0.0:32): 
11-11 01:55:48.776   327   327 W auditd  : type=1320 audit(0.0:32): 
11-11 01:55:48.788   312   327 I auditd  : type=1334 audit(0.0:33): prog-id=28 op=LOAD
11-11 01:55:48.788   327   327 W auditd  : type=1334 audit(0.0:33): prog-id=28 op=LOAD
11-11 01:55:48.810     0     0 D NetBpfLoad: BPF_PROG_LOAD call for /apex/com.android.tethering/etc/bpf/netd_shared/netd.o (recvmsg6_udp6_recvmsg) returned 'processed 2 insns (limit 1000000) max_states_per_insn 0 total_states 0 peak_states 0 mark_read 0' fd: 44 (ok)
11-11 01:55:48.810     0     0 I NetBpfLoad: prog /sys/fs/bpf/netd_shared/prog_netd_recvmsg6_udp6_recvmsg id 28 len jit:31 xlat:16
11-11 01:55:48.813     0     0 D NetBpfLoad: cs[23].name:sendmsg4_udp4_sendmsg min_kver:4130000 .max_kver:ffffffff (kvers:60c0012)
11-11 01:55:48.788   622   622 I auditd  : type=1300 audit(0.0:33): arch=c000003e syscall=321 success=yes exit=44 a0=5 a1=7ffc579c6320 a2=98 a3=15 items=0 ppid=1 auid=4294967295 uid=0 gid=0 euid=0 suid=0 fsuid=0 egid=0 sgid=0 fsgid=0 tty=(none) ses=4294967295 comm="netbpfload" exe="/apex/com.android.tethering/bin/netbpfload" subj=u:r:bpfloader:s0 key=(null)
11-11 01:55:48.788   622   622 W netbpfload: type=1300 audit(0.0:33): arch=c000003e syscall=321 success=yes exit=44 a0=5 a1=7ffc579c6320 a2=98 a3=15 items=0 ppid=1 auid=4294967295 uid=0 gid=0 euid=0 suid=0 fsuid=0 egid=0 sgid=0 fsgid=0 tty=(none) ses=4294967295 exe="/apex/com.android.tethering/bin/netbpfload" subj=u:r:bpfloader:s0 key=(null)
11-11 01:55:48.788   312   327 I auditd  : type=1327 audit(0.0:33): proctitle="/apex/com.android.tethering/bin/netbpfload"
11-11 01:55:48.788   327   327 W auditd  : type=1327 audit(0.0:33): proctitle="/apex/com.android.tethering/bin/netbpfload"
11-11 01:55:48.788   312   327 I auditd  : type=1320 audit(0.0:33): 
11-11 01:55:48.788   327   327 W auditd  : type=1320 audit(0.0:33): 
11-11 01:55:48.792   312   327 I auditd  : type=1334 audit(0.0:34): prog-id=29 op=LOAD
11-11 01:55:48.792   327   327 W auditd  : type=1334 audit(0.0:34): prog-id=29 op=LOAD
11-11 01:55:48.817     0     0 D NetBpfLoad: cs[23].name:sendmsg4_udp4_sendmsg requires bpfloader version [0x0002e,0x10000)
11-11 01:55:48.819     0     0 D NetBpfLoad: BPF_PROG_LOAD call for /apex/com.android.tethering/etc/bpf/netd_shared/netd.o (sendmsg4_udp4_sendmsg) returned 'processed 2 insns (limit 1000000) max_states_per_insn 0 total_states 0 peak_states 0 mark_read 0' fd: 45 (ok)
11-11 01:55:48.819     0     0 I NetBpfLoad: prog /sys/fs/bpf/netd_shared/prog_netd_sendmsg4_udp4_sendmsg id 29 len jit:31 xlat:16
11-11 01:55:48.792   622   622 I auditd  : type=1300 audit(0.0:34): arch=c000003e syscall=321 success=yes exit=45 a0=5 a1=7ffc579c6320 a2=98 a3=15 items=0 ppid=1 auid=4294967295 uid=0 gid=0 euid=0 suid=0 fsuid=0 egid=0 sgid=0 fsgid=0 tty=(none) ses=4294967295 comm="netbpfload" exe="/apex/com.android.tethering/bin/netbpfload" subj=u:r:bpfloader:s0 key=(null)
11-11 01:55:48.826     0     0 D NetBpfLoad: cs[24].name:sendmsg6_udp6_sendmsg min_kver:4130000 .max_kver:ffffffff (kvers:60c0012)
11-11 01:55:48.792   622   622 W netbpfload: type=1300 audit(0.0:34): arch=c000003e syscall=321 success=yes exit=45 a0=5 a1=7ffc579c6320 a2=98 a3=15 items=0 ppid=1 auid=4294967295 uid=0 gid=0 euid=0 suid=0 fsuid=0 egid=0 sgid=0 fsgid=0 tty=(none) ses=4294967295 exe="/apex/com.android.tethering/bin/netbpfload" subj=u:r:bpfloader:s0 key=(null)
11-11 01:55:48.792   312   327 I auditd  : type=1327 audit(0.0:34): proctitle="/apex/com.android.tethering/bin/netbpfload"
11-11 01:55:48.792   327   327 W auditd  : type=1327 audit(0.0:34): proctitle="/apex/com.android.tethering/bin/netbpfload"
11-11 01:55:48.792   312   327 I auditd  : type=1320 audit(0.0:34): 
11-11 01:55:48.792   327   327 W auditd  : type=1320 audit(0.0:34): 
11-11 01:55:48.829     0     0 D NetBpfLoad: cs[24].name:sendmsg6_udp6_sendmsg requires bpfloader version [0x0002e,0x10000)
11-11 01:55:48.831     0     0 D NetBpfLoad: BPF_PROG_LOAD call for /apex/com.android.tethering/etc/bpf/netd_shared/netd.o (sendmsg6_udp6_sendmsg) returned 'processed 2 insns (limit 1000000) max_states_per_insn 0 total_states 0 peak_states 0 mark_read 0' fd: 46 (ok)
11-11 01:55:48.832     0     0 I NetBpfLoad: prog /sys/fs/bpf/netd_shared/prog_netd_sendmsg6_udp6_sendmsg id 30 len jit:31 xlat:16
11-11 01:55:48.804   312   327 I auditd  : type=1334 audit(0.0:35): prog-id=30 op=LOAD
11-11 01:55:48.804   327   327 W auditd  : type=1334 audit(0.0:35): prog-id=30 op=LOAD
11-11 01:55:48.834     0     0 D NetBpfLoad: cs[25].name:getsockopt_prog min_kver:5040000 .max_kver:ffffffff (kvers:60c0012)
11-11 01:55:48.804   622   622 I auditd  : type=1300 audit(0.0:35): arch=c000003e syscall=321 success=yes exit=46 a0=5 a1=7ffc579c6320 a2=98 a3=15 items=0 ppid=1 auid=4294967295 uid=0 gid=0 euid=0 suid=0 fsuid=0 egid=0 sgid=0 fsgid=0 tty=(none) ses=4294967295 comm="netbpfload" exe="/apex/com.android.tethering/bin/netbpfload" subj=u:r:bpfloader:s0 key=(null)
11-11 01:55:48.804   622   622 W netbpfload: type=1300 audit(0.0:35): arch=c000003e syscall=321 success=yes exit=46 a0=5 a1=7ffc579c6320 a2=98 a3=15 items=0 ppid=1 auid=4294967295 uid=0 gid=0 euid=0 suid=0 fsuid=0 egid=0 sgid=0 fsgid=0 tty=(none) ses=4294967295 exe="/apex/com.android.tethering/bin/netbpfload" subj=u:r:bpfloader:s0 key=(null)
11-11 01:55:48.838     0     0 D NetBpfLoad: cs[25].name:getsockopt_prog requires bpfloader version [0x0002e,0x10000)
11-11 01:55:48.804   312   327 I auditd  : type=1327 audit(0.0:35): proctitle="/apex/com.android.tethering/bin/netbpfload"
11-11 01:55:48.804   327   327 W auditd  : type=1327 audit(0.0:35): proctitle="/apex/com.android.tethering/bin/netbpfload"
11-11 01:55:48.804   312   327 I auditd  : type=1320 audit(0.0:35): 
11-11 01:55:48.804   327   327 W auditd  : type=1320 audit(0.0:35): 
11-11 01:55:48.839     0     0 D NetBpfLoad: BPF_PROG_LOAD call for /apex/com.android.tethering/etc/bpf/netd_shared/netd.o (getsockopt_prog) returned 'processed 4 insns (limit 1000000) max_states_per_insn 0 total_states 0 peak_states 0 mark_read 0' fd: 47 (ok)
11-11 01:55:48.840     0     0 I NetBpfLoad: prog /sys/fs/bpf/netd_shared/prog_netd_getsockopt_prog id 31 len jit:36 xlat:32
11-11 01:55:48.816   312   327 I auditd  : type=1334 audit(0.0:36): prog-id=31 op=LOAD
11-11 01:55:48.816   327   327 W auditd  : type=1334 audit(0.0:36): prog-id=31 op=LOAD
11-11 01:55:48.842     0     0 D NetBpfLoad: cs[26].name:setsockopt_prog min_kver:5040000 .max_kver:ffffffff (kvers:60c0012)
11-11 01:55:48.816   622   622 I auditd  : type=1300 audit(0.0:36): arch=c000003e syscall=321 success=yes exit=47 a0=5 a1=7ffc579c6320 a2=98 a3=f items=0 ppid=1 auid=4294967295 uid=0 gid=0 euid=0 suid=0 fsuid=0 egid=0 sgid=0 fsgid=0 tty=(none) ses=4294967295 comm="netbpfload" exe="/apex/com.android.tethering/bin/netbpfload" subj=u:r:bpfloader:s0 key=(null)
11-11 01:55:48.816   622   622 W netbpfload: type=1300 audit(0.0:36): arch=c000003e syscall=321 success=yes exit=47 a0=5 a1=7ffc579c6320 a2=98 a3=f items=0 ppid=1 auid=4294967295 uid=0 gid=0 euid=0 suid=0 fsuid=0 egid=0 sgid=0 fsgid=0 tty=(none) ses=4294967295 exe="/apex/com.android.tethering/bin/netbpfload" subj=u:r:bpfloader:s0 key=(null)
11-11 01:55:48.816   312   327 I auditd  : type=1327 audit(0.0:36): proctitle="/apex/com.android.tethering/bin/netbpfload"
11-11 01:55:48.816   327   327 W auditd  : type=1327 audit(0.0:36): proctitle="/apex/com.android.tethering/bin/netbpfload"
11-11 01:55:48.846     0     0 D NetBpfLoad: cs[26].name:setsockopt_prog requires bpfloader version [0x0002e,0x10000)
11-11 01:55:48.848     0     0 D NetBpfLoad: BPF_PROG_LOAD call for /apex/com.android.tethering/etc/bpf/netd_shared/netd.o (setsockopt_prog) returned 'processed 4 insns (limit 1000000) max_states_per_insn 0 total_states 0 peak_states 0 mark_read 0' fd: 48 (ok)
11-11 01:55:48.816   312   327 I auditd  : type=1320 audit(0.0:36): 
11-11 01:55:48.816   327   327 W auditd  : type=1320 audit(0.0:36): 
11-11 01:55:48.824   312   327 I auditd  : type=1334 audit(0.0:37): prog-id=32 op=LOAD
11-11 01:55:48.824   327   327 W auditd  : type=1334 audit(0.0:37): prog-id=32 op=LOAD
11-11 01:55:48.849     0     0 I NetBpfLoad: prog /sys/fs/bpf/netd_shared/prog_netd_setsockopt_prog id 32 len jit:36 xlat:32
11-11 01:55:48.851     0     0 D NetBpfLoad: Loaded object: /apex/com.android.tethering/etc/bpf/netd_shared/netd.o
11-11 01:55:48.824   622   622 I auditd  : type=1300 audit(0.0:37): arch=c000003e syscall=321 success=yes exit=48 a0=5 a1=7ffc579c6320 a2=98 a3=f items=0 ppid=1 auid=4294967295 uid=0 gid=0 euid=0 suid=0 fsuid=0 egid=0 sgid=0 fsgid=0 tty=(none) ses=4294967295 comm="netbpfload" exe="/apex/com.android.tethering/bin/netbpfload" subj=u:r:bpfloader:s0 key=(null)
11-11 01:55:48.824   622   622 W netbpfload: type=1300 audit(0.0:37): arch=c000003e syscall=321 success=yes exit=48 a0=5 a1=7ffc579c6320 a2=98 a3=f items=0 ppid=1 auid=4294967295 uid=0 gid=0 euid=0 suid=0 fsuid=0 egid=0 sgid=0 fsgid=0 tty=(none) ses=4294967295 exe="/apex/com.android.tethering/bin/netbpfload" subj=u:r:bpfloader:s0 key=(null)
11-11 01:55:48.824   312   327 I auditd  : type=1327 audit(0.0:37): proctitle="/apex/com.android.tethering/bin/netbpfload"
11-11 01:55:48.824   327   327 W auditd  : type=1327 audit(0.0:37): proctitle="/apex/com.android.tethering/bin/netbpfload"
11-11 01:55:48.855     0     0 D NetBpfLoad: Loading ELF object /apex/com.android.tethering/etc/bpf/net_shared/dscpPolicy.o with license Apache 2.0
11-11 01:55:48.856     0     0 D NetBpfLoad: Section bpfloader_min_ver value is 43 [0x2b]
11-11 01:55:48.824   312   327 I auditd  : type=1320 audit(0.0:37): 
11-11 01:55:48.824   327   327 W auditd  : type=1320 audit(0.0:37): 
11-11 01:55:48.883     0     0 D NetBpfLoad: Section bpfloader_max_ver value is 65536 [0x10000]
11-11 01:55:48.883     0     0 D NetBpfLoad: BpfLoader version 0x0002f processing ELF object /apex/com.android.tethering/etc/bpf/net_shared/dscpPolicy.o with ver [0x0002b,0x10000)
11-11 01:55:48.885     0     0 D NetBpfLoad: bpf_create_map[socket_policy_cache_map] btf:1 -> 9
11-11 01:55:48.885     0     0 I NetBpfLoad: map /sys/fs/bpf/net_shared/map_dscpPolicy_socket_policy_cache_map id 33
11-11 01:55:48.886     0     0 D NetBpfLoad: bpf_create_map[ipv4_dscp_policies_map] btf:1 -> 10
11-11 01:55:48.886     0     0 I NetBpfLoad: map /sys/fs/bpf/net_shared/map_dscpPolicy_ipv4_dscp_policies_map id 34
11-11 01:55:48.888     0     0 D NetBpfLoad: bpf_create_map[ipv6_dscp_policies_map] btf:1 -> 11
11-11 01:55:48.888     0     0 I NetBpfLoad: map /sys/fs/bpf/net_shared/map_dscpPolicy_ipv6_dscp_policies_map id 35
11-11 01:55:48.890     0     0 D NetBpfLoad: cs[0].name:schedcls_set_dscp_ether min_kver:50f0000 .max_kver:ffffffff (kvers:60c0012)
11-11 01:55:48.890     0     0 D NetBpfLoad: cs[0].name:schedcls_set_dscp_ether requires bpfloader version [0x0002b,0x10000)
11-11 01:55:48.864   312   327 I auditd  : type=1334 audit(0.0:38): prog-id=33 op=LOAD
11-11 01:55:48.864   327   327 W auditd  : type=1334 audit(0.0:38): prog-id=33 op=LOAD
11-11 01:55:48.925     0     0 D NetBpfLoad: BPF_PROG_LOAD call for /apex/com.android.tethering/etc/bpf/net_shared/dscpPolicy.o (schedcls_set_dscp_ether) returned 'processed 5360 insns (limit 1000000) max_states_per_insn 6 total_states 68 peak_states 58 mark_read 17' fd: 12 (ok)
11-11 01:55:48.925     0     0 I NetBpfLoad: prog /sys/fs/bpf/net_shared/prog_dscpPolicy_schedcls_set_dscp_ether id 33 len jit:2475 xlat:4664
11-11 01:55:48.927     0     0 D NetBpfLoad: Loaded object: /apex/com.android.tethering/etc/bpf/net_shared/dscpPolicy.o
11-11 01:55:48.864   622   622 I auditd  : type=1300 audit(0.0:38): arch=c000003e syscall=321 success=yes exit=12 a0=5 a1=7ffc579c6320 a2=98 a3=17 items=0 ppid=1 auid=4294967295 uid=0 gid=0 euid=0 suid=0 fsuid=0 egid=0 sgid=0 fsgid=0 tty=(none) ses=4294967295 comm="netbpfload" exe="/apex/com.android.tethering/bin/netbpfload" subj=u:r:bpfloader:s0 key=(null)
11-11 01:55:48.864   622   622 W netbpfload: type=1300 audit(0.0:38): arch=c000003e syscall=321 success=yes exit=12 a0=5 a1=7ffc579c6320 a2=98 a3=17 items=0 ppid=1 auid=4294967295 uid=0 gid=0 euid=0 suid=0 fsuid=0 egid=0 sgid=0 fsgid=0 tty=(none) ses=4294967295 exe="/apex/com.android.tethering/bin/netbpfload" subj=u:r:bpfloader:s0 key=(null)
11-11 01:55:48.931     0     0 D NetBpfLoad: Loading ELF object /apex/com.android.tethering/etc/bpf/net_shared/clatd.o with license Apache 2.0
11-11 01:55:48.864   312   327 I auditd  : type=1327 audit(0.0:38): proctitle="/apex/com.android.tethering/bin/netbpfload"
11-11 01:55:48.864   327   327 W auditd  : type=1327 audit(0.0:38): proctitle="/apex/com.android.tethering/bin/netbpfload"
11-11 01:55:48.933     0     0 D NetBpfLoad: Section bpfloader_min_ver value is 43 [0x2b]
11-11 01:55:48.864   312   327 I auditd  : type=1320 audit(0.0:38): 
11-11 01:55:48.864   327   327 W auditd  : type=1320 audit(0.0:38): 
11-11 01:55:48.935     0     0 D NetBpfLoad: Section bpfloader_max_ver value is 65536 [0x10000]
11-11 01:55:48.935     0     0 D NetBpfLoad: BpfLoader version 0x0002f processing ELF object /apex/com.android.tethering/etc/bpf/net_shared/clatd.o with ver [0x0002b,0x10000)
11-11 01:55:48.938     0     0 D NetBpfLoad: bpf_create_map[clat_ingress6_map] btf:1 -> 10
11-11 01:55:48.938     0     0 I NetBpfLoad: map /sys/fs/bpf/net_shared/map_clatd_clat_ingress6_map id 36
11-11 01:55:48.940     0     0 D NetBpfLoad: bpf_create_map[clat_egress4_map] btf:1 -> 11
11-11 01:55:48.940     0     0 I NetBpfLoad: map /sys/fs/bpf/net_shared/map_clatd_clat_egress4_map id 37
11-11 01:55:48.942     0     0 D NetBpfLoad: cs[0].name:schedcls_ingress6_clat_ether$4_14 min_kver:40e0000 .max_kver:ffffffff (kvers:60c0012)
11-11 01:55:48.942     0     0 D NetBpfLoad: cs[0].name:schedcls_ingress6_clat_ether$4_14 requires bpfloader version [0x0002b,0x10000)
11-11 01:55:48.916   312   327 I auditd  : type=1334 audit(0.0:39): prog-id=34 op=LOAD
11-11 01:55:48.916   327   327 W auditd  : type=1334 audit(0.0:39): prog-id=34 op=LOAD
11-11 01:55:48.948     0     0 D NetBpfLoad: BPF_PROG_LOAD call for /apex/com.android.tethering/etc/bpf/net_shared/clatd.o (schedcls_ingress6_clat_ether$4_14) returned 'processed 795 insns (limit 1000000) max_states_per_insn 1 total_states 21 peak_states 21 mark_read 8' fd: 12 (ok)
11-11 01:55:48.948     0     0 I NetBpfLoad: prog /sys/fs/bpf/net_shared/prog_clatd_schedcls_ingress6_clat_ether id 34 len jit:1846 xlat:3192
11-11 01:55:48.950     0     0 D NetBpfLoad: cs[1].name:schedcls_ingress6_clat_ether$4_9 min_kver:0 .max_kver:40e0000 (kvers:60c0012)
11-11 01:55:48.916   622   622 I auditd  : type=1300 audit(0.0:39): arch=c000003e syscall=321 success=yes exit=12 a0=5 a1=7ffc579c6320 a2=98 a3=21 items=0 ppid=1 auid=4294967295 uid=0 gid=0 euid=0 suid=0 fsuid=0 egid=0 sgid=0 fsgid=0 tty=(none) ses=4294967295 comm="netbpfload" exe="/apex/com.android.tethering/bin/netbpfload" subj=u:r:bpfloader:s0 key=(null)
11-11 01:55:48.916   622   622 W netbpfload: type=1300 audit(0.0:39): arch=c000003e syscall=321 success=yes exit=12 a0=5 a1=7ffc579c6320 a2=98 a3=21 items=0 ppid=1 auid=4294967295 uid=0 gid=0 euid=0 suid=0 fsuid=0 egid=0 sgid=0 fsgid=0 tty=(none) ses=4294967295 exe="/apex/com.android.tethering/bin/netbpfload" subj=u:r:bpfloader:s0 key=(null)
11-11 01:55:48.916   312   327 I auditd  : type=1327 audit(0.0:39): proctitle="/apex/com.android.tethering/bin/netbpfload"
11-11 01:55:48.916   327   327 W auditd  : type=1327 audit(0.0:39): proctitle="/apex/com.android.tethering/bin/netbpfload"
11-11 01:55:48.954     0     0 D NetBpfLoad: cs[2].name:schedcls_ingress6_clat_rawip$4_14 min_kver:40e0000 .max_kver:ffffffff (kvers:60c0012)
11-11 01:55:48.956     0     0 D NetBpfLoad: cs[2].name:schedcls_ingress6_clat_rawip$4_14 requires bpfloader version [0x0002b,0x10000)
11-11 01:55:48.916   312   327 I auditd  : type=1320 audit(0.0:39): 
11-11 01:55:48.916   327   327 W auditd  : type=1320 audit(0.0:39): 
11-11 01:55:48.932   312   327 I auditd  : type=1334 audit(0.0:40): prog-id=35 op=LOAD
11-11 01:55:48.932   327   327 W auditd  : type=1334 audit(0.0:40): prog-id=35 op=LOAD
11-11 01:55:48.963     0     0 D NetBpfLoad: BPF_PROG_LOAD call for /apex/com.android.tethering/etc/bpf/net_shared/clatd.o (schedcls_ingress6_clat_rawip$4_14) returned 'processed 557 insns (limit 1000000) max_states_per_insn 1 total_states 20 peak_states 20 mark_read 6' fd: 13 (ok)
11-11 01:55:48.963     0     0 I NetBpfLoad: prog /sys/fs/bpf/net_shared/prog_clatd_schedcls_ingress6_clat_rawip id 35 len jit:1509 xlat:2536
11-11 01:55:48.965     0     0 D NetBpfLoad: cs[3].name:schedcls_ingress6_clat_rawip$4_9 min_kver:0 .max_kver:40e0000 (kvers:60c0012)
11-11 01:55:48.932   622   622 I auditd  : type=1300 audit(0.0:40): arch=c000003e syscall=321 success=yes exit=13 a0=5 a1=7ffc579c6320 a2=98 a3=21 items=0 ppid=1 auid=4294967295 uid=0 gid=0 euid=0 suid=0 fsuid=0 egid=0 sgid=0 fsgid=0 tty=(none) ses=4294967295 comm="netbpfload" exe="/apex/com.android.tethering/bin/netbpfload" subj=u:r:bpfloader:s0 key=(null)
11-11 01:55:48.932   622   622 W netbpfload: type=1300 audit(0.0:40): arch=c000003e syscall=321 success=yes exit=13 a0=5 a1=7ffc579c6320 a2=98 a3=21 items=0 ppid=1 auid=4294967295 uid=0 gid=0 euid=0 suid=0 fsuid=0 egid=0 sgid=0 fsgid=0 tty=(none) ses=4294967295 exe="/apex/com.android.tethering/bin/netbpfload" subj=u:r:bpfloader:s0 key=(null)
11-11 01:55:48.932   312   327 I auditd  : type=1327 audit(0.0:40): proctitle="/apex/com.android.tethering/bin/netbpfload"
11-11 01:55:48.932   327   327 W auditd  : type=1327 audit(0.0:40): proctitle="/apex/com.android.tethering/bin/netbpfload"
11-11 01:55:48.932   312   327 I auditd  : type=1320 audit(0.0:40): 
11-11 01:55:48.932   327   327 W auditd  : type=1320 audit(0.0:40): 
11-11 01:55:48.969     0     0 D NetBpfLoad: cs[4].name:schedcls_egress4_clat_rawip min_kver:0 .max_kver:ffffffff (kvers:60c0012)
11-11 01:55:48.970     0     0 D NetBpfLoad: cs[4].name:schedcls_egress4_clat_rawip requires bpfloader version [0x0002b,0x10000)
11-11 01:55:48.976     0     0 D NetBpfLoad: BPF_PROG_LOAD call for /apex/com.android.tethering/etc/bpf/net_shared/clatd.o (schedcls_egress4_clat_rawip) returned 'processed 356 insns (limit 1000000) max_states_per_insn 1 total_states 13 peak_states 13 mark_read 3' fd: 14 (ok)
11-11 01:55:48.976     0     0 I NetBpfLoad: prog /sys/fs/bpf/net_shared/prog_clatd_schedcls_egress4_clat_rawip id 36 len jit:1263 xlat:2096
11-11 01:55:48.976     0     0 D NetBpfLoad: Loaded object: /apex/com.android.tethering/etc/bpf/net_shared/clatd.o
11-11 01:55:48.948   312   327 I auditd  : type=1334 audit(0.0:41): prog-id=36 op=LOAD
11-11 01:55:48.948   327   327 W auditd  : type=1334 audit(0.0:41): prog-id=36 op=LOAD
11-11 01:55:48.948   622   622 I auditd  : type=1300 audit(0.0:41): arch=c000003e syscall=321 success=yes exit=14 a0=5 a1=7ffc579c6320 a2=98 a3=1b items=0 ppid=1 auid=4294967295 uid=0 gid=0 euid=0 suid=0 fsuid=0 egid=0 sgid=0 fsgid=0 tty=(none) ses=4294967295 comm="netbpfload" exe="/apex/com.android.tethering/bin/netbpfload" subj=u:r:bpfloader:s0 key=(null)
11-11 01:55:48.948   622   622 W netbpfload: type=1300 audit(0.0:41): arch=c000003e syscall=321 success=yes exit=14 a0=5 a1=7ffc579c6320 a2=98 a3=1b items=0 ppid=1 auid=4294967295 uid=0 gid=0 euid=0 suid=0 fsuid=0 egid=0 sgid=0 fsgid=0 tty=(none) ses=4294967295 exe="/apex/com.android.tethering/bin/netbpfload" subj=u:r:bpfloader:s0 key=(null)
11-11 01:55:48.978     0     0 I NetBpfLoad: done, transferring control to uprobestatsbpfload.
11-11 01:55:48.948   312   327 I auditd  : type=1327 audit(0.0:41): proctitle="/apex/com.android.tethering/bin/netbpfload"
11-11 01:55:48.948   327   327 W auditd  : type=1327 audit(0.0:41): proctitle="/apex/com.android.tethering/bin/netbpfload"
11-11 01:55:48.948   312   327 I auditd  : type=1320 audit(0.0:41): 
11-11 01:55:48.948   327   327 W auditd  : type=1320 audit(0.0:41): 
11-11 01:55:48.988     0     0 I UprobeStatsBpfLoad: UprobeStatsBpfLoad loading optional ELF object /apex/com.android.uprobestats/etc/bpf/uprobestats/BitmapAllocation.o with license GPL
11-11 01:55:48.968   312   327 I auditd  : type=1334 audit(0.0:42): prog-id=37 op=LOAD
11-11 01:55:48.968   327   327 W auditd  : type=1334 audit(0.0:42): prog-id=37 op=LOAD
11-11 01:55:48.991     0     0 D UprobeStatsBpfLoad: map /sys/fs/bpf/uprobestats/map_BitmapAllocation_output_buf id 39
11-11 01:55:48.992     0     0 D UprobeStatsBpfLoad: prog /sys/fs/bpf/uprobestats/prog_BitmapAllocation_uprobe_bitmap_constructor_heap id 37
11-11 01:55:48.968   622   622 I auditd  : type=1300 audit(0.0:42): arch=c000003e syscall=321 success=yes exit=6 a0=5 a1=7ffd324521f0 a2=98 a3=1e items=0 ppid=1 auid=4294967295 uid=0 gid=0 euid=0 suid=0 fsuid=0 egid=0 sgid=0 fsgid=0 tty=(none) ses=4294967295 comm="uprobestatsbpfl" exe="/apex/com.android.uprobestats/bin/uprobestatsbpfload" subj=u:r:bpfloader:s0 key=(null)
11-11 01:55:48.968   622   622 W uprobestatsbpfl: type=1300 audit(0.0:42): arch=c000003e syscall=321 success=yes exit=6 a0=5 a1=7ffd324521f0 a2=98 a3=1e items=0 ppid=1 auid=4294967295 uid=0 gid=0 euid=0 suid=0 fsuid=0 egid=0 sgid=0 fsgid=0 tty=(none) ses=4294967295 exe="/apex/com.android.uprobestats/bin/uprobestatsbpfload" subj=u:r:bpfloader:s0 key=(null)
11-11 01:55:48.968   312   327 I auditd  : type=1327 audit(0.0:42): proctitle="/apex/com.android.tethering/bin/netbpfload"
11-11 01:55:48.968   327   327 W auditd  : type=1327 audit(0.0:42): proctitle="/apex/com.android.tethering/bin/netbpfload"
11-11 01:55:48.993     0     0 I UprobeStatsBpfLoad: UprobeStatsBpfLoad loading optional ELF object /apex/com.android.uprobestats/etc/bpf/uprobestats/MalwareSignal.o with license GPL
11-11 01:55:48.999     0     0 D UprobeStatsBpfLoad: map /sys/fs/bpf/uprobestats/map_MalwareSignal_output_buf id 40
11-11 01:55:48.968   312   327 I auditd  : type=1320 audit(0.0:42): 
11-11 01:55:48.968   327   327 W auditd  : type=1320 audit(0.0:42): 
11-11 01:55:48.976   312   327 I auditd  : type=1334 audit(0.0:43): prog-id=38 op=LOAD
11-11 01:55:48.976   327   327 W auditd  : type=1334 audit(0.0:43): prog-id=38 op=LOAD
11-11 01:55:49.003     0     0 D UprobeStatsBpfLoad: prog /sys/fs/bpf/uprobestats/prog_MalwareSignal_uprobe_add_bound_client_uid id 38
11-11 01:55:48.976   622   622 I auditd  : type=1300 audit(0.0:43): arch=c000003e syscall=321 success=yes exit=6 a0=5 a1=7ffd324521f0 a2=98 a3=1b items=0 ppid=1 auid=4294967295 uid=0 gid=0 euid=0 suid=0 fsuid=0 egid=0 sgid=0 fsgid=0 tty=(none) ses=4294967295 comm="uprobestatsbpfl" exe="/apex/com.android.uprobestats/bin/uprobestatsbpfload" subj=u:r:bpfloader:s0 key=(null)
11-11 01:55:48.976   622   622 W uprobestatsbpfl: type=1300 audit(0.0:43): arch=c000003e syscall=321 success=yes exit=6 a0=5 a1=7ffd324521f0 a2=98 a3=1b items=0 ppid=1 auid=4294967295 uid=0 gid=0 euid=0 suid=0 fsuid=0 egid=0 sgid=0 fsgid=0 tty=(none) ses=4294967295 exe="/apex/com.android.uprobestats/bin/uprobestatsbpfload" subj=u:r:bpfloader:s0 key=(null)
11-11 01:55:48.976   312   327 I auditd  : type=1327 audit(0.0:43): proctitle="/apex/com.android.tethering/bin/netbpfload"
