11-11 03:00:14.440     0     0 I servicemanager: Caller(pid=671,uid=9999,sid=u:r:hal_power_default:s0) Found android.hardware.power.IPower/default in device VINTF manifest.
11-11 03:00:14.443     0     0 I init    : starting service 'vendor.tetheroffload-example'...
11-11 03:00:14.449     0     0 I init    : ... started service 'vendor.tetheroffload-example' has pid 681
11-11 03:00:14.452     0     0 I servicemanager: Caller(pid=653,uid=1041,sid=u:r:hal_audio_default:s0) Found android.hardware.audio.core.IConfig/default in device VINTF manifest.
11-11 03:00:14.453     0     0 I servicemanager: Caller(pid=653,uid=1041,sid=u:r:hal_audio_default:s0) Found android.hardware.audio.core.IModule/default in device VINTF manifest.
11-11 03:00:14.455     0     0 I init    : starting service 'vendor.thermal-example'...
11-11 03:00:14.458     0     0 I servicemanager: Caller(pid=653,uid=1041,sid=u:r:hal_audio_default:s0) Found android.hardware.audio.core.IModule/r_submix in device VINTF manifest.
11-11 03:00:14.463     0     0 I servicemanager: Caller(pid=653,uid=1041,sid=u:r:hal_audio_default:s0) Found android.hardware.bluetooth.audio.IBluetoothAudioProviderFactory/default in device VINTF manifest.
11-11 03:00:14.466     0     0 I servicemanager: Caller(pid=653,uid=1041,sid=u:r:hal_audio_default:s0) Found android.hardware.audio.core.IModule/bluetooth in device VINTF manifest.
11-11 03:00:14.467     0     0 I init    : ... started service 'vendor.thermal-example' has pid 682
11-11 03:00:14.468     0     0 I init    : starting service 'vendor.threadnetwork_hal'...
11-11 03:00:14.462   675   675 I authgraph-hal-nonsecure: main: Insecure AuthGraph key exchange HAL service is starting.
11-11 03:00:14.462   675   675 I authgraph-hal-nonsecure: main: Starting thread pool now.
11-11 03:00:14.476     0     0 I init    : ... started service 'vendor.threadnetwork_hal' has pid 692
11-11 03:00:14.480     0     0 I servicemanager: Caller(pid=682,uid=9999,sid=u:r:hal_thermal_default:s0) Found android.hardware.thermal.IThermal/default in device VINTF manifest.
11-11 03:00:14.481     0     0 I init    : starting service 'vendor.usb_default'...
11-11 03:00:14.471   675   675 I authgraph-hal-nonsecure: main: Successfully registered AuthGraph HAL services.
11-11 03:00:14.485     0     0 I servicemanager: Caller(pid=675,uid=9999,sid=u:r:hal_authgraph_default:s0) Found android.hardware.security.authgraph.IAuthGraphKeyExchange/nonsecure in device VINTF manifest.
11-11 03:00:14.488     0     0 I servicemanager: Caller(pid=678,uid=1000,sid=u:r:hal_sensors_default:s0) Found android.hardware.sensors.ISensors/default in device VINTF manifest.
11-11 03:00:14.490     0     0 I init    : ... started service 'vendor.usb_default' has pid 697
11-11 03:00:14.491     0     0 I servicemanager: Caller(pid=677,uid=9999,sid=u:r:hal_secretkeeper_default:s0) Found android.hardware.security.secretkeeper.ISecretkeeper/nonsecure in device VINTF manifest.
11-11 03:00:14.493     0     0 I servicemanager: Caller(pid=681,uid=9999,sid=u:r:hal_tetheroffload_default:s0) Found android.hardware.tetheroffload.IOffload/default in device VINTF manifest.
11-11 03:00:14.495     0     0 I init    : starting service 'vendor.uwb_hal'...
11-11 03:00:14.482   677   677 I NonSecureSecretkeeper: main: Registered Binder service, joining threadpool.
11-11 03:00:14.505     0     0 I init    : ... started service 'vendor.uwb_hal' has pid 698
11-11 03:00:14.507     0     0 I servicemanager: Caller(pid=692,uid=1084,sid=u:r:hal_threadnetwork_default:s0) Found android.hardware.threadnetwork.IThreadChip/chip0 in device VINTF manifest.
11-11 03:00:14.508     0     0 I init    : starting service 'vendor.vibrator-default'...
11-11 03:00:14.516     0     0 I servicemanager: Caller(pid=697,uid=1000,sid=u:r:hal_usb_default:s0) Found android.hardware.usb.IUsb/default in device VINTF manifest.
11-11 03:00:14.520     0     0 I init    : ... started service 'vendor.vibrator-default' has pid 699
11-11 03:00:14.522     0     0 I init    : starting service 'vendor.wifi_hal_legacy'...
11-11 03:00:14.527     0     0 I init    : ... started service 'vendor.wifi_hal_legacy' has pid 700
11-11 03:00:14.528     0     0 I init    : starting service 'bt_hci'...
11-11 03:00:14.529     0     0 I servicemanager: Caller(pid=698,uid=1083,sid=u:r:hal_uwb_default:s0) Found android.hardware.uwb.IUwb/default in device VINTF manifest.
11-11 03:00:14.533     0     0 I init    : ... started service 'bt_hci' has pid 704
11-11 03:00:14.534     0     0 I init    : starting service 'bt_finder'...
11-11 03:00:14.538     0     0 I init    : ... started service 'bt_finder' has pid 705
11-11 03:00:14.538     0     0 I init    : starting service 'bt_ranging'...
11-11 03:00:14.541     0     0 I servicemanager: Caller(pid=654,uid=1041,sid=u:r:hal_audio_default:s0) Found android.hardware.audio.effect.IFactory/default in device VINTF manifest.
11-11 03:00:14.546     0     0 I init    : ... started service 'bt_ranging' has pid 706
11-11 03:00:14.546     0     0 I init    : starting service 'bt_lmp_event'...
11-11 03:00:14.547     0     0 I servicemanager: Caller(pid=699,uid=9999,sid=u:r:hal_vibrator_default:s0) Found android.hardware.vibrator.IVibrator/default in device VINTF manifest.
11-11 03:00:14.548     0     0 I servicemanager: Caller(pid=699,uid=9999,sid=u:r:hal_vibrator_default:s0) Found android.hardware.vibrator.IVibratorManager/default in device VINTF manifest.
11-11 03:00:14.551     0     0 I init    : ... started service 'bt_lmp_event' has pid 707
11-11 03:00:14.551     0     0 I init    : starting service 'bt_socket'...
11-11 03:00:14.558     0     0 I init    : ... started service 'bt_socket' has pid 708
11-11 03:00:14.559     0     0 I init    : starting service 'vendor.health-cuttlefish'...
11-11 03:00:14.566     0     0 I servicemanager: Caller(pid=704,uid=1002,sid=u:r:hal_bluetooth_default:s0) Found android.hardware.bluetooth.IBluetoothHci/default in device VINTF manifest.
11-11 03:00:14.568     0     0 I init    : ... started service 'vendor.health-cuttlefish' has pid 711
11-11 03:00:14.574     0     0 I init    : starting service 'vendor.identity-remote'...
11-11 03:00:14.584     0     0 I init    : ... started service 'vendor.identity-remote' has pid 712
11-11 03:00:14.589     0     0 I init    : starting service 'vendor.light-cuttlefish'...
11-11 03:00:14.592     0     0 I servicemanager: Caller(pid=707,uid=1002,sid=u:r:hal_bluetooth_btlinux:s0) Found android.hardware.bluetooth.lmp_event.IBluetoothLmpEvent/default in device VINTF manifest.
11-11 03:00:14.594     0     0 I init    : ... started service 'vendor.light-cuttlefish' has pid 713
11-11 03:00:14.595     0     0 W healthd : No battery devices found
11-11 03:00:14.598     0     0 I servicemanager: Caller(pid=707,uid=1002,sid=u:r:hal_bluetooth_btlinux:s0) Found android.hardware.bluetooth.lmp_event.IBluetoothLmpEvent/default in device VINTF manifest.
11-11 03:00:14.586   700   700 I android.hardware.wifi-service: Wifi Hal is booting up...
11-11 03:00:14.600     0     0 I init    : starting service 'nfc_hal_service'...
11-11 03:00:14.603     0     0 I servicemanager: Caller(pid=706,uid=1002,sid=u:r:hal_bluetooth_btlinux:s0) Found android.hardware.bluetooth.ranging.IBluetoothChannelSounding/default in device VINTF manifest.
11-11 03:00:14.604     0     0 I init    : ... started service 'nfc_hal_service' has pid 714
11-11 03:00:14.606     0     0 I servicemanager: Caller(pid=711,uid=1000,sid=u:r:hal_health_default:s0) Found android.hardware.health.IHealth/default in device VINTF manifest.
11-11 03:00:14.608     0     0 I servicemanager: Caller(pid=705,uid=1002,sid=u:r:hal_bluetooth_btlinux:s0) Found android.hardware.bluetooth.finder.IBluetoothFinder/default in device VINTF manifest.
11-11 03:00:14.610     0     0 I init    : starting service 'vendor.oemlock_default'...
11-11 03:00:14.612     0     0 I HealthLoop: Successfully attached the BPF filter to the uevent socket
11-11 03:00:14.612     0     0 I init    : ... started service 'vendor.oemlock_default' has pid 715
11-11 03:00:14.612     0     0 W healthd : battery none chg=
11-11 03:00:14.614     0     0 I servicemanager: Caller(pid=706,uid=1002,sid=u:r:hal_bluetooth_btlinux:s0) Found android.hardware.bluetooth.ranging.IBluetoothChannelSounding/default in device VINTF manifest.
11-11 03:00:14.615     0     0 I init    : starting service 'vendor.camera-provider-2-7-google'...
11-11 03:00:14.615     0     0 I servicemanager: Caller(pid=700,uid=1010,sid=u:r:hal_wifi_default:s0) Found android.hardware.wifi.IWifi/default in device VINTF manifest.
11-11 03:00:14.605   700   700 I android.hardware.wifi-service: Joining RPC thread pool
11-11 03:00:14.616     0     0 I servicemanager: Caller(pid=708,uid=1002,sid=u:r:hal_bluetooth_btlinux:s0) Found android.hardware.bluetooth.socket.IBluetoothSocket/default in device VINTF manifest.
11-11 03:00:14.617     0     0 I servicemanager: Caller(pid=705,uid=1002,sid=u:r:hal_bluetooth_btlinux:s0) Found android.hardware.bluetooth.finder.IBluetoothFinder/default in device VINTF manifest.
11-11 03:00:14.623     0     0 I servicemanager: Caller(pid=713,uid=9999,sid=u:r:hal_light_cuttlefish:s0) Found android.hardware.light.ILights/default in device VINTF manifest.
11-11 03:00:14.623     0     0 W libprocessgroup: SetCgroup::ExecuteForProcess: failed to open /dev/cpuset/camera-daemon/cgroup.procs: No such file or directory
11-11 03:00:14.626     0     0 I init    : ... started service 'vendor.camera-provider-2-7-google' has pid 716
11-11 03:00:14.627     0     0 I init    : Command 'class_start hal' action=boot (/system/etc/init/hw/init.rc:1213) took 485ms and succeeded
11-11 03:00:14.628     0     0 I init    : Service 'hidl_memory' (pid 650) exited with status 0
11-11 03:00:14.629     0     0 W libprocessgroup: Failed to apply CameraServiceCapacity process profile
11-11 03:00:14.629     0     0 E init    : failed to set task profiles
11-11 03:00:14.629     0     0 I servicemanager: Caller(pid=714,uid=1027,sid=u:r:hal_nfc_default:s0) Found android.hardware.nfc.INfc/default in device VINTF manifest.
11-11 03:00:14.629     0     0 I init    : Sending signal 9 to service 'hidl_memory' (pid 650) process group...
11-11 03:00:14.631     0     0 I libprocessgroup: Removed cgroup /sys/fs/cgroup/system/uid_1000/pid_650
11-11 03:00:14.634     0     0 I init    : service 'ueventd' requested start, but it is already running (flags: 2084)
11-11 03:00:14.634     0     0 I init    : service 'console' requested start, but it is already running (flags: 2196)
11-11 03:00:14.634     0     0 I init    : service 'apexd' requested start, but it is already running (flags: 134)
11-11 03:00:14.635     0     0 I init    : starting service 'audioserver'...
11-11 03:00:14.637     0     0 W libprocessgroup: SetCgroup::ExecuteForProcess: failed to open /dev/cpuset/foreground/cgroup.procs: No such file or directory
11-11 03:00:14.638     0     0 W libprocessgroup: Failed to apply ProcessCapacityHigh process profile
11-11 03:00:14.638     0     0 E init    : failed to set task profiles
11-11 03:00:14.639     0     0 I servicemanager: Caller(pid=715,uid=1064,sid=u:r:hal_oemlock_remote:s0) Found android.hardware.oemlock.IOemLock/default in device VINTF manifest.
11-11 03:00:14.640     0     0 I init    : ... started service 'audioserver' has pid 724
11-11 03:00:14.640     0     0 W android.hardware.oemlock-service.remote: Thread Pool max thread count is 0. Cannot cache binder as linkToDeath cannot be implemented. serviceName: android.hardware.oemlock.IOemLock/default
11-11 03:00:14.641     0     0 I init    : starting service 'credstore'...
11-11 03:00:14.645     0     0 I servicemanager: Caller(pid=712,uid=9999,sid=u:r:hal_identity_remote:s0) Found android.hardware.identity.IIdentityCredentialStore/default in device VINTF manifest.
11-11 03:00:14.648     0     0 I init    : ... started service 'credstore' has pid 725
11-11 03:00:14.648     0     0 I init    : starting service 'gpu'...
11-11 03:00:14.657     0     0 I init    : ... started service 'gpu' has pid 726
11-11 03:00:14.659     0     0 I init    : service 'lmkd' requested start, but it is already running (flags: 36)
11-11 03:00:14.663     0     0 I init    : starting service 'misctrl'...
11-11 03:00:14.679     0     0 I init    : ... started service 'misctrl' has pid 728
11-11 03:00:14.680     0     0 I init    : service 'servicemanager' requested start, but it is already running (flags: 2084)
11-11 03:00:14.684     0     0 I init    : starting service 'surfaceflinger'...
11-11 03:00:14.692     0     0 I init    : ... started service 'surfaceflinger' has pid 729
11-11 03:00:14.693     0     0 I init    : service 'vold' requested start, but it is already running (flags: 2052)
11-11 03:00:14.693     0     0 I init    : starting service 'audio_parameter_parser_service'...
11-11 03:00:14.698     0     0 W libprocessgroup: SetCgroup::ExecuteForProcess: failed to open /dev/cpuset/foreground/cgroup.procs: No such file or directory
11-11 03:00:14.699     0     0 W libprocessgroup: Failed to apply ProcessCapacityHigh process profile
11-11 03:00:14.699     0     0 I init    : ... started service 'audio_parameter_parser_service' has pid 730
11-11 03:00:14.700     0     0 I init    : Command 'class_start core' action=boot (/system/etc/init/hw/init.rc:1215) took 65ms and succeeded
11-11 03:00:14.702     0     0 I init    : processing action (persist.sys.usb.config=* && boot) from (/system/etc/init/hw/init.usb.rc:109)
11-11 03:00:14.703     0     0 I init    : processing action (boot) from (/system/etc/init/dumpstate.rc:1)
11-11 03:00:14.704     0     0 I init    : processing action (boot) from (/system/etc/init/gsid.rc:25)
11-11 03:00:14.704     0     0 I init    : starting service 'exec 15 (/system/bin/gsid run-startup-tasks)'...
11-11 03:00:14.706     0     0 E init    : failed to set task profiles
11-11 03:00:14.713     0     0 I init    : ... started service 'exec 15 (/system/bin/gsid run-startup-tasks)' has pid 732
11-11 03:00:14.714     0     0 I init    : processing action (persist.device_config.aconfig_flags.profcollect_native_boot.enabled= && boot) from (/system/etc/init/profcollectd.rc:19)
11-11 03:00:14.715     0     0 I init    : starting service 'exec 16 (/system/bin/profcollectctl reset)'...
11-11 03:00:14.736     0     0 I init    : ... started service 'exec 16 (/system/bin/profcollectctl reset)' has pid 737
11-11 03:00:14.737     0     0 I init    : Service 'misctrl' (pid 728) exited with status 1 oneshot service took 0.064000 seconds in background
11-11 03:00:14.737     0     0 I init    : Sending signal 9 to service 'misctrl' (pid 728) process group...
11-11 03:00:14.737     0     0 I libprocessgroup: Removed cgroup /sys/fs/cgroup/system/uid_0/pid_728
11-11 03:00:14.744     0     0 I init    : processing action (boot) from (/vendor/etc/init/init.cutf_cvm.rc:82)
11-11 03:00:14.747     0     0 I init    : starting service 'socket_vsock_proxy'...
11-11 03:00:14.736   732   732 I gsid    : no DSU: No such file or directory
11-11 03:00:14.757     0     0 I init    : ... started service 'socket_vsock_proxy' has pid 738
11-11 03:00:14.757     0     0 I init    : Service 'exec 15 (/system/bin/gsid run-startup-tasks)' (pid 732) exited with status 0 oneshot service took 0.044000 seconds in background
11-11 03:00:14.758     0     0 I init    : Sending signal 9 to service 'exec 15 (/system/bin/gsid run-startup-tasks)' (pid 732) process group...
11-11 03:00:14.758     0     0 I libprocessgroup: Removed cgroup /sys/fs/cgroup/system/uid_0/pid_732
11-11 03:00:14.762     0     0 I init    : Command 'write /dev/sys/fs/by-name/userdata/sanity_check 1' action=boot (/vendor/etc/init/init.cutf_cvm.rc:94) took 0ms and failed: Unable to write to file '/dev/sys/fs/by-name/userdata/sanity_check': open() failed: Permission denied
11-11 03:00:14.763     0     0 I init    : processing action (ro.boot.enable_confirmationui=* && boot) from (/apex/com.google.cf.confirmationui/etc/android.hardware.confirmationui-service.cuttlefish.rc:9)
11-11 03:00:14.767     0     0 I init    : starting service 'vendor.confirmationui_default'...
11-11 03:00:14.772     0     0 I init    : ... started service 'vendor.confirmationui_default' has pid 739
11-11 03:00:14.778     0     0 I init    : service 'vendor.confirmationui_default' requested start, but it is already running (flags: 4)
11-11 03:00:14.779     0     0 I init    : processing action (enable_property_trigger) from (<Builtin Action>:0)
11-11 03:00:14.779     0     0 I init    : processing action (bootreceiver.enable=1 && ro.product.cpu.abilist64=*) from (/system/etc/init/hw/init.rc:635)
11-11 03:00:14.797     0     0 I init    : Service 'exec 16 (/system/bin/profcollectctl reset)' (pid 737) exited with status 0 oneshot service took 0.065000 seconds in background
11-11 03:00:14.798     0     0 I init    : Sending signal 9 to service 'exec 16 (/system/bin/profcollectctl reset)' (pid 737) process group...
11-11 03:00:14.798     0     0 I libprocessgroup: Removed cgroup /sys/fs/cgroup/system/uid_0/pid_737
11-11 03:00:14.801     0     0 I servicemanager: Caller(pid=739,uid=1000,sid=u:r:hal_confirmationui_cuttlefish:s0) Found android.hardware.confirmationui.IConfirmationUI/default in device VINTF manifest.
11-11 03:00:14.808     0     0 I init    : processing action (net.tcp_def_init_rwnd=*) from (/system/etc/init/hw/init.rc:1245)
11-11 03:00:14.808     0     0 I init    : processing action (security.perf_harden=1) from (/system/etc/init/hw/init.rc:1270)
11-11 03:00:14.809     0     0 I init    : processing action (ro.debuggable=1) from (/system/etc/init/hw/init.rc:1307)
11-11 03:00:14.809     0     0 I init    : processing action (sys.usb.config=adb && sys.usb.configfs=0) from (/system/etc/init/hw/init.usb.rc:41)
11-11 03:00:14.812     0     0 I init    : starting service 'adbd'...
11-11 03:00:14.813     0     0 I init    : Created socket '/dev/socket/adbd', mode 660, user 1000, group 1000
11-11 03:00:14.818     0     0 I init    : ... started service 'adbd' has pid 744
11-11 03:00:14.819     0     0 I init    : processing action (apexd.status=ready && ro.product.cpu.abilist64=*) from (/system/etc/init/hw/init.boringssl.zygote64.rc:3)
11-11 03:00:14.822     0     0 I init    : starting service 'boringssl_self_test_apex64'...
11-11 03:00:14.827     0     0 I init    : ... started service 'boringssl_self_test_apex64' has pid 745
11-11 03:00:14.827     0     0 I init    : SVC_EXEC service 'boringssl_self_test_apex64' pid 745 (uid 9999 gid 0+0 context default) started; waiting...
11-11 03:00:14.868     0     0 I init    : Service 'boringssl_self_test_apex64' (pid 745) exited with status 0 waiting took 0.045000 seconds
11-11 03:00:14.869     0     0 I init    : Sending signal 9 to service 'boringssl_self_test_apex64' (pid 745) process group...
11-11 03:00:14.870     0     0 I libprocessgroup: Removed cgroup /sys/fs/cgroup/system/uid_9999/pid_745
11-11 03:00:14.880     0     0 I init    : processing action (init.svc.audioserver=running) from (/system/etc/init/audioserver.rc:43)
11-11 03:00:14.880     0     0 I init    : Command 'start vendor.audio-hal' action=init.svc.audioserver=running (/system/etc/init/audioserver.rc:44) took 0ms and failed: service vendor.audio-hal not found
11-11 03:00:14.881     0     0 I init    : service 'vendor.audio-hal-aidl' requested start, but it is already running (flags: 4)
11-11 03:00:14.882     0     0 I init    : service 'vendor.audio-effect-hal-aidl' requested start, but it is already running (flags: 4)
11-11 03:00:14.882     0     0 I init    : Command 'start vendor.audio-hal-4-0-msd' action=init.svc.audioserver=running (/system/etc/init/audioserver.rc:47) took 0ms and failed: service vendor.audio-hal-4-0-msd not found
11-11 03:00:14.883     0     0 I init    : Command 'start audio_proxy_service' action=init.svc.audioserver=running (/system/etc/init/audioserver.rc:48) took 0ms and failed: service audio_proxy_service not found
11-11 03:00:14.885     0     0 I servicemanager: Caller(pid=724,uid=1041,sid=u:r:audioserver:s0) Found android.hardware.audio.core.IModule/default in device VINTF manifest.
11-11 03:00:14.886     0     0 I init    : processing action (ro.persistent_properties.ready=true) from (/system/etc/init/bootstat.rc:57)
11-11 03:00:14.887     0     0 I init    : processing action (ro.persistent_properties.ready=true) from (/system/etc/init/bootstat.rc:61)
11-11 03:00:14.888     0     0 I init    : starting service 'exec 17 (/system/bin/bootstat --set_system_boot_reason)'...
11-11 03:00:14.890     0     0 I init    : ... started service 'exec 17 (/system/bin/bootstat --set_system_boot_reason)' has pid 748
11-11 03:00:14.891     0     0 I init    : processing action (bootreceiver.enable=1 && ro.product.cpu.abilist64=*) from (/system/etc/init/dmesgd.rc:7)
11-11 03:00:14.891     0     0 I init    : Command 'rm /data/misc/dmesgd/sent_reports.txt' action=bootreceiver.enable=1 && ro.product.cpu.abilist64=* (/system/etc/init/dmesgd.rc:9) took 0ms and failed: unlink() failed: No such file or directory
11-11 03:00:14.893     0     0 I servicemanager: Caller(pid=724,uid=1041,sid=u:r:audioserver:s0) Found android.hardware.audio.effect.IFactory/default in device VINTF manifest.
11-11 03:00:14.900     0     0 I init    : processing action (drm.service.enabled=true) from (/system/etc/init/drmserver.rc:8)
11-11 03:00:14.901     0     0 I init    : starting service 'drm'...
11-11 03:00:14.922     0     0 I init    : ... started service 'drm' has pid 749
11-11 03:00:14.923     0     0 I init    : Service 'exec 17 (/system/bin/bootstat --set_system_boot_reason)' (pid 748) exited with status 0 oneshot service took 0.033000 seconds in background
11-11 03:00:14.923     0     0 W libprocessgroup: SetCgroup::ExecuteForProcess: failed to open /dev/cpuset/foreground/cgroup.procs: No such file or directory
11-11 03:00:14.924     0     0 I init    : Sending signal 9 to service 'exec 17 (/system/bin/bootstat --set_system_boot_reason)' (pid 748) process group...
11-11 03:00:14.925     0     0 I libprocessgroup: Removed cgroup /sys/fs/cgroup/system/uid_1000/pid_748
11-11 03:00:14.926     0     0 W libprocessgroup: Failed to apply ProcessCapacityHigh process profile
11-11 03:00:14.926     0     0 E init    : failed to set task profiles
11-11 03:00:14.927     0     0 I init    : starting service 'mdnsd'...
11-11 03:00:14.927     0     0 I init    : Created socket '/dev/socket/mdnsd', mode 660, user 1020, group 3003
11-11 03:00:14.930     0     0 I servicemanager: Caller(pid=724,uid=1041,sid=u:r:audioserver:s0) Found android.hardware.audio.effect.IFactory/default in device VINTF manifest.
11-11 03:00:14.938     0     0 I init    : ... started service 'mdnsd' has pid 763
11-11 03:00:14.938     0     0 I servicemanager: Caller(pid=716,uid=1047,sid=u:r:hal_camera_default:s0) Found android.hardware.camera.provider.ICameraProvider/internal/0 in device VINTF manifest.
11-11 03:00:14.938     0     0 I init    : Control message: Processed ctl.start for 'mdnsd' from pid: 744 (/apex/com.android.adbd/bin/adbd --root_seclabel=u:r:su:s0 --tim_seclabel=u:r:adbd_tradeinmode:s0)
11-11 03:00:14.939     0     0 I init    : processing action (persist.heapprofd.enable= && traced.lazy.heapprofd=) from (/system/etc/init/heapprofd.rc:49)
11-11 03:00:14.942     0     0 I init    : processing action (kcmdline.binder=*) from (/system/etc/init/kcmdlinectrl.rc:20)
11-11 03:00:14.943     0     0 I init    : start_waiting_for_property("kcmdline.loaded", "1"): already set
11-11 03:00:14.943     0     0 I servicemanager: Caller(pid=724,uid=1041,sid=u:r:audioserver:s0) Found android.hardware.audio.core.IModule/default in device VINTF manifest.
11-11 03:00:14.943     0     0 I init    : starting service 'exec 18 (/system/bin/kcmdlinectrl store binder c)'...
11-11 03:00:14.948     0     0 I init    : ... started service 'exec 18 (/system/bin/kcmdlinectrl store binder c)' has pid 764
11-11 03:00:14.948     0     0 I init    : SVC_EXEC service 'exec 18 (/system/bin/kcmdlinectrl store binder c)' pid 764 (uid 0 gid 0+0 context default) started; waiting...
11-11 03:00:14.966     0     0 I init    : Service 'exec 18 (/system/bin/kcmdlinectrl store binder c)' (pid 764) exited with status 0 waiting took 0.020000 seconds
11-11 03:00:14.966     0     0 I init    : Sending signal 9 to service 'exec 18 (/system/bin/kcmdlinectrl store binder c)' (pid 764) process group...
11-11 03:00:14.967     0     0 I libprocessgroup: Removed cgroup /sys/fs/cgroup/system/uid_0/pid_764
11-11 03:00:14.967     0     0 I init    : processing action (ro.debuggable=1) from (/system/etc/init/llkd-debuggable.rc:1)
11-11 03:00:14.970     0     0 I init    : processing action (ro.debuggable=*) from (/system/etc/init/llkd.rc:2)
11-11 03:00:14.971     0     0 I init    : processing action (debug.atrace.user_initiated= && persist.traced.enable=1) from (/system/etc/init/perfetto.rc:63)
11-11 03:00:14.973     0     0 I init    : starting service 'traced_probes'...
11-11 03:00:14.982     0     0 W libprocessgroup: SetCgroup::ExecuteForProcess: failed to open /dev/cpuset/foreground/cgroup.procs: No such file or directory
11-11 03:00:14.984     0     0 I init    : ... started service 'traced_probes' has pid 770
11-11 03:00:14.984     0     0 I init    : processing action (persist.traced.enable=1) from (/system/etc/init/perfetto.rc:75)
11-11 03:00:14.985     0     0 W libprocessgroup: Failed to apply ProcessCapacityHigh process profile
11-11 03:00:14.985     0     0 E init    : failed to set task profiles
11-11 03:00:14.988     0     0 I init    : starting service 'traced'...
11-11 03:00:14.989     0     0 I init    : Created socket '/dev/socket/traced_consumer', mode 666, user 0, group 0
11-11 03:00:14.989     0     0 I init    : Created socket '/dev/socket/traced_producer', mode 666, user 0, group 0
11-11 03:00:14.992     0     0 W libprocessgroup: SetCgroup::ExecuteForProcess: failed to open /dev/cpuset/foreground/cgroup.procs: No such file or directory
11-11 03:00:14.993     0     0 W libprocessgroup: Failed to apply ProcessCapacityHigh process profile
11-11 03:00:14.993     0     0 E init    : failed to set task profiles
11-11 03:00:14.994     0     0 I init    : ... started service 'traced' has pid 774
11-11 03:00:14.994     0     0 I init    : service 'traced_probes' requested start, but it is already running (flags: 132)
11-11 03:00:14.995     0     0 I init    : processing action (ro.persistent_properties.ready=true) from (/system/etc/init/perfetto.rc:128)
11-11 03:00:14.995     0     0 I init    : processing action (persist.debug.perfetto.persistent_sysui_tracing_for_bugreport=) from (/system/etc/init/perfetto.rc:187)
11-11 03:00:14.996     0     0 I init    : processing action (persist.traced_perf.enable= && sys.init.perf_lsm_hooks=1 && traced.lazy.traced_perf=) from (/system/etc/init/traced_perf.rc:44)
11-11 03:00:14.997     0     0 I init    : processing action (ro.boot.slot_suffix=*) from (/system/etc/init/update_engine.rc:9)
11-11 03:00:14.998     0     0 I init    : processing action (hidl_memory.disabled=true) from (/system_ext/etc/init/android.hidl.allocator@1.0-service.rc:6)
11-11 03:00:14.998     0     0 I init    : processing action (hwservicemanager.disabled=true) from (/system_ext/etc/init/hwservicemanager.rc:14)
11-11 03:00:14.999     0     0 I init    : Sending signal 9 to service 'hwservicemanager' (pid 314) process group...
11-11 03:00:15.001     0     0 I libprocessgroup: Removed cgroup /sys/fs/cgroup/system/uid_1000/pid_314
11-11 03:00:15.002     0     0 I init    : Service 'hwservicemanager' (pid 314) received signal 9
11-11 03:00:15.003     0     0 I init    : Sending signal 9 to service 'hwservicemanager' (pid 314) process group...
11-11 03:00:15.003     0     0 E libprocessgroup: Failed to write 1 to /sys/fs/cgroup/system/uid_1000/pid_314/cgroup.kill: No such file or directory
11-11 03:00:15.005     0     0 E libprocessgroup: Failed to open /sys/fs/cgroup/system/uid_1000/pid_314/cgroup.procs: No such file or directory
11-11 03:00:15.007     0     0 I init    : processing action (apex.all.ready=true) from (/apex/com.google.cf.input.config/etc/com.google.cf.input.config.rc:1)
11-11 03:00:15.008     0     0 I init    : processing action (nonencrypted) from (/system/etc/init/hw/init.rc:1217)
11-11 03:00:15.009     0     0 I init    : service 'zygote' requested start, but it is already running (flags: 4)
11-11 03:00:15.011     0     0 I init    : starting service 'cameraserver'...
11-11 03:00:15.017     0     0 W libprocessgroup: SetCgroup::ExecuteForProcess: failed to open /dev/cpuset/camera-daemon/cgroup.procs: No such file or directory
11-11 03:00:15.018     0     0 I init    : ... started service 'cameraserver' has pid 776
11-11 03:00:15.018     0     0 W libprocessgroup: Failed to apply CameraServiceCapacity process profile
11-11 03:00:15.018     0     0 I init    : service 'drm' requested start, but it is already running (flags: 132)
11-11 03:00:15.019     0     0 I init    : starting service 'idmap2d'...
11-11 03:00:15.020     0     0 E init    : failed to set task profiles
11-11 03:00:15.025     0     0 I init    : ... started service 'idmap2d' has pid 778
11-11 03:00:15.026     0     0 I init    : starting service 'incidentd'...
11-11 03:00:15.039     0     0 I init    : ... started service 'incidentd' has pid 779
11-11 03:00:15.044     0     0 I init    : starting service 'installd'...
11-11 03:00:15.061     0     0 I init    : ... started service 'installd' has pid 780
11-11 03:00:15.062     0     0 I init    : service 'mdnsd' requested start, but it is already running (flags: 134)
11-11 03:00:15.063     0     0 I init    : starting service 'mediaextractor'...
11-11 03:00:15.080     0     0 I servicemanager: Caller(pid=729,uid=1000,sid=u:r:surfaceflinger:s0) Found android.hardware.graphics.allocator.IAllocator/default in device VINTF manifest.
11-11 03:00:15.088     0     0 I servicemanager: Caller(pid=729,uid=1000,sid=u:r:surfaceflinger:s0) Found android.hardware.graphics.allocator.IAllocator/default in device VINTF manifest.
11-11 03:00:15.089     0     0 I servicemanager: Caller(pid=729,uid=1000,sid=u:r:surfaceflinger:s0) Found mapper/minigbm in device VINTF manifest.
11-11 03:00:15.094     0     0 W libprocessgroup: SetCgroup::ExecuteForProcess: failed to open /dev/cpuset/foreground/cgroup.procs: No such file or directory
11-11 03:00:15.095     0     0 I init    : ... started service 'mediaextractor' has pid 785
11-11 03:00:15.095     0     0 W libprocessgroup: Failed to apply ProcessCapacityHigh process profile
11-11 03:00:15.095     0     0 E init    : failed to set task profiles
11-11 03:00:15.101     0     0 I init    : starting service 'mediametrics'...
11-11 03:00:15.113     0     0 W libprocessgroup: SetCgroup::ExecuteForProcess: failed to open /dev/cpuset/foreground/cgroup.procs: No such file or directory
11-11 03:00:15.113     0     0 W libprocessgroup: Failed to apply ProcessCapacityHigh process profile
11-11 03:00:15.114     0     0 E init    : failed to set task profiles
11-11 03:00:15.120     0     0 I init    : ... started service 'mediametrics' has pid 786
11-11 03:00:15.120     0     0 I init    : starting service 'media'...
11-11 03:00:15.125     0     0 I servicemanager: Caller(pid=729,uid=1000,sid=u:r:surfaceflinger:s0) Found android.hardware.graphics.composer3.IComposer/default in device VINTF manifest.
11-11 03:00:15.126     0     0 I servicemanager: Caller(pid=651,uid=1000,sid=u:r:hal_graphics_composer_default:s0) Found android.hardware.graphics.allocator.IAllocator/default in device VINTF manifest.
11-11 03:00:15.127     0     0 I servicemanager: Caller(pid=651,uid=1000,sid=u:r:hal_graphics_composer_default:s0) Found android.hardware.graphics.allocator.IAllocator/default in device VINTF manifest.
11-11 03:00:15.128     0     0 I servicemanager: Caller(pid=651,uid=1000,sid=u:r:hal_graphics_composer_default:s0) Found mapper/minigbm in device VINTF manifest.
11-11 03:00:15.135     0     0 W libprocessgroup: SetCgroup::ExecuteForProcess: failed to open /dev/cpuset/foreground/cgroup.procs: No such file or directory
11-11 03:00:15.136     0     0 W libprocessgroup: Failed to apply ProcessCapacityHigh process profile
11-11 03:00:15.122   780   780 I installd: installd firing up
11-11 03:00:15.122   780   780 D installd: Assuming that device has multi-user storage layout; upgrade no longer supported
11-11 03:00:15.123   780   780 D installd: Upgrading to /data/misc/user directories
11-11 03:00:15.138     0     0 E init    : failed to set task profiles
11-11 03:00:15.139     0     0 I init    : ... started service 'media' has pid 787
11-11 03:00:15.139     0     0 I init    : service 'netd' requested start, but it is already running (flags: 4)
11-11 03:00:15.140     0     0 I init    : starting service 'storaged'...
11-11 03:00:15.160     0     0 W libprocessgroup: SetCgroup::ExecuteForProcess: failed to open /dev/cpuset/system-background/cgroup.procs: No such file or directory
11-11 03:00:15.161     0     0 W libprocessgroup: Failed to apply ServiceCapacityLow process profile
11-11 03:00:15.161     0     0 E init    : failed to set task profiles
11-11 03:00:15.168     0     0 I init    : ... started service 'storaged' has pid 793
11-11 03:00:15.168     0     0 I init    : starting service 'wificond'...
11-11 03:00:15.183     0     0 I init    : ... started service 'wificond' has pid 794
11-11 03:00:15.183     0     0 I init    : starting service 'seriallogging'...
11-11 03:00:15.192     0     0 I init    : ... started service 'seriallogging' has pid 796
11-11 03:00:15.193     0     0 W         : VIRTUAL_DEVICE_DISPLAY_POWER_MODE_CHANGED display=0 mode=ON
11-11 03:00:15.199     0     0 I init    : starting service 'media.swcodec'...
11-11 03:00:15.206     0     0 W libprocessgroup: SetCgroup::ExecuteForProcess: failed to open /dev/cpuset/foreground/cgroup.procs: No such file or directory
11-11 03:00:15.206     0     0 W libprocessgroup: Failed to apply ProcessCapacityHigh process profile
11-11 03:00:15.220     0     0 I init    : ... started service 'media.swcodec' has pid 799
11-11 03:00:15.220     0     0 I init    : service 'statsd' requested start, but it is already running (flags: 4)
11-11 03:00:15.225     0     0 E init    : failed to set task profiles
11-11 03:00:15.236     0     0 I init    : starting service 'vendor.ril-daemon'...
11-11 03:00:15.232   794   794 I wificond: wificond is starting up...
11-11 03:00:15.248     0     0 I servicemanager: Caller(pid=794,uid=1010,sid=u:r:wificond:s0) Found android.hardware.net.nlinterceptor.IInterceptor/default in device VINTF manifest.
11-11 03:00:15.249     0     0 I init    : ... started service 'vendor.ril-daemon' has pid 805
11-11 03:00:15.250     0     0 I init    : Command 'class_start main' action=nonencrypted (/system/etc/init/hw/init.rc:1218) took 240ms and succeeded
11-11 03:00:15.250     0     0 I init    : starting service 'gatekeeperd'...
11-11 03:00:15.256     0     0 I logd    : logdr: UID=1036 GID=0 PID=796 b tail=0 logMask=bf pid=0 start=0ns deadline=0ns
11-11 03:00:15.266     0     0 W libprocessgroup: SetCgroup::ExecuteForProcess: failed to open /dev/cpuset/system-background/cgroup.procs: No such file or directory
11-11 03:00:15.267     0     0 W libprocessgroup: Failed to apply ServiceCapacityLow process profile
11-11 03:00:15.267     0     0 E init    : failed to set task profiles
11-11 03:00:15.268     0     0 I init    : ... started service 'gatekeeperd' has pid 811
11-11 03:00:15.268     0     0 I init    : service 'traced' requested start, but it is already running (flags: 132)
11-11 03:00:15.268     0     0 I init    : service 'traced_probes' requested start, but it is already running (flags: 132)
11-11 03:00:15.269     0     0 I init    : starting service 'update_engine'...
11-11 03:00:15.258   794   794 W HidlServiceManagement: hwservicemanager is not supported on the device.
11-11 03:00:15.258   794   794 I HidlServiceManagement: Trying to get transport of android.system.wifi.keystore@1.0::IKeystore/default without hwservicemanager
11-11 03:00:15.258   794   794 E HidlServiceManagement: Service android.system.wifi.keystore@1.0::IKeystore/default must be in VINTF manifest in order to register/get.
11-11 03:00:15.259   794   794 I wificond: Did not register wifi keystore HIDL HAL service: -2147483648
11-11 03:00:15.286     0     0 I init    : ... started service 'update_engine' has pid 814
11-11 03:00:15.287     0     0 I init    : starting service 'usbd'...
11-11 03:00:15.288     0     0 W libprocessgroup: SetCgroup::ExecuteForProcess: failed to open /dev/cpuset/system-background/cgroup.procs: No such file or directory
11-11 03:00:15.292     0     0 W         : VIRTUAL_DEVICE_DISPLAY_POWER_MODE_CHANGED display=0 mode=ON
11-11 03:00:15.300     0     0 I init    : ... started service 'usbd' has pid 821
11-11 03:00:15.300     0     0 I init    : starting service 'tombstone_transmit'...
11-11 03:00:15.310     0     0 I init    : ... started service 'tombstone_transmit' has pid 822
11-11 03:00:15.310     0     0 I init    : Command 'class_start late_start' action=nonencrypted (/system/etc/init/hw/init.rc:1219) took 59ms and succeeded
11-11 03:00:15.311     0     0 I init    : starting service 'bootanim'...
11-11 03:00:15.314     0     0 I servicemanager: Caller(pid=811,uid=1000,sid=u:r:gatekeeperd:s0) Found android.hardware.gatekeeper.IGatekeeper/default in device VINTF manifest.
11-11 03:00:15.327     0     0 I init    : ... started service 'bootanim' has pid 826
11-11 03:00:15.328     0     0 I init    : Control message: Processed ctl.start for 'bootanim' from pid: 729 (/system/bin/surfaceflinger)
11-11 03:00:15.328     0     0 I init    : processing action (load_persist_props_action) from (/system/etc/init/flags_health_check.rc:1)
11-11 03:00:15.329     0     0 I init    : Encryption policy of /data/server_configurable_flags set to 7d9b92c905b88e8e51b44e2c7f4898cf v2 modes 1/10 flags 0xa
11-11 03:00:15.329     0     0 I init    : starting service 'exec 19 (/system/bin/flags_health_check BOOT_FAILURE)'...
11-11 03:00:15.356     0     0 I servicemanager: Caller(pid=814,uid=0,sid=u:r:update_engine:s0) Found android.hardware.boot.IBootControl/default in device VINTF manifest.
11-11 03:00:15.373     0     0 I init    : ... started service 'exec 19 (/system/bin/flags_health_check BOOT_FAILURE)' has pid 828
11-11 03:00:15.374     0     0 I init    : SVC_EXEC service 'exec 19 (/system/bin/flags_health_check BOOT_FAILURE)' pid 828 (uid 1000 gid 1000+0 context default) started; waiting...
11-11 03:00:15.374     0     0 I init    : service 'adbd' requested start, but it is already running (flags: 132)
11-11 03:00:15.375     0     0 I init    : Control message: Processed ctl.start for 'adbd' from pid: 821 (/system/bin/usbd)
11-11 03:00:15.376     0     0 I servicemanager: Caller(pid=821,uid=0,sid=u:r:usbd:s0) Could not find android.hardware.usb.gadget.IUsbGadget/default in the VINTF manifest. No alternative instances declared in VINTF.
11-11 03:00:15.385     0     0 I init    : Service 'usbd' (pid 821) exited with status 0 oneshot service took 0.094000 seconds in background
11-11 03:00:15.385     0     0 I init    : Sending signal 9 to service 'usbd' (pid 821) process group...
11-11 03:00:15.386     0     0 I libprocessgroup: Removed cgroup /sys/fs/cgroup/system/uid_0/pid_821
11-11 03:00:15.403     0     0 I init    : Service 'exec 19 (/system/bin/flags_health_check BOOT_FAILURE)' (pid 828) exited with status 0 waiting took 0.035000 seconds
11-11 03:00:15.403     0     0 I init    : Sending signal 9 to service 'exec 19 (/system/bin/flags_health_check BOOT_FAILURE)' (pid 828) process group...
11-11 03:00:15.406     0     0 I libprocessgroup: Removed cgroup /sys/fs/cgroup/system/uid_1000/pid_828
11-11 03:00:15.406     0     0 I init    : processing action (load_persist_props_action) from (/system/etc/init/logcatd.rc:29)
11-11 03:00:15.407     0     0 I init    : processing action (llk.enable=0) from (/system/etc/init/llkd.rc:12)
11-11 03:00:15.407     0     0 I init    : processing action (khungtask.enable=1) from (/system/etc/init/llkd.rc:18)
11-11 03:00:15.408     0     0 I init    : processing action (llk.enable=0) from (/system/etc/init/llkd.rc:12)
11-11 03:00:15.408     0     0 I init    : processing action (khungtask.enable=0) from (/system/etc/init/llkd.rc:21)
11-11 03:00:15.412     0     0 I init    : processing action (init.svc.media=*) from (/system/etc/init/mediaserver.rc:1)
11-11 03:00:15.413     0     0 I init    : processing action (khungtask.enable=true) from (/system/etc/init/llkd.rc:25)
11-11 03:00:15.413     0     0 I init    : processing action (khungtask.enable=false) from (/system/etc/init/llkd.rc:31)
11-11 03:00:15.443     0     0 I servicemanager: Caller(pid=793,uid=0,sid=u:r:storaged:s0) Found android.hardware.health.IHealth/default in device VINTF manifest.
11-11 03:00:15.460   632   632 V Zygote64Timing: BeginPreload took to complete: 364ms
11-11 03:00:15.492     0     0 I servicemanager: Caller(pid=799,uid=1046,sid=u:r:mediaswcodec:s0) Found android.hardware.media.c2.IComponentStore/software in framework VINTF manifest.
11-11 03:00:15.493     0     0 I servicemanager: Caller(pid=799,uid=1046,sid=u:r:mediaswcodec:s0) Found android.hardware.media.c2.IComponentStore/software in framework VINTF manifest.
11-11 03:00:15.503     0     0 I servicemanager: Caller(pid=799,uid=1046,sid=u:r:mediaswcodec:s0) Could not find android.hardware.media.c2.IComponentStore/default in the VINTF manifest. No alternative instances declared in VINTF.
11-11 03:00:15.675     0     0 I servicemanager: Caller(pid=724,uid=1041,sid=u:r:audioserver:s0) Found android.hardware.audio.effect.IFactory/default in device VINTF manifest.
11-11 03:00:15.676     0     0 I servicemanager: Caller(pid=724,uid=1041,sid=u:r:audioserver:s0) Found android.hardware.audio.core.IModule/default in device VINTF manifest.
11-11 03:00:15.798     0     0 I servicemanager: Caller(pid=724,uid=1041,sid=u:r:audioserver:s0) Found android.system.suspend.ISystemSuspend/default in framework VINTF manifest.
11-11 03:00:15.809     0     0 I servicemanager: Caller(pid=787,uid=1013,sid=u:r:mediaserver:s0) Found android.hardware.media.c2.IComponentStore/software in framework VINTF manifest.
11-11 03:00:15.831     0     0 I servicemanager: Caller(pid=799,uid=1046,sid=u:r:mediaswcodec:s0) Found android.hardware.graphics.allocator.IAllocator/default in device VINTF manifest.
11-11 03:00:15.833     0     0 I servicemanager: Caller(pid=799,uid=1046,sid=u:r:mediaswcodec:s0) Found android.hardware.graphics.allocator.IAllocator/default in device VINTF manifest.
11-11 03:00:15.834     0     0 I servicemanager: Caller(pid=799,uid=1046,sid=u:r:mediaswcodec:s0) Found mapper/minigbm in device VINTF manifest.
11-11 03:00:15.882     0     0 I servicemanager: Caller(pid=826,uid=1003,sid=u:r:bootanim:s0) Found android.hardware.graphics.allocator.IAllocator/default in device VINTF manifest.
11-11 03:00:15.884     0     0 I servicemanager: Caller(pid=826,uid=1003,sid=u:r:bootanim:s0) Found android.hardware.graphics.allocator.IAllocator/default in device VINTF manifest.
11-11 03:00:15.884     0     0 I servicemanager: Caller(pid=826,uid=1003,sid=u:r:bootanim:s0) Found mapper/minigbm in device VINTF manifest.
11-11 03:00:16.043   826   850 D BootAnimation: BootAnimationShownTiming start time: 11458ms
11-11 03:00:16.172     0     0 I servicemanager: Caller(pid=776,uid=1047,sid=u:r:cameraserver:s0) Found android.frameworks.cameraservice.service.ICameraService/default in framework VINTF manifest.
11-11 03:00:16.173     0     0 I servicemanager: Caller(pid=776,uid=1047,sid=u:r:cameraserver:s0) Found android.frameworks.cameraservice.service.ICameraService/default in framework VINTF manifest.
11-11 03:00:16.210   632   632 V Configuration: Updating configuration, locales updated from [] to [en_US]
11-11 03:00:16.305   632   632 V Zygote64Timing: PreloadClasses took to complete: 844ms
11-11 03:00:16.319     0     0 I servicemanager: Caller(pid=724,uid=1041,sid=u:r:audioserver:s0) Found android.hardware.audio.effect.IFactory/default in device VINTF manifest.
11-11 03:00:16.320     0     0 I servicemanager: Caller(pid=724,uid=1041,sid=u:r:audioserver:s0) Found android.hardware.audio.core.IModule/default in device VINTF manifest.
11-11 03:00:16.325     0     0 I servicemanager: Caller(pid=724,uid=1041,sid=u:r:audioserver:s0) Since 'activity' could not be found trying to start it as a lazy AIDL service. (if it's not configured to be a lazy service, it may be stuck starting or still starting).
11-11 03:00:16.327     0     0 E init    : Control message: Could not find 'aidl/activity' for ctl.interface_start from pid: 313 (/system/bin/servicemanager)
11-11 03:00:16.327     0     0 I servicemanager: Caller(pid=724,uid=1041,sid=u:r:audioserver:s0) Tried to start aidl service activity as a lazy service, but was unable to. Usually this happens when a service is not installed, but if the service is intended to be used as a lazy service, then it may be configured incorrectly.
11-11 03:00:16.331   632   632 V Zygote64Timing: CacheNonBootClasspathClassLoaders took to complete: 26ms
11-11 03:00:16.345   632   632 V Zygote64Timing: PreloadResources took to complete: 13ms
11-11 03:00:16.394   632   632 V Zygote64Timing: ZygotePreload took to complete: 1298ms
11-11 03:00:16.441   632   632 V Zygote64Timing: PostZygoteInitGC took to complete: 47ms
11-11 03:00:16.441   632   632 V Zygote64Timing: ZygoteInit took to complete: 1365ms
11-11 03:00:16.699   893   893 D SystemServerTiming: InitBeforeStartServices
11-11 03:00:16.701   893   893 W SystemTimeZone: initializeTimeZoneSettingsIfRequired():persist.sys.timezone is not valid (); setting to GMT
11-11 03:00:16.703   893   893 I SystemServer: Entered the Android system server!
11-11 03:00:16.705   893   893 I SystemServerInitThreadPool: Creating instance with 2 threads
11-11 03:00:16.705   893   893 I SystemServer: Reading configuration...
11-11 03:00:16.706   893   893 D SystemServerTiming: ReadingSystemConfig
11-11 03:00:16.706   893   893 V SystemServerTiming: ReadingSystemConfig took to complete: 0ms
11-11 03:00:16.707   893   912 D SystemServerTimingAsync: InitThreadPoolExec:ReadingSystemConfig
11-11 03:00:16.708   893   912 D SystemServerInitThreadPool: Started executing ReadingSystemConfig
11-11 03:00:16.710   893   912 I SystemConfig: Reading permissions from /system/etc/sysconfig/enhanced-confirmation.xml
11-11 03:00:16.711   893   912 I SystemConfig: Reading permissions from /system/etc/sysconfig/framework-sysconfig.xml
11-11 03:00:16.712   893   912 I SystemConfig: Reading permissions from /system/etc/sysconfig/hiddenapi-package-whitelist.xml
11-11 03:00:16.713   893   912 I SystemConfig: Reading permissions from /system/etc/sysconfig/initial-package-stopped-states.xml
11-11 03:00:16.714   893   912 I SystemConfig: Reading permissions from /system/etc/sysconfig/package-shareduid-allowlist.xml
11-11 03:00:16.715   893   912 I SystemConfig: Reading permissions from /system/etc/sysconfig/preinstalled-packages-asl-files.xml
11-11 03:00:16.716   893   912 I SystemConfig: Reading permissions from /system/etc/sysconfig/preinstalled-packages-com.android.providers.media.module.xml
11-11 03:00:16.717   893   912 I SystemConfig: Reading permissions from /system/etc/sysconfig/preinstalled-packages-platform-generic-system.xml
11-11 03:00:16.718   893   912 I SystemConfig: Reading permissions from /system/etc/sysconfig/preinstalled-packages-platform-handheld-system.xml
11-11 03:00:16.719   893   912 I SystemConfig: Reading permissions from /system/etc/sysconfig/preinstalled-packages-platform.xml
11-11 03:00:16.720   893   912 I SystemConfig: Reading permissions from /system/etc/sysconfig/preinstalled-packages-strict-signature.xml
11-11 03:00:16.721   893   912 I SystemConfig: Reading permissions from /system/etc/permissions/android.software.credentials.xml
11-11 03:00:16.721   893   912 I SystemConfig: Reading permissions from /system/etc/permissions/android.software.live_wallpaper.xml
11-11 03:00:16.723   893   912 I SystemConfig: Reading permissions from /system/etc/permissions/android.software.webview.xml
11-11 03:00:16.724   893   912 I SystemConfig: Reading permissions from /system/etc/permissions/android.software.window_magnification.xml
11-11 03:00:16.725   893   912 I SystemConfig: Reading permissions from /system/etc/permissions/android.test.base.xml
11-11 03:00:16.726   893   912 I SystemConfig: Reading permissions from /system/etc/permissions/android.test.mock.xml
11-11 03:00:16.726   893   912 I SystemConfig: Reading permissions from /system/etc/permissions/android.test.runner.xml
11-11 03:00:16.727   893   912 I SystemConfig: Reading permissions from /system/etc/permissions/com.android.documentsui.xml
11-11 03:00:16.728   893   912 I SystemConfig: Reading permissions from /system/etc/permissions/com.android.future.usb.accessory.xml
11-11 03:00:16.729   893   912 I SystemConfig: Reading permissions from /system/etc/permissions/com.android.intentresolver.xml
11-11 03:00:16.729   893   912 I SystemConfig: Reading permissions from /system/etc/permissions/com.android.location.provider.xml
11-11 03:00:16.730   893   912 I SystemConfig: Reading permissions from /system/etc/permissions/com.android.media.remotedisplay.xml
11-11 03:00:16.731   893   912 I SystemConfig: Reading permissions from /system/etc/permissions/com.android.mediadrm.signer.xml
11-11 03:00:16.732   893   912 I SystemConfig: Reading permissions from /system/etc/permissions/com.android.networkstack.xml
11-11 03:00:16.733   893   912 I SystemConfig: Reading permissions from /system/etc/permissions/com.android.nfc_extras.xml
11-11 03:00:16.734   893   912 I SystemConfig: Reading permissions from /system/etc/permissions/javax.obex.xml
