11-11 03:00:12.061     0     0 I init    : Parsing file /apex/com.android.adbd/etc/init.rc...
11-11 03:00:12.062     0     0 I init    : Parsing file /apex/com.android.art/etc/init.rc...
11-11 03:00:12.062     0     0 I init    : Parsing file /apex/com.android.compos/etc/init.rc...
11-11 03:00:12.062     0     0 I init    : Parsing file /apex/com.android.configinfrastructure/etc/com.android.configinfrastrcture.init.rc...
11-11 03:00:12.063     0     0 I init    : Parsing file /apex/com.android.hardware.audio/etc/android.hardware.audio.service-aidl.example.rc...
11-11 03:00:12.064     0     0 I init    : Parsing file /apex/com.android.hardware.authsecret/etc/android.hardware.authsecret-service.example.rc...
11-11 03:00:12.064     0     0 I init    : Parsing file /apex/com.android.hardware.biometrics.face.virtual/etc/face-virtual-apex.rc...
11-11 03:00:12.065     0     0 I init    : Parsing file /apex/com.android.hardware.biometrics.fingerprint.virtual/etc/fingerprint-virtual.rc...
11-11 03:00:12.066     0     0 I init    : Parsing file /apex/com.android.hardware.cas/etc/cas-default.rc...
11-11 03:00:12.066     0     0 I init    : Parsing file /apex/com.android.hardware.contexthub/etc/android.hardware.contexthub-service.example.rc...
11-11 03:00:12.067     0     0 I init    : Parsing file /apex/com.android.hardware.drm.clearkey/etc/android.hardware.drm-service.clearkey.apex.rc...
11-11 03:00:12.067     0     0 I init    : Parsing file /apex/com.android.hardware.dumpstate/etc/dumpstate-default.rc...
11-11 03:00:12.068     0     0 I init    : Parsing file /apex/com.android.hardware.gnss/etc/gnss-default.rc...
11-11 03:00:12.069     0     0 I init    : Parsing file /apex/com.android.hardware.input.processor/etc/inputprocessor-default.rc...
11-11 03:00:12.069     0     0 I init    : Parsing file /apex/com.android.hardware.ir/etc/android.hardware.ir-service.example.rc...
11-11 03:00:12.070     0     0 I init    : Parsing file /apex/com.android.hardware.memtrack/etc/memtrack-default-apex.rc...
11-11 03:00:12.070     0     0 I init    : Parsing file /apex/com.android.hardware.net.nlinterceptor/etc/nlinterceptor.rc...
11-11 03:00:12.071     0     0 I init    : Parsing file /apex/com.android.hardware.neuralnetworks/etc/android.hardware.neuralnetworks-service-sample-all.rc...
11-11 03:00:12.072     0     0 I init    : Parsing file /apex/com.android.hardware.neuralnetworks/etc/android.hardware.neuralnetworks-service-sample-limited.rc...
11-11 03:00:12.073     0     0 I init    : Parsing file /apex/com.android.hardware.neuralnetworks/etc/android.hardware.neuralnetworks-shim-service-sample.rc...
11-11 03:00:12.073     0     0 I init    : Parsing file /apex/com.android.hardware.power/etc/com.android.hardware.power.rc...
11-11 03:00:12.074     0     0 I init    : Parsing file /apex/com.android.hardware.rebootescrow/etc/rebootescrow-default.rc...
11-11 03:00:12.075     0     0 I init    : Parsing file /apex/com.android.hardware.secure_element/etc/secure_element.rc...
11-11 03:00:12.075     0     0 I init    : Parsing file /apex/com.android.hardware.security.authgraph/etc/authgraph.rc...
11-11 03:00:12.076     0     0 I init    : Parsing file /apex/com.android.hardware.security.secretkeeper/etc/secretkeeper.rc...
11-11 03:00:12.076     0     0 I init    : Parsing file /apex/com.android.hardware.sensors/etc/sensors-default.rc...
11-11 03:00:12.077     0     0 I init    : Parsing file /apex/com.android.hardware.tetheroffload/etc/tetheroffload-example.rc...
11-11 03:00:12.078     0     0 I init    : Parsing file /apex/com.android.hardware.thermal/etc/android.hardware.thermal.example.rc...
11-11 03:00:12.078     0     0 I init    : Parsing file /apex/com.android.hardware.threadnetwork/etc/threadnetwork-service.rc...
11-11 03:00:12.079     0     0 I init    : Parsing file /apex/com.android.hardware.usb/etc/com.android.hardware.usb.rc...
11-11 03:00:12.080     0     0 I init    : Parsing file /apex/com.android.hardware.uwb/etc/uwb-service.rc...
11-11 03:00:12.080     0     0 I init    : Parsing file /apex/com.android.hardware.vibrator/etc/com.android.hardware.vibrator.rc...
11-11 03:00:12.081     0     0 I init    : Parsing file /apex/com.android.hardware.wifi/etc/com.android.hardware.wifi.rc...
11-11 03:00:12.081     0     0 I init    : Parsing file /apex/com.android.media.swcodec/etc/mediaswcodec.32rc...
11-11 03:00:12.082     0     0 I init    : Parsing file /apex/com.android.media/etc/mediatranscoding.32rc...
11-11 03:00:12.082     0     0 I init    : Parsing file /apex/com.android.os.statsd/etc/init.rc...
11-11 03:00:12.083     0     0 I init    : Parsing file /apex/com.android.sdkext/etc/derive_classpath.rc...
11-11 03:00:12.084     0     0 I init    : Parsing file /apex/com.android.sdkext/etc/derive_sdk.rc...
11-11 03:00:12.084     0     0 I init    : Parsing file /apex/com.android.tethering/etc/netbpfload.35rc...
11-11 03:00:12.085     0     0 I init    : Parsing file /apex/com.android.tethering/etc/ot-daemon.34rc...
11-11 03:00:12.085     0     0 I init    : Parsing file /apex/com.android.uprobestats/etc/init.rc...
11-11 03:00:12.085     0     0 I init    : Parsing file /apex/com.android.wifi/etc/mainline_supplicant.rc...
11-11 03:00:12.086     0     0 I init    : Parsing file /apex/com.google.cf.bt/etc/com.google.cf.bt.rc...
11-11 03:00:12.087     0     0 I init    : Parsing file /apex/com.google.cf.confirmationui/etc/android.hardware.confirmationui-service.cuttlefish.rc...
11-11 03:00:12.087     0     0 I init    : Parsing file /apex/com.google.cf.health.storage/etc/android.hardware.health.storage-service.cuttlefish.rc...
11-11 03:00:12.088     0     0 I init    : Parsing file /apex/com.google.cf.health/etc/android.hardware.health-service.cuttlefish.rc...
11-11 03:00:12.089     0     0 I init    : Parsing file /apex/com.google.cf.identity/etc/android.hardware.identity-service.remote.rc...
11-11 03:00:12.089     0     0 I init    : Parsing file /apex/com.google.cf.input.config/etc/com.google.cf.input.config.rc...
11-11 03:00:12.090     0     0 I init    : Parsing file /apex/com.google.cf.light/etc/lights-cuttlefish.rc...
11-11 03:00:12.091     0     0 I init    : Parsing file /apex/com.google.cf.nfc/etc/nfc-service-cuttlefish.rc...
11-11 03:00:12.091     0     0 I init    : Parsing file /apex/com.google.cf.oemlock/etc/android.hardware.oemlock-service.remote.rc...
11-11 03:00:12.092     0     0 I init    : Parsing file /apex/com.google.cf.rild/etc/com.google.cf.rild.rc...
11-11 03:00:12.093     0     0 I init    : Parsing file /apex/com.google.cf.wifi/etc/com.google.cf.wifi.rc...
11-11 03:00:12.093     0     0 I init    : Parsing file /apex/com.google.cf.wpa_supplicant/etc/com.google.cf.wpa_supplicant.rc...
11-11 03:00:12.094     0     0 I init    : Parsing file /apex/com.google.emulated.camera.provider.hal/etc/com.google.emulated.camera.provider.hal.rc...
11-11 03:00:12.143     0     0 I init    : linkerconfig generated /linkerconfig with mounted APEX modules info
11-11 03:00:12.143     0     0 I init    : Command 'perform_apex_config' action=post-fs-data (/system/etc/init/hw/init.rc:1003) took 106ms and succeeded
11-11 03:00:12.144     0     0 I init    : starting service 'system_aconfigd_mainline_init'...
11-11 03:00:12.146     0     0 I init    : ... started service 'system_aconfigd_mainline_init' has pid 601
11-11 03:00:12.146     0     0 I init    : SVC_EXEC service 'system_aconfigd_mainline_init' pid 601 (uid 1000 gid 1000+0 context default) started; waiting...
11-11 03:00:12.157     0     0 I init    : Service 'system_aconfigd_mainline_init' (pid 601) exited with status 1 waiting took 0.012000 seconds
11-11 03:00:12.158     0     0 I init    : Sending signal 9 to service 'system_aconfigd_mainline_init' (pid 601) process group...
11-11 03:00:12.158     0     0 I libprocessgroup: Removed cgroup /sys/fs/cgroup/system/uid_1000/pid_601
11-11 03:00:12.159     0     0 I init    : starting service 'system_aconfigd_socket_service'...
11-11 03:00:12.159     0     0 I init    : Created socket '/dev/socket/aconfigd_system', mode 666, user 1000, group 1000
11-11 03:00:12.162     0     0 I init    : ... started service 'system_aconfigd_socket_service' has pid 602
11-11 03:00:12.162     0     0 I init    : starting service 'mainline_aconfigd_init'...
11-11 03:00:12.165     0     0 I init    : ... started service 'mainline_aconfigd_init' has pid 603
11-11 03:00:12.165     0     0 I init    : SVC_EXEC service 'mainline_aconfigd_init' pid 603 (uid 1000 gid 1000+0 context default) started; waiting...
11-11 03:00:12.173     0     0 I init    : Service 'system_aconfigd_socket_service' (pid 602) exited with status 0 oneshot service took 0.012000 seconds in background
11-11 03:00:12.174     0     0 I init    : Sending signal 9 to service 'system_aconfigd_socket_service' (pid 602) process group...
11-11 03:00:12.174     0     0 I libprocessgroup: Removed cgroup /sys/fs/cgroup/system/uid_1000/pid_602
11-11 03:00:12.258     0     0 I servicemanager: Notifying apexservice they don't (previously: do) have clients when we now have no record of a client
11-11 03:00:12.259     0     0 I AidlLazyServiceRegistrar: Process has 0 (of 1 available) client(s) in use after notification apexservice has clients: 0
11-11 03:00:12.260     0     0 I AidlLazyServiceRegistrar: Shutdown prevented by forcePersist override flag.
11-11 03:00:12.914     0     0 I init    : Service 'mainline_aconfigd_init' (pid 603) exited with status 0 waiting took 0.750000 seconds
11-11 03:00:12.915     0     0 I init    : Sending signal 9 to service 'mainline_aconfigd_init' (pid 603) process group...
11-11 03:00:12.915     0     0 I libprocessgroup: Removed cgroup /sys/fs/cgroup/system/uid_1000/pid_603
11-11 03:00:12.916     0     0 I init    : starting service 'mainline_aconfigd_socket_service'...
11-11 03:00:12.917     0     0 I init    : Created socket '/dev/socket/aconfigd_mainline', mode 666, user 1000, group 1000
11-11 03:00:12.919     0     0 I init    : ... started service 'mainline_aconfigd_socket_service' has pid 604
11-11 03:00:12.919     0     0 I init    : starting service 'derive_sdk'...
11-11 03:00:12.921     0     0 I init    : ... started service 'derive_sdk' has pid 605
11-11 03:00:12.922     0     0 I init    : SVC_EXEC service 'derive_sdk' pid 605 (uid 9999 gid 9999+0 context default) started; waiting...
11-11 03:00:12.929     0     0 I init    : Service 'mainline_aconfigd_socket_service' (pid 604) exited with status 0 oneshot service took 0.011000 seconds in background
11-11 03:00:12.930     0     0 I init    : Sending signal 9 to service 'mainline_aconfigd_socket_service' (pid 604) process group...
11-11 03:00:12.930     0     0 I libprocessgroup: Removed cgroup /sys/fs/cgroup/system/uid_1000/pid_604
11-11 03:00:12.939     0     0 I init    : Service 'derive_sdk' (pid 605) exited with status 0 waiting took 0.018000 seconds
11-11 03:00:12.940     0     0 I init    : Sending signal 9 to service 'derive_sdk' (pid 605) process group...
11-11 03:00:12.940     0     0 I libprocessgroup: Removed cgroup /sys/fs/cgroup/system/uid_9999/pid_605
11-11 03:00:12.941     0     0 I init    : starting service 'exec 10 (/system/bin/vdc --wait cryptfs init_user0)'...
11-11 03:00:12.942     0     0 I init    : ... started service 'exec 10 (/system/bin/vdc --wait cryptfs init_user0)' has pid 606
11-11 03:00:12.943     0     0 I init    : SVC_EXEC service 'exec 10 (/system/bin/vdc --wait cryptfs init_user0)' pid 606 (uid 0 gid 0+0 context default) started; waiting...
11-11 03:00:12.935   327   356 D vold    : fscrypt_init_user0
11-11 03:00:12.936   327   356 D vold    : Preparing: /data/misc/vold/user_keys
11-11 03:00:12.936   327   356 D vold    : Preparing: /data/misc/vold/user_keys/ce
11-11 03:00:12.937   327   356 D vold    : Preparing: /data/misc/vold/user_keys/de
11-11 03:00:12.950     0     0 W vdc     : Thread Pool max thread count is 0. Cannot cache binder as linkToDeath cannot be implemented. serviceName: vold
11-11 03:00:12.950     0     0 D vdc     : Waited 0ms for vold
11-11 03:00:12.937   327   356 D vold    : Generating standard storage key
11-11 03:00:12.938   327   356 D vold    : Generating "key storage" key
11-11 03:00:12.939   353   360 W keymint-hal-nonsecure: kmr_ta: failing DeviceGenerateKey request with error Hal(RollbackResistanceUnavailable, "system/keymint/common/src/keyblob.rs:369: no secure secret storage available")
11-11 03:00:12.939   353   361 W keymint-hal-nonsecure: kmr_hal: HAL: command DeviceGenerateKey failed: -67
11-11 03:00:12.939   347   347 I keystore2: system/security/keystore2/src/audit_log.rs:38 - Not logging audit event for key with domain r#BLOB
11-11 03:00:12.940   347   347 E keystore2: system/security/keystore2/src/error.rs:183 - system/security/keystore2/src/security_level.rs:680
11-11 03:00:12.940   347   347 E keystore2: 
11-11 03:00:12.940   347   347 E keystore2: Caused by:
11-11 03:00:12.940   347   347 E keystore2:     0: system/security/keystore2/src/security_level.rs:674: While generating without a provided attestation key and params: [KeyParameter { tag: r#ALGORITHM, value: Algorithm(r#AES) }, KeyParameter { tag: r#KEY_SIZE, value: Integer(256) }, KeyParameter { tag: r#PURPOSE, value: KeyPurpose(r#ENCRYPT) }, KeyParameter { tag: r#PURPOSE, value: KeyPurpose(r#DECRYPT) }, KeyParameter { tag: r#BLOCK_MODE, value: BlockMode(r#GCM) }, KeyParameter { tag: r#PADDING, value: PaddingMode(r#NONE) }, KeyParameter { tag: r#MIN_MAC_LENGTH, value: Integer(128) }, KeyParameter { tag: r#NO_AUTH_REQUIRED, value: BoolValue(true) }, KeyParameter { tag: r#ROLLBACK_RESISTANCE, value: BoolValue(true) }, KeyParameter { tag: r#CREATION_DATETIME, value: DateTime(1762830012938) }].
11-11 03:00:12.940   347   347 E keystore2:     1: Error::Km(r#ROLLBACK_RESISTANCE_UNAVAILABLE)
11-11 03:00:12.941   327   356 E vold    : keystore2 Keystore generateKey returned service specific error: -67
11-11 03:00:12.942   327   356 W vold    : Failed to generate rollback-resistant key.  This is expected if keystore doesn't support rollback resistance.  Falling back to non-rollback-resistant key.
11-11 03:00:12.943   347   347 I keystore2: system/security/keystore2/src/audit_log.rs:38 - Not logging audit event for key with domain r#BLOB
11-11 03:00:12.944   327   356 D vold    : Stored key /data/misc/vold/user_keys/de/0
11-11 03:00:12.944   327   356 D vold    : Installed fscrypt key with ref 018a4127fac38542e8c86ab69661b397 to /data
11-11 03:00:12.945   327   356 I vold    : Created DE key for user 0
11-11 03:00:12.945   327   356 D vold    : Generating standard storage key
11-11 03:00:12.956     0     0 E vold    : keystore2 Keystore generateKey returned service specific error: -67
11-11 03:00:12.957     0     0 W vold    : Failed to generate rollback-resistant key.  This is expected if keystore doesn't support rollback resistance.  Falling back to non-rollback-resistant key.
11-11 03:00:12.945   327   356 D vold    : Preparing: /data/misc/vold/user_keys/ce/0
11-11 03:00:12.946   327   356 D vold    : Installed fscrypt key with ref a014d8caa67fc8eba2415453ece39e3d to /data
11-11 03:00:12.946   327   356 I vold    : Created CE key for user 0
11-11 03:00:12.947   327   356 D vold    : Installed fscrypt key with ref 018a4127fac38542e8c86ab69661b397 to /data
11-11 03:00:12.947   327   356 D vold    : Installed de key for user 0
11-11 03:00:12.947   327   356 D vold    : Preparing: /data/data.new
11-11 03:00:12.948   327   356 I vold    : Encryption policy of /data/data.new set to a014d8caa67fc8eba2415453ece39e3d v2 modes 1/10 flags 0xa
11-11 03:00:12.948   327   356 D vold    : Preparing: /data/user/0
11-11 03:00:12.949   327   356 D vold    : Preparing: /data/media/obb.new
11-11 03:00:12.949   327   356 I vold    : Encryption policy of /data/media/obb.new set to 7d9b92c905b88e8e51b44e2c7f4898cf v2 modes 1/10 flags 0xa
11-11 03:00:12.950   327   356 D vold    : fscrypt_prepare_user_storage for volume null, user 0, flags 1
11-11 03:00:12.950   327   356 D vold    : Preparing: /data/system/users/0
11-11 03:00:12.950   327   356 D vold    : Preparing: /data/misc/profiles/cur/0
11-11 03:00:12.951   327   356 D vold    : Preparing: /data/system_de/0.new
11-11 03:00:12.951   327   356 I vold    : Encryption policy of /data/system_de/0.new set to 018a4127fac38542e8c86ab69661b397 v2 modes 1/10 flags 0xa
11-11 03:00:12.952   327   356 D vold    : Preparing: /data/vendor_de/0.new
11-11 03:00:12.952   327   356 I vold    : Encryption policy of /data/vendor_de/0.new set to 018a4127fac38542e8c86ab69661b397 v2 modes 1/10 flags 0xa
11-11 03:00:12.952   327   356 D vold    : Preparing: /data/misc_de/0.new
11-11 03:00:12.953   327   356 I vold    : Encryption policy of /data/misc_de/0.new set to 018a4127fac38542e8c86ab69661b397 v2 modes 1/10 flags 0xa
11-11 03:00:12.953   327   356 D vold    : Preparing: /data/user_de/0.new
11-11 03:00:12.954   327   356 I vold    : Encryption policy of /data/user_de/0.new set to 018a4127fac38542e8c86ab69661b397 v2 modes 1/10 flags 0xa
11-11 03:00:12.954   327   356 D vold    : /system/bin/vold_prepare_subdirs
11-11 03:00:12.954   327   356 D vold    :     prepare
11-11 03:00:12.955   327   356 D vold    :     
11-11 03:00:12.955   327   356 D vold    :     0
11-11 03:00:12.955   327   356 D vold    :     1
11-11 03:00:13.030     0     0 I init    : Service 'exec 10 (/system/bin/vdc --wait cryptfs init_user0)' (pid 606) exited with status 0 waiting took 0.088000 seconds
11-11 03:00:13.030     0     0 I init    : Sending signal 9 to service 'exec 10 (/system/bin/vdc --wait cryptfs init_user0)' (pid 606) process group...
11-11 03:00:13.031     0     0 I libprocessgroup: Removed cgroup /sys/fs/cgroup/system/uid_0/pid_606
11-11 03:00:13.069     0     0 I selinux : SELinux: Skipping restorecon on directory(/data/system/shutdown-checkpoints)
11-11 03:00:13.091     0     0 I init    : Command 'restorecon --recursive --skip-ce /data' action=post-fs-data (/system/etc/init/hw/init.rc:1021) took 60ms and succeeded
11-11 03:00:13.092     0     0 I init    : starting service 'derive_classpath'...
11-11 03:00:13.094     0     0 I init    : ... started service 'derive_classpath' has pid 608
11-11 03:00:13.094     0     0 I init    : SVC_EXEC service 'derive_classpath' pid 608 (uid 1000 gid 1000+1 context default) started; waiting...
11-11 03:00:13.131     0     0 I init    : Service 'derive_classpath' (pid 608) exited with status 0 waiting took 0.038000 seconds
11-11 03:00:13.132     0     0 I init    : Sending signal 9 to service 'derive_classpath' (pid 608) process group...
11-11 03:00:13.132     0     0 I libprocessgroup: Removed cgroup /sys/fs/cgroup/system/uid_1000/pid_608
11-11 03:00:13.133     0     0 I init    : starting service 'art_boot'...
11-11 03:00:13.135     0     0 I init    : ... started service 'art_boot' has pid 609
11-11 03:00:13.135     0     0 I init    : SVC_EXEC service 'art_boot' pid 609 (uid 0 gid 0+0 context default) started; waiting...
11-11 03:00:13.143     0     0 I init    : Service 'art_boot' (pid 609) exited with status 0 waiting took 0.009000 seconds
11-11 03:00:13.143     0     0 I init    : Sending signal 9 to service 'art_boot' (pid 609) process group...
11-11 03:00:13.144     0     0 I libprocessgroup: Removed cgroup /sys/fs/cgroup/system/uid_0/pid_609
11-11 03:00:13.144     0     0 I init    : starting service 'odsign'...
11-11 03:00:13.146     0     0 I init    : ... started service 'odsign' has pid 610
11-11 03:00:13.146   610   610 I odsign  : Trying to retrieve existing HMAC key...
11-11 03:00:13.147   610   610 I odsign  : Existing HMAC key not found or invalid, creating new key
11-11 03:00:13.148   610   610 I odsign  : Trying to retrieve existing keystore key...
11-11 03:00:13.149   610   610 I odsign  : Failed to find keystore key...
11-11 03:00:13.149   610   610 I odsign  : Existing keystore key not found or invalid, creating new key
11-11 03:00:13.215   610   610 I odsign  : Initialized Keystore key.
11-11 03:00:13.215   610   610 W odsign  : Key certificate not found: /data/misc/odsign/key.cert: No such file or directory
11-11 03:00:13.244   611   611 I odrefresh: ART APEX version 360499999
11-11 03:00:13.244   611   611 I odrefresh: No prior cache-info file: '/data/misc/apexdata/com.android.art/dalvik-cache/cache-info.xml'
11-11 03:00:13.246   611   611 I odrefresh: Boot images on /system OK (x86_64)
11-11 03:00:13.252   611   611 I odrefresh: system_server artifacts on /system OK
11-11 03:00:13.255   610   610 I odsign  : /data/misc/odsign/odsign.info not found.
11-11 03:00:13.269   612   612 I odrefresh: ART APEX version 360499999
11-11 03:00:13.269   612   612 I odrefresh: No prior cache-info file: '/data/misc/apexdata/com.android.art/dalvik-cache/cache-info.xml'
11-11 03:00:13.269   612   612 I odrefresh: Boot images on /system OK (x86_64)
11-11 03:00:13.270   612   612 I odrefresh: system_server artifacts on /system OK
11-11 03:00:13.304   610   610 I odsign  : odrefresh compiled all artifacts, returned 80
11-11 03:00:13.305   610   610 I odsign  : Adding "/data/misc/apexdata/com.android.art/dalvik-cache/cache-info.xml" to fs-verity...
11-11 03:00:13.308   610   610 I odsign  : On-device signing done.
11-11 03:00:13.320     0     0 I fs-verity: sha256 using implementation "sha256-ni" (multibuffer)
11-11 03:00:13.323     0     0 I init    : Wait for property 'odsign.key.done=1' took 176ms
11-11 03:00:13.323     0     0 I init    : starting service 'apexd-snapshotde'...
11-11 03:00:13.309   347   390 I keystore2: system/security/keystore2/src/super_key.rs:342 - keystore.boot_level 1000000000 hits maximum 1000000000, finishing.
11-11 03:00:13.325     0     0 I init    : ... started service 'apexd-snapshotde' has pid 613
11-11 03:00:13.326     0     0 I init    : SVC_EXEC service 'apexd-snapshotde' pid 613 (uid 0 gid 1000+0 context default) started; waiting...
11-11 03:00:13.326     0     0 I init    : Sending signal 9 to service 'odsign' (pid 610) process group...
11-11 03:00:13.327     0     0 I libprocessgroup: Removed cgroup /sys/fs/cgroup/system/uid_0/pid_610
11-11 03:00:13.328     0     0 I init    : Control message: Processed ctl.stop for 'odsign' from pid: 610 (/system/bin/odsign)
11-11 03:00:13.328     0     0 I init    : Service 'odsign' (pid 610) received signal 9
11-11 03:00:13.329     0     0 I init    : Sending signal 9 to service 'odsign' (pid 610) process group...
11-11 03:00:13.329     0     0 E libprocessgroup: Failed to write 1 to /sys/fs/cgroup/system/uid_0/pid_610/cgroup.kill: No such file or directory
11-11 03:00:13.330     0     0 E libprocessgroup: Failed to open /sys/fs/cgroup/system/uid_0/pid_610/cgroup.procs: No such file or directory
11-11 03:00:13.337     0     0 I apexd   : Started. subcommand = --snapshotde
11-11 03:00:13.338     0     0 W apexd-snapshotde: Thread Pool max thread count is 0. Cannot cache binder as linkToDeath cannot be implemented. serviceName: vold
11-11 03:00:13.339     0     0 I apexd-snapshotde: Marking APEXd as ready
11-11 03:00:13.340     0     0 I init    : Service 'apexd-snapshotde' (pid 613) exited with status 0 waiting took 0.015000 seconds
11-11 03:00:13.340     0     0 I init    : Sending signal 9 to service 'apexd-snapshotde' (pid 613) process group...
11-11 03:00:13.341     0     0 I libprocessgroup: Removed cgroup /sys/fs/cgroup/system/uid_0/pid_613
11-11 03:00:13.348     0     0 I init    : processing action (post-fs-data) from (/system/etc/init/hw/init.usb.rc:6)
11-11 03:00:13.349     0     0 I init    : Encryption policy of /data/adb set to 7d9b92c905b88e8e51b44e2c7f4898cf v2 modes 1/10 flags 0xa
11-11 03:00:13.349     0     0 I init    : processing action (post-fs-data) from (/system/etc/init/bootstat.rc:9)
11-11 03:00:13.350     0     0 I init    : processing action (ro.boot.dynamic_partitions=true && ro.debuggable=1 && post-fs-data) from (/system/etc/init/clean_scratch_files.rc:1)
11-11 03:00:13.350     0     0 I init    : starting service 'exec 11 (/system/bin/clean_scratch_files)'...
11-11 03:00:13.352     0     0 I init    : ... started service 'exec 11 (/system/bin/clean_scratch_files)' has pid 614
11-11 03:00:13.353     0     0 I init    : processing action (post-fs-data) from (/system/etc/init/gsid.rc:17)
11-11 03:00:13.353     0     0 I init    : Not setting encryption policy on: /data/gsi
11-11 03:00:13.354     0     0 I init    : processing action (post-fs-data) from (/system/etc/init/incidentd.rc:21)
11-11 03:00:13.354     0     0 I init    : processing action (post-fs-data) from (/system/etc/init/logtagd.rc:4)
11-11 03:00:13.355     0     0 I init    : processing action (post-fs-data) from (/system/etc/init/otapreopt.rc:3)
11-11 03:00:13.355     0     0 I init    : starting service 'exec 12 (/system/bin/otapreopt_slot)'...
11-11 03:00:13.357     0     0 I init    : ... started service 'exec 12 (/system/bin/otapreopt_slot)' has pid 615
11-11 03:00:13.358     0     0 I init    : SVC_EXEC service 'exec 12 (/system/bin/otapreopt_slot)' pid 615 (uid 0 gid 0+0 context default) started; waiting...
11-11 03:00:13.370     0     0 I init    : Service 'exec 11 (/system/bin/clean_scratch_files)' (pid 614) exited with status 0 oneshot service took 0.018000 seconds in background
11-11 03:00:13.370     0     0 I init    : Sending signal 9 to service 'exec 11 (/system/bin/clean_scratch_files)' (pid 614) process group...
11-11 03:00:13.371     0     0 I libprocessgroup: Removed cgroup /sys/fs/cgroup/system/uid_0/pid_614
11-11 03:00:13.380     0     0 I init    : Service 'exec 12 (/system/bin/otapreopt_slot)' (pid 615) exited with status 0 waiting took 0.023000 seconds
11-11 03:00:13.381     0     0 I init    : Sending signal 9 to service 'exec 12 (/system/bin/otapreopt_slot)' (pid 615) process group...
11-11 03:00:13.381     0     0 I libprocessgroup: Removed cgroup /sys/fs/cgroup/system/uid_0/pid_615
11-11 03:00:13.382     0     0 E selinux : SELinux:  Could not stat /data/dalvik-cache/arm: No such file or directory.
11-11 03:00:13.382     0     0 E selinux : SELinux:  Could not stat /data/dalvik-cache/arm64: No such file or directory.
11-11 03:00:13.382     0     0 E selinux : SELinux:  Could not stat /data/dalvik-cache/riscv64: No such file or directory.
11-11 03:00:13.383     0     0 E selinux : SELinux:  Could not stat /data/dalvik-cache/x86: No such file or directory.
11-11 03:00:13.383     0     0 E selinux : SELinux:  Could not stat /data/dalvik-cache/x86_64: No such file or directory.
11-11 03:00:13.383     0     0 I init    : processing action (post-fs-data) from (/system/etc/init/perfetto.rc:103)
11-11 03:00:13.384     0     0 I init    : Command 'rm /data/misc/perfetto-traces/.guardraildata' action=post-fs-data (/system/etc/init/perfetto.rc:104) took 0ms and failed: unlink() failed: No such file or directory
11-11 03:00:13.384     0     0 I init    : processing action (post-fs-data) from (/system/etc/init/profcollectd.rc:9)
11-11 03:00:13.385     0     0 I init    : processing action (post-fs-data) from (/system/etc/init/recovery-persist.rc:1)
11-11 03:00:13.386     0     0 I init    : starting service 'exec 13 (/system/bin/recovery-persist)'...
11-11 03:00:13.387     0     0 I init    : ... started service 'exec 13 (/system/bin/recovery-persist)' has pid 618
11-11 03:00:13.388     0     0 I init    : processing action (post-fs-data) from (/system/etc/init/wifi.rc:18)
11-11 03:00:13.388     0     0 I selinux : SELinux: Skipping restorecon on directory(/data/misc/apexdata/com.android.wifi)
11-11 03:00:13.389     0     0 I init    : processing action (post-fs-data) from (/system_ext/etc/init/rpmb_dev.test.system.rc:37)
11-11 03:00:13.390     0     0 W init    : Top-level directory needs encryption action, eg mkdir /data/secure_storage_test_system <mode> <uid> <gid> encryption=Require
11-11 03:00:13.390     0     0 I init    : Encryption policy of /data/secure_storage_test_system set to 7d9b92c905b88e8e51b44e2c7f4898cf v2 modes 1/10 flags 0xa
11-11 03:00:13.391     0     0 I init    : starting service 'rpmb_mock_init_test_system'...
11-11 03:00:13.394     0     0 I init    : ... started service 'rpmb_mock_init_test_system' has pid 619
11-11 03:00:13.394     0     0 I init    : SVC_EXEC service 'rpmb_mock_init_test_system' pid 619 (uid 1000 gid 1000+0 context default) started; waiting...
11-11 03:00:13.395     0     0 I init    : Service 'exec 13 (/system/bin/recovery-persist)' (pid 618) exited with status 0 oneshot service took 0.007000 seconds in background
11-11 03:00:13.395     0     0 I init    : Sending signal 9 to service 'exec 13 (/system/bin/recovery-persist)' (pid 618) process group...
11-11 03:00:13.396     0     0 I libprocessgroup: Removed cgroup /sys/fs/cgroup/system/uid_1000/pid_618
11-11 03:00:13.408     0     0 I init    : Service 'rpmb_mock_init_test_system' (pid 619) exited with status 0 waiting took 0.015000 seconds
11-11 03:00:13.408     0     0 I init    : Sending signal 9 to service 'rpmb_mock_init_test_system' (pid 619) process group...
11-11 03:00:13.408     0     0 I libprocessgroup: Removed cgroup /sys/fs/cgroup/system/uid_1000/pid_619
11-11 03:00:13.409     0     0 I init    : starting service 'rpmb_mock_test_system'...
11-11 03:00:13.409     0     0 I init    : Created socket '/dev/socket/rpmb_mock_test_system', mode 660, user 1000, group 1000
11-11 03:00:13.411     0     0 I init    : ... started service 'rpmb_mock_test_system' has pid 620
11-11 03:00:13.412     0     0 I init    : processing action (ro.vendor.disable_rename_eth0= && post-fs-data) from (/vendor/etc/init/init.cutf_cvm.rc:57)
11-11 03:00:13.413     0     0 I init    : starting service 'rename_eth0'...
11-11 03:00:13.414     0     0 I init    : ... started service 'rename_eth0' has pid 621
11-11 03:00:13.415     0     0 I init    : processing action (post-fs-data) from (/vendor/etc/init/init.cutf_cvm.rc:66)
11-11 03:00:13.418     0     0 I init    : processing action (ro.vendor.wifi_impl=mac80211_hwsim_virtio && post-fs-data) from (/vendor/etc/init/init.cutf_cvm.rc:76)
11-11 03:00:13.419     0     0 I init    : starting service 'init_wifi_sh'...
11-11 03:00:13.421     0     0 I init    : ... started service 'init_wifi_sh' has pid 622
11-11 03:00:13.421     0     0 I init    : processing action (load-bpf-programs) from (/system/etc/init/hw/init.rc:1080)
11-11 03:00:13.422     0     0 I init    : starting service 'bpfloader'...
11-11 03:00:13.424     0     0 I init    : ... started service 'bpfloader' has pid 623
11-11 03:00:13.424     0     0 I init    : SVC_EXEC service 'bpfloader' pid 623 (uid 0 gid 0+7 context default) started; waiting...
11-11 03:00:13.433     0     0 I         : virtio_net virtio13 buried_eth0: renamed from eth0
11-11 03:00:13.434     0     0 I NetBpfLoad: NetBpfLoad v0.47 (/apex/com.android.tethering/bin/netbpfload) api:36/36 kver:60c0012 (64-on-x86-64) libbpf: v1.4 uid:0 rc:01
11-11 03:00:13.435     0     0 I NetBpfLoad: Tethering APEX version 360499999
11-11 03:00:13.435     0     0 I NetBpfLoad: detected 5 of 5: 2025Q2 api:36.0.0
11-11 03:00:13.436     0     0 D NetBpfLoad: Loading ELF object /apex/com.android.tethering/etc/bpf/tethering/test.o with license Apache 2.0
11-11 03:00:13.436     0     0 D NetBpfLoad: Section bpfloader_min_ver value is 42 [0x2a]
11-11 03:00:13.436     0     0 D NetBpfLoad: Section bpfloader_max_ver value is 65536 [0x10000]
11-11 03:00:13.436     0     0 D NetBpfLoad: BpfLoader version 0x0002f processing ELF object /apex/com.android.tethering/etc/bpf/tethering/test.o with ver [0x0002a,0x10000)
11-11 03:00:13.437     0     0 I init    : Service 'rename_eth0' (pid 621) exited with status 0 oneshot service took 0.023000 seconds in background
11-11 03:00:13.437     0     0 I init    : Sending signal 9 to service 'rename_eth0' (pid 621) process group...
11-11 03:00:13.438     0     0 I libprocessgroup: Removed cgroup /sys/fs/cgroup/system/uid_0/pid_621
11-11 03:00:13.439     0     0 D NetBpfLoad: bpf_create_map[tether_downstream6_map] btf:1 -> 6
11-11 03:00:13.439     0     0 I NetBpfLoad: map /sys/fs/bpf/tethering/map_test_tether_downstream6_map id 1
11-11 03:00:13.439     0     0 D NetBpfLoad: bpf_create_map[tether2_downstream6_map] btf:1 -> 7
11-11 03:00:13.439     0     0 I NetBpfLoad: map /sys/fs/bpf/tethering/map_test_tether2_downstream6_map id 2
11-11 03:00:13.439     0     0 D NetBpfLoad: bpf_create_map[tether3_downstream6_map] btf:1 -> 8
11-11 03:00:13.439     0     0 I NetBpfLoad: map /sys/fs/bpf/tethering/map_test_tether3_downstream6_map id 3
11-11 03:00:13.440     0     0 D NetBpfLoad: bpf_create_map[bitmap] btf:1 -> 9
11-11 03:00:13.440     0     0 I NetBpfLoad: map /sys/fs/bpf/tethering/map_test_bitmap id 4
11-11 03:00:13.441     0     0 D NetBpfLoad: cs[0].name:skfilter_match min_kver:ffffffff .max_kver:ffffffff (kvers:60c0012)
11-11 03:00:13.441     0     0 D NetBpfLoad: Loaded object: /apex/com.android.tethering/etc/bpf/tethering/test.o
11-11 03:00:13.442     0     0 D NetBpfLoad: Loading ELF object /apex/com.android.tethering/etc/bpf/tethering/offload.o with license Apache 2.0
11-11 03:00:13.442     0     0 D NetBpfLoad: Section bpfloader_min_ver value is 42 [0x2a]
11-11 03:00:13.442     0     0 D NetBpfLoad: Section bpfloader_max_ver value is 65536 [0x10000]
11-11 03:00:13.442     0     0 D NetBpfLoad: BpfLoader version 0x0002f processing ELF object /apex/com.android.tethering/etc/bpf/tethering/offload.o with ver [0x0002a,0x10000)
11-11 03:00:13.449     0     0 D ieee80211 phy1: Selected rate control algorithm 'minstrel_ht'
11-11 03:00:13.452     0     0 D ieee80211 phy2: Selected rate control algorithm 'minstrel_ht'
11-11 03:00:13.453     0     0 I init    : Service 'init_wifi_sh' (pid 622) exited with status 0 oneshot service took 0.033000 seconds in background
11-11 03:00:13.454     0     0 I init    : Sending signal 9 to service 'init_wifi_sh' (pid 622) process group...
11-11 03:00:13.454     0     0 I libprocessgroup: Removed cgroup /sys/fs/cgroup/system/uid_0/pid_622
11-11 03:00:13.487     0     0 D NetBpfLoad: bpf_create_map[tether_error_map] btf:1 -> 7
11-11 03:00:13.487     0     0 I NetBpfLoad: map /sys/fs/bpf/tethering/map_offload_tether_error_map id 5
11-11 03:00:13.488     0     0 D NetBpfLoad: bpf_create_map[tether_stats_map] btf:1 -> 8
11-11 03:00:13.488     0     0 I NetBpfLoad: map /sys/fs/bpf/tethering/map_offload_tether_stats_map id 6
11-11 03:00:13.488     0     0 D NetBpfLoad: bpf_create_map[tether_limit_map] btf:1 -> 9
11-11 03:00:13.488     0     0 I NetBpfLoad: map /sys/fs/bpf/tethering/map_offload_tether_limit_map id 7
11-11 03:00:13.488     0     0 D NetBpfLoad: bpf_create_map[tether_downstream6_map] btf:1 -> 10
11-11 03:00:13.488     0     0 I NetBpfLoad: map /sys/fs/bpf/tethering/map_offload_tether_downstream6_map id 8
11-11 03:00:13.489     0     0 D NetBpfLoad: bpf_create_map[tether_downstream64_map] btf:1 -> 11
11-11 03:00:13.489     0     0 I NetBpfLoad: map /sys/fs/bpf/tethering/map_offload_tether_downstream64_map id 9
11-11 03:00:13.489     0     0 D NetBpfLoad: bpf_create_map[tether_upstream6_map] btf:1 -> 12
11-11 03:00:13.489     0     0 I NetBpfLoad: map /sys/fs/bpf/tethering/map_offload_tether_upstream6_map id 10
11-11 03:00:13.489     0     0 D NetBpfLoad: bpf_create_map[tether_downstream4_map] btf:1 -> 13
11-11 03:00:13.490     0     0 I NetBpfLoad: map /sys/fs/bpf/tethering/map_offload_tether_downstream4_map id 11
11-11 03:00:13.490     0     0 D NetBpfLoad: bpf_create_map[tether_upstream4_map] btf:1 -> 14
11-11 03:00:13.490     0     0 I NetBpfLoad: map /sys/fs/bpf/tethering/map_offload_tether_upstream4_map id 12
11-11 03:00:13.490     0     0 D NetBpfLoad: bpf_create_map[tether_dev_map] btf:0 -> 15
11-11 03:00:13.490     0     0 I NetBpfLoad: map /sys/fs/bpf/tethering/map_offload_tether_dev_map id 13
11-11 03:00:13.507     0     0 D NetBpfLoad: cs[0].name:schedcls_tether_downstream6_ether min_kver:0 .max_kver:ffffffff (kvers:60c0012)
11-11 03:00:13.507     0     0 D NetBpfLoad: cs[0].name:schedcls_tether_downstream6_ether requires bpfloader version [0x0002a,0x10000)
11-11 03:00:13.511     0     0 D NetBpfLoad: BPF_PROG_LOAD call for /apex/com.android.tethering/etc/bpf/tethering/offload.o (schedcls_tether_downstream6_ether) returned 'processed 612 insns (limit 1000000) max_states_per_insn 1 total_states 32 peak_states 32 mark_read 5' fd: 16 (ok)
11-11 03:00:13.511     0     0 I NetBpfLoad: prog /sys/fs/bpf/tethering/prog_offload_schedcls_tether_downstream6_ether id 2 len jit:1667 xlat:2928
11-11 03:00:13.511     0     0 D NetBpfLoad: cs[1].name:schedcls_tether_upstream6_ether min_kver:0 .max_kver:ffffffff (kvers:60c0012)
11-11 03:00:13.512     0     0 D NetBpfLoad: cs[1].name:schedcls_tether_upstream6_ether requires bpfloader version [0x0002a,0x10000)
11-11 03:00:13.516     0     0 D NetBpfLoad: BPF_PROG_LOAD call for /apex/com.android.tethering/etc/bpf/tethering/offload.o (schedcls_tether_upstream6_ether) returned 'processed 598 insns (limit 1000000) max_states_per_insn 1 total_states 36 peak_states 36 mark_read 7' fd: 17 (ok)
11-11 03:00:13.516     0     0 I NetBpfLoad: prog /sys/fs/bpf/tethering/prog_offload_schedcls_tether_upstream6_ether id 3 len jit:1730 xlat:3040
11-11 03:00:13.516     0     0 D NetBpfLoad: cs[2].name:schedcls_tether_downstream6_rawip$4_14 min_kver:40e0000 .max_kver:ffffffff (kvers:60c0012)
11-11 03:00:13.517     0     0 D NetBpfLoad: cs[2].name:schedcls_tether_downstream6_rawip$4_14 requires bpfloader version [0x0002a,0x10000)
11-11 03:00:13.519     0     0 D NetBpfLoad: BPF_PROG_LOAD call for /apex/com.android.tethering/etc/bpf/tethering/offload.o (schedcls_tether_downstream6_rawip$4_14) returned 'processed 420 insns (limit 1000000) max_states_per_insn 1 total_states 30 peak_states 30 mark_read 4' fd: 18 (ok)
11-11 03:00:13.519     0     0 I NetBpfLoad: prog /sys/fs/bpf/tethering/prog_offload_schedcls_tether_downstream6_rawip id 4 len jit:1719 xlat:3056
11-11 03:00:13.519     0     0 D NetBpfLoad: cs[3].name:schedcls_tether_upstream6_rawip$4_14 min_kver:40e0000 .max_kver:ffffffff (kvers:60c0012)
11-11 03:00:13.520     0     0 D NetBpfLoad: cs[3].name:schedcls_tether_upstream6_rawip$4_14 requires bpfloader version [0x0002a,0x10000)
11-11 03:00:13.523     0     0 D NetBpfLoad: BPF_PROG_LOAD call for /apex/com.android.tethering/etc/bpf/tethering/offload.o (schedcls_tether_upstream6_rawip$4_14) returned 'processed 450 insns (limit 1000000) max_states_per_insn 1 total_states 33 peak_states 33 mark_read 5' fd: 19 (ok)
11-11 03:00:13.523     0     0 I NetBpfLoad: prog /sys/fs/bpf/tethering/prog_offload_schedcls_tether_upstream6_rawip id 5 len jit:1793 xlat:3192
11-11 03:00:13.524     0     0 D NetBpfLoad: cs[4].name:schedcls_tether_downstream6_rawip$stub min_kver:0 .max_kver:40e0000 (kvers:60c0012)
11-11 03:00:13.524     0     0 D NetBpfLoad: cs[5].name:schedcls_tether_upstream6_rawip$stub min_kver:0 .max_kver:40e0000 (kvers:60c0012)
11-11 03:00:13.525     0     0 D NetBpfLoad: cs[6].name:schedcls_tether_downstream4_rawip$5_8 min_kver:50a0000 .max_kver:ffffffff (kvers:60c0012)
11-11 03:00:13.526     0     0 D NetBpfLoad: cs[6].name:schedcls_tether_downstream4_rawip$5_8 requires bpfloader version [0x0002a,0x10000)
11-11 03:00:13.530     0     0 D NetBpfLoad: BPF_PROG_LOAD call for /apex/com.android.tethering/etc/bpf/tethering/offload.o (schedcls_tether_downstream4_rawip$5_8) returned 'processed 877 insns (limit 1000000) max_states_per_insn 0 total_states 62 peak_states 62 mark_read 9' fd: 20 (ok)
11-11 03:00:13.530     0     0 I NetBpfLoad: prog /sys/fs/bpf/tethering/prog_offload_schedcls_tether_downstream4_rawip id 6 len jit:3889 xlat:7000
11-11 03:00:13.531     0     0 D NetBpfLoad: cs[7].name:schedcls_tether_upstream4_rawip$5_8 min_kver:50a0000 .max_kver:ffffffff (kvers:60c0012)
11-11 03:00:13.531     0     0 D NetBpfLoad: cs[7].name:schedcls_tether_upstream4_rawip$5_8 requires bpfloader version [0x0002a,0x10000)
11-11 03:00:13.537     0     0 D NetBpfLoad: BPF_PROG_LOAD call for /apex/com.android.tethering/etc/bpf/tethering/offload.o (schedcls_tether_upstream4_rawip$5_8) returned 'processed 877 insns (limit 1000000) max_states_per_insn 0 total_states 62 peak_states 62 mark_read 9' fd: 21 (ok)
11-11 03:00:13.537     0     0 I NetBpfLoad: prog /sys/fs/bpf/tethering/prog_offload_schedcls_tether_upstream4_rawip id 7 len jit:3877 xlat:6984
11-11 03:00:13.537     0     0 D NetBpfLoad: cs[8].name:schedcls_tether_downstream4_ether$5_8 min_kver:50a0000 .max_kver:ffffffff (kvers:60c0012)
11-11 03:00:13.538     0     0 D NetBpfLoad: cs[8].name:schedcls_tether_downstream4_ether$5_8 requires bpfloader version [0x0002a,0x10000)
11-11 03:00:13.544     0     0 D NetBpfLoad: BPF_PROG_LOAD call for /apex/com.android.tethering/etc/bpf/tethering/offload.o (schedcls_tether_downstream4_ether$5_8) returned 'processed 879 insns (limit 1000000) max_states_per_insn 0 total_states 53 peak_states 53 mark_read 7' fd: 22 (ok)
11-11 03:00:13.544     0     0 I NetBpfLoad: prog /sys/fs/bpf/tethering/prog_offload_schedcls_tether_downstream4_ether id 8 len jit:3657 xlat:6568
11-11 03:00:13.544     0     0 D NetBpfLoad: cs[9].name:schedcls_tether_upstream4_ether$5_8 min_kver:50a0000 .max_kver:ffffffff (kvers:60c0012)
11-11 03:00:13.545     0     0 D NetBpfLoad: cs[9].name:schedcls_tether_upstream4_ether$5_8 requires bpfloader version [0x0002a,0x10000)
11-11 03:00:13.551     0     0 D NetBpfLoad: BPF_PROG_LOAD call for /apex/com.android.tethering/etc/bpf/tethering/offload.o (schedcls_tether_upstream4_ether$5_8) returned 'processed 879 insns (limit 1000000) max_states_per_insn 0 total_states 53 peak_states 53 mark_read 7' fd: 23 (ok)
11-11 03:00:13.551     0     0 I NetBpfLoad: prog /sys/fs/bpf/tethering/prog_offload_schedcls_tether_upstream4_ether id 9 len jit:3643 xlat:6552
11-11 03:00:13.552     0     0 D NetBpfLoad: cs[10].name:schedcls_tether_downstream4_rawip$opt min_kver:40e0000 .max_kver:50a0000 (kvers:60c0012)
11-11 03:00:13.552     0     0 D NetBpfLoad: cs[11].name:schedcls_tether_upstream4_rawip$opt min_kver:40e0000 .max_kver:50a0000 (kvers:60c0012)
11-11 03:00:13.553     0     0 D NetBpfLoad: cs[12].name:schedcls_tether_downstream4_ether$opt min_kver:40e0000 .max_kver:50a0000 (kvers:60c0012)
11-11 03:00:13.554     0     0 D NetBpfLoad: cs[13].name:schedcls_tether_upstream4_ether$opt min_kver:40e0000 .max_kver:50a0000 (kvers:60c0012)
11-11 03:00:13.554     0     0 D NetBpfLoad: cs[14].name:schedcls_tether_downstream4_rawip$5_4 min_kver:5040000 .max_kver:50a0000 (kvers:60c0012)
11-11 03:00:13.554     0     0 D NetBpfLoad: cs[15].name:schedcls_tether_upstream4_rawip$5_4 min_kver:5040000 .max_kver:50a0000 (kvers:60c0012)
11-11 03:00:13.554     0     0 D NetBpfLoad: cs[16].name:schedcls_tether_downstream4_rawip$4_14 min_kver:40e0000 .max_kver:5040000 (kvers:60c0012)
11-11 03:00:13.554     0     0 D NetBpfLoad: cs[17].name:schedcls_tether_upstream4_rawip$4_14 min_kver:40e0000 .max_kver:5040000 (kvers:60c0012)
11-11 03:00:13.554     0     0 D NetBpfLoad: cs[18].name:schedcls_tether_downstream4_ether$4_14 min_kver:40e0000 .max_kver:50a0000 (kvers:60c0012)
11-11 03:00:13.554     0     0 D NetBpfLoad: cs[19].name:schedcls_tether_upstream4_ether$4_14 min_kver:40e0000 .max_kver:50a0000 (kvers:60c0012)
11-11 03:00:13.554     0     0 D NetBpfLoad: cs[20].name:schedcls_tether_downstream4_rawip$stub min_kver:0 .max_kver:5040000 (kvers:60c0012)
11-11 03:00:13.554     0     0 D NetBpfLoad: cs[21].name:schedcls_tether_upstream4_rawip$stub min_kver:0 .max_kver:5040000 (kvers:60c0012)
11-11 03:00:13.554     0     0 D NetBpfLoad: cs[22].name:schedcls_tether_downstream4_ether$stub min_kver:0 .max_kver:40e0000 (kvers:60c0012)
11-11 03:00:13.554     0     0 D NetBpfLoad: cs[23].name:schedcls_tether_upstream4_ether$stub min_kver:0 .max_kver:40e0000 (kvers:60c0012)
11-11 03:00:13.554     0     0 D NetBpfLoad: cs[24].name:xdp_tether_downstream_ether min_kver:50a0000 .max_kver:ffffffff (kvers:60c0012)
11-11 03:00:13.554     0     0 D NetBpfLoad: cs[24].name:xdp_tether_downstream_ether requires bpfloader version [0x0002a,0x10000)
11-11 03:00:13.554     0     0 D NetBpfLoad: BPF_PROG_LOAD call for /apex/com.android.tethering/etc/bpf/tethering/offload.o (xdp_tether_downstream_ether) returned 'processed 2 insns (limit 1000000) max_states_per_insn 0 total_states 0 peak_states 0 mark_read 0' fd: 24 (ok)
11-11 03:00:13.554     0     0 I NetBpfLoad: prog /sys/fs/bpf/tethering/prog_offload_xdp_tether_downstream_ether id 10 len jit:31 xlat:16
11-11 03:00:13.554     0     0 D NetBpfLoad: cs[25].name:xdp_tether_downstream_rawip min_kver:50a0000 .max_kver:ffffffff (kvers:60c0012)
11-11 03:00:13.555     0     0 D NetBpfLoad: cs[25].name:xdp_tether_downstream_rawip requires bpfloader version [0x0002a,0x10000)
11-11 03:00:13.555     0     0 D NetBpfLoad: BPF_PROG_LOAD call for /apex/com.android.tethering/etc/bpf/tethering/offload.o (xdp_tether_downstream_rawip) returned 'processed 2 insns (limit 1000000) max_states_per_insn 0 total_states 0 peak_states 0 mark_read 0' fd: 25 (ok)
11-11 03:00:13.556     0     0 I NetBpfLoad: prog /sys/fs/bpf/tethering/prog_offload_xdp_tether_downstream_rawip id 11 len jit:31 xlat:16
11-11 03:00:13.556     0     0 D NetBpfLoad: cs[26].name:xdp_tether_upstream_ether min_kver:50a0000 .max_kver:ffffffff (kvers:60c0012)
11-11 03:00:13.557     0     0 D NetBpfLoad: cs[26].name:xdp_tether_upstream_ether requires bpfloader version [0x0002a,0x10000)
11-11 03:00:13.557     0     0 D NetBpfLoad: BPF_PROG_LOAD call for /apex/com.android.tethering/etc/bpf/tethering/offload.o (xdp_tether_upstream_ether) returned 'processed 2 insns (limit 1000000) max_states_per_insn 0 total_states 0 peak_states 0 mark_read 0' fd: 26 (ok)
11-11 03:00:13.557     0     0 I NetBpfLoad: prog /sys/fs/bpf/tethering/prog_offload_xdp_tether_upstream_ether id 12 len jit:31 xlat:16
11-11 03:00:13.557     0     0 D NetBpfLoad: cs[27].name:xdp_tether_upstream_rawip min_kver:50a0000 .max_kver:ffffffff (kvers:60c0012)
11-11 03:00:13.558     0     0 D NetBpfLoad: cs[27].name:xdp_tether_upstream_rawip requires bpfloader version [0x0002a,0x10000)
11-11 03:00:13.559     0     0 D NetBpfLoad: BPF_PROG_LOAD call for /apex/com.android.tethering/etc/bpf/tethering/offload.o (xdp_tether_upstream_rawip) returned 'processed 2 insns (limit 1000000) max_states_per_insn 0 total_states 0 peak_states 0 mark_read 0' fd: 28 (ok)
11-11 03:00:13.559     0     0 I NetBpfLoad: prog /sys/fs/bpf/tethering/prog_offload_xdp_tether_upstream_rawip id 13 len jit:31 xlat:16
11-11 03:00:13.559     0     0 D NetBpfLoad: Loaded object: /apex/com.android.tethering/etc/bpf/tethering/offload.o
11-11 03:00:13.560     0     0 D NetBpfLoad: Loading ELF object /apex/com.android.tethering/etc/bpf/netd_shared/netd.o with license Apache 2.0
11-11 03:00:13.560     0     0 D NetBpfLoad: Section bpfloader_min_ver value is 43 [0x2b]
11-11 03:00:13.563     0     0 D NetBpfLoad: Section bpfloader_max_ver value is 65536 [0x10000]
11-11 03:00:13.563     0     0 D NetBpfLoad: BpfLoader version 0x0002f processing ELF object /apex/com.android.tethering/etc/bpf/netd_shared/netd.o with ver [0x0002b,0x10000)
11-11 03:00:13.622     0     0 D NetBpfLoad: bpf_create_map[configuration_map] btf:1 -> 8
11-11 03:00:13.622     0     0 I NetBpfLoad: map /sys/fs/bpf/netd_shared/map_netd_configuration_map id 14
11-11 03:00:13.622     0     0 D NetBpfLoad: bpf_create_map[blocked_ports_map] btf:1 -> 9
11-11 03:00:13.622     0     0 I NetBpfLoad: map /sys/fs/bpf/netd_shared/map_netd_blocked_ports_map id 15
11-11 03:00:13.623     0     0 D NetBpfLoad: bpf_create_map[cookie_tag_map] btf:1 -> 10
11-11 03:00:13.623     0     0 I NetBpfLoad: map /sys/fs/bpf/netd_shared/map_netd_cookie_tag_map id 16
11-11 03:00:13.624     0     0 D NetBpfLoad: bpf_create_map[uid_counterset_map] btf:1 -> 11
11-11 03:00:13.624     0     0 I NetBpfLoad: map /sys/fs/bpf/netd_shared/map_netd_uid_counterset_map id 17
11-11 03:00:13.625     0     0 D NetBpfLoad: bpf_create_map[app_uid_stats_map] btf:1 -> 12
11-11 03:00:13.625     0     0 I NetBpfLoad: map /sys/fs/bpf/netd_shared/map_netd_app_uid_stats_map id 18
11-11 03:00:13.625     0     0 D NetBpfLoad: bpf_create_map[stats_map_A] btf:1 -> 13
11-11 03:00:13.625     0     0 I NetBpfLoad: map /sys/fs/bpf/netd_shared/map_netd_stats_map_A id 19
11-11 03:00:13.626     0     0 D NetBpfLoad: bpf_create_map[stats_map_B] btf:1 -> 14
11-11 03:00:13.626     0     0 I NetBpfLoad: map /sys/fs/bpf/netd_shared/map_netd_stats_map_B id 20
11-11 03:00:13.626     0     0 D NetBpfLoad: bpf_create_map[iface_stats_map] btf:1 -> 15
11-11 03:00:13.626     0     0 I NetBpfLoad: map /sys/fs/bpf/netd_shared/map_netd_iface_stats_map id 21
11-11 03:00:13.627     0     0 D NetBpfLoad: bpf_create_map[uid_owner_map] btf:1 -> 16
11-11 03:00:13.627     0     0 I NetBpfLoad: map /sys/fs/bpf/netd_shared/map_netd_uid_owner_map id 22
11-11 03:00:13.627     0     0 D NetBpfLoad: bpf_create_map[uid_permission_map] btf:1 -> 17
11-11 03:00:13.627     0     0 I NetBpfLoad: map /sys/fs/bpf/netd_shared/map_netd_uid_permission_map id 23
11-11 03:00:13.628     0     0 D NetBpfLoad: bpf_create_map[ingress_discard_map] btf:1 -> 18
11-11 03:00:13.628     0     0 I NetBpfLoad: map /sys/fs/bpf/netd_shared/map_netd_ingress_discard_map id 24
11-11 03:00:13.628     0     0 D NetBpfLoad: bpf_create_map[lock_array_test_map] btf:1 -> 19
11-11 03:00:13.628     0     0 I NetBpfLoad: map /sys/fs/bpf/netd_shared/map_netd_lock_array_test_map id 25
11-11 03:00:13.628     0     0 D NetBpfLoad: bpf_create_map[lock_hash_test_map] btf:1 -> 20
11-11 03:00:13.628     0     0 I NetBpfLoad: map /sys/fs/bpf/netd_shared/map_netd_lock_hash_test_map id 26
11-11 03:00:13.629     0     0 D NetBpfLoad: bpf_create_map[iface_index_name_map] btf:1 -> 21
11-11 03:00:13.629     0     0 I NetBpfLoad: map /sys/fs/bpf/netd_shared/map_netd_iface_index_name_map id 27
11-11 03:00:13.629     0     0 D NetBpfLoad: bpf_create_map[packet_trace_enabled_map] btf:1 -> 22
