11-11 03:00:06.984     0     0 I dlkm_loader: Loading module /vendor/lib/modules/dummy_hcd.ko with args ''
11-11 03:00:06.985     0     0 I dummy_hcd.0: USB Host+Gadget Emulator, driver 02 May 2005
11-11 03:00:06.986     0     0 I dummy_hcd.0: Dummy host controller
11-11 03:00:06.986     0     0 I dummy_hcd.0: new USB bus registered, assigned bus number 3
11-11 03:00:06.986     0     0 I usb3    : New USB device found, idVendor=1d6b, idProduct=0002, bcdDevice= 6.12
11-11 03:00:06.986     0     0 I usb3    : New USB device strings: Mfr=3, Product=2, SerialNumber=1
11-11 03:00:06.987     0     0 I usb3    : Product: Dummy host controller
11-11 03:00:06.987     0     0 I usb3    : Manufacturer: Linux 6.12.18-android16-1-g50eb8d5d443b-ab13257114 dummy_hcd
11-11 03:00:06.987     0     0 I usb3    : SerialNumber: dummy_hcd.0
11-11 03:00:06.989     0     0 I hub 3-0 : 1.0: USB hub found
11-11 03:00:06.990     0     0 I zram    : Added device: zram0
11-11 03:00:06.990     0     0 I hub 3-0 : 1.0: 1 port detected
11-11 03:00:06.991     0     0 I dlkm_loader: Loaded kernel module /vendor/lib/modules/dummy_hcd.ko
11-11 03:00:06.991     0     0 I dlkm_loader: Loading module /vendor/lib/modules/goldfish_address_space.ko with args ''
11-11 03:00:06.992     0     0 I init    : Service 'exec 1 (/system/bin/modprobe -a -d /system/lib/modules zram.ko)' (pid 307) exited with status 0 waiting took 0.017000 seconds
11-11 03:00:06.992     0     0 W goldfish_address_space: loading out-of-tree module taints kernel.
11-11 03:00:06.992     0     0 I init    : Sending signal 9 to service 'exec 1 (/system/bin/modprobe -a -d /system/lib/modules zram.ko)' (pid 307) process group...
11-11 03:00:06.993     0     0 I libprocessgroup: Removed cgroup /sys/fs/cgroup/system/uid_0/pid_307
11-11 03:00:06.994     0     0 I dlkm_loader: Loaded kernel module /vendor/lib/modules/goldfish_address_space.ko
11-11 03:00:06.994     0     0 I init    : wait for '/dev/dri/card0' took 0ms
11-11 03:00:06.994     0     0 I dlkm_loader: Loading module /vendor/lib/modules/goldfish_battery.ko with args ''
11-11 03:00:06.995     0     0 I init    : starting service 'exec 2 (/vendor/bin/modprobe -d /vendor/lib/modules vkms.ko create_default_dev=0)'...
11-11 03:00:06.996     0     0 I dlkm_loader: Loaded kernel module /vendor/lib/modules/goldfish_battery.ko
11-11 03:00:06.996     0     0 I dlkm_loader: Loading module /vendor/lib/modules/goldfish_pipe.ko with args ''
11-11 03:00:06.997     0     0 I init    : ... started service 'exec 2 (/vendor/bin/modprobe -d /vendor/lib/modules vkms.ko create_default_dev=0)' has pid 310
11-11 03:00:06.997     0     0 I dlkm_loader: Loaded kernel module /vendor/lib/modules/goldfish_pipe.ko
11-11 03:00:06.997     0     0 I init    : SVC_EXEC service 'exec 2 (/vendor/bin/modprobe -d /vendor/lib/modules vkms.ko create_default_dev=0)' pid 310 (uid 0 gid 0+0 context u:r:vendor_modprobe:s0) started; waiting...
11-11 03:00:06.997     0     0 I dlkm_loader: Loading module /vendor/lib/modules/goldfish_sync.ko with args ''
11-11 03:00:06.999     0     0 I dlkm_loader: Loaded kernel module /vendor/lib/modules/goldfish_sync.ko
11-11 03:00:07.000     0     0 I dlkm_loader: Loading module /system/lib/modules/can-dev.ko with args ''
11-11 03:00:07.002     0     0 I         : CAN device driver interface
11-11 03:00:07.002     0     0 I dlkm_loader: Loaded kernel module /system/lib/modules/can-dev.ko
11-11 03:00:07.002     0     0 I dlkm_loader: Loading module /vendor/lib/modules/gs_usb.ko with args ''
11-11 03:00:07.004     0     0 I usbcore : registered new interface driver gs_usb
11-11 03:00:07.004     0     0 I dlkm_loader: Loaded kernel module /vendor/lib/modules/gs_usb.ko
11-11 03:00:07.004     0     0 I dlkm_loader: Loading module /system/lib/modules/rfkill.ko with args ''
11-11 03:00:07.006     0     0 I dlkm_loader: Loading module /system/lib/modules/bluetooth.ko with args ''
11-11 03:00:07.007     0     0 I init    : Service 'exec 2 (/vendor/bin/modprobe -d /vendor/lib/modules vkms.ko create_default_dev=0)' (pid 310) exited with status 0 waiting took 0.011000 seconds
11-11 03:00:07.007     0     0 I init    : Sending signal 9 to service 'exec 2 (/vendor/bin/modprobe -d /vendor/lib/modules vkms.ko create_default_dev=0)' (pid 310) process group...
11-11 03:00:07.008     0     0 I libprocessgroup: Removed cgroup /sys/fs/cgroup/system/uid_0/pid_310
11-11 03:00:07.009     0     0 I init    : processing action (early-init) from (/vendor/etc/init/init.cutf_cvm.rc:135)
11-11 03:00:07.009     0     0 I init    : processing action (early-init) from (/vendor/etc/init/init_graphics.vendor.rc:1)
11-11 03:00:07.010     0     0 I init    : Command 'setprop ro.vendor.hwcomposer.mode ${ro.boot.hardware.hwcomposer.mode}' action=early-init (/vendor/etc/init/init_graphics.vendor.rc:11) took 0ms and failed: property 'ro.boot.hardware.hwcomposer.mode' doesn't exist while expanding '${ro.boot.hardware.hwcomposer.mode}'
11-11 03:00:07.011     0     0 I init    : Command 'setprop debug.hwui.renderer ${ro.boot.hardware.guest_hwui_renderer}' action=early-init (/vendor/etc/init/init_graphics.vendor.rc:17) took 0ms and failed: property 'ro.boot.hardware.guest_hwui_renderer' doesn't exist while expanding '${ro.boot.hardware.guest_hwui_renderer}'
11-11 03:00:07.012     0     0 I init    : Command 'setprop ro.zygote.disable_gl_preload ${ro.boot.hardware.guest_disable_renderer_preload}' action=early-init (/vendor/etc/init/init_graphics.vendor.rc:18) took 0ms and failed: property 'ro.boot.hardware.guest_disable_renderer_preload' doesn't exist while expanding '${ro.boot.hardware.guest_disable_renderer_preload}'
11-11 03:00:07.013     0     0 I init    : processing action (ConnectEarlyStageSnapuserd) from (<Builtin Action>:0)
11-11 03:00:07.014     0     0 I init    : processing action (wait_for_coldboot_done) from (<Builtin Action>:0)
11-11 03:00:07.014     0     0 I init    : start_waiting_for_property("ro.cold_boot_done", "true"): already set
11-11 03:00:07.014     0     0 I init    : processing action (CheckTradeInModeStatus) from (<Builtin Action>:0)
11-11 03:00:07.014     0     0 I Bluetooth: Core ver 2.22
11-11 03:00:07.014     0     0 I init    : processing action (SetMmapRndBits) from (<Builtin Action>:0)
11-11 03:00:07.015     0     0 I NET     : Registered PF_BLUETOOTH protocol family
11-11 03:00:07.015     0     0 I Bluetooth: HCI device and connection manager initialized
11-11 03:00:07.015     0     0 I init    : processing action (KeychordInit) from (<Builtin Action>:0)
11-11 03:00:07.015     0     0 I Bluetooth: HCI socket layer initialized
11-11 03:00:07.016     0     0 W init    : EVIOCSMASK not supported: Invalid argument
11-11 03:00:07.016     0     0 I Bluetooth: L2CAP socket layer initialized
11-11 03:00:07.017     0     0 I Bluetooth: SCO socket layer initialized
11-11 03:00:07.017     0     0 I init    : processing action (init) from (/system/etc/init/hw/init.rc:103)
11-11 03:00:07.020     0     0 I init    : Command 'write /dev/blkio/blkio.weight 1000' action=init (/system/etc/init/hw/init.rc:204) took 0ms and failed: Unable to write to file '/dev/blkio/blkio.weight': open() failed: Permission denied
11-11 03:00:07.020     0     0 I dlkm_loader: Loaded kernel module /system/lib/modules/bluetooth.ko
11-11 03:00:07.020     0     0 I init    : Command 'write /dev/blkio/background/blkio.weight 200' action=init (/system/etc/init/hw/init.rc:205) took 0ms and failed: Unable to write to file '/dev/blkio/background/blkio.weight': open() failed: Permission denied
11-11 03:00:07.020     0     0 I dlkm_loader: Loading module /vendor/lib/modules/hci_vhci.ko with args ''
11-11 03:00:07.021     0     0 I init    : Command 'write /dev/blkio/blkio.group_idle 0' action=init (/system/etc/init/hw/init.rc:207) took 0ms and failed: Unable to write to file '/dev/blkio/blkio.group_idle': open() failed: Permission denied
11-11 03:00:07.022     0     0 I init    : Command 'write /dev/blkio/background/blkio.group_idle 0' action=init (/system/etc/init/hw/init.rc:208) took 0ms and failed: Unable to write to file '/dev/blkio/background/blkio.group_idle': open() failed: Permission denied
11-11 03:00:07.023     0     0 I dlkm_loader: Loaded kernel module /vendor/lib/modules/hci_vhci.ko
11-11 03:00:07.024     0     0 I dlkm_loader: Loading module /vendor/lib/modules/mt76.ko with args ''
11-11 03:00:07.027     0     0 I dlkm_loader: Loaded kernel module /vendor/lib/modules/mt76.ko
11-11 03:00:07.027     0     0 I dlkm_loader: Loading module /vendor/lib/modules/mt76-usb.ko with args ''
11-11 03:00:07.027     0     0 I init    : Command 'copy /dev/cpuset/cpus /dev/cpuset/foreground/cpus' action=init (/system/etc/init/hw/init.rc:314) took 0ms and failed: Could not read input file '/dev/cpuset/cpus': open() failed: No such file or directory
11-11 03:00:07.028     0     0 I init    : Command 'copy /dev/cpuset/mems /dev/cpuset/foreground/mems' action=init (/system/etc/init/hw/init.rc:315) took 0ms and failed: Could not read input file '/dev/cpuset/mems': open() failed: No such file or directory
11-11 03:00:07.029     0     0 I init    : Command 'copy /dev/cpuset/cpus /dev/cpuset/foreground_window/cpus' action=init (/system/etc/init/hw/init.rc:317) took 0ms and failed: Could not read input file '/dev/cpuset/cpus': open() failed: No such file or directory
11-11 03:00:07.030     0     0 I dlkm_loader: Loaded kernel module /vendor/lib/modules/mt76-usb.ko
11-11 03:00:07.030     0     0 I init    : Command 'copy /dev/cpuset/mems /dev/cpuset/foreground_window/mems' action=init (/system/etc/init/hw/init.rc:318) took 0ms and failed: Could not read input file '/dev/cpuset/mems': open() failed: No such file or directory
11-11 03:00:07.030     0     0 I init    : Command 'copy /dev/cpuset/cpus /dev/cpuset/background/cpus' action=init (/system/etc/init/hw/init.rc:320) took 0ms and failed: Could not read input file '/dev/cpuset/cpus': open() failed: No such file or directory
11-11 03:00:07.030     0     0 I dlkm_loader: Loading module /vendor/lib/modules/mt76x02-lib.ko with args ''
11-11 03:00:07.030     0     0 I init    : Command 'copy /dev/cpuset/mems /dev/cpuset/background/mems' action=init (/system/etc/init/hw/init.rc:321) took 0ms and failed: Could not read input file '/dev/cpuset/mems': open() failed: No such file or directory
11-11 03:00:07.033     0     0 I init    : Command 'copy /dev/cpuset/cpus /dev/cpuset/system-background/cpus' action=init (/system/etc/init/hw/init.rc:326) took 0ms and failed: Could not read input file '/dev/cpuset/cpus': open() failed: No such file or directory
11-11 03:00:07.034     0     0 I init    : Command 'copy /dev/cpuset/mems /dev/cpuset/system-background/mems' action=init (/system/etc/init/hw/init.rc:327) took 0ms and failed: Could not read input file '/dev/cpuset/mems': open() failed: No such file or directory
11-11 03:00:07.034     0     0 I dlkm_loader: Loaded kernel module /vendor/lib/modules/mt76x02-lib.ko
11-11 03:00:07.034     0     0 I init    : Command 'copy /dev/cpuset/cpus /dev/cpuset/restricted/cpus' action=init (/system/etc/init/hw/init.rc:332) took 0ms and failed: Could not read input file '/dev/cpuset/cpus': open() failed: No such file or directory
11-11 03:00:07.034     0     0 I dlkm_loader: Loading module /vendor/lib/modules/mt76x0-common.ko with args ''
11-11 03:00:07.035     0     0 I init    : Command 'copy /dev/cpuset/mems /dev/cpuset/restricted/mems' action=init (/system/etc/init/hw/init.rc:333) took 0ms and failed: Could not read input file '/dev/cpuset/mems': open() failed: No such file or directory
11-11 03:00:07.036     0     0 I dlkm_loader: Loaded kernel module /vendor/lib/modules/mt76x0-common.ko
11-11 03:00:07.036     0     0 I init    : Command 'copy /dev/cpuset/cpus /dev/cpuset/top-app/cpus' action=init (/system/etc/init/hw/init.rc:336) took 0ms and failed: Could not read input file '/dev/cpuset/cpus': open() failed: No such file or directory
11-11 03:00:07.037     0     0 I init    : Command 'copy /dev/cpuset/mems /dev/cpuset/top-app/mems' action=init (/system/etc/init/hw/init.rc:337) took 0ms and failed: Could not read input file '/dev/cpuset/mems': open() failed: No such file or directory
11-11 03:00:07.037     0     0 I dlkm_loader: Loading module /vendor/lib/modules/mt76x02-usb.ko with args ''
11-11 03:00:07.038     0     0 I init    : Command 'copy /dev/cpuset/cpus /dev/cpuset/camera-daemon/cpus' action=init (/system/etc/init/hw/init.rc:341) took 0ms and failed: Could not read input file '/dev/cpuset/cpus': open() failed: No such file or directory
11-11 03:00:07.039     0     0 I dlkm_loader: Loaded kernel module /vendor/lib/modules/mt76x02-usb.ko
11-11 03:00:07.039     0     0 I init    : Command 'copy /dev/cpuset/mems /dev/cpuset/camera-daemon/mems' action=init (/system/etc/init/hw/init.rc:342) took 0ms and failed: Could not read input file '/dev/cpuset/mems': open() failed: No such file or directory
11-11 03:00:07.039     0     0 I dlkm_loader: Loading module /vendor/lib/modules/mt76x0u.ko with args ''
11-11 03:00:07.041     0     0 I init    : Command 'write /dev/cpu_variant:${ro.bionic.arch} ${ro.bionic.cpu_variant}' action=init (/system/etc/init/hw/init.rc:421) took 0ms and failed: property 'ro.bionic.cpu_variant' doesn't exist while expanding '${ro.bionic.cpu_variant}'
11-11 03:00:07.042     0     0 I init    : Command 'write /dev/cpu_variant:${ro.bionic.2nd_arch} ${ro.bionic.2nd_cpu_variant}' action=init (/system/etc/init/hw/init.rc:423) took 0ms and failed: property 'ro.bionic.2nd_arch' doesn't exist while expanding '/dev/cpu_variant:${ro.bionic.2nd_arch}'
11-11 03:00:07.043     0     0 I init    : Command 'chmod 0444 /dev/cpu_variant:${ro.bionic.2nd_arch}' action=init (/system/etc/init/hw/init.rc:424) took 0ms and failed: property 'ro.bionic.2nd_arch' doesn't exist while expanding '/dev/cpu_variant:${ro.bionic.2nd_arch}'
11-11 03:00:07.043     0     0 I usbcore : registered new interface driver mt76x0u
11-11 03:00:07.044     0     0 I dlkm_loader: Loaded kernel module /vendor/lib/modules/mt76x0u.ko
11-11 03:00:07.044     0     0 I init    : starting service 'logd'...
11-11 03:00:07.044     0     0 I dlkm_loader: Loading module /vendor/lib/modules/mt76x2-common.ko with args ''
11-11 03:00:07.044     0     0 I init    : Created socket '/dev/socket/logd', mode 666, user 1036, group 1036
11-11 03:00:07.045     0     0 I init    : Created socket '/dev/socket/logdr', mode 666, user 1036, group 1036
11-11 03:00:07.045     0     0 I dlkm_loader: Loaded kernel module /vendor/lib/modules/mt76x2-common.ko
11-11 03:00:07.046     0     0 I init    : Created socket '/dev/socket/logdw', mode 222, user 1036, group 1036
11-11 03:00:07.046     0     0 I dlkm_loader: Loading module /vendor/lib/modules/mt76x2u.ko with args ''
11-11 03:00:07.047     0     0 I usbcore : registered new interface driver mt76x2u
11-11 03:00:07.048     0     0 I dlkm_loader: Loaded kernel module /vendor/lib/modules/mt76x2u.ko
11-11 03:00:07.049     0     0 I dlkm_loader: Loading module /vendor/lib/modules/pulse8-cec.ko with args ''
11-11 03:00:07.049     0     0 W libprocessgroup: SetCgroup::ExecuteForProcess: failed to open /dev/cpuset/system-background/cgroup.procs: No such file or directory
11-11 03:00:07.049     0     0 W libprocessgroup: Failed to apply ServiceCapacityLow process profile
11-11 03:00:07.050     0     0 E init    : failed to set task profiles
11-11 03:00:07.050     0     0 I dlkm_loader: Loaded kernel module /vendor/lib/modules/pulse8-cec.ko
11-11 03:00:07.050     0     0 I init    : ... started service 'logd' has pid 311
11-11 03:00:07.050     0     0 I dlkm_loader: Loading module /vendor/lib/modules/rtc-test.ko with args ''
11-11 03:00:07.051     0     0 I init    : starting service 'lmkd'...
11-11 03:00:07.051     0     0 I init    : Created socket '/dev/socket/lmkd', mode 660, user 1000, group 1000
11-11 03:00:07.051     0     0 I rtc-test.0: registered as rtc1
11-11 03:00:07.052     0     0 I rtc-test.1: registered as rtc2
11-11 03:00:07.052     0     0 I rtc-test.2: registered as rtc3
11-11 03:00:07.053     0     0 I dlkm_loader: Loaded kernel module /vendor/lib/modules/rtc-test.ko
11-11 03:00:07.055     0     0 I dlkm_loader: module snd_aloop is blocklisted
11-11 03:00:07.056     0     0 E dlkm_loader: LoadWithAliases was unable to load snd_aloop, tried: snd_aloop
11-11 03:00:07.056     0     0 I dlkm_loader: Loading module /vendor/lib/modules/system_heap.ko with args ''
11-11 03:00:07.057     0     0 W libprocessgroup: SetCgroup::ExecuteForProcess: failed to open /dev/cpuset/system-background/cgroup.procs: No such file or directory
11-11 03:00:07.057     0     0 I init    : ... started service 'lmkd' has pid 312
11-11 03:00:07.057     0     0 W libprocessgroup: Failed to apply ServiceCapacityLow process profile
11-11 03:00:07.057     0     0 I init    : starting service 'servicemanager'...
11-11 03:00:07.057     0     0 E init    : failed to set task profiles
11-11 03:00:07.060     0     0 I dlkm_loader: Loaded kernel module /vendor/lib/modules/system_heap.ko
11-11 03:00:07.060     0     0 I dlkm_loader: Loading module /vendor/lib/modules/test_meminit.ko with args ''
11-11 03:00:07.062     0     0 W libprocessgroup: SetCgroup::ExecuteForProcess: failed to open /dev/cpuset/foreground/cgroup.procs: No such file or directory
11-11 03:00:07.062     0     0 I init    : ... started service 'servicemanager' has pid 313
11-11 03:00:07.062     0     0 W libprocessgroup: Failed to apply ProcessCapacityHigh process profile
11-11 03:00:07.063     0     0 I init    : starting service 'hwservicemanager'...
11-11 03:00:07.063     0     0 E init    : failed to set task profiles
11-11 03:00:07.068     0     0 I init    : ... started service 'hwservicemanager' has pid 314
11-11 03:00:07.068     0     0 I init    : Command 'start vndservicemanager' action=init (/system/etc/init/hw/init.rc:449) took 0ms and failed: service vndservicemanager not found
11-11 03:00:07.069     0     0 W libprocessgroup: SetCgroup::ExecuteForProcess: failed to open /dev/cpuset/system-background/cgroup.procs: No such file or directory
11-11 03:00:07.069     0     0 W libprocessgroup: Failed to apply ServiceCapacityLow process profile
11-11 03:00:07.069     0     0 I init    : processing action (ro.debuggable=1 && init) from (/system/etc/init/hw/init.rc:1318)
11-11 03:00:07.070     0     0 E init    : failed to set task profiles
11-11 03:00:07.071     0     0 I init    : starting service 'console'...
11-11 03:00:07.075     0     0 I init    : ... started service 'console' has pid 315
11-11 03:00:07.075     0     0 I init    : processing action (init) from (/system/etc/init/hw/init.usb.rc:28)
11-11 03:00:07.089     0     0 I init    : processing action (ro.product.cpu.abilist64=* && init) from (/system/etc/init/hw/init.boringssl.zygote64.rc:1)
11-11 03:00:07.090     0     0 I init    : starting service 'boringssl_self_test64'...
11-11 03:00:07.100     0     0 I test_meminit: all 11 tests in test_pages passed
11-11 03:00:07.103     0     0 I test_meminit: all 40 tests in test_kvmalloc passed
11-11 03:00:07.105     0     0 I init    : ... started service 'boringssl_self_test64' has pid 316
11-11 03:00:07.106     0     0 I init    : SVC_EXEC service 'boringssl_self_test64' pid 316 (uid 9999 gid 0+0 context default) started; waiting...
11-11 03:00:07.242     0     0 W logd    : libprocessgroup: A JoinCgroup action in the SystemMemoryProcess profile is used for controller memory in the cgroup v2 hierarchy and will be ignored
11-11 03:00:07.243     0     0 I servicemanager: Starting sm instance on /dev/binder
11-11 03:00:07.246     0     0 I SELinux : SELinux: Loaded service context from:
11-11 03:00:07.247     0     0 I init    : Service 'boringssl_self_test64' (pid 316) exited with status 0 waiting took 0.155000 seconds
11-11 03:00:07.247     0     0 I SELinux : /system/etc/selinux/plat_service_contexts
11-11 03:00:07.247     0     0 I init    : Sending signal 9 to service 'boringssl_self_test64' (pid 316) process group...
11-11 03:00:07.248     0     0 I libprocessgroup: Removed cgroup /sys/fs/cgroup/system/uid_9999/pid_316
11-11 03:00:07.249     0     0 I init    : processing action (init) from (/system/etc/init/audioserver.rc:66)
11-11 03:00:07.249     0     0 I init    : processing action (init) from (/system/etc/init/perfetto.rc:162)
11-11 03:00:07.250     0     0 I SELinux : /system_ext/etc/selinux/system_ext_service_contexts
11-11 03:00:07.250     0     0 I init    : processing action (init) from (/vendor/etc/init/init.cutf_cvm.rc:23)
11-11 03:00:07.251     0     0 I logd.auditd: start
11-11 03:00:07.251     0     0 I SELinux : /product/etc/selinux/product_service_contexts
11-11 03:00:07.251     0     0 I logd.klogd: 2650989560
11-11 03:00:07.254     0     0 I SELinux : /vendor/etc/selinux/vendor_service_contexts
11-11 03:00:07.256     0     0 I init    : processing action (init) from (/apex/com.google.cf.vulkan/etc/com.google.cf.vulkan.rc:4)
11-11 03:00:07.257     0     0 I SELinux : /odm/etc/selinux/odm_service_contexts
11-11 03:00:07.257     0     0 I logd    : Loaded bug_map file: /system_ext/etc/selinux/bug_map
11-11 03:00:07.258     0     0 I init    : processing action (late-init) from (/system/etc/init/hw/init.rc:501)
11-11 03:00:07.258     0     0 I init    : processing action (late-init) from (/system/etc/init/atrace.rc:3)
11-11 03:00:07.308     0     0 I init    : processing action (ro.boot.fastboot.boottrace= && late-init) from (/system/etc/init/atrace.rc:315)
11-11 03:00:07.323     0     0 I init    : processing action (ro.boot.hypervisor.vm.supported=1 && late-init) from (/system/etc/init/atrace.rc:320)
11-11 03:00:07.354     0     0 I init    : processing action (queue_property_triggers) from (<Builtin Action>:0)
11-11 03:00:07.387     0     0 I init    : processing action (early-fs) from (/system/etc/init/hw/init.rc:535)
11-11 03:00:07.394     0     0 I init    : starting service 'vold'...
11-11 03:00:07.466     0     0 I logd    : Loaded bug_map file: /vendor/etc/selinux/selinux_denial_metadata
11-11 03:00:07.468     0     0 W libprocessgroup: SetCgroup::ExecuteForProcess: failed to open /dev/cpuset/foreground/cgroup.procs: No such file or directory
11-11 03:00:07.468     0     0 I init    : ... started service 'vold' has pid 327
11-11 03:00:07.469     0     0 W libprocessgroup: Failed to apply ProcessCapacityHigh process profile
11-11 03:00:07.469     0     0 I init    : Command 'start vold' action=early-fs (/system/etc/init/hw/init.rc:537) took 75ms and succeeded
11-11 03:00:07.469     0     0 E init    : failed to set task profiles
11-11 03:00:07.469     0     0 I init    : processing action (fs) from (/system/etc/init/logd.rc:29)
11-11 03:00:07.469     0     0 I logd    : Loaded bug_map file: /system/etc/selinux/bug_map
11-11 03:00:07.469     0     0 I init    : processing action (fs) from (/system/etc/init/wifi.rc:25)
11-11 03:00:07.472     0     0 I init    : processing action (fs) from (/vendor/etc/init/init.cutf_cvm.rc:48)
11-11 03:00:07.476     0     0 I init    : [libfs_mgr] Invalid ext4 superblock on '/dev/block/by-name/metadata'
11-11 03:00:07.476     0     0 E init    : [libfs_mgr] mount_with_alternatives(): skipping mount due to invalid magic, mountpoint=/metadata blk_dev=/dev/block/vda18 rec[7].fs_type=ext4
11-11 03:00:07.477     0     0 I init    : [libfs_mgr] Invalid ext4 superblock on '/dev/block/by-name/metadata'
11-11 03:00:07.477     0     0 E init    : [libfs_mgr] mount_with_alternatives(): skipping mount due to invalid magic, mountpoint=/metadata blk_dev=/dev/block/vda18 rec[8].fs_type=ext4
11-11 03:00:07.478     0     0 E init    : [libfs_mgr] fs_mgr_mount_all(): /dev/block/vda18 is wiped and /metadata ext4 is formattable. Format it.
11-11 03:00:07.478     0     0 E init    : [libfs_mgr] fs_mgr_do_format: Format /dev/block/by-name/metadata as 'ext4'
11-11 03:00:07.494     0     0 I mke2fs  : mke2fs 1.46.6 (1-Feb-2023)
11-11 03:00:07.500     0     0 I mke2fs  : Discarding device blocks:     0/16384           done
11-11 03:00:07.501     0     0 I mke2fs  : Creating filesystem with 16384 4k blocks and 16384 inodes
11-11 03:00:07.502     0     0 I mke2fs  :  
11-11 03:00:07.502     0     0 I mke2fs  : Allocating group tables: 0/1   done
11-11 03:00:07.507     0     0 I mke2fs  : Writing inode tables: 0/1   done
11-11 03:00:07.508     0     0 I mke2fs  : Creating journal (1024 blocks): done
11-11 03:00:07.515     0     0 I mke2fs  : Writing superblocks and filesystem accounting information: 0/1   done
11-11 03:00:07.516     0     0 I mke2fs  :  
--------- beginning of system
11-11 03:00:07.520   327   327 I vold    : Vold 3.0 (the awakening) firing up
11-11 03:00:07.520   327   327 D vold    : Detected support for: ext4 f2fs vfat
11-11 03:00:07.532     0     0 I e2fsdroid: Created filesystem with 11/16384 inodes and 3081/16384 blocks
11-11 03:00:07.534     0     0 I init    : [libfs_mgr] superblock s_max_mnt_count:65535,/dev/block/by-name/metadata
11-11 03:00:07.536     0     0 I EXT4-fs (vda18): mounted filesystem 14b80bbb-e2d3-4056-b4c9-c8f6b2e09eac r/w with ordered data mode. Quota mode: none.
11-11 03:00:07.537     0     0 I init    : [libfs_mgr] check_fs(): mount(/dev/block/by-name/metadata,/metadata,ext4)=0: Success
11-11 03:00:07.527   327   327 I vold    : [libfstab] Using Android DT directory /proc/device-tree/firmware/android/
11-11 03:00:07.528   327   327 I vold    : Not pre-creating userdata encryption device; device already exists
11-11 03:00:07.540     0     0 I EXT4-fs (vda18): unmounting filesystem 14b80bbb-e2d3-4056-b4c9-c8f6b2e09eac.
11-11 03:00:07.544     0     0 I init    : [libfs_mgr] umount_retry(): unmount(/metadata) succeeded
11-11 03:00:07.544     0     0 I init    : [libfs_mgr] Running /system/bin/e2fsck on /dev/block/vda18
11-11 03:00:07.545     0     0 W hw-ProcessState: HwBinder is not supported on this device but this process is calling setThreadPoolConfiguration
11-11 03:00:07.534   327   327 D vold    : VoldNativeService::start() completed OK
11-11 03:00:07.548     0     0 W vold    : Thread Pool max thread count is 0. Cannot cache binder as linkToDeath cannot be implemented. serviceName: vold
11-11 03:00:07.549     0     0 I servicemanager: getDeviceHalManifest: Reading VINTF information.
11-11 03:00:07.550     0     0 I servicemanager: Loaded APEX Infos from /bootstrap-apex/apex-info-list.xml
11-11 03:00:07.551     0     0 I servicemanager: Loaded APEX Infos from /bootstrap-apex/apex-info-list.xml
11-11 03:00:07.551     0     0 I servicemanager: getDeviceHalManifest: Successfully processed VINTF information
11-11 03:00:07.551     0     0 I servicemanager: getFrameworkHalManifest: Reading VINTF information.
11-11 03:00:07.541   327   327 D vold    : VendorVoldNativeService::try_start() completed OK
11-11 03:00:07.552     0     0 I servicemanager: Loaded APEX Infos from /bootstrap-apex/apex-info-list.xml
11-11 03:00:07.553     0     0 I servicemanager: getFrameworkHalManifest: Successfully processed VINTF information
11-11 03:00:07.553     0     0 I servicemanager: Caller(pid=327,uid=0,sid=u:r:vold:s0) Found android.system.vold.IVold/default in framework VINTF manifest.
11-11 03:00:07.554     0     0 I servicemanager: Caller(pid=327,uid=0,sid=u:r:vold:s0) Found android.system.vold.IVold/default in framework VINTF manifest.
11-11 03:00:07.555     0     0 I e2fsck  : e2fsck 1.46.6 (1-Feb-2023)
11-11 03:00:07.556     0     0 I e2fsck  : /dev/block/by-name/metadata: clean, 11/16384 files, 3081/16384 blocks
11-11 03:00:07.557     0     0 I init    : [libfs_mgr] superblock s_max_mnt_count:65535,/dev/block/by-name/metadata
11-11 03:00:07.558     0     0 I init    : [libfs_mgr] Enabling ext4 verity on /dev/block/by-name/metadata
11-11 03:00:07.569     0     0 I tune2fs : tune2fs 1.46.6 (1-Feb-2023)
11-11 03:00:07.584     0     0 I EXT4-fs (vda18): mounted filesystem 14b80bbb-e2d3-4056-b4c9-c8f6b2e09eac r/w with ordered data mode. Quota mode: none.
11-11 03:00:07.585     0     0 I init    : [libfs_mgr] __mount(source=/dev/block/by-name/metadata,target=/metadata,type=ext4)=0: Success
11-11 03:00:07.585     0     0 I init    : [libfs_mgr] mount_with_alternatives(): skipping fstab dup mountpoint=/metadata rec[8].fs_type=ext4 already mounted as ext4
11-11 03:00:07.586     0     0 I virtio-fs: tag <shared> not found
11-11 03:00:07.586     0     0 I init    : [libfs_mgr] __mount(source=shared,target=/mnt/vendor/shared,type=virtiofs)=-1: Invalid argument
11-11 03:00:07.593     0     0 I virtio-fs: tag <shared> not found
11-11 03:00:07.593     0     0 I init    : [libfs_mgr] __mount(source=shared,target=/mnt/vendor/shared,type=virtiofs)=-1: Invalid argument
11-11 03:00:07.593     0     0 E init    : [libfs_mgr] Ignoring failure to mount an un-encryptable, interrupted, or wiped partition on shared at /mnt/vendor/shared options: : No such file or directory
11-11 03:00:07.596     0     0 I init    : Command 'mount_all --early' action=fs (/vendor/etc/init/init.cutf_cvm.rc:52) took 123ms and succeeded
11-11 03:00:07.600     0     0 I init    : processing action (post-fs) from (/system/etc/init/hw/init.rc:539)
11-11 03:00:07.601     0     0 I init    : starting service 'exec 3 (/system/bin/vdc checkpoint markBootAttempt)'...
11-11 03:00:07.608     0     0 I init    : ... started service 'exec 3 (/system/bin/vdc checkpoint markBootAttempt)' has pid 343
11-11 03:00:07.608     0     0 I init    : SVC_EXEC service 'exec 3 (/system/bin/vdc checkpoint markBootAttempt)' pid 343 (uid 1000 gid 1000+0 context default) started; waiting...
11-11 03:00:07.611   327   339 I vold    : Found disk at /devices/pci0000:00/0000:00:06.0/virtio4/block/vdc but delaying scan due to secure keyguard
11-11 03:00:07.637     0     0 W vdc     : Thread Pool max thread count is 0. Cannot cache binder as linkToDeath cannot be implemented. serviceName: vold
11-11 03:00:07.637     0     0 D vdc     : Waited 0ms for vold
11-11 03:00:07.643     0     0 I init    : Service 'exec 3 (/system/bin/vdc checkpoint markBootAttempt)' (pid 343) exited with status 0 waiting took 0.041000 seconds
11-11 03:00:07.644     0     0 I init    : Sending signal 9 to service 'exec 3 (/system/bin/vdc checkpoint markBootAttempt)' (pid 343) process group...
11-11 03:00:07.644     0     0 I libprocessgroup: Removed cgroup /sys/fs/cgroup/system/uid_1000/pid_343
11-11 03:00:07.647     0     0 I init    : Command 'chown system cache /cache' action=post-fs (/system/etc/init/hw/init.rc:555) took 0ms and failed: lchown() failed: Read-only file system
11-11 03:00:07.647     0     0 I init    : Command 'chmod 0770 /cache' action=post-fs (/system/etc/init/hw/init.rc:556) took 0ms and failed: fchmodat() failed: Read-only file system
11-11 03:00:07.654     0     0 I init    : processing action (post-fs) from (/system/etc/init/aconfigd.rc:26)
11-11 03:00:07.655     0     0 I init    : starting service 'system_aconfigd_platform_init'...
11-11 03:00:07.660     0     0 I init    : ... started service 'system_aconfigd_platform_init' has pid 344
11-11 03:00:07.661     0     0 I init    : SVC_EXEC service 'system_aconfigd_platform_init' pid 344 (uid 1000 gid 1000+0 context default) started; waiting...
11-11 03:00:07.851     0     0 I init    : Service 'system_aconfigd_platform_init' (pid 344) exited with status 0 waiting took 0.192000 seconds
11-11 03:00:07.852     0     0 I init    : Sending signal 9 to service 'system_aconfigd_platform_init' (pid 344) process group...
11-11 03:00:07.852     0     0 I libprocessgroup: Removed cgroup /sys/fs/cgroup/system/uid_1000/pid_344
11-11 03:00:07.853     0     0 I init    : processing action (post-fs) from (/system/etc/init/atrace_userdebug.rc:7)
11-11 03:00:07.853     0     0 I init    : processing action (post-fs) from (/system/etc/init/gsid.rc:8)
11-11 03:00:07.854     0     0 I init    : processing action (post-fs) from (/system/etc/init/recovery-refresh.rc:1)
11-11 03:00:07.854     0     0 I init    : starting service 'exec 4 (/system/bin/recovery-refresh)'...
11-11 03:00:07.856     0     0 I init    : ... started service 'exec 4 (/system/bin/recovery-refresh)' has pid 345
11-11 03:00:07.856     0     0 I init    : processing action (late-fs) from (/system/etc/init/hw/init.rc:617)
11-11 03:00:07.857     0     0 I init    : starting service 'system_suspend'...
11-11 03:00:07.860     0     0 I init    : ... started service 'system_suspend' has pid 346
11-11 03:00:07.860     0     0 I init    : starting service 'keystore2'...
11-11 03:00:07.862     0     0 W libprocessgroup: SetCgroup::ExecuteForProcess: failed to open /dev/cpuset/foreground/cgroup.procs: No such file or directory
11-11 03:00:07.863     0     0 W libprocessgroup: Failed to apply ProcessCapacityHigh process profile
11-11 03:00:07.863     0     0 E init    : failed to set task profiles
11-11 03:00:07.863     0     0 I init    : ... started service 'keystore2' has pid 347
11-11 03:00:07.864     0     0 I init    : starting service 'suspend_blocker'...
11-11 03:00:07.867     0     0 I init    : ... started service 'suspend_blocker' has pid 348
11-11 03:00:07.868     0     0 I servicemanager: Caller(pid=346,uid=1000,sid=u:r:system_suspend:s0) Found android.system.suspend.ISystemSuspend/default in framework VINTF manifest.
11-11 03:00:07.870     0     0 I init    : starting service 'vendor.boot-default'...
11-11 03:00:07.872     0     0 I init    : ... started service 'vendor.boot-default' has pid 351
11-11 03:00:07.873     0     0 I init    : starting service 'vendor.gatekeeper_nonsecure'...
11-11 03:00:07.875     0     0 I init    : ... started service 'vendor.gatekeeper_nonsecure' has pid 352
11-11 03:00:07.876     0     0 I init    : starting service 'vendor.keymint-default'...
11-11 03:00:07.884     0     0 I init    : ... started service 'vendor.keymint-default' has pid 353
11-11 03:00:07.885     0     0 I init    : Service 'exec 4 (/system/bin/recovery-refresh)' (pid 345) exited with status 254 oneshot service took 0.029000 seconds in background
11-11 03:00:07.886     0     0 I init    : Sending signal 9 to service 'exec 4 (/system/bin/recovery-refresh)' (pid 345) process group...
11-11 03:00:07.887     0     0 I libprocessgroup: Removed cgroup /sys/fs/cgroup/system/uid_1000/pid_345
11-11 03:00:07.888     0     0 I init    : processing action (late-fs) from (/system/etc/init/hw/init.rc:631)
11-11 03:00:07.890     0     0 I init    : processing action (late-fs) from (/vendor/etc/init/init.cutf_cvm.rc:70)
11-11 03:00:07.891     0     0 I init    : Calling: /system/bin/vdc checkpoint needsCheckpoint
11-11 03:00:07.891     0     0 I android.hardware.boot-service.default: [libfstab] Using Android DT directory /proc/device-tree/firmware/android/
11-11 03:00:07.894     0     0 I servicemanager: Caller(pid=348,uid=0,sid=u:r:suspend_blocker:s0) Found android.system.suspend.ISystemSuspend/default in framework VINTF manifest.
11-11 03:00:07.899     0     0 W vdc     : Thread Pool max thread count is 0. Cannot cache binder as linkToDeath cannot be implemented. serviceName: vold
11-11 03:00:07.900     0     0 D vdc     : Waited 0ms for vold
11-11 03:00:07.900     0     0 I servicemanager: Caller(pid=327,uid=0,sid=u:r:vold:s0) Found android.hardware.boot.IBootControl/default in device VINTF manifest.
11-11 03:00:07.900     0     0 I servicemanager: Caller(pid=327,uid=0,sid=u:r:vold:s0) Since 'android.hardware.boot.IBootControl/default' could not be found trying to start it as a lazy AIDL service. (if it's not configured to be a lazy service, it may be stuck starting or still starting).
11-11 03:00:07.891   327   327 I vold    : Using AIDL version of IBootControl
11-11 03:00:07.904     0     0 I servicemanager: Caller(pid=351,uid=0,sid=u:r:hal_bootctl_default:s0) Found android.hardware.boot.IBootControl/default in device VINTF manifest.
11-11 03:00:07.905     0     0 W android.hardware.boot-service.default: Thread Pool max thread count is 0. Cannot cache binder as linkToDeath cannot be implemented. serviceName: android.hardware.boot.IBootControl/default
11-11 03:00:07.905     0     0 I android.hardware.boot-service.default: IBootControl AIDL service running...
11-11 03:00:07.906     0     0 I BpBinder: onLastStrongRef automatically unlinking death recipients:
11-11 03:00:07.907     0     0 I vdc     : vdc terminated by exit(1)
11-11 03:00:07.908     0     0 I vdc     :  
11-11 03:00:07.908     0     0 I init    : [libfs_mgr] Running /system/bin/fsck.f2fs -a -c 10000 --debug-cache /dev/block/vda17
11-11 03:00:07.917     0     0 I fsck.f2fs: Info: Automatic fix mode enabled.
11-11 03:00:07.917     0     0 I fsck.f2fs: Info: not exist /proc/version!
11-11 03:00:07.918     0     0 I fsck.f2fs: Info: MKFS version
11-11 03:00:07.918     0     0 I fsck.f2fs: "5.15.0-1013-gcp"
11-11 03:00:07.918     0     0 I fsck.f2fs: Info: FSCK version
11-11 03:00:07.918     0     0 I fsck.f2fs: from "5.15.0-1013-gcp"
11-11 03:00:07.919     0     0 I fsck.f2fs: to "6.12.18-android16-1-g50eb8d5d443b-ab13257114"
11-11 03:00:07.919     0     0 I fsck.f2fs: Info: superblock features = 3499 :  encrypt extra_attr project_quota quota verity casefold compression
11-11 03:00:07.919     0     0 I fsck.f2fs: Info: superblock encrypt level = 0, salt = 00000000000000000000000000000000
11-11 03:00:07.920     0     0 I fsck.f2fs: Info: Segments per section = 1
11-11 03:00:07.920     0     0 I fsck.f2fs: Info: Sections per zone = 1
11-11 03:00:07.920     0     0 I fsck.f2fs: Info: total FS sectors = 16777216 (8192 MB)
11-11 03:00:07.921     0     0 I fsck.f2fs: Info: CKPT version = 5bf53d79
11-11 03:00:07.921     0     0 I fsck.f2fs: Info: version timestamp cur: 0, prev: 0
11-11 03:00:07.921     0     0 I fsck.f2fs: [update_superblock: 903] Info: Done to update superblock
11-11 03:00:07.922     0     0 I fsck.f2fs: Info: checkpoint state = 281 :  allow_nocrc nat_bits unmount
11-11 03:00:07.922     0     0 I fsck.f2fs: Info: No error was reported
11-11 03:00:07.923     0     0 I fsck.f2fs:  
11-11 03:00:07.923     0     0 I fsck.f2fs: c, u, RA, CH, CM, Repl=
11-11 03:00:07.923     0     0 I fsck.f2fs: 10000 10 10 0 10 0
11-11 03:00:07.926     0     0 I init    : Mount point /dev/block/by-name/userdata @ /data uses metadata encryption, which means we need to unmount it later and call encryptFstab/encrypt_inplace. To avoid file operations before encryption, we will mount it as read-only first
11-11 03:00:07.927     0     0 I F2FS-fs (vda17): Using encoding defined by superblock: utf8-12.1.0 with flags 0x0
11-11 03:00:07.932     0     0 I servicemanager: Caller(pid=352,uid=1000,sid=u:r:hal_gatekeeper_default:s0) Found android.hardware.security.sharedsecret.ISharedSecret/gatekeeper in device VINTF manifest.
11-11 03:00:07.933     0     0 W android.hardware.gatekeeper-service.nonsecure: Thread Pool max thread count is 0. Cannot cache binder as linkToDeath cannot be implemented. serviceName: android.hardware.security.sharedsecret.ISharedSecret/gatekeeper
11-11 03:00:07.934     0     0 I servicemanager: Caller(pid=352,uid=1000,sid=u:r:hal_gatekeeper_default:s0) Found android.hardware.gatekeeper.IGatekeeper/default in device VINTF manifest.
11-11 03:00:07.934     0     0 W android.hardware.gatekeeper-service.nonsecure: Thread Pool max thread count is 0. Cannot cache binder as linkToDeath cannot be implemented. serviceName: android.hardware.gatekeeper.IGatekeeper/default
11-11 03:00:07.935     0     0 I F2FS-fs (vda17): Found nat_bits in checkpoint
11-11 03:00:07.924   347   347 I keystore2: system/security/keystore2/src/keystore2_main.rs:61 - Keystore2 is starting.
11-11 03:00:07.925   347   347 I keystore2: system/security/keystore2/src/keystore2_main.rs:67 - Setting up sqlite logging for keystore2
11-11 03:00:07.928   353   353 W keymint-hal-nonsecure: main: Insecure KeyMint HAL service is starting.
11-11 03:00:07.928   353   353 I keymint-hal-nonsecure: main: Starting thread pool now.
11-11 03:00:07.929   353   360 I keymint-hal-nonsecure: kmr_ta_nonsecure: Building NON-SECURE KeyMint Rust TA
11-11 03:00:07.931   353   353 I keymint-hal-nonsecure: kmr_hal: boot->TA: boot info is SetBootInfoRequest { verified_boot_key: [0, 0, 0, 0, 0, 0, 0, 0, 0, 0, 0, 0, 0, 0, 0, 0, 0, 0, 0, 0, 0, 0, 0, 0, 0, 0, 0, 0, 0, 0, 0, 0], device_boot_locked: false, verified_boot_state: 2, verified_boot_hash: [221, 60, 88, 236, 81, 36, 121, 72, 5, 242, 145, 130, 32, 233, 12, 87, 148, 74, 141, 23, 127, 232, 109, 25, 5, 108, 227, 158, 243, 213, 214, 223], boot_patchlevel: 20250605 }
11-11 03:00:07.931   347   362 I keystore2: system/security/keystore2/src/maintenance.rs:294 - start monitoring 'apexd.status' property
11-11 03:00:07.932   353   360 I keymint-hal-nonsecure: kmr_ta: Setting boot_info to BootInfo { verified_boot_key: [0, 0, 0, 0, 0, 0, 0, 0, 0, 0, 0, 0, 0, 0, 0, 0, 0, 0, 0, 0, 0, 0, 0, 0, 0, 0, 0, 0, 0, 0, 0, 0], device_boot_locked: false, verified_boot_state: Unverified, verified_boot_hash: [221, 60, 88, 236, 81, 36, 121, 72, 5, 242, 145, 130, 32, 233, 12, 87, 148, 74, 141, 23, 127, 232, 109, 25, 5, 108, 227, 158, 243, 213, 214, 223], boot_patchlevel: 20250605 }
11-11 03:00:07.932   347   362 I keystore2: system/security/keystore2/src/maintenance.rs:299 - property 'apexd.status' is now 'Err(SystemPropertyAbsent)'
11-11 03:00:07.932   347   363 I keystore2: system/security/keystore2/src/globals.rs:474 - monitoring for sys.boot_completed=1
11-11 03:00:07.933   347   347 I keystore2: system/security/keystore2/src/keystore2_main.rs:105 - Starting thread pool now.
11-11 03:00:07.933   347   362 I keystore2: system/security/keystore2/src/maintenance.rs:304 - await a change to 'apexd.status'...
11-11 03:00:07.944     0     0 E F2FS-fs (vda17): checkpoint=disable on readonly fs
11-11 03:00:07.936   353   353 I keymint-hal-nonsecure: kmr_hal: HAL->TA: environment info is SetHalInfoRequest { os_version: 160000, os_patchlevel: 202506, vendor_patchlevel: 20250605 }
11-11 03:00:07.937   353   360 I keymint-hal-nonsecure: kmr_ta: Setting hal_info to HalInfo { os_version: 160000, os_patchlevel: 202506, vendor_patchlevel: 20250605 }
11-11 03:00:07.937   353   353 I keymint-hal-nonsecure: kmr_hal: HAL->TA: setting KeyMint HAL version to 400
11-11 03:00:07.938   353   353 I keymint-hal-nonsecure: kmr_hal: provision->attestation IDs are SetAttestationIdsRequest { ids: AttestationIdInfo { brand: [103, 101, 110, 101, 114, 105, 99], device: [118, 115, 111, 99, 95, 120, 56, 54, 95, 54, 52, 95, 111, 110, 108, 121], product: [97, 111, 115, 112, 95, 99, 102, 95, 120, 56, 54, 95, 54, 52, 95, 111, 110, 108, 121, 95, 112, 104, 111, 110, 101], serial: [67, 85, 84, 84, 76, 69, 70, 73, 83, 72, 67, 86, 68, 57, 48, 57, 48], imei: [56, 54, 55, 52, 48, 48, 48, 50, 50, 48, 52, 55, 49, 57, 57], imei2: [56, 54, 55, 52, 48, 48, 48, 50, 50, 48, 52, 55, 49, 57, 57], meid: [], manufacturer: [71, 111, 111, 103, 108, 101], model: [67, 117, 116, 116, 108, 101, 102, 105, 115, 104, 32, 120, 56, 54, 95, 54, 52, 32, 112, 104, 111, 110, 101, 32, 54, 52, 45, 98, 105, 116, 32, 111, 110, 108, 121] } }
11-11 03:00:07.939   353   360 W keymint-hal-nonsecure: kmr_ta: Setting attestation IDs directly
11-11 03:00:07.954     0     0 I servicemanager: Caller(pid=353,uid=9999,sid=u:r:hal_keymint_default:s0) Found android.hardware.security.sharedsecret.ISharedSecret/default in device VINTF manifest.
11-11 03:00:07.955     0     0 I servicemanager: Caller(pid=353,uid=9999,sid=u:r:hal_keymint_default:s0) Found android.hardware.security.keymint.IKeyMintDevice/default in device VINTF manifest.
11-11 03:00:07.955     0     0 I servicemanager: Caller(pid=353,uid=9999,sid=u:r:hal_keymint_default:s0) Found android.hardware.security.keymint.IRemotelyProvisionedComponent/default in device VINTF manifest.
11-11 03:00:07.942   353   353 I keymint-hal-nonsecure: main: Successfully registered KeyMint HAL services.
11-11 03:00:07.956     0     0 I servicemanager: Caller(pid=353,uid=9999,sid=u:r:hal_keymint_default:s0) Found android.hardware.security.secureclock.ISecureClock/default in device VINTF manifest.
11-11 03:00:07.976     0     0 I init    : [libfs_mgr] Kernel does not support ,checkpoint=disable:0%, trying without.: Invalid argument
11-11 03:00:07.977     0     0 I F2FS-fs (vda17): Using encoding defined by superblock: utf8-12.1.0 with flags 0x0
11-11 03:00:07.979     0     0 I F2FS-fs (vda17): Found nat_bits in checkpoint
11-11 03:00:07.986     0     0 E F2FS-fs (vda17): checkpoint=disable on readonly fs
11-11 03:00:08.008     0     0 I init    : [libfs_mgr] Kernel does not support ,checkpoint=disable, trying without.: Invalid argument
11-11 03:00:08.009     0     0 I F2FS-fs (vda17): Using encoding defined by superblock: utf8-12.1.0 with flags 0x0
11-11 03:00:08.011     0     0 I F2FS-fs (vda17): Found nat_bits in checkpoint
11-11 03:00:08.018     0     0 I F2FS-fs (vda17): Mounted with checkpoint version = 5bf53d79
11-11 03:00:08.019     0     0 I init    : [libfs_mgr] __mount(source=/dev/block/by-name/userdata,target=/data,type=f2fs)=0: Success
11-11 03:00:08.019     0     0 I init    : [libfs_mgr] mount_with_alternatives(): skipping fstab dup mountpoint=/data rec[6].fs_type=ext4 already mounted as f2fs
11-11 03:00:08.040     0     0 I init    : [libfs_mgr] umount_retry(): unmount(/data) succeeded
11-11 03:00:08.040     0     0 I init    : Calling: /system/bin/vdc cryptfs encryptFstab /dev/block/by-name/userdata /data false f2fs false 0
11-11 03:00:08.033   327   327 D vold    : fscrypt_mount_metadata_encrypted: /data encrypt: 1 format: 0 with f2fs block device: /dev/block/by-name/userdata with zoned 0 length: 0
11-11 03:00:08.047     0     0 W vdc     : Thread Pool max thread count is 0. Cannot cache binder as linkToDeath cannot be implemented. serviceName: vold
11-11 03:00:08.047     0     0 D vdc     : Waited 0ms for vold
11-11 03:00:08.033   327   327 D vold    : metadata_key_dir/key: /metadata/vold/metadata_encryption/key
11-11 03:00:08.037   347   347 I keystore2: system/security/keystore2/src/globals.rs:282 - KeyMint device is current version (Some(400)) for security level: r#TRUSTED_ENVIRONMENT
11-11 03:00:08.038   353   360 I keymint-hal-nonsecure: kmr_ta::secret: Setting HMAC key from 2 shared secret parameters
11-11 03:00:08.040   347   365 I keystore2: system/security/keystore2/src/shared_secret_negotiation.rs:48 - Shared secret negotiation concluded successfully.
11-11 03:00:08.041   347   347 I keystore2: system/security/keystore2/src/keystore2_main.rs:160 - Successfully registered Keystore 2.0 service.
11-11 03:00:08.052     0     0 I android.hardware.gatekeeper-service.nonsecure: Presented shared secret parameters with seed size 32 and nonce size 32
11-11 03:00:08.054     0     0 I android.hardware.gatekeeper-service.nonsecure: Computing shared secret
11-11 03:00:08.054     0     0 I servicemanager: Caller(pid=347,uid=1017,sid=u:r:keystore:s0) Found android.system.keystore2.IKeystoreService/default in framework VINTF manifest.
11-11 03:00:08.041   347   365 I keystore2: system/security/keystore2/src/shared_secret_negotiation.rs:290 - No StrongBox Keymint available, so no RoT transfer
11-11 03:00:08.042   347   347 I keystore2: system/security/keystore2/src/keystore2_main.rs:162 - Joining thread pool now.
11-11 03:00:08.042   327   327 D vold    : Created directory /metadata/vold/metadata_encryption
11-11 03:00:08.043   327   327 I vold    : Metadata key does not exist, calling deleteAllKeys
11-11 03:00:08.044   347   347 W keystore2: system/security/keystore2/src/maintenance.rs:629 - deleteAllKeys() invoked, indicating initial setup or post-factory reset
11-11 03:00:08.044   347   347 I keystore2: system/security/keystore2/src/maintenance.rs:403 - In delete_all_keys.
11-11 03:00:08.045   347   347 I keystore2: system/security/keystore2/src/maintenance.rs:214 - Call to deleteAllKeys succeeded for security level TRUSTED_ENVIRONMENT.
11-11 03:00:08.046   347   347 I keystore2: system/security/keystore2/src/maintenance.rs:224 - Call to deleteAllKeys failed for StrongBox as it is not available
11-11 03:00:08.046   327   327 I vold    : Creating new key in /metadata/vold/metadata_encryption/key
11-11 03:00:08.047   327   327 D vold    : Generating standard storage key
11-11 03:00:08.055   327   327 D vold    : Generating "key storage" key
11-11 03:00:08.059   353   360 W keymint-hal-nonsecure: kmr_ta: failing DeviceGenerateKey request with error Hal(RollbackResistanceUnavailable, "system/keymint/common/src/keyblob.rs:369: no secure secret storage available")
11-11 03:00:08.059   353   353 W keymint-hal-nonsecure: kmr_hal: HAL: command DeviceGenerateKey failed: -67
11-11 03:00:08.060   347   347 I keystore2: system/security/keystore2/src/audit_log.rs:38 - Not logging audit event for key with domain r#BLOB
11-11 03:00:08.060   347   347 E keystore2: system/security/keystore2/src/error.rs:183 - system/security/keystore2/src/security_level.rs:680
11-11 03:00:08.060   347   347 E keystore2: 
11-11 03:00:08.060   347   347 E keystore2: Caused by:
11-11 03:00:08.060   347   347 E keystore2:     0: system/security/keystore2/src/security_level.rs:674: While generating without a provided attestation key and params: [KeyParameter { tag: r#ALGORITHM, value: Algorithm(r#AES) }, KeyParameter { tag: r#KEY_SIZE, value: Integer(256) }, KeyParameter { tag: r#PURPOSE, value: KeyPurpose(r#ENCRYPT) }, KeyParameter { tag: r#PURPOSE, value: KeyPurpose(r#DECRYPT) }, KeyParameter { tag: r#BLOCK_MODE, value: BlockMode(r#GCM) }, KeyParameter { tag: r#PADDING, value: PaddingMode(r#NONE) }, KeyParameter { tag: r#MIN_MAC_LENGTH, value: Integer(128) }, KeyParameter { tag: r#NO_AUTH_REQUIRED, value: BoolValue(true) }, KeyParameter { tag: r#ROLLBACK_RESISTANCE, value: BoolValue(true) }, KeyParameter { tag: r#CREATION_DATETIME, value: DateTime(1762830008059) }].
11-11 03:00:08.060   347   347 E keystore2:     1: Error::Km(r#ROLLBACK_RESISTANCE_UNAVAILABLE)
