11-11 03:00:17.018     0     0 I servicemanager: Notifying apexservice they do (previously: don't) have clients when service is guaranteed to be in use
11-11 03:00:17.018     0     0 I AidlLazyServiceRegistrar: Process has 1 (of 1 available) client(s) in use after notification apexservice has clients: 1
11-11 03:00:17.019     0     0 I apexd   : getActivePackages received by ApexService
11-11 03:00:17.019     0     0 I AidlLazyServiceRegistrar: Shutdown prevented by forcePersist override flag.
11-11 03:00:17.018   893   893 V ApexManagerTiming: getActiveApexInfos_noCache took to complete: 16ms
11-11 03:00:17.019   893   893 D CompatConfig: No directory /apex/com.google.cf.health/etc/compatconfig, skipping
11-11 03:00:17.019   893   893 D CompatConfig: No directory /apex/com.android.conscrypt/etc/compatconfig, skipping
11-11 03:00:17.020   893   893 D CompatConfig: No directory /apex/com.android.adbd/etc/compatconfig, skipping
11-11 03:00:17.020   893   893 D CompatConfig: No directory /apex/com.android.os.statsd/etc/compatconfig, skipping
11-11 03:00:17.020   893   893 D CompatConfig: No directory /apex/com.android.hardware.uwb/etc/compatconfig, skipping
11-11 03:00:17.021   893   893 D CompatConfig: No directory /apex/com.android.i18n/etc/compatconfig, skipping
11-11 03:00:17.021   893   893 D CompatConfig: No directory /apex/com.android.hardware.gatekeeper/etc/compatconfig, skipping
11-11 03:00:17.022   893   893 D CompatConfig: No directory /apex/com.android.extservices/etc/compatconfig, skipping
11-11 03:00:17.022   893   893 D CompatConfig: No directory /apex/com.google.cf.input.config/etc/compatconfig, skipping
11-11 03:00:17.022   893   893 D CompatConfig: No directory /apex/com.google.cf.bt/etc/compatconfig, skipping
11-11 03:00:17.023   893   893 D CompatConfig: No directory /apex/com.android.hardware.graphics.composer/etc/compatconfig, skipping
11-11 03:00:17.023   893   893 D CompatConfig: No directory /apex/com.google.cf.nfc/etc/compatconfig, skipping
11-11 03:00:17.024   893   893 D CompatConfig: No directory /apex/com.android.crashrecovery/etc/compatconfig, skipping
11-11 03:00:17.024   893   893 D CompatConfig: No directory /apex/com.android.hardware.sensors/etc/compatconfig, skipping
11-11 03:00:17.024   893   893 D CompatConfig: No directory /apex/com.google.cf.light/etc/compatconfig, skipping
11-11 03:00:17.025   893   893 D CompatConfig: No directory /apex/com.android.hardware.biometrics.fingerprint.virtual/etc/compatconfig, skipping
11-11 03:00:17.025   893   893 D CompatConfig: No directory /apex/com.google.cf.identity/etc/compatconfig, skipping
11-11 03:00:17.026   893   893 D CompatConfig: No directory /apex/com.android.hardware.security.secretkeeper/etc/compatconfig, skipping
11-11 03:00:17.026   893   893 D CompatConfig: No directory /apex/com.android.profiling/etc/compatconfig, skipping
11-11 03:00:17.026   893   893 D CompatConfig: No directory /apex/com.android.hardware.security.authgraph/etc/compatconfig, skipping
11-11 03:00:17.027   893   893 D CompatConfig: No directory /apex/com.android.hardware.keymint/etc/compatconfig, skipping
11-11 03:00:17.027   893   893 D CompatConfig: Found a config file: /apex/com.android.wifi/etc/compatconfig/wifi-compat-config.xml
11-11 03:00:17.028   893   893 D CompatConfig: Adding: com.android.server.compat.config.Change@a96d421
11-11 03:00:17.028   893   893 D CompatConfig: Adding: com.android.server.compat.config.Change@9609046
11-11 03:00:17.028   893   893 D CompatConfig: Adding: com.android.server.compat.config.Change@636f207
11-11 03:00:17.029   893   893 D CompatConfig: No directory /apex/com.android.hardware.rebootescrow/etc/compatconfig, skipping
11-11 03:00:17.029   893   893 D CompatConfig: No directory /apex/com.android.compos/etc/compatconfig, skipping
11-11 03:00:17.030   893   893 D CompatConfig: No directory /apex/com.android.scheduling/etc/compatconfig, skipping
11-11 03:00:17.030   893   893 D CompatConfig: No directory /apex/com.android.hardware.contexthub/etc/compatconfig, skipping
11-11 03:00:17.030   893   893 D CompatConfig: No directory /apex/com.android.uwb/etc/compatconfig, skipping
11-11 03:00:17.031   893   893 D CompatConfig: No directory /apex/com.android.vndk.v33/etc/compatconfig, skipping
11-11 03:00:17.031   893   893 D CompatConfig: No directory /apex/com.google.cf.health.storage/etc/compatconfig, skipping
11-11 03:00:17.032   893   893 D CompatConfig: No directory /apex/com.android.hardware.drm.clearkey/etc/compatconfig, skipping
11-11 03:00:17.032   893   893 D CompatConfig: No directory /apex/com.android.hardware.ir/etc/compatconfig, skipping
11-11 03:00:17.032   893   893 D CompatConfig: No directory /apex/com.android.virt/etc/compatconfig, skipping
11-11 03:00:17.033   893   893 D CompatConfig: No directory /apex/com.android.cellbroadcast/etc/compatconfig, skipping
11-11 03:00:17.033   893   893 D CompatConfig: No directory /apex/com.google.cf.confirmationui/etc/compatconfig, skipping
11-11 03:00:17.034   893   893 D CompatConfig: No directory /apex/com.android.uprobestats/etc/compatconfig, skipping
11-11 03:00:17.034   893   893 D CompatConfig: No directory /apex/com.android.devicelock/etc/compatconfig, skipping
11-11 03:00:17.034   893   893 D CompatConfig: No directory /apex/com.android.hardware.gnss/etc/compatconfig, skipping
11-11 03:00:17.035   893   893 D CompatConfig: Found a config file: /apex/com.android.art/etc/compatconfig/libcore-platform-compat-config.xml
11-11 03:00:17.035   893   893 D CompatConfig: Adding: com.android.server.compat.config.Change@46b915d
11-11 03:00:17.036   893   893 D CompatConfig: Adding: com.android.server.compat.config.Change@3056ad2
11-11 03:00:17.036   893   893 D CompatConfig: Adding: com.android.server.compat.config.Change@46a7a3
11-11 03:00:17.036   893   893 D CompatConfig: Adding: com.android.server.compat.config.Change@3b3aa0
11-11 03:00:17.037   893   893 D CompatConfig: Adding: com.android.server.compat.config.Change@cd4e659
11-11 03:00:17.037   893   893 D CompatConfig: Adding: com.android.server.compat.config.Change@6ab621e
11-11 03:00:17.037   893   893 D CompatConfig: Adding: com.android.server.compat.config.Change@121aff
11-11 03:00:17.038   893   893 D CompatConfig: Adding: com.android.server.compat.config.Change@c2960cc
11-11 03:00:17.038   893   893 D CompatConfig: Adding: com.android.server.compat.config.Change@2e48f15
11-11 03:00:17.038   893   893 D CompatConfig: Adding: com.android.server.compat.config.Change@e27822a
11-11 03:00:17.039   893   893 D CompatConfig: Adding: com.android.server.compat.config.Change@6f7681b
11-11 03:00:17.039   893   893 D CompatConfig: Adding: com.android.server.compat.config.Change@8f1bdb8
11-11 03:00:17.039   893   893 D CompatConfig: Adding: com.android.server.compat.config.Change@b0c0791
11-11 03:00:17.040   893   893 D CompatConfig: Adding: com.android.server.compat.config.Change@99396f6
11-11 03:00:17.040   893   893 D CompatConfig: Adding: com.android.server.compat.config.Change@41a6af7
11-11 03:00:17.040   893   893 D CompatConfig: Adding: com.android.server.compat.config.Change@de0fd64
11-11 03:00:17.041   893   893 D CompatConfig: Adding: com.android.server.compat.config.Change@5588bcd
11-11 03:00:17.041   893   893 D CompatConfig: Adding: com.android.server.compat.config.Change@eda2c82
11-11 03:00:17.041   893   893 D CompatConfig: No directory /apex/com.google.cf.wpa_supplicant/etc/compatconfig, skipping
11-11 03:00:17.042   893   893 D CompatConfig: No directory /apex/com.android.media/etc/compatconfig, skipping
11-11 03:00:17.042   893   893 D CompatConfig: No directory /apex/com.google.cf.oemlock/etc/compatconfig, skipping
11-11 03:00:17.042   893   893 D CompatConfig: No directory /apex/com.android.hardware.dumpstate/etc/compatconfig, skipping
11-11 03:00:17.043   893   893 D CompatConfig: No directory /apex/com.android.vndk.v31/etc/compatconfig, skipping
11-11 03:00:17.043   893   893 D CompatConfig: No directory /apex/com.android.hardware.tetheroffload/etc/compatconfig, skipping
11-11 03:00:17.044   893   893 D CompatConfig: No directory /apex/com.android.runtime/etc/compatconfig, skipping
11-11 03:00:17.044   893   893 D CompatConfig: No directory /apex/com.android.hardware.secure_element/etc/compatconfig, skipping
11-11 03:00:17.044   893   893 D CompatConfig: No directory /apex/com.google.emulated.camera.provider.hal/etc/compatconfig, skipping
11-11 03:00:17.045   893   893 D CompatConfig: No directory /apex/com.android.neuralnetworks/etc/compatconfig, skipping
11-11 03:00:17.045   893   893 D CompatConfig: Found a config file: /apex/com.android.permission/etc/compatconfig/framework-permission-s-compat-config.xml
11-11 03:00:17.046   893   893 D CompatConfig: Adding: com.android.server.compat.config.Change@8628bd0
11-11 03:00:17.046   893   893 D CompatConfig: No directory /apex/com.android.hardware.usb/etc/compatconfig, skipping
11-11 03:00:17.047   893   893 D CompatConfig: No directory /apex/com.android.healthfitness/etc/compatconfig, skipping
11-11 03:00:17.047   893   893 D CompatConfig: No directory /apex/com.android.hardware.audio/etc/compatconfig, skipping
11-11 03:00:17.047   893   893 D CompatConfig: No directory /apex/com.android.hardware.memtrack/etc/compatconfig, skipping
11-11 03:00:17.048   893   893 D CompatConfig: No directory /apex/com.android.rkpd/etc/compatconfig, skipping
11-11 03:00:17.048   893   893 D CompatConfig: No directory /apex/com.android.ipsec/etc/compatconfig, skipping
11-11 03:00:17.049   893   893 D CompatConfig: No directory /apex/com.google.cf.wifi/etc/compatconfig, skipping
11-11 03:00:17.049   893   893 D CompatConfig: No directory /apex/com.android.adservices/etc/compatconfig, skipping
11-11 03:00:17.049   893   893 D CompatConfig: No directory /apex/com.google.cf.rild/etc/compatconfig, skipping
11-11 03:00:17.050   893   893 D CompatConfig: No directory /apex/com.android.configinfrastructure/etc/compatconfig, skipping
11-11 03:00:17.050   893   893 D CompatConfig: No directory /apex/com.android.hardware.wifi/etc/compatconfig, skipping
11-11 03:00:17.051   893   893 D CompatConfig: No directory /apex/com.android.hardware.power/etc/compatconfig, skipping
11-11 03:00:17.051   893   893 D CompatConfig: No directory /apex/com.android.vndk.v30/etc/compatconfig, skipping
11-11 03:00:17.051   893   893 D CompatConfig: No directory /apex/com.android.hardware.net.nlinterceptor/etc/compatconfig, skipping
11-11 03:00:17.052   893   893 D CompatConfig: No directory /apex/com.android.hardware.cas/etc/compatconfig, skipping
11-11 03:00:17.052   893   893 D CompatConfig: No directory /apex/com.android.hardware.biometrics.face.virtual/etc/compatconfig, skipping
11-11 03:00:17.052   893   893 D CompatConfig: No directory /apex/com.android.nfcservices/etc/compatconfig, skipping
11-11 03:00:17.053   893   893 D CompatConfig: No directory /apex/com.android.hardware.input.processor/etc/compatconfig, skipping
11-11 03:00:17.053   893   893 D CompatConfig: No directory /apex/com.android.vndk.v34/etc/compatconfig, skipping
11-11 03:00:17.054   893   893 D CompatConfig: No directory /apex/com.android.media.swcodec/etc/compatconfig, skipping
11-11 03:00:17.054   893   893 D CompatConfig: No directory /apex/com.android.hardware.thermal/etc/compatconfig, skipping
11-11 03:00:17.054   893   893 D CompatConfig: No directory /apex/com.android.tzdata/etc/compatconfig, skipping
11-11 03:00:17.055   893   893 D CompatConfig: No directory /apex/com.android.hardware.neuralnetworks/etc/compatconfig, skipping
11-11 03:00:17.056   893   893 D CompatConfig: No directory /apex/com.android.hardware.threadnetwork/etc/compatconfig, skipping
11-11 03:00:17.056   893   893 D CompatConfig: No directory /apex/com.android.sdkext/etc/compatconfig, skipping
11-11 03:00:17.056   893   893 D CompatConfig: No directory /apex/com.android.appsearch/etc/compatconfig, skipping
11-11 03:00:17.057   893   893 D CompatConfig: No directory /apex/com.android.ondevicepersonalization/etc/compatconfig, skipping
11-11 03:00:17.057   893   893 D CompatConfig: Found a config file: /apex/com.android.bt/etc/compatconfig/bluetoothapk-platform-compat-config.xml
11-11 03:00:17.058   893   893 D CompatConfig: Adding: com.android.server.compat.config.Change@6028ece
11-11 03:00:17.059   893   893 D CompatConfig: Found a config file: /apex/com.android.bt/etc/compatconfig/bluetooth-compat-config.xml
11-11 03:00:17.059   893   893 D CompatConfig: Adding: com.android.server.compat.config.Change@f2c94fc
11-11 03:00:17.060   893   893 D CompatConfig: Found a config file: /apex/com.android.bt/etc/compatconfig/framework-bluetooth-compat-config.xml
11-11 03:00:17.060   893   893 D CompatConfig: Adding: com.android.server.compat.config.Change@e3cc9da
11-11 03:00:17.060   893   893 D CompatConfig: Adding: com.android.server.compat.config.Change@dfe8e0b
11-11 03:00:17.061   893   893 D CompatConfig: Adding: com.android.server.compat.config.Change@c2c04e8
11-11 03:00:17.061   893   893 D CompatConfig: No directory /apex/com.android.apex.cts.shim/etc/compatconfig, skipping
11-11 03:00:17.062   893   893 D CompatConfig: No directory /apex/com.android.hardware.boot/etc/compatconfig, skipping
11-11 03:00:17.062   893   893 D CompatConfig: No directory /apex/com.android.hardware.vibrator/etc/compatconfig, skipping
11-11 03:00:17.062   893   893 D CompatConfig: No directory /apex/com.google.cf.vulkan/etc/compatconfig, skipping
11-11 03:00:17.063   893   893 D CompatConfig: Found a config file: /apex/com.android.tethering/etc/compatconfig/connectivity-platform-compat-config.xml
11-11 03:00:17.063   893   893 D CompatConfig: Adding: com.android.server.compat.config.Change@7ada9a6
11-11 03:00:17.064   893   893 D CompatConfig: Adding: com.android.server.compat.config.Change@b05ffe7
11-11 03:00:17.064   893   893 D CompatConfig: Adding: com.android.server.compat.config.Change@9308794
11-11 03:00:17.064   893   893 D CompatConfig: Adding: com.android.server.compat.config.Change@371023d
11-11 03:00:17.065   893   893 D CompatConfig: Adding: com.android.server.compat.config.Change@dfaba32
11-11 03:00:17.065   893   893 D CompatConfig: Adding: com.android.server.compat.config.Change@d28b383
11-11 03:00:17.065   893   893 D CompatConfig: Adding: com.android.server.compat.config.Change@b588900
11-11 03:00:17.066   893   893 D CompatConfig: Adding: com.android.server.compat.config.Change@4708539
11-11 03:00:17.066   893   893 D CompatConfig: Adding: com.android.server.compat.config.Change@f96477e
11-11 03:00:17.066   893   893 D CompatConfig: No directory /apex/com.google.cf.gralloc/etc/compatconfig, skipping
11-11 03:00:17.067   893   893 D CompatConfig: No directory /apex/com.android.vndk.v32/etc/compatconfig, skipping
11-11 03:00:17.067   893   893 D CompatConfig: Found a config file: /apex/com.android.mediaprovider/etc/compatconfig/framework-pdf-v-platform-compat-config.xml
11-11 03:00:17.068   893   893 D CompatConfig: Adding: com.android.server.compat.config.Change@93d352c
11-11 03:00:17.068   893   893 D CompatConfig: Found a config file: /apex/com.android.mediaprovider/etc/compatconfig/media-provider-platform-compat-config.xml
11-11 03:00:17.069   893   893 D CompatConfig: Adding: com.android.server.compat.config.Change@dcb5d8a
11-11 03:00:17.069   893   893 D CompatConfig: Adding: com.android.server.compat.config.Change@8d30ffb
11-11 03:00:17.069   893   893 D CompatConfig: Adding: com.android.server.compat.config.Change@7de7818
11-11 03:00:17.069   893   893 D CompatConfig: Adding: com.android.server.compat.config.Change@ce0a271
11-11 03:00:17.070   893   893 D CompatConfig: Adding: com.android.server.compat.config.Change@189c856
11-11 03:00:17.070   893   893 D CompatConfig: Adding: com.android.server.compat.config.Change@b38b0d7
11-11 03:00:17.070   893   893 D CompatConfig: Adding: com.android.server.compat.config.Change@a4efdc4
11-11 03:00:17.071   893   893 D CompatConfig: Adding: com.android.server.compat.config.Change@e8bf4ad
11-11 03:00:17.071   893   893 D CompatConfig: Adding: com.android.server.compat.config.Change@f213e2
11-11 03:00:17.071   893   893 D CompatConfig: Adding: com.android.server.compat.config.Change@bed8373
11-11 03:00:17.072   893   893 D CompatConfig: Adding: com.android.server.compat.config.Change@203230
11-11 03:00:17.072   893   893 D CompatConfig: No directory /apex/com.android.hardware.authsecret/etc/compatconfig, skipping
11-11 03:00:17.073   893   893 D CompatConfig: No directory /apex/com.android.resolv/etc/compatconfig, skipping
11-11 03:00:17.073   893   893 V SystemServerTiming: PlatformCompat took to complete: 188ms
11-11 03:00:17.074   893   893 D SystemServerTiming: StartFileIntegrityService
11-11 03:00:17.074   893   893 I SystemServiceManager: Starting com.android.server.security.FileIntegrityService
11-11 03:00:17.075   893   893 V SystemServerTiming: StartFileIntegrityService took to complete: 0ms
11-11 03:00:17.075   893   893 D SystemServerTiming: StartInstaller
11-11 03:00:17.075   893   893 I SystemServiceManager: Starting com.android.server.pm.Installer
11-11 03:00:17.080   893   893 V SystemServerTiming: StartInstaller took to complete: 4ms
11-11 03:00:17.080   893   893 D SystemServerTiming: DeviceIdentifiersPolicyService
11-11 03:00:17.080   893   893 I SystemServiceManager: Starting com.android.server.os.DeviceIdentifiersPolicyService
11-11 03:00:17.081   893   893 V SystemServerTiming: DeviceIdentifiersPolicyService took to complete: 0ms
11-11 03:00:17.081   893   893 D SystemServerTiming: StartFeatureFlagsService
11-11 03:00:17.082   893   893 I SystemServiceManager: Starting com.android.server.flags.FeatureFlagsService
11-11 03:00:17.082   893   893 D FeatureFlagsService: Started Feature Flag Service
11-11 03:00:17.083   893   893 V SystemServerTiming: StartFeatureFlagsService took to complete: 2ms
11-11 03:00:17.084   893   893 D SystemServerTiming: UriGrantsManagerService
11-11 03:00:17.084   893   893 I SystemServiceManager: Starting com.android.server.uri.UriGrantsManagerService$Lifecycle
11-11 03:00:17.085   893   893 V SystemServerTiming: UriGrantsManagerService took to complete: 1ms
11-11 03:00:17.085   893   893 D SystemServerTiming: StartPowerStatsService
11-11 03:00:17.085   893   893 I SystemServiceManager: Starting com.android.server.powerstats.PowerStatsService
11-11 03:00:17.087   893   893 V SystemServerTiming: StartPowerStatsService took to complete: 2ms
11-11 03:00:17.087   893   893 D SystemServerTiming: StartIStatsService
11-11 03:00:17.101     0     0 I servicemanager: Caller(pid=893,uid=1000,sid=u:r:system_server:s0) Found android.hardware.power.stats.IPowerStats/default in device VINTF manifest.
11-11 03:00:17.090   893   893 V SystemServerTiming: StartIStatsService took to complete: 3ms
11-11 03:00:17.090   893   893 D SystemServerTiming: MemtrackProxyService
11-11 03:00:17.092   893   893 V SystemServerTiming: MemtrackProxyService took to complete: 2ms
11-11 03:00:17.092   893   893 D SystemServerTiming: StartAccessCheckingService
11-11 03:00:17.093   893   893 I SystemServiceManager: Starting com.android.server.permission.access.AccessCheckingService
11-11 03:00:17.104     0     0 I servicemanager: Caller(pid=893,uid=1000,sid=u:r:system_server:s0) Found android.frameworks.stats.IStats/default in framework VINTF manifest.
11-11 03:00:17.106     0     0 I servicemanager: Caller(pid=893,uid=1000,sid=u:r:system_server:s0) Found android.hardware.memtrack.IMemtrack/default in device VINTF manifest.
11-11 03:00:17.094   893   893 V SystemServerTiming: StartAccessCheckingService took to complete: 1ms
11-11 03:00:17.094   893   893 D SystemServerTiming: StartActivityManager
11-11 03:00:17.095   893   893 I SystemServiceManager: Starting com.android.server.wm.ActivityTaskManagerService$Lifecycle
11-11 03:00:17.097   893   893 I SystemServiceManager: Starting com.android.server.am.ActivityManagerService$Lifecycle
11-11 03:00:17.099   893   893 I ActivityManager: Memory class: 192
11-11 03:00:17.100   893   924 I Binder  : Setting heavy hitter watcher config: false, 0, 0.0
11-11 03:00:17.106   893   893 W PowerProfile: screen.on is deprecated! Use screen.on.display0 instead.
11-11 03:00:17.106   893   893 W PowerProfile: screen.full is deprecated! Use screen.full.display0 instead.
11-11 03:00:17.107   893   893 W ModemPowerProfile: getAverageBatteryDrainMaH called with unexpected key: 0x0, drain:SLEEP,RAT:DEFAULT
11-11 03:00:17.107   893   893 W ModemPowerProfile: getAverageBatteryDrainMaH called with unexpected key: 0x10000000, drain:IDLE,RAT:DEFAULT
11-11 03:00:17.107   893   893 W ModemPowerProfile: getAverageBatteryDrainMaH called with unexpected key: 0x20000000, drain:RX,RAT:DEFAULT
11-11 03:00:17.108   893   893 W ModemPowerProfile: getAverageBatteryDrainMaH called with unexpected key: 0x30000000, drain:TX,level:0,RAT:DEFAULT
11-11 03:00:17.108   893   893 W ModemPowerProfile: getAverageBatteryDrainMaH called with unexpected key: 0x31000000, drain:TX,level:1,RAT:DEFAULT
11-11 03:00:17.109   893   893 W ModemPowerProfile: getAverageBatteryDrainMaH called with unexpected key: 0x32000000, drain:TX,level:2,RAT:DEFAULT
11-11 03:00:17.109   893   893 W ModemPowerProfile: getAverageBatteryDrainMaH called with unexpected key: 0x33000000, drain:TX,level:3,RAT:DEFAULT
11-11 03:00:17.109   893   893 W ModemPowerProfile: getAverageBatteryDrainMaH called with unexpected key: 0x34000000, drain:TX,level:4,RAT:DEFAULT
11-11 03:00:17.113   893   893 D BatteryStatsImpl: Reading daily items from /data/system/batterystats-daily.xml
11-11 03:00:17.142   893   893 I AppOps  : No existing app ops /data/system/appops.xml; starting empty
11-11 03:00:17.144   893   893 I IntentFirewall: Read new rules (A:0 B:0 S:0)
11-11 03:00:17.147   893   893 D OomAdjuster: Not killing cached processes
11-11 03:00:17.148   893   893 D AppOps  : AppOpsService published
11-11 03:00:17.148   893   910 W android.permission.PermissionManager: Missing ActivityManager; assuming 1047 does not hold android.permission.MANAGE_APP_OPS_MODES
11-11 03:00:17.150   893   893 V SystemServerTiming: StartActivityManager took to complete: 56ms
11-11 03:00:17.150   893   937 I CriticalEventLog: No log found, returning empty log proto.
11-11 03:00:17.151   893   893 D SystemServerTiming: StartDataLoaderManagerService
11-11 03:00:17.151   893   893 I SystemServiceManager: Starting com.android.server.pm.DataLoaderManagerService
11-11 03:00:17.152   893   893 V SystemServerTiming: StartDataLoaderManagerService took to complete: 1ms
11-11 03:00:17.153   893   893 D SystemServerTiming: StartIncrementalService
11-11 03:00:17.155   893   893 V SystemServerTiming: StartIncrementalService took to complete: 3ms
11-11 03:00:17.156   893   893 D SystemServerTiming: StartPowerManager
11-11 03:00:17.156   893   893 I SystemServiceManager: Starting com.android.server.power.PowerManagerService
11-11 03:00:17.173     0     0 I servicemanager: Caller(pid=893,uid=1000,sid=u:r:system_server:s0) Found android.system.suspend.ISystemSuspend/default in framework VINTF manifest.
11-11 03:00:17.174     0     0 I servicemanager: Caller(pid=893,uid=1000,sid=u:r:system_server:s0) Found android.hardware.power.IPower/default in device VINTF manifest.
11-11 03:00:17.162   893   893 V SystemServerTiming: StartPowerManager took to complete: 7ms
11-11 03:00:17.162   893   893 D SystemServerTiming: StartThermalManager
11-11 03:00:17.163   893   893 I SystemServiceManager: Starting com.android.server.power.ThermalManagerService
11-11 03:00:17.164   893   893 V SystemServerTiming: StartThermalManager took to complete: 1ms
11-11 03:00:17.164   893   893 D SystemServerTiming: InitPowerManagement
11-11 03:00:17.165   893   893 V SystemServerTiming: InitPowerManagement took to complete: 0ms
11-11 03:00:17.165   893   893 D SystemServerTiming: StartRecoverySystemService
11-11 03:00:17.166   893   893 I SystemServiceManager: Starting com.android.server.recoverysystem.RecoverySystemService$Lifecycle
11-11 03:00:17.167   893   893 V SystemServerTiming: StartRecoverySystemService took to complete: 1ms
11-11 03:00:17.167   893   893 D SystemServerTiming: StartLightsService
11-11 03:00:17.167   893   893 I SystemServiceManager: Starting com.android.server.lights.LightsService
11-11 03:00:17.183     0     0 I servicemanager: Caller(pid=893,uid=1000,sid=u:r:system_server:s0) Found android.hardware.light.ILights/default in device VINTF manifest.
11-11 03:00:17.169   893   893 V SystemServerTiming: StartLightsService took to complete: 2ms
11-11 03:00:17.170   893   893 D SystemServerTiming: StartDisplayOffloadService
11-11 03:00:17.170   893   893 V SystemServerTiming: StartDisplayOffloadService took to complete: 0ms
11-11 03:00:17.170   893   893 D SystemServerTiming: StartDisplayManager
11-11 03:00:17.171   893   893 I SystemServiceManager: Starting com.android.server.display.DisplayManagerService
11-11 03:00:17.175   893   893 D PluginManager: loading plugins from:
11-11 03:00:17.175   893   893 D PluginManager: loaded Plugins:[]
11-11 03:00:17.176   893   893 V SystemServerTiming: StartDisplayManager took to complete: 6ms
11-11 03:00:17.177   893   893 D SystemServerTiming: WaitForDisplay
11-11 03:00:17.177   893   918 W LocalDisplayAdapter: DisplayModeSpecs base mode no longer available, using currently active mode.
11-11 03:00:17.178   893   893 I SystemServiceManager: Starting phase 100
11-11 03:00:17.178   893   893 D SystemServerTiming: OnBootPhase_100
11-11 03:00:17.179   893   893 D SystemServerTiming: OnBootPhase_100_com.android.server.security.FileIntegrityService
11-11 03:00:17.179   893   893 V SystemServerTiming: OnBootPhase_100_com.android.server.security.FileIntegrityService took to complete: 0ms
11-11 03:00:17.179   893   893 D SystemServerTiming: OnBootPhase_100_com.android.server.pm.Installer
11-11 03:00:17.180   893   893 V SystemServerTiming: OnBootPhase_100_com.android.server.pm.Installer took to complete: 0ms
11-11 03:00:17.180   893   893 D SystemServerTiming: OnBootPhase_100_com.android.server.os.DeviceIdentifiersPolicyService
11-11 03:00:17.180   893   893 V SystemServerTiming: OnBootPhase_100_com.android.server.os.DeviceIdentifiersPolicyService took to complete: 0ms
11-11 03:00:17.181   893   893 D SystemServerTiming: OnBootPhase_100_com.android.server.flags.FeatureFlagsService
11-11 03:00:17.181   893   893 V SystemServerTiming: OnBootPhase_100_com.android.server.flags.FeatureFlagsService took to complete: 0ms
11-11 03:00:17.182   893   893 D SystemServerTiming: OnBootPhase_100_com.android.server.uri.UriGrantsManagerService$Lifecycle
11-11 03:00:17.182   893   893 V SystemServerTiming: OnBootPhase_100_com.android.server.uri.UriGrantsManagerService$Lifecycle took to complete: 0ms
11-11 03:00:17.183   893   893 D SystemServerTiming: OnBootPhase_100_com.android.server.powerstats.PowerStatsService
11-11 03:00:17.183   893   893 V SystemServerTiming: OnBootPhase_100_com.android.server.powerstats.PowerStatsService took to complete: 0ms
11-11 03:00:17.183   893   893 D SystemServerTiming: OnBootPhase_100_com.android.server.permission.access.AccessCheckingService
11-11 03:00:17.184   893   893 V SystemServerTiming: OnBootPhase_100_com.android.server.permission.access.AccessCheckingService took to complete: 0ms
11-11 03:00:17.184   893   918 E DisplayManagerService: Default display is null for info request from uid 1000
11-11 03:00:17.184   893   893 D SystemServerTiming: OnBootPhase_100_com.android.server.wm.ActivityTaskManagerService$Lifecycle
11-11 03:00:17.185   893   893 V SystemServerTiming: OnBootPhase_100_com.android.server.wm.ActivityTaskManagerService$Lifecycle took to complete: 0ms
11-11 03:00:17.185   893   893 D SystemServerTiming: OnBootPhase_100_com.android.server.am.ActivityManagerService$Lifecycle
11-11 03:00:17.186   893   893 V SystemServerTiming: OnBootPhase_100_com.android.server.am.ActivityManagerService$Lifecycle took to complete: 0ms
11-11 03:00:17.186   893   893 D SystemServerTiming: OnBootPhase_100_com.android.server.pm.DataLoaderManagerService
11-11 03:00:17.187   893   893 V SystemServerTiming: OnBootPhase_100_com.android.server.pm.DataLoaderManagerService took to complete: 0ms
11-11 03:00:17.187   893   893 D SystemServerTiming: OnBootPhase_100_com.android.server.power.PowerManagerService
11-11 03:00:17.187   893   893 V SystemServerTiming: OnBootPhase_100_com.android.server.power.PowerManagerService took to complete: 0ms
11-11 03:00:17.188   893   893 D SystemServerTiming: OnBootPhase_100_com.android.server.power.ThermalManagerService
11-11 03:00:17.188   893   893 V SystemServerTiming: OnBootPhase_100_com.android.server.power.ThermalManagerService took to complete: 0ms
11-11 03:00:17.189   893   893 D SystemServerTiming: OnBootPhase_100_com.android.server.recoverysystem.RecoverySystemService$Lifecycle
11-11 03:00:17.189   893   893 V SystemServerTiming: OnBootPhase_100_com.android.server.recoverysystem.RecoverySystemService$Lifecycle took to complete: 0ms
11-11 03:00:17.189   893   893 D SystemServerTiming: OnBootPhase_100_com.android.server.lights.LightsService
11-11 03:00:17.190   893   918 I DisplayDeviceRepository: Display device added: DisplayDeviceInfo{"Built-in Screen": uniqueId="local:4632256312697818880", 720 x 1280, modeId 1, renderFrameRate 75.0, hasArrSupport false, frameRateCategoryRate FrameRateCategoryRate {normal=60.0, high=90.0}, supportedRefreshRates [75.0], defaultModeId 1, userPreferredModeId -1, supportedModes [{id=1, width=720, height=1280, fps=75.0, vsync=75.0, synthetic=false, alternativeRefreshRates=[], supportedHdrTypes=[]}], colorMode 0, supportedColorModes [0], hdrCapabilities HdrCapabilities{mSupportedHdrTypes=[], mMaxLuminance=500.0, mMaxAverageLuminance=500.0, mMinLuminance=0.0}, isForceSdr false, allmSupported false, gameContentTypeSupported false, density 320, 100.0 x 100.0 dpi, appVsyncOff 2000000, presDeadline 13333333, touch INTERNAL, rotation 0, type INTERNAL, address {port=0, model=0x40491492daea0f}, deviceProductInfo DeviceProductInfo{name=QEMU Monitor, manufacturerPnpId=RHT, productId=4660, modelYear=null, manufactureDate=ManufactureDate{week=42, year=2014}, connectionToSinkType=1}, state UNKNOWN, committedState UNKNOWN, frameRateOverride , brightnessMinimum 0.035433073, brightnessMaximum 1.0, brightnessDefault 0.39763778, brightnessDim 0.05, hdrSdrRatio NaN, FLAG_ALLOWED_TO_BE_DEFAULT_DISPLAY, FLAG_ROTATES_WITH_CONTENT, FLAG_SECURE, FLAG_SUPPORTS_PROTECTED_BUFFERS, FLAG_TRUSTED, installOrientation 0, displayShape DisplayShape{ spec=42744253 displayWidth=720 displayHeight=1280 physicalPixelDisplaySizeRatio=1.0 rotation=0 offsetX=0 offsetY=0 scale=1.0}}
11-11 03:00:17.192   893   893 V SystemServerTiming: OnBootPhase_100_com.android.server.lights.LightsService took to complete: 0ms
11-11 03:00:17.192   893   918 I LogicalDisplayMapper: Applying layout: [{dispId: 0(ON), displayGroupName: , addr: {port=0, model=0x40491492daea0f}, mThermalBrightnessThrottlingMapId: null, mRefreshRateZoneId: null, mLeadDisplayId: -1, mLeadDisplayAddress: null, mThermalRefreshRateThrottlingMapId: null, mPowerThrottlingMapId: null}], Previous layout: null
11-11 03:00:17.193   893   893 D SystemServerTiming: OnBootPhase_100_com.android.server.display.DisplayManagerService
11-11 03:00:17.193   893   918 I LogicalDisplayMapper: Setting new display group 0 for display 0, from previous group: null
11-11 03:00:17.195   893   893 V SystemServerTiming: OnBootPhase_100_com.android.server.display.DisplayManagerService took to complete: 3ms
11-11 03:00:17.196   893   893 V SystemServerTiming: OnBootPhase_100 took to complete: 17ms
11-11 03:00:17.197   893   893 V SystemServerTiming: WaitForDisplay took to complete: 19ms
11-11 03:00:17.197   893   893 D SystemServerTiming: StartDomainVerificationService
11-11 03:00:17.199   893   893 V SystemServerTiming: StartDomainVerificationService took to complete: 1ms
11-11 03:00:17.199   893   893 D SystemServerTiming: StartPackageManagerService
11-11 03:00:17.200   893   893 I Watchdog: Pausing HandlerChecker: main thread for reason: packagemanagermain. Pause count: 1
11-11 03:00:17.201   893   893 D PackageManagerTiming: create package manager
11-11 03:00:17.203   893   893 D PackageManagerTiming: createSubComponents
11-11 03:00:17.205   893   893 E UserManagerService: No user list file
11-11 03:00:17.205   893   893 E UserManagerService: userlist.xml not found, fallback to single user
11-11 03:00:17.209   893   893 W FileUtils: Failed to chmod(/data/system/packages.list): android.system.ErrnoException: chmod failed: ENOENT (No such file or directory)
11-11 03:00:17.211   893   893 V PackageManagerTiming: createSubComponents took to complete: 7ms
11-11 03:00:17.211   893   893 D PackageManagerTiming: get system config
11-11 03:00:17.212   893   893 V PackageManagerTiming: get system config took to complete: 0ms
11-11 03:00:17.212   893   893 D PackageManagerTiming: addSharedUsers
11-11 03:00:17.212   893   893 V PackageManagerTiming: addSharedUsers took to complete: 0ms
11-11 03:00:17.216   893   893 D SELinuxMMAC: Using policy file /system/etc/selinux/plat_mac_permissions.xml
11-11 03:00:17.217   893   893 D SELinuxMMAC: Using policy file /system_ext/etc/selinux/system_ext_mac_permissions.xml
11-11 03:00:17.217   893   893 D SELinuxMMAC: Using policy file /product/etc/selinux/product_mac_permissions.xml
11-11 03:00:17.218   893   893 D SELinuxMMAC: Using policy file /vendor/etc/selinux/vendor_mac_permissions.xml
11-11 03:00:17.218   893   893 D SELinuxMMAC: Using policy file /odm/etc/selinux/odm_mac_permissions.xml
11-11 03:00:17.219   893   893 D PackageManagerTiming: loadFallbacks
11-11 03:00:17.219   893   893 V Configuration: Updating configuration, locales updated from [] to [en_US]
11-11 03:00:17.221   893   893 V PackageManagerTiming: loadFallbacks took to complete: 1ms
11-11 03:00:17.221   893   893 D PackageManagerTiming: read user settings
11-11 03:00:17.222   893   893 I PackageManager: No package manager settings file
11-11 03:00:17.223   893   893 V PackageManagerTiming: read user settings took to complete: 1ms
11-11 03:00:17.223   893   893 D PackageManagerTiming: setFirstBoot: 
11-11 03:00:17.224   893   893 V PackageManagerTiming: setFirstBoot:  took to complete: 0ms
11-11 03:00:17.225   893   893 I AccessPersistence: /data/misc/apexdata/com.android.permission/access.abx not found
11-11 03:00:17.226   893   893 I AccessPersistence: /data/misc_de/0/apexdata/com.android.permission/access.abx not found
11-11 03:00:17.226   893   893 I LegacyAppOpStateParser: No existing app ops /data/system/appops.xml; starting empty
11-11 03:00:17.242     0     0 I init    : processing action (ro.postinstall.fstab.prefix=/system && sys.cppreopt=requested) from (/system/etc/init/cppreopts.rc:26)
11-11 03:00:17.243     0     0 I init    : [libfs_mgr] Invalid ext4 superblock on '/dev/block/dm-2'
11-11 03:00:17.244     0     0 E init    : [libfs_mgr] mount_with_alternatives(): skipping mount due to invalid magic, mountpoint=/postinstall blk_dev=/dev/block/dm-2 rec[0].fs_type=ext4
11-11 03:00:17.244     0     0 I erofs   : (device dm-2): mounted with root inode @ nid 38.
11-11 03:00:17.245     0     0 I init    : [libfs_mgr] __mount(source=/dev/block/dm-2,target=/postinstall,type=erofs)=0: Success
11-11 03:00:17.245     0     0 I init    : [libfs_mgr] mount_with_alternatives(): Mounted /dev/block/dm-2 on /postinstall with fs_type=erofs instead of ext4
11-11 03:00:17.246     0     0 I init    : [libfs_mgr] mount_with_alternatives(): skipping fstab dup mountpoint=/postinstall rec[2].fs_type=ext4 already mounted as erofs
11-11 03:00:17.246     0     0 I init    : [libfs_mgr] mount_with_alternatives(): skipping fstab dup mountpoint=/postinstall rec[3].fs_type=erofs already mounted as erofs
11-11 03:00:17.247     0     0 I init    : [libfs_mgr] mount_with_alternatives(): skipping fstab dup mountpoint=/postinstall rec[4].fs_type=ext4 already mounted as erofs
11-11 03:00:17.247     0     0 I init    : [libfs_mgr] mount_with_alternatives(): skipping fstab dup mountpoint=/postinstall rec[5].fs_type=erofs already mounted as erofs
11-11 03:00:17.251     0     0 E init    : Unable to set property 'ro.crypto.state' from uid:0 gid:0 pid:1: Read-only property was already set
11-11 03:00:17.254     0     0 I init    : starting service 'cppreopts'...
11-11 03:00:17.256     0     0 W libprocessgroup: SetCgroup::ExecuteForProcess: failed to open /dev/cpuset/foreground/cgroup.procs: No such file or directory
11-11 03:00:17.256     0     0 I init    : ... started service 'cppreopts' has pid 952
11-11 03:00:17.256     0     0 W libprocessgroup: Failed to apply ProcessCapacityHigh process profile
11-11 03:00:17.257     0     0 I init    : SVC_EXEC service 'cppreopts' pid 952 (uid 0 gid 0+0 context default) started; waiting...
11-11 03:00:17.257     0     0 E init    : failed to set task profiles
11-11 03:00:18.020     0     0 I servicemanager: Caller(pid=724,uid=1041,sid=u:r:audioserver:s0) Since 'activity' could not be found trying to start it as a lazy AIDL service. (if it's not configured to be a lazy service, it may be stuck starting or still starting).
11-11 03:00:18.348     0     0 E init    : Control message: Could not find 'aidl/activity' for ctl.interface_start from pid: 313 (/system/bin/servicemanager)
11-11 03:00:18.348     0     0 I servicemanager: Caller(pid=724,uid=1041,sid=u:r:audioserver:s0) Tried to start aidl service activity as a lazy service, but was unable to. Usually this happens when a service is not installed, but if the service is intended to be used as a lazy service, then it may be configured incorrectly.
11-11 03:00:19.034     0     0 I servicemanager: Caller(pid=724,uid=1041,sid=u:r:audioserver:s0) Since 'activity' could not be found trying to start it as a lazy AIDL service. (if it's not configured to be a lazy service, it may be stuck starting or still starting).
11-11 03:00:19.035     0     0 E init    : Control message: Could not find 'aidl/activity' for ctl.interface_start from pid: 313 (/system/bin/servicemanager)
11-11 03:00:19.150     0     0 I servicemanager: Caller(pid=724,uid=1041,sid=u:r:audioserver:s0) Tried to start aidl service activity as a lazy service, but was unable to. Usually this happens when a service is not installed, but if the service is intended to be used as a lazy service, then it may be configured incorrectly.
11-11 03:00:20.062     0     0 I servicemanager: Caller(pid=724,uid=1041,sid=u:r:audioserver:s0) Since 'activity' could not be found trying to start it as a lazy AIDL service. (if it's not configured to be a lazy service, it may be stuck starting or still starting).
11-11 03:00:20.064     0     0 E init    : Control message: Could not find 'aidl/activity' for ctl.interface_start from pid: 313 (/system/bin/servicemanager)
11-11 03:00:20.065     0     0 I servicemanager: Caller(pid=724,uid=1041,sid=u:r:audioserver:s0) Tried to start aidl service activity as a lazy service, but was unable to. Usually this happens when a service is not installed, but if the service is intended to be used as a lazy service, then it may be configured incorrectly.
11-11 03:00:21.085     0     0 I servicemanager: Caller(pid=724,uid=1041,sid=u:r:audioserver:s0) Since 'activity' could not be found trying to start it as a lazy AIDL service. (if it's not configured to be a lazy service, it may be stuck starting or still starting).
11-11 03:00:21.105     0     0 E init    : Control message: Could not find 'aidl/activity' for ctl.interface_start from pid: 313 (/system/bin/servicemanager)
11-11 03:00:21.106     0     0 I servicemanager: Caller(pid=724,uid=1041,sid=u:r:audioserver:s0) Tried to start aidl service activity as a lazy service, but was unable to. Usually this happens when a service is not installed, but if the service is intended to be used as a lazy service, then it may be configured incorrectly.
11-11 03:00:21.260   793   793 E storaged: getService package_native failed
11-11 03:00:21.285   793  2334 I storaged: storaged: Start
11-11 03:00:21.324     0     0 I init    : Service 'cppreopts' (pid 952) exited with status 0 waiting took 4.069000 seconds
11-11 03:00:21.325     0     0 I init    : Sending signal 9 to service 'cppreopts' (pid 952) process group...
11-11 03:00:21.325     0     0 I libprocessgroup: Removed cgroup /sys/fs/cgroup/system/uid_0/pid_952
11-11 03:00:21.328     0     0 I init    : starting service 'exec 20 (/system/bin/preloads_copy.sh /postinstall)'...
11-11 03:00:21.332     0     0 I init    : ... started service 'exec 20 (/system/bin/preloads_copy.sh /postinstall)' has pid 2340
11-11 03:00:21.332     0     0 I init    : SVC_EXEC service 'exec 20 (/system/bin/preloads_copy.sh /postinstall)' pid 2340 (uid 1000 gid 1000+0 context default) started; waiting...
11-11 03:00:21.377     0     0 I init    : Service 'exec 20 (/system/bin/preloads_copy.sh /postinstall)' (pid 2340) exited with status 0 waiting took 0.047000 seconds
11-11 03:00:21.378     0     0 I init    : Sending signal 9 to service 'exec 20 (/system/bin/preloads_copy.sh /postinstall)' (pid 2340) process group...
11-11 03:00:21.378     0     0 I libprocessgroup: Removed cgroup /sys/fs/cgroup/system/uid_1000/pid_2340
11-11 03:00:21.387     0     0 I init    : processing action (nonencrypted) from (/system/etc/init/hw/init.rc:1217)
11-11 03:00:21.388     0     0 I init    : service 'zygote' requested start, but it is already running (flags: 4)
11-11 03:00:21.388     0     0 I init    : service 'cameraserver' requested start, but it is already running (flags: 4)
11-11 03:00:21.388     0     0 I init    : service 'drm' requested start, but it is already running (flags: 132)
11-11 03:00:21.389     0     0 I init    : service 'idmap2d' requested start, but it is already running (flags: 4)
11-11 03:00:21.389     0     0 I init    : service 'incidentd' requested start, but it is already running (flags: 4)
11-11 03:00:21.389     0     0 I init    : service 'installd' requested start, but it is already running (flags: 4)
11-11 03:00:21.390     0     0 I init    : service 'mdnsd' requested start, but it is already running (flags: 134)
11-11 03:00:21.390     0     0 I init    : service 'mediaextractor' requested start, but it is already running (flags: 4)
11-11 03:00:21.390     0     0 I init    : service 'mediametrics' requested start, but it is already running (flags: 4)
11-11 03:00:21.391     0     0 I init    : service 'media' requested start, but it is already running (flags: 4)
11-11 03:00:21.391     0     0 I init    : service 'netd' requested start, but it is already running (flags: 4)
11-11 03:00:21.391     0     0 I init    : service 'storaged' requested start, but it is already running (flags: 4)
11-11 03:00:21.392     0     0 I init    : service 'wificond' requested start, but it is already running (flags: 4)
11-11 03:00:21.392     0     0 I init    : service 'seriallogging' requested start, but it is already running (flags: 4)
11-11 03:00:21.393     0     0 I init    : service 'media.swcodec' requested start, but it is already running (flags: 4)
11-11 03:00:21.393     0     0 I init    : service 'statsd' requested start, but it is already running (flags: 4)
11-11 03:00:21.393     0     0 I init    : service 'vendor.ril-daemon' requested start, but it is already running (flags: 4)
11-11 03:00:21.394     0     0 I init    : service 'gatekeeperd' requested start, but it is already running (flags: 4)
11-11 03:00:21.394     0     0 I init    : service 'traced' requested start, but it is already running (flags: 132)
11-11 03:00:21.394     0     0 I init    : service 'traced_probes' requested start, but it is already running (flags: 132)
11-11 03:00:21.395     0     0 I init    : service 'update_engine' requested start, but it is already running (flags: 4)
11-11 03:00:21.395     0     0 I init    : service 'tombstone_transmit' requested start, but it is already running (flags: 4)
11-11 03:00:21.399   893   893 I PackageManager: cppreopts took 4171 ms
11-11 03:00:21.401   893   893 D PackageManager: Directories scanned as system partitions: [/system:0, /vendor:524288, /odm:4194304, /oem:262144, /product:1048576, /system_ext:2097152, /apex/com.google.cf.health:42467328, /apex/com.android.conscrypt:58720256, /apex/com.android.adbd:58720256, /apex/com.android.os.statsd:41943040, /apex/com.android.hardware.uwb:42467328, /apex/com.android.i18n:41943040, /apex/com.android.hardware.gatekeeper:42467328, /apex/com.android.extservices:58720256, /apex/com.google.cf.input.config:42467328, /apex/com.google.cf.bt:42467328, /apex/com.android.hardware.graphics.composer:42467328, /apex/com.google.cf.nfc:42467328, /apex/com.android.crashrecovery:58720256, /apex/com.android.hardware.sensors:42467328, /apex/com.google.cf.light:42467328, /apex/com.android.hardware.biometrics.fingerprint.virtual:44040192, /apex/com.google.cf.identity:42467328, /apex/com.android.hardware.security.secretkeeper:42467328, /apex/com.android.profiling:58720256, /apex/com.android.hardware.security.authgraph:42467328, /apex/com.android.hardware.keymint:42467328, /apex/com.android.wifi:58720256, /apex/com.android.hardware.rebootescrow:42467328, /apex/com.android.compos:44040192, /apex/com.android.scheduling:58720256, /apex/com.android.hardware.contexthub:42467328, /apex/com.android.uwb:58720256, /apex/com.android.vndk.v33:44040192, /apex/com.google.cf.health.storage:42467328, /apex/com.android.hardware.drm.clearkey:42467328, /apex/com.android.hardware.ir:42467328, /apex/com.android.virt:41943040, /apex/com.android.cellbroadcast:58720256, /apex/com.google.cf.confirmationui:42467328, /apex/com.android.uprobestats:58720256, /apex/com.android.devicelock:41943040, /apex/com.android.hardware.gnss:42467328, /apex/com.android.art:58720256, /apex/com.google.cf.wpa_supplicant:42467328, /apex/com.android.media:58720256, /apex/com.google.cf.oemlock:42467328, /apex/com.android.hardware.dumpstate:42467328, /apex/com.android.vndk.v31:44040192, /apex/com.android.hardware.tetheroffload:42467328, /apex/com.android.runtime:41943040, /apex/com.android.hardware.secure_element:42467328, /apex/com.google.emulated.camera.provider.hal:42467328, /apex/com.android.neuralnetworks:58720256, /apex/com.android.permission:58720256, /apex/com.android.hardware.usb:42467328, /apex/com.android.healthfitness:41943040, /apex/com.android.hardware.audio:42467328, /apex/com.android.hardware.memtrack:42467328, /apex/com.android.rkpd:41943040, /apex/com.android.ipsec:58720256, /apex/com.google.cf.wifi:42467328, /apex/com.android.adservices:58720256, /apex/com.google.cf.rild:42467328, /apex/com.android.configinfrastructure:58720256, /apex/com.android.hardware.wifi:42467328, /apex/com.android.hardware.power:42467328, /apex/com.android.vndk.v30:44040192, /apex/com.android.hardware.net.nlinterceptor:42467328, /apex/com.android.hardware.cas:42467328, /apex/com.android.hardware.biometrics.face.virtual:44040192, /apex/com.android.nfcservices:58720256, /apex/com.android.hardware.input.processor:42467328, /apex/com.android.vndk.v34:44040192, /apex/com.android.media.swcodec:58720256, /apex/com.android.hardware.thermal:42467328, /apex/com.android.tzdata:41943040, /apex/com.android.hardware.neuralnetworks:42467328, /apex/com.android.hardware.threadnetwork:42467328, /apex/com.android.sdkext:41943040, /apex/com.android.appsearch:58720256, /apex/com.android.ondevicepersonalization:58720256, /apex/com.android.bt:41943040, /apex/com.android.apex.cts.shim:41943040, /apex/com.android.hardware.boot:42467328, /apex/com.android.hardware.vibrator:42467328, /apex/com.google.cf.vulkan:42467328, /apex/com.android.tethering:58720256, /apex/com.google.cf.gralloc:42467328, /apex/com.android.vndk.v32:44040192, /apex/com.android.mediaprovider:58720256, /apex/com.android.hardware.authsecret:42467328, /apex/com.android.resolv:58720256]
11-11 03:00:21.421     0     0 I apexd   : getAllPackages received by ApexService
11-11 03:00:21.431   893  2344 V Configuration: Updating configuration, locales updated from [] to [en_US]
11-11 03:00:21.433   893  2347 V Configuration: Updating configuration, locales updated from [] to [en_US]
11-11 03:00:21.434   893  2346 V Configuration: Updating configuration, locales updated from [] to [en_US]
11-11 03:00:21.436   893  2344 V Configuration: Updating configuration, locales updated from [] to [en_US]
11-11 03:00:21.437   893  2345 V Configuration: Updating configuration, locales updated from [] to [en_US]
11-11 03:00:21.438   893  2346 V Configuration: Updating configuration, locales updated from [] to [en_US]
11-11 03:00:21.439   893  2344 V Configuration: Updating configuration, locales updated from [] to [en_US]
11-11 03:00:21.440   893  2345 V Configuration: Updating configuration, locales updated from [] to [en_US]
11-11 03:00:21.442   893  2347 V Configuration: Updating configuration, locales updated from [] to [en_US]
11-11 03:00:21.442   893  2344 V Configuration: Updating configuration, locales updated from [] to [en_US]
11-11 03:00:21.444   893  2346 V Configuration: Updating configuration, locales updated from [] to [en_US]
11-11 03:00:21.445   893  2344 V Configuration: Updating configuration, locales updated from [] to [en_US]
11-11 03:00:21.445   893  2347 V Configuration: Updating configuration, locales updated from [] to [en_US]
11-11 03:00:21.447   893  2344 V Configuration: Updating configuration, locales updated from [] to [en_US]
11-11 03:00:21.448   893  2345 V Configuration: Updating configuration, locales updated from [] to [en_US]
11-11 03:00:21.448   893  2346 V Configuration: Updating configuration, locales updated from [] to [en_US]
11-11 03:00:21.449   893  2344 V Configuration: Updating configuration, locales updated from [] to [en_US]
11-11 03:00:21.450   893  2347 V Configuration: Updating configuration, locales updated from [] to [en_US]
11-11 03:00:21.451   893  2345 V Configuration: Updating configuration, locales updated from [] to [en_US]
